[2025-01-27T14:56:31.676+0000] {local_task_job_runner.py:123} INFO - ::group::Pre task execution logs
[2025-01-27T14:56:31.698+0000] {taskinstance.py:2613} INFO - Dependencies all met for dep_context=non-requeueable deps ti=<TaskInstance: dbt_query.dbt_query manual__2025-01-27T14:56:30.699929+00:00 [queued]>
[2025-01-27T14:56:31.710+0000] {taskinstance.py:2613} INFO - Dependencies all met for dep_context=requeueable deps ti=<TaskInstance: dbt_query.dbt_query manual__2025-01-27T14:56:30.699929+00:00 [queued]>
[2025-01-27T14:56:31.711+0000] {taskinstance.py:2866} INFO - Starting attempt 1 of 1
[2025-01-27T14:56:31.735+0000] {taskinstance.py:2889} INFO - Executing <Task(BashOperator): dbt_query> on 2025-01-27 14:56:30.699929+00:00
[2025-01-27T14:56:31.742+0000] {warnings.py:112} WARNING - /home/***/.local/lib/python3.12/site-packages/***/task/task_runner/standard_task_runner.py:70: DeprecationWarning: This process (pid=257) is multi-threaded, use of fork() may lead to deadlocks in the child.
  pid = os.fork()

[2025-01-27T14:56:31.745+0000] {standard_task_runner.py:72} INFO - Started process 258 to run task
[2025-01-27T14:56:31.745+0000] {standard_task_runner.py:104} INFO - Running: ['***', 'tasks', 'run', 'dbt_query', 'dbt_query', 'manual__2025-01-27T14:56:30.699929+00:00', '--job-id', '279', '--raw', '--subdir', 'DAGS_FOLDER/task1.py', '--cfg-path', '/tmp/tmp9izyswik']
[2025-01-27T14:56:31.746+0000] {standard_task_runner.py:105} INFO - Job 279: Subtask dbt_query
[2025-01-27T14:56:31.802+0000] {task_command.py:467} INFO - Running <TaskInstance: dbt_query.dbt_query manual__2025-01-27T14:56:30.699929+00:00 [running]> on host 745fe31a110e
[2025-01-27T14:56:31.887+0000] {taskinstance.py:3132} INFO - Exporting env vars: AIRFLOW_CTX_DAG_OWNER='***' AIRFLOW_CTX_DAG_ID='dbt_query' AIRFLOW_CTX_TASK_ID='dbt_query' AIRFLOW_CTX_EXECUTION_DATE='2025-01-27T14:56:30.699929+00:00' AIRFLOW_CTX_TRY_NUMBER='1' AIRFLOW_CTX_DAG_RUN_ID='manual__2025-01-27T14:56:30.699929+00:00'
[2025-01-27T14:56:31.888+0000] {taskinstance.py:731} INFO - ::endgroup::
[2025-01-27T14:56:31.902+0000] {subprocess.py:78} INFO - Tmp dir root location: /tmp
[2025-01-27T14:56:31.904+0000] {subprocess.py:88} INFO - Running command: ['/usr/bin/bash', '-c', 'docker exec code-challenge-meltano-1 meltano invoke dbt-postgres:run']
[2025-01-27T14:56:31.916+0000] {subprocess.py:99} INFO - Output:
[2025-01-27T14:56:33.178+0000] {subprocess.py:106} INFO - [2m2025-01-27T14:56:33.176861Z[0m [[32m[1minfo     [0m] [1mEnvironment 'dev' is active   [0m
[2025-01-27T14:56:35.545+0000] {subprocess.py:106} INFO - [0m14:56:35  Running with dbt=1.3.7
[2025-01-27T14:56:35.564+0000] {subprocess.py:106} INFO - [0m14:56:35  Partial parse save file not found. Starting full parse.
[2025-01-27T14:56:36.279+0000] {subprocess.py:106} INFO - [0m14:56:36  Found 3 models, 0 tests, 0 snapshots, 0 analyses, 289 macros, 0 operations, 0 seed files, 12 sources, 0 exposures, 0 metrics
[2025-01-27T14:56:36.280+0000] {subprocess.py:106} INFO - [0m14:56:36
[2025-01-27T14:56:36.352+0000] {subprocess.py:106} INFO - [0m14:56:36  Concurrency: 2 threads (target='dev')
[2025-01-27T14:56:36.353+0000] {subprocess.py:106} INFO - [0m14:56:36
[2025-01-27T14:56:36.361+0000] {subprocess.py:106} INFO - [0m14:56:36  1 of 3 START sql table model tap_csv_2.order_details_m ......................... [RUN]
[2025-01-27T14:56:36.363+0000] {subprocess.py:106} INFO - [0m14:56:36  2 of 3 START sql table model tap_csv_2.order_with_details ...................... [RUN]
[2025-01-27T14:56:36.549+0000] {subprocess.py:106} INFO - [0m14:56:36  2 of 3 OK created sql table model tap_csv_2.order_with_details ................. [[32mSELECT 830[0m in 0.19s]
[2025-01-27T14:56:36.551+0000] {subprocess.py:106} INFO - [0m14:56:36  3 of 3 START sql table model tap_csv_2.orders_m ................................ [RUN]
[2025-01-27T14:56:36.563+0000] {subprocess.py:106} INFO - [0m14:56:36  1 of 3 OK created sql table model tap_csv_2.order_details_m .................... [[32mSELECT 830[0m in 0.20s]
[2025-01-27T14:56:36.615+0000] {subprocess.py:106} INFO - [0m14:56:36  3 of 3 OK created sql table model tap_csv_2.orders_m ........................... [[32mSELECT 830[0m in 0.06s]
[2025-01-27T14:56:36.625+0000] {subprocess.py:106} INFO - [0m14:56:36
[2025-01-27T14:56:36.626+0000] {subprocess.py:106} INFO - [0m14:56:36  Finished running 3 table models in 0 hours 0 minutes and 0.34 seconds (0.34s).
[2025-01-27T14:56:36.635+0000] {subprocess.py:106} INFO - [0m14:56:36
[2025-01-27T14:56:36.636+0000] {subprocess.py:106} INFO - [0m14:56:36  [32mCompleted successfully[0m
[2025-01-27T14:56:36.637+0000] {subprocess.py:106} INFO - [0m14:56:36
[2025-01-27T14:56:36.637+0000] {subprocess.py:106} INFO - [0m14:56:36  Done. PASS=3 WARN=0 ERROR=0 SKIP=0 TOTAL=3
[2025-01-27T14:56:37.833+0000] {subprocess.py:110} INFO - Command exited with return code 0
[2025-01-27T14:56:37.861+0000] {taskinstance.py:340} INFO - ::group::Post task execution logs
[2025-01-27T14:56:37.862+0000] {taskinstance.py:352} INFO - Marking task as SUCCESS. dag_id=dbt_query, task_id=dbt_query, run_id=manual__2025-01-27T14:56:30.699929+00:00, execution_date=20250127T145630, start_date=20250127T145631, end_date=20250127T145637
[2025-01-27T14:56:37.904+0000] {local_task_job_runner.py:266} INFO - Task exited with return code 0
[2025-01-27T14:56:37.918+0000] {taskinstance.py:3895} INFO - 0 downstream tasks scheduled from follow-on schedule check
[2025-01-27T14:56:37.923+0000] {local_task_job_runner.py:245} INFO - ::endgroup::
