[2025-01-27T16:28:03.008+0000] {local_task_job_runner.py:123} INFO - ::group::Pre task execution logs
[2025-01-27T16:28:03.025+0000] {taskinstance.py:2613} INFO - Dependencies all met for dep_context=non-requeueable deps ti=<TaskInstance: csv_to_csv.tube_to_extracted_csv manual__2025-01-27T16:27:56.677935+00:00 [queued]>
[2025-01-27T16:28:03.035+0000] {taskinstance.py:2613} INFO - Dependencies all met for dep_context=requeueable deps ti=<TaskInstance: csv_to_csv.tube_to_extracted_csv manual__2025-01-27T16:27:56.677935+00:00 [queued]>
[2025-01-27T16:28:03.035+0000] {taskinstance.py:2866} INFO - Starting attempt 1 of 1
[2025-01-27T16:28:03.052+0000] {taskinstance.py:2889} INFO - Executing <Task(PythonOperator): tube_to_extracted_csv> on 2025-01-27 16:27:56.677935+00:00
[2025-01-27T16:28:03.059+0000] {warnings.py:112} WARNING - /home/***/.local/lib/python3.12/site-packages/***/task/task_runner/standard_task_runner.py:70: DeprecationWarning: This process (pid=1107) is multi-threaded, use of fork() may lead to deadlocks in the child.
  pid = os.fork()

[2025-01-27T16:28:03.061+0000] {standard_task_runner.py:72} INFO - Started process 1112 to run task
[2025-01-27T16:28:03.061+0000] {standard_task_runner.py:104} INFO - Running: ['***', 'tasks', 'run', 'csv_to_csv', 'tube_to_extracted_csv', 'manual__2025-01-27T16:27:56.677935+00:00', '--job-id', '326', '--raw', '--subdir', 'DAGS_FOLDER/ELT.py', '--cfg-path', '/tmp/tmp7pw2zfv1']
[2025-01-27T16:28:03.063+0000] {standard_task_runner.py:105} INFO - Job 326: Subtask tube_to_extracted_csv
[2025-01-27T16:28:03.108+0000] {task_command.py:467} INFO - Running <TaskInstance: csv_to_csv.tube_to_extracted_csv manual__2025-01-27T16:27:56.677935+00:00 [running]> on host 6e96b290b599
[2025-01-27T16:28:03.197+0000] {taskinstance.py:3132} INFO - Exporting env vars: AIRFLOW_CTX_DAG_OWNER='***' AIRFLOW_CTX_DAG_ID='csv_to_csv' AIRFLOW_CTX_TASK_ID='tube_to_extracted_csv' AIRFLOW_CTX_EXECUTION_DATE='2025-01-27T16:27:56.677935+00:00' AIRFLOW_CTX_TRY_NUMBER='1' AIRFLOW_CTX_DAG_RUN_ID='manual__2025-01-27T16:27:56.677935+00:00'
[2025-01-27T16:28:03.198+0000] {taskinstance.py:731} INFO - ::endgroup::
[2025-01-27T16:28:03.313+0000] {taskinstance.py:3311} ERROR - Task failed with exception
Traceback (most recent call last):
  File "/home/airflow/.local/lib/python3.12/site-packages/airflow/models/taskinstance.py", line 767, in _execute_task
    result = _execute_callable(context=context, **execute_callable_kwargs)
             ^^^^^^^^^^^^^^^^^^^^^^^^^^^^^^^^^^^^^^^^^^^^^^^^^^^^^^^^^^^^^
  File "/home/airflow/.local/lib/python3.12/site-packages/airflow/models/taskinstance.py", line 733, in _execute_callable
    return ExecutionCallableRunner(
           ^^^^^^^^^^^^^^^^^^^^^^^^
  File "/home/airflow/.local/lib/python3.12/site-packages/airflow/utils/operator_helpers.py", line 252, in run
    return self.func(*args, **kwargs)
           ^^^^^^^^^^^^^^^^^^^^^^^^^^
  File "/home/airflow/.local/lib/python3.12/site-packages/airflow/models/baseoperator.py", line 422, in wrapper
    return func(self, *args, **kwargs)
           ^^^^^^^^^^^^^^^^^^^^^^^^^^^
  File "/home/airflow/.local/lib/python3.12/site-packages/airflow/operators/python.py", line 238, in execute
    return_value = self.execute_callable()
                   ^^^^^^^^^^^^^^^^^^^^^^^
  File "/home/airflow/.local/lib/python3.12/site-packages/airflow/operators/python.py", line 256, in execute_callable
    return runner.run(*self.op_args, **self.op_kwargs)
           ^^^^^^^^^^^^^^^^^^^^^^^^^^^^^^^^^^^^^^^^^^^
  File "/home/airflow/.local/lib/python3.12/site-packages/airflow/utils/operator_helpers.py", line 252, in run
    return self.func(*args, **kwargs)
           ^^^^^^^^^^^^^^^^^^^^^^^^^^
  File "/opt/airflow/dags/ELT_aux.py", line 47, in tube_to_extracted_csv
    transfer_tables(src_folder='data_tube', dest_parent_folder='data_extracted', dest_type='csv')
  File "/opt/airflow/dags/ELT_aux.py", line 32, in transfer_tables
    shutil.copy(src_file_path, dest_file_path)
  File "/usr/local/lib/python3.12/shutil.py", line 436, in copy
    copymode(src, dst, follow_symlinks=follow_symlinks)
  File "/usr/local/lib/python3.12/shutil.py", line 316, in copymode
    st = stat_func(src)
         ^^^^^^^^^^^^^^
  File "/usr/local/lib/python3.12/shutil.py", line 225, in _stat
    return fn.stat() if isinstance(fn, os.DirEntry) else os.stat(fn)
                                                         ^^^^^^^^^^^
FileNotFoundError: [Errno 2] No such file or directory: 'data_tube/public-products.csv'
[2025-01-27T16:28:03.326+0000] {taskinstance.py:1225} INFO - Marking task as FAILED. dag_id=csv_to_csv, task_id=tube_to_extracted_csv, run_id=manual__2025-01-27T16:27:56.677935+00:00, execution_date=20250127T162756, start_date=20250127T162803, end_date=20250127T162803
[2025-01-27T16:28:03.343+0000] {taskinstance.py:340} INFO - ::group::Post task execution logs
[2025-01-27T16:28:03.343+0000] {standard_task_runner.py:124} ERROR - Failed to execute job 326 for task tube_to_extracted_csv ([Errno 2] No such file or directory: 'data_tube/public-products.csv'; 1112)
Traceback (most recent call last):
  File "/home/airflow/.local/lib/python3.12/site-packages/airflow/task/task_runner/standard_task_runner.py", line 117, in _start_by_fork
    ret = args.func(args, dag=self.dag)
          ^^^^^^^^^^^^^^^^^^^^^^^^^^^^^
  File "/home/airflow/.local/lib/python3.12/site-packages/airflow/cli/cli_config.py", line 49, in command
    return func(*args, **kwargs)
           ^^^^^^^^^^^^^^^^^^^^^
  File "/home/airflow/.local/lib/python3.12/site-packages/airflow/utils/cli.py", line 116, in wrapper
    return f(*args, **kwargs)
           ^^^^^^^^^^^^^^^^^^
  File "/home/airflow/.local/lib/python3.12/site-packages/airflow/cli/commands/task_command.py", line 483, in task_run
    task_return_code = _run_task_by_selected_method(args, _dag, ti)
                       ^^^^^^^^^^^^^^^^^^^^^^^^^^^^^^^^^^^^^^^^^^^^
  File "/home/airflow/.local/lib/python3.12/site-packages/airflow/cli/commands/task_command.py", line 256, in _run_task_by_selected_method
    return _run_raw_task(args, ti)
           ^^^^^^^^^^^^^^^^^^^^^^^
  File "/home/airflow/.local/lib/python3.12/site-packages/airflow/cli/commands/task_command.py", line 341, in _run_raw_task
    return ti._run_raw_task(
           ^^^^^^^^^^^^^^^^^
  File "/home/airflow/.local/lib/python3.12/site-packages/airflow/utils/session.py", line 97, in wrapper
    return func(*args, session=session, **kwargs)
           ^^^^^^^^^^^^^^^^^^^^^^^^^^^^^^^^^^^^^^
  File "/home/airflow/.local/lib/python3.12/site-packages/airflow/models/taskinstance.py", line 3005, in _run_raw_task
    return _run_raw_task(
           ^^^^^^^^^^^^^^
  File "/home/airflow/.local/lib/python3.12/site-packages/airflow/models/taskinstance.py", line 273, in _run_raw_task
    TaskInstance._execute_task_with_callbacks(
  File "/home/airflow/.local/lib/python3.12/site-packages/airflow/models/taskinstance.py", line 3159, in _execute_task_with_callbacks
    result = self._execute_task(context, task_orig)
             ^^^^^^^^^^^^^^^^^^^^^^^^^^^^^^^^^^^^^^
  File "/home/airflow/.local/lib/python3.12/site-packages/airflow/models/taskinstance.py", line 3183, in _execute_task
    return _execute_task(self, context, task_orig)
           ^^^^^^^^^^^^^^^^^^^^^^^^^^^^^^^^^^^^^^^
  File "/home/airflow/.local/lib/python3.12/site-packages/airflow/models/taskinstance.py", line 767, in _execute_task
    result = _execute_callable(context=context, **execute_callable_kwargs)
             ^^^^^^^^^^^^^^^^^^^^^^^^^^^^^^^^^^^^^^^^^^^^^^^^^^^^^^^^^^^^^
  File "/home/airflow/.local/lib/python3.12/site-packages/airflow/models/taskinstance.py", line 733, in _execute_callable
    return ExecutionCallableRunner(
           ^^^^^^^^^^^^^^^^^^^^^^^^
  File "/home/airflow/.local/lib/python3.12/site-packages/airflow/utils/operator_helpers.py", line 252, in run
    return self.func(*args, **kwargs)
           ^^^^^^^^^^^^^^^^^^^^^^^^^^
  File "/home/airflow/.local/lib/python3.12/site-packages/airflow/models/baseoperator.py", line 422, in wrapper
    return func(self, *args, **kwargs)
           ^^^^^^^^^^^^^^^^^^^^^^^^^^^
  File "/home/airflow/.local/lib/python3.12/site-packages/airflow/operators/python.py", line 238, in execute
    return_value = self.execute_callable()
                   ^^^^^^^^^^^^^^^^^^^^^^^
  File "/home/airflow/.local/lib/python3.12/site-packages/airflow/operators/python.py", line 256, in execute_callable
    return runner.run(*self.op_args, **self.op_kwargs)
           ^^^^^^^^^^^^^^^^^^^^^^^^^^^^^^^^^^^^^^^^^^^
  File "/home/airflow/.local/lib/python3.12/site-packages/airflow/utils/operator_helpers.py", line 252, in run
    return self.func(*args, **kwargs)
           ^^^^^^^^^^^^^^^^^^^^^^^^^^
  File "/opt/airflow/dags/ELT_aux.py", line 47, in tube_to_extracted_csv
    transfer_tables(src_folder='data_tube', dest_parent_folder='data_extracted', dest_type='csv')
  File "/opt/airflow/dags/ELT_aux.py", line 32, in transfer_tables
    shutil.copy(src_file_path, dest_file_path)
  File "/usr/local/lib/python3.12/shutil.py", line 436, in copy
    copymode(src, dst, follow_symlinks=follow_symlinks)
  File "/usr/local/lib/python3.12/shutil.py", line 316, in copymode
    st = stat_func(src)
         ^^^^^^^^^^^^^^
  File "/usr/local/lib/python3.12/shutil.py", line 225, in _stat
    return fn.stat() if isinstance(fn, os.DirEntry) else os.stat(fn)
                                                         ^^^^^^^^^^^
FileNotFoundError: [Errno 2] No such file or directory: 'data_tube/public-products.csv'
[2025-01-27T16:28:03.356+0000] {local_task_job_runner.py:266} INFO - Task exited with return code 1
[2025-01-27T16:28:03.371+0000] {taskinstance.py:3895} INFO - 0 downstream tasks scheduled from follow-on schedule check
[2025-01-27T16:28:03.375+0000] {local_task_job_runner.py:245} INFO - ::endgroup::
