[2025-01-27T15:57:44.355+0000] {local_task_job_runner.py:123} INFO - ::group::Pre task execution logs
[2025-01-27T15:57:44.371+0000] {taskinstance.py:2613} INFO - Dependencies all met for dep_context=non-requeueable deps ti=<TaskInstance: task_1.trigger_postgres_to_csv scheduled__2025-01-26T00:00:00+00:00 [queued]>
[2025-01-27T15:57:44.378+0000] {taskinstance.py:2613} INFO - Dependencies all met for dep_context=requeueable deps ti=<TaskInstance: task_1.trigger_postgres_to_csv scheduled__2025-01-26T00:00:00+00:00 [queued]>
[2025-01-27T15:57:44.379+0000] {taskinstance.py:2866} INFO - Starting attempt 1 of 1
[2025-01-27T15:57:44.395+0000] {taskinstance.py:2889} INFO - Executing <Task(TriggerDagRunOperator): trigger_postgres_to_csv> on 2025-01-26 00:00:00+00:00
[2025-01-27T15:57:44.401+0000] {warnings.py:112} WARNING - /home/***/.local/lib/python3.12/site-packages/***/task/task_runner/standard_task_runner.py:70: DeprecationWarning: This process (pid=470) is multi-threaded, use of fork() may lead to deadlocks in the child.
  pid = os.fork()

[2025-01-27T15:57:44.403+0000] {standard_task_runner.py:72} INFO - Started process 472 to run task
[2025-01-27T15:57:44.403+0000] {standard_task_runner.py:104} INFO - Running: ['***', 'tasks', 'run', 'task_1', 'trigger_postgres_to_csv', 'scheduled__2025-01-26T00:00:00+00:00', '--job-id', '292', '--raw', '--subdir', 'DAGS_FOLDER/ETL.py', '--cfg-path', '/tmp/tmp6h9heg03']
[2025-01-27T15:57:44.405+0000] {standard_task_runner.py:105} INFO - Job 292: Subtask trigger_postgres_to_csv
[2025-01-27T15:57:44.452+0000] {task_command.py:467} INFO - Running <TaskInstance: task_1.trigger_postgres_to_csv scheduled__2025-01-26T00:00:00+00:00 [running]> on host 6e96b290b599
[2025-01-27T15:57:44.733+0000] {taskinstance.py:3132} INFO - Exporting env vars: AIRFLOW_CTX_DAG_OWNER='***' AIRFLOW_CTX_DAG_ID='task_1' AIRFLOW_CTX_TASK_ID='trigger_postgres_to_csv' AIRFLOW_CTX_EXECUTION_DATE='2025-01-26T00:00:00+00:00' AIRFLOW_CTX_TRY_NUMBER='1' AIRFLOW_CTX_DAG_RUN_ID='scheduled__2025-01-26T00:00:00+00:00'
[2025-01-27T15:57:44.735+0000] {taskinstance.py:731} INFO - ::endgroup::
[2025-01-27T15:57:44.923+0000] {trigger_dagrun.py:257} INFO - Waiting for postgres_to_csv on 2025-01-27 15:57:44.747152+00:00 to become allowed state ['success'] ...
[2025-01-27T15:58:44.929+0000] {trigger_dagrun.py:271} INFO - postgres_to_csv finished with allowed state success
[2025-01-27T15:58:44.939+0000] {taskinstance.py:340} INFO - ::group::Post task execution logs
[2025-01-27T15:58:44.940+0000] {taskinstance.py:352} INFO - Marking task as SUCCESS. dag_id=task_1, task_id=trigger_postgres_to_csv, run_id=scheduled__2025-01-26T00:00:00+00:00, execution_date=20250126T000000, start_date=20250127T155744, end_date=20250127T155844
[2025-01-27T15:58:44.975+0000] {local_task_job_runner.py:266} INFO - Task exited with return code 0
[2025-01-27T15:58:44.993+0000] {taskinstance.py:3895} INFO - 1 downstream tasks scheduled from follow-on schedule check
[2025-01-27T15:58:44.998+0000] {local_task_job_runner.py:245} INFO - ::endgroup::
