[2025-01-27T16:45:24.344+0000] {local_task_job_runner.py:123} INFO - ::group::Pre task execution logs
[2025-01-27T16:45:24.358+0000] {taskinstance.py:2613} INFO - Dependencies all met for dep_context=non-requeueable deps ti=<TaskInstance: csv_to_postgres.data_extracted_to_data_tube manual__2025-01-27T16:45:22.359338+00:00 [queued]>
[2025-01-27T16:45:24.366+0000] {taskinstance.py:2613} INFO - Dependencies all met for dep_context=requeueable deps ti=<TaskInstance: csv_to_postgres.data_extracted_to_data_tube manual__2025-01-27T16:45:22.359338+00:00 [queued]>
[2025-01-27T16:45:24.367+0000] {taskinstance.py:2866} INFO - Starting attempt 1 of 1
[2025-01-27T16:45:24.382+0000] {taskinstance.py:2889} INFO - Executing <Task(PythonOperator): data_extracted_to_data_tube> on 2025-01-27 16:45:22.359338+00:00
[2025-01-27T16:45:24.390+0000] {warnings.py:112} WARNING - /home/***/.local/lib/python3.12/site-packages/***/task/task_runner/standard_task_runner.py:70: DeprecationWarning: This process (pid=1575) is multi-threaded, use of fork() may lead to deadlocks in the child.
  pid = os.fork()

[2025-01-27T16:45:24.392+0000] {standard_task_runner.py:72} INFO - Started process 1577 to run task
[2025-01-27T16:45:24.392+0000] {standard_task_runner.py:104} INFO - Running: ['***', 'tasks', 'run', 'csv_to_postgres', 'data_extracted_to_data_tube', 'manual__2025-01-27T16:45:22.359338+00:00', '--job-id', '359', '--raw', '--subdir', 'DAGS_FOLDER/ELT.py', '--cfg-path', '/tmp/tmp93a_yyi5']
[2025-01-27T16:45:24.394+0000] {standard_task_runner.py:105} INFO - Job 359: Subtask data_extracted_to_data_tube
[2025-01-27T16:45:24.440+0000] {task_command.py:467} INFO - Running <TaskInstance: csv_to_postgres.data_extracted_to_data_tube manual__2025-01-27T16:45:22.359338+00:00 [running]> on host 6e96b290b599
[2025-01-27T16:45:24.539+0000] {taskinstance.py:3132} INFO - Exporting env vars: AIRFLOW_CTX_DAG_OWNER='***' AIRFLOW_CTX_DAG_ID='csv_to_postgres' AIRFLOW_CTX_TASK_ID='data_extracted_to_data_tube' AIRFLOW_CTX_EXECUTION_DATE='2025-01-27T16:45:22.359338+00:00' AIRFLOW_CTX_TRY_NUMBER='1' AIRFLOW_CTX_DAG_RUN_ID='manual__2025-01-27T16:45:22.359338+00:00'
[2025-01-27T16:45:24.540+0000] {taskinstance.py:731} INFO - ::endgroup::
[2025-01-27T16:45:24.569+0000] {logging_mixin.py:190} INFO - Arquivo copiado: ./data_extracted/csv/27-01-2025/categories.csv -> ./data_tube/categories.csv
[2025-01-27T16:45:24.581+0000] {logging_mixin.py:190} INFO - Arquivo copiado: ./data_extracted/csv/27-01-2025/customers.csv -> ./data_tube/customers.csv
[2025-01-27T16:45:24.595+0000] {logging_mixin.py:190} INFO - Arquivo copiado: ./data_extracted/csv/27-01-2025/employees.csv -> ./data_tube/employees.csv
[2025-01-27T16:45:24.609+0000] {logging_mixin.py:190} INFO - Arquivo copiado: ./data_extracted/csv/27-01-2025/employee_territories.csv -> ./data_tube/employee_territories.csv
[2025-01-27T16:45:24.626+0000] {logging_mixin.py:190} INFO - Arquivo copiado: ./data_extracted/csv/27-01-2025/orders.csv -> ./data_tube/orders.csv
[2025-01-27T16:45:24.656+0000] {logging_mixin.py:190} INFO - Arquivo copiado: ./data_extracted/csv/27-01-2025/order_details.csv -> ./data_tube/order_details.csv
[2025-01-27T16:45:24.677+0000] {logging_mixin.py:190} INFO - Arquivo copiado: ./data_extracted/csv/27-01-2025/products.csv -> ./data_tube/products.csv
[2025-01-27T16:45:24.697+0000] {logging_mixin.py:190} INFO - Arquivo copiado: ./data_extracted/postgres/27-01-2025/categories.csv -> ./data_tube/categories.csv
[2025-01-27T16:45:24.710+0000] {logging_mixin.py:190} INFO - Arquivo copiado: ./data_extracted/postgres/27-01-2025/customers.csv -> ./data_tube/customers.csv
[2025-01-27T16:45:24.724+0000] {logging_mixin.py:190} INFO - Arquivo copiado: ./data_extracted/postgres/27-01-2025/employees.csv -> ./data_tube/employees.csv
[2025-01-27T16:45:24.738+0000] {logging_mixin.py:190} INFO - Arquivo copiado: ./data_extracted/postgres/27-01-2025/employee_territories.csv -> ./data_tube/employee_territories.csv
[2025-01-27T16:45:24.752+0000] {logging_mixin.py:190} INFO - Arquivo copiado: ./data_extracted/postgres/27-01-2025/orders.csv -> ./data_tube/orders.csv
[2025-01-27T16:45:24.766+0000] {logging_mixin.py:190} INFO - Arquivo copiado: ./data_extracted/postgres/27-01-2025/order_details.csv -> ./data_tube/order_details.csv
[2025-01-27T16:45:24.780+0000] {logging_mixin.py:190} INFO - Arquivo copiado: ./data_extracted/postgres/27-01-2025/products.csv -> ./data_tube/products.csv
[2025-01-27T16:45:24.794+0000] {logging_mixin.py:190} INFO - Arquivo copiado: ./data_extracted/postgres/27-01-2025/region.csv -> ./data_tube/region.csv
[2025-01-27T16:45:24.805+0000] {logging_mixin.py:190} INFO - Arquivo copiado: ./data_extracted/postgres/27-01-2025/shippers.csv -> ./data_tube/shippers.csv
[2025-01-27T16:45:24.821+0000] {logging_mixin.py:190} INFO - Arquivo copiado: ./data_extracted/postgres/27-01-2025/suppliers.csv -> ./data_tube/suppliers.csv
[2025-01-27T16:45:24.835+0000] {logging_mixin.py:190} INFO - Arquivo copiado: ./data_extracted/postgres/27-01-2025/territories.csv -> ./data_tube/territories.csv
[2025-01-27T16:45:24.850+0000] {logging_mixin.py:190} INFO - Arquivo copiado: ./data_extracted/postgres/27-01-2025/us_states.csv -> ./data_tube/us_states.csv
[2025-01-27T16:45:24.851+0000] {python.py:240} INFO - Done. Returned value was: None
[2025-01-27T16:45:24.863+0000] {taskinstance.py:340} INFO - ::group::Post task execution logs
[2025-01-27T16:45:24.863+0000] {taskinstance.py:352} INFO - Marking task as SUCCESS. dag_id=csv_to_postgres, task_id=data_extracted_to_data_tube, run_id=manual__2025-01-27T16:45:22.359338+00:00, execution_date=20250127T164522, start_date=20250127T164524, end_date=20250127T164524
[2025-01-27T16:45:24.929+0000] {local_task_job_runner.py:266} INFO - Task exited with return code 0
[2025-01-27T16:45:24.955+0000] {taskinstance.py:3895} INFO - 1 downstream tasks scheduled from follow-on schedule check
[2025-01-27T16:45:24.960+0000] {local_task_job_runner.py:245} INFO - ::endgroup::
