[2025-01-27T16:50:54.951+0000] {local_task_job_runner.py:123} INFO - ::group::Pre task execution logs
[2025-01-27T16:50:54.967+0000] {taskinstance.py:2613} INFO - Dependencies all met for dep_context=non-requeueable deps ti=<TaskInstance: dbt_query.saving_order_with_details_table manual__2025-01-27T16:50:47.491359+00:00 [queued]>
[2025-01-27T16:50:54.975+0000] {taskinstance.py:2613} INFO - Dependencies all met for dep_context=requeueable deps ti=<TaskInstance: dbt_query.saving_order_with_details_table manual__2025-01-27T16:50:47.491359+00:00 [queued]>
[2025-01-27T16:50:54.976+0000] {taskinstance.py:2866} INFO - Starting attempt 1 of 1
[2025-01-27T16:50:54.991+0000] {taskinstance.py:2889} INFO - Executing <Task(PythonOperator): saving_order_with_details_table> on 2025-01-27 16:50:47.491359+00:00
[2025-01-27T16:50:54.999+0000] {warnings.py:112} WARNING - /home/***/.local/lib/python3.12/site-packages/***/task/task_runner/standard_task_runner.py:70: DeprecationWarning: This process (pid=1802) is multi-threaded, use of fork() may lead to deadlocks in the child.
  pid = os.fork()

[2025-01-27T16:50:55.001+0000] {standard_task_runner.py:72} INFO - Started process 1804 to run task
[2025-01-27T16:50:55.001+0000] {standard_task_runner.py:104} INFO - Running: ['***', 'tasks', 'run', 'dbt_query', 'saving_order_with_details_table', 'manual__2025-01-27T16:50:47.491359+00:00', '--job-id', '380', '--raw', '--subdir', 'DAGS_FOLDER/ELT.py', '--cfg-path', '/tmp/tmp6w8h9n_7']
[2025-01-27T16:50:55.003+0000] {standard_task_runner.py:105} INFO - Job 380: Subtask saving_order_with_details_table
[2025-01-27T16:50:55.047+0000] {task_command.py:467} INFO - Running <TaskInstance: dbt_query.saving_order_with_details_table manual__2025-01-27T16:50:47.491359+00:00 [running]> on host 6e96b290b599
[2025-01-27T16:50:55.131+0000] {taskinstance.py:3132} INFO - Exporting env vars: AIRFLOW_CTX_DAG_OWNER='***' AIRFLOW_CTX_DAG_ID='dbt_query' AIRFLOW_CTX_TASK_ID='saving_order_with_details_table' AIRFLOW_CTX_EXECUTION_DATE='2025-01-27T16:50:47.491359+00:00' AIRFLOW_CTX_TRY_NUMBER='1' AIRFLOW_CTX_DAG_RUN_ID='manual__2025-01-27T16:50:47.491359+00:00'
[2025-01-27T16:50:55.133+0000] {taskinstance.py:731} INFO - ::endgroup::
[2025-01-27T16:50:55.159+0000] {warnings.py:112} WARNING - /opt/***/dags/ELT_aux.py:101: UserWarning: pandas only supports SQLAlchemy connectable (engine/connection) or database string URI or sqlite3 DBAPI2 connection. Other DBAPI2 objects are not tested. Please consider using SQLAlchemy.
  df = pd.read_sql_query(query, conn)

[2025-01-27T16:50:55.202+0000] {python.py:240} INFO - Done. Returned value was: None
[2025-01-27T16:50:55.217+0000] {taskinstance.py:340} INFO - ::group::Post task execution logs
[2025-01-27T16:50:55.221+0000] {taskinstance.py:352} INFO - Marking task as SUCCESS. dag_id=dbt_query, task_id=saving_order_with_details_table, run_id=manual__2025-01-27T16:50:47.491359+00:00, execution_date=20250127T165047, start_date=20250127T165054, end_date=20250127T165055
[2025-01-27T16:50:55.256+0000] {local_task_job_runner.py:266} INFO - Task exited with return code 0
[2025-01-27T16:50:55.274+0000] {taskinstance.py:3895} INFO - 0 downstream tasks scheduled from follow-on schedule check
[2025-01-27T16:50:55.279+0000] {local_task_job_runner.py:245} INFO - ::endgroup::
