[2025-01-25T16:28:48.172+0000] {processor.py:186} INFO - Started process (PID=37) to work on /home/airflow/.local/lib/python3.12/site-packages/airflow/example_dags/example_sla_dag.py
[2025-01-25T16:28:48.173+0000] {processor.py:914} INFO - Processing file /home/airflow/.local/lib/python3.12/site-packages/airflow/example_dags/example_sla_dag.py for tasks to queue
[2025-01-25T16:28:48.175+0000] {logging_mixin.py:190} INFO - [2025-01-25T16:28:48.174+0000] {dagbag.py:588} INFO - Filling up the DagBag from /home/airflow/.local/lib/python3.12/site-packages/airflow/example_dags/example_sla_dag.py
[2025-01-25T16:28:48.198+0000] {processor.py:925} INFO - DAG(s) 'example_sla_dag' retrieved from /home/airflow/.local/lib/python3.12/site-packages/airflow/example_dags/example_sla_dag.py
[2025-01-25T16:28:48.435+0000] {logging_mixin.py:190} INFO - [2025-01-25T16:28:48.434+0000] {override.py:1911} INFO - Created Permission View: can delete on DAG:example_sla_dag
[2025-01-25T16:28:48.498+0000] {logging_mixin.py:190} INFO - [2025-01-25T16:28:48.498+0000] {override.py:1911} INFO - Created Permission View: can read on DAG:example_sla_dag
[2025-01-25T16:28:48.572+0000] {logging_mixin.py:190} INFO - [2025-01-25T16:28:48.571+0000] {override.py:1911} INFO - Created Permission View: can edit on DAG:example_sla_dag
[2025-01-25T16:28:48.748+0000] {logging_mixin.py:190} INFO - [2025-01-25T16:28:48.748+0000] {override.py:1911} INFO - Created Permission View: can delete on DAG Run:example_sla_dag
[2025-01-25T16:28:48.782+0000] {logging_mixin.py:190} INFO - [2025-01-25T16:28:48.781+0000] {override.py:1911} INFO - Created Permission View: can create on DAG Run:example_sla_dag
[2025-01-25T16:28:48.825+0000] {logging_mixin.py:190} INFO - [2025-01-25T16:28:48.825+0000] {override.py:1911} INFO - Created Permission View: menu access on DAG Run:example_sla_dag
[2025-01-25T16:28:48.854+0000] {logging_mixin.py:190} INFO - [2025-01-25T16:28:48.853+0000] {override.py:1911} INFO - Created Permission View: can read on DAG Run:example_sla_dag
[2025-01-25T16:28:48.855+0000] {logging_mixin.py:190} INFO - [2025-01-25T16:28:48.854+0000] {dag.py:3239} INFO - Sync 1 DAGs
[2025-01-25T16:28:48.868+0000] {logging_mixin.py:190} INFO - [2025-01-25T16:28:48.868+0000] {dag.py:3262} INFO - Creating ORM DAG for example_sla_dag
[2025-01-25T16:28:48.882+0000] {logging_mixin.py:190} INFO - [2025-01-25T16:28:48.882+0000] {dag.py:4180} INFO - Setting next_dagrun for example_sla_dag to 2025-01-25 16:26:00+00:00, run_after=2025-01-25 16:28:00+00:00
[2025-01-25T16:28:48.905+0000] {processor.py:208} INFO - Processing /home/airflow/.local/lib/python3.12/site-packages/airflow/example_dags/example_sla_dag.py took 0.738 seconds
[2025-01-25T16:29:19.846+0000] {processor.py:186} INFO - Started process (PID=100) to work on /home/airflow/.local/lib/python3.12/site-packages/airflow/example_dags/example_sla_dag.py
[2025-01-25T16:29:19.847+0000] {processor.py:914} INFO - Processing file /home/airflow/.local/lib/python3.12/site-packages/airflow/example_dags/example_sla_dag.py for tasks to queue
[2025-01-25T16:29:19.849+0000] {logging_mixin.py:190} INFO - [2025-01-25T16:29:19.849+0000] {dagbag.py:588} INFO - Filling up the DagBag from /home/airflow/.local/lib/python3.12/site-packages/airflow/example_dags/example_sla_dag.py
[2025-01-25T16:29:19.860+0000] {processor.py:925} INFO - DAG(s) 'example_sla_dag' retrieved from /home/airflow/.local/lib/python3.12/site-packages/airflow/example_dags/example_sla_dag.py
[2025-01-25T16:29:19.880+0000] {logging_mixin.py:190} INFO - [2025-01-25T16:29:19.880+0000] {dag.py:3239} INFO - Sync 1 DAGs
[2025-01-25T16:29:19.907+0000] {logging_mixin.py:190} INFO - [2025-01-25T16:29:19.906+0000] {dag.py:4180} INFO - Setting next_dagrun for example_sla_dag to 2025-01-25 16:26:00+00:00, run_after=2025-01-25 16:28:00+00:00
[2025-01-25T16:29:19.930+0000] {processor.py:208} INFO - Processing /home/airflow/.local/lib/python3.12/site-packages/airflow/example_dags/example_sla_dag.py took 0.089 seconds
[2025-01-25T16:29:50.835+0000] {processor.py:186} INFO - Started process (PID=163) to work on /home/airflow/.local/lib/python3.12/site-packages/airflow/example_dags/example_sla_dag.py
[2025-01-25T16:29:50.836+0000] {processor.py:914} INFO - Processing file /home/airflow/.local/lib/python3.12/site-packages/airflow/example_dags/example_sla_dag.py for tasks to queue
[2025-01-25T16:29:50.838+0000] {logging_mixin.py:190} INFO - [2025-01-25T16:29:50.838+0000] {dagbag.py:588} INFO - Filling up the DagBag from /home/airflow/.local/lib/python3.12/site-packages/airflow/example_dags/example_sla_dag.py
[2025-01-25T16:29:50.848+0000] {processor.py:925} INFO - DAG(s) 'example_sla_dag' retrieved from /home/airflow/.local/lib/python3.12/site-packages/airflow/example_dags/example_sla_dag.py
[2025-01-25T16:29:50.867+0000] {logging_mixin.py:190} INFO - [2025-01-25T16:29:50.866+0000] {dag.py:3239} INFO - Sync 1 DAGs
[2025-01-25T16:29:50.899+0000] {logging_mixin.py:190} INFO - [2025-01-25T16:29:50.899+0000] {dag.py:4180} INFO - Setting next_dagrun for example_sla_dag to 2025-01-25 16:26:00+00:00, run_after=2025-01-25 16:28:00+00:00
[2025-01-25T16:29:50.922+0000] {processor.py:208} INFO - Processing /home/airflow/.local/lib/python3.12/site-packages/airflow/example_dags/example_sla_dag.py took 0.093 seconds
[2025-01-25T16:30:21.019+0000] {processor.py:186} INFO - Started process (PID=226) to work on /home/airflow/.local/lib/python3.12/site-packages/airflow/example_dags/example_sla_dag.py
[2025-01-25T16:30:21.021+0000] {processor.py:914} INFO - Processing file /home/airflow/.local/lib/python3.12/site-packages/airflow/example_dags/example_sla_dag.py for tasks to queue
[2025-01-25T16:30:21.023+0000] {logging_mixin.py:190} INFO - [2025-01-25T16:30:21.023+0000] {dagbag.py:588} INFO - Filling up the DagBag from /home/airflow/.local/lib/python3.12/site-packages/airflow/example_dags/example_sla_dag.py
[2025-01-25T16:30:21.032+0000] {processor.py:925} INFO - DAG(s) 'example_sla_dag' retrieved from /home/airflow/.local/lib/python3.12/site-packages/airflow/example_dags/example_sla_dag.py
[2025-01-25T16:30:21.052+0000] {logging_mixin.py:190} INFO - [2025-01-25T16:30:21.051+0000] {dag.py:3239} INFO - Sync 1 DAGs
[2025-01-25T16:30:21.100+0000] {logging_mixin.py:190} INFO - [2025-01-25T16:30:21.100+0000] {dag.py:4180} INFO - Setting next_dagrun for example_sla_dag to 2025-01-25 16:28:00+00:00, run_after=2025-01-25 16:30:00+00:00
[2025-01-25T16:30:21.260+0000] {processor.py:208} INFO - Processing /home/airflow/.local/lib/python3.12/site-packages/airflow/example_dags/example_sla_dag.py took 0.246 seconds
[2025-01-25T16:30:52.041+0000] {processor.py:186} INFO - Started process (PID=295) to work on /home/airflow/.local/lib/python3.12/site-packages/airflow/example_dags/example_sla_dag.py
[2025-01-25T16:30:52.042+0000] {processor.py:914} INFO - Processing file /home/airflow/.local/lib/python3.12/site-packages/airflow/example_dags/example_sla_dag.py for tasks to queue
[2025-01-25T16:30:52.044+0000] {logging_mixin.py:190} INFO - [2025-01-25T16:30:52.044+0000] {dagbag.py:588} INFO - Filling up the DagBag from /home/airflow/.local/lib/python3.12/site-packages/airflow/example_dags/example_sla_dag.py
[2025-01-25T16:30:52.054+0000] {processor.py:925} INFO - DAG(s) 'example_sla_dag' retrieved from /home/airflow/.local/lib/python3.12/site-packages/airflow/example_dags/example_sla_dag.py
[2025-01-25T16:30:52.073+0000] {logging_mixin.py:190} INFO - [2025-01-25T16:30:52.073+0000] {dag.py:3239} INFO - Sync 1 DAGs
[2025-01-25T16:30:52.096+0000] {logging_mixin.py:190} INFO - [2025-01-25T16:30:52.096+0000] {dag.py:4180} INFO - Setting next_dagrun for example_sla_dag to 2025-01-25 16:28:00+00:00, run_after=2025-01-25 16:30:00+00:00
[2025-01-25T16:30:52.254+0000] {processor.py:208} INFO - Processing /home/airflow/.local/lib/python3.12/site-packages/airflow/example_dags/example_sla_dag.py took 0.218 seconds
[2025-01-25T16:31:22.819+0000] {processor.py:186} INFO - Started process (PID=359) to work on /home/airflow/.local/lib/python3.12/site-packages/airflow/example_dags/example_sla_dag.py
[2025-01-25T16:31:22.820+0000] {processor.py:914} INFO - Processing file /home/airflow/.local/lib/python3.12/site-packages/airflow/example_dags/example_sla_dag.py for tasks to queue
[2025-01-25T16:31:22.822+0000] {logging_mixin.py:190} INFO - [2025-01-25T16:31:22.822+0000] {dagbag.py:588} INFO - Filling up the DagBag from /home/airflow/.local/lib/python3.12/site-packages/airflow/example_dags/example_sla_dag.py
[2025-01-25T16:31:22.833+0000] {processor.py:925} INFO - DAG(s) 'example_sla_dag' retrieved from /home/airflow/.local/lib/python3.12/site-packages/airflow/example_dags/example_sla_dag.py
[2025-01-25T16:31:22.854+0000] {logging_mixin.py:190} INFO - [2025-01-25T16:31:22.854+0000] {dag.py:3239} INFO - Sync 1 DAGs
[2025-01-25T16:31:22.888+0000] {logging_mixin.py:190} INFO - [2025-01-25T16:31:22.888+0000] {dag.py:4180} INFO - Setting next_dagrun for example_sla_dag to 2025-01-25 16:28:00+00:00, run_after=2025-01-25 16:30:00+00:00
[2025-01-25T16:31:22.917+0000] {processor.py:208} INFO - Processing /home/airflow/.local/lib/python3.12/site-packages/airflow/example_dags/example_sla_dag.py took 0.104 seconds
[2025-01-25T16:31:53.978+0000] {processor.py:186} INFO - Started process (PID=422) to work on /home/airflow/.local/lib/python3.12/site-packages/airflow/example_dags/example_sla_dag.py
[2025-01-25T16:31:53.979+0000] {processor.py:914} INFO - Processing file /home/airflow/.local/lib/python3.12/site-packages/airflow/example_dags/example_sla_dag.py for tasks to queue
[2025-01-25T16:31:53.983+0000] {logging_mixin.py:190} INFO - [2025-01-25T16:31:53.983+0000] {dagbag.py:588} INFO - Filling up the DagBag from /home/airflow/.local/lib/python3.12/site-packages/airflow/example_dags/example_sla_dag.py
[2025-01-25T16:31:54.003+0000] {processor.py:925} INFO - DAG(s) 'example_sla_dag' retrieved from /home/airflow/.local/lib/python3.12/site-packages/airflow/example_dags/example_sla_dag.py
[2025-01-25T16:31:54.030+0000] {logging_mixin.py:190} INFO - [2025-01-25T16:31:54.029+0000] {dag.py:3239} INFO - Sync 1 DAGs
[2025-01-25T16:31:54.076+0000] {logging_mixin.py:190} INFO - [2025-01-25T16:31:54.076+0000] {dag.py:4180} INFO - Setting next_dagrun for example_sla_dag to 2025-01-25 16:28:00+00:00, run_after=2025-01-25 16:30:00+00:00
[2025-01-25T16:31:54.115+0000] {processor.py:208} INFO - Processing /home/airflow/.local/lib/python3.12/site-packages/airflow/example_dags/example_sla_dag.py took 0.144 seconds
[2025-01-25T16:32:25.402+0000] {processor.py:186} INFO - Started process (PID=485) to work on /home/airflow/.local/lib/python3.12/site-packages/airflow/example_dags/example_sla_dag.py
[2025-01-25T16:32:25.403+0000] {processor.py:914} INFO - Processing file /home/airflow/.local/lib/python3.12/site-packages/airflow/example_dags/example_sla_dag.py for tasks to queue
[2025-01-25T16:32:25.405+0000] {logging_mixin.py:190} INFO - [2025-01-25T16:32:25.405+0000] {dagbag.py:588} INFO - Filling up the DagBag from /home/airflow/.local/lib/python3.12/site-packages/airflow/example_dags/example_sla_dag.py
[2025-01-25T16:32:25.414+0000] {processor.py:925} INFO - DAG(s) 'example_sla_dag' retrieved from /home/airflow/.local/lib/python3.12/site-packages/airflow/example_dags/example_sla_dag.py
[2025-01-25T16:32:25.433+0000] {logging_mixin.py:190} INFO - [2025-01-25T16:32:25.433+0000] {dag.py:3239} INFO - Sync 1 DAGs
[2025-01-25T16:32:25.458+0000] {logging_mixin.py:190} INFO - [2025-01-25T16:32:25.457+0000] {dag.py:4180} INFO - Setting next_dagrun for example_sla_dag to 2025-01-25 16:30:00+00:00, run_after=2025-01-25 16:32:00+00:00
[2025-01-25T16:32:25.988+0000] {processor.py:208} INFO - Processing /home/airflow/.local/lib/python3.12/site-packages/airflow/example_dags/example_sla_dag.py took 0.591 seconds
[2025-01-25T16:32:56.646+0000] {processor.py:186} INFO - Started process (PID=548) to work on /home/airflow/.local/lib/python3.12/site-packages/airflow/example_dags/example_sla_dag.py
[2025-01-25T16:32:56.647+0000] {processor.py:914} INFO - Processing file /home/airflow/.local/lib/python3.12/site-packages/airflow/example_dags/example_sla_dag.py for tasks to queue
[2025-01-25T16:32:56.650+0000] {logging_mixin.py:190} INFO - [2025-01-25T16:32:56.649+0000] {dagbag.py:588} INFO - Filling up the DagBag from /home/airflow/.local/lib/python3.12/site-packages/airflow/example_dags/example_sla_dag.py
[2025-01-25T16:32:56.658+0000] {processor.py:925} INFO - DAG(s) 'example_sla_dag' retrieved from /home/airflow/.local/lib/python3.12/site-packages/airflow/example_dags/example_sla_dag.py
[2025-01-25T16:32:56.676+0000] {logging_mixin.py:190} INFO - [2025-01-25T16:32:56.675+0000] {dag.py:3239} INFO - Sync 1 DAGs
[2025-01-25T16:32:56.697+0000] {logging_mixin.py:190} INFO - [2025-01-25T16:32:56.697+0000] {dag.py:4180} INFO - Setting next_dagrun for example_sla_dag to 2025-01-25 16:30:00+00:00, run_after=2025-01-25 16:32:00+00:00
[2025-01-25T16:32:57.076+0000] {processor.py:208} INFO - Processing /home/airflow/.local/lib/python3.12/site-packages/airflow/example_dags/example_sla_dag.py took 0.434 seconds
[2025-01-25T16:33:27.294+0000] {processor.py:186} INFO - Started process (PID=611) to work on /home/airflow/.local/lib/python3.12/site-packages/airflow/example_dags/example_sla_dag.py
[2025-01-25T16:33:27.295+0000] {processor.py:914} INFO - Processing file /home/airflow/.local/lib/python3.12/site-packages/airflow/example_dags/example_sla_dag.py for tasks to queue
[2025-01-25T16:33:27.297+0000] {logging_mixin.py:190} INFO - [2025-01-25T16:33:27.297+0000] {dagbag.py:588} INFO - Filling up the DagBag from /home/airflow/.local/lib/python3.12/site-packages/airflow/example_dags/example_sla_dag.py
[2025-01-25T16:33:27.306+0000] {processor.py:925} INFO - DAG(s) 'example_sla_dag' retrieved from /home/airflow/.local/lib/python3.12/site-packages/airflow/example_dags/example_sla_dag.py
[2025-01-25T16:33:27.325+0000] {logging_mixin.py:190} INFO - [2025-01-25T16:33:27.325+0000] {dag.py:3239} INFO - Sync 1 DAGs
[2025-01-25T16:33:27.348+0000] {logging_mixin.py:190} INFO - [2025-01-25T16:33:27.348+0000] {dag.py:4180} INFO - Setting next_dagrun for example_sla_dag to 2025-01-25 16:30:00+00:00, run_after=2025-01-25 16:32:00+00:00
[2025-01-25T16:33:27.459+0000] {processor.py:208} INFO - Processing /home/airflow/.local/lib/python3.12/site-packages/airflow/example_dags/example_sla_dag.py took 0.170 seconds
[2025-01-25T16:33:58.194+0000] {processor.py:186} INFO - Started process (PID=674) to work on /home/airflow/.local/lib/python3.12/site-packages/airflow/example_dags/example_sla_dag.py
[2025-01-25T16:33:58.196+0000] {processor.py:914} INFO - Processing file /home/airflow/.local/lib/python3.12/site-packages/airflow/example_dags/example_sla_dag.py for tasks to queue
[2025-01-25T16:33:58.198+0000] {logging_mixin.py:190} INFO - [2025-01-25T16:33:58.197+0000] {dagbag.py:588} INFO - Filling up the DagBag from /home/airflow/.local/lib/python3.12/site-packages/airflow/example_dags/example_sla_dag.py
[2025-01-25T16:33:58.206+0000] {processor.py:925} INFO - DAG(s) 'example_sla_dag' retrieved from /home/airflow/.local/lib/python3.12/site-packages/airflow/example_dags/example_sla_dag.py
[2025-01-25T16:33:58.222+0000] {logging_mixin.py:190} INFO - [2025-01-25T16:33:58.221+0000] {dag.py:3239} INFO - Sync 1 DAGs
[2025-01-25T16:33:58.243+0000] {logging_mixin.py:190} INFO - [2025-01-25T16:33:58.243+0000] {dag.py:4180} INFO - Setting next_dagrun for example_sla_dag to 2025-01-25 16:30:00+00:00, run_after=2025-01-25 16:32:00+00:00
[2025-01-25T16:33:58.265+0000] {processor.py:208} INFO - Processing /home/airflow/.local/lib/python3.12/site-packages/airflow/example_dags/example_sla_dag.py took 0.075 seconds
[2025-01-25T16:34:28.621+0000] {processor.py:186} INFO - Started process (PID=737) to work on /home/airflow/.local/lib/python3.12/site-packages/airflow/example_dags/example_sla_dag.py
[2025-01-25T16:34:28.622+0000] {processor.py:914} INFO - Processing file /home/airflow/.local/lib/python3.12/site-packages/airflow/example_dags/example_sla_dag.py for tasks to queue
[2025-01-25T16:34:28.625+0000] {logging_mixin.py:190} INFO - [2025-01-25T16:34:28.624+0000] {dagbag.py:588} INFO - Filling up the DagBag from /home/airflow/.local/lib/python3.12/site-packages/airflow/example_dags/example_sla_dag.py
[2025-01-25T16:34:28.635+0000] {processor.py:925} INFO - DAG(s) 'example_sla_dag' retrieved from /home/airflow/.local/lib/python3.12/site-packages/airflow/example_dags/example_sla_dag.py
[2025-01-25T16:34:28.652+0000] {logging_mixin.py:190} INFO - [2025-01-25T16:34:28.652+0000] {dag.py:3239} INFO - Sync 1 DAGs
[2025-01-25T16:34:28.677+0000] {logging_mixin.py:190} INFO - [2025-01-25T16:34:28.677+0000] {dag.py:4180} INFO - Setting next_dagrun for example_sla_dag to 2025-01-25 16:32:00+00:00, run_after=2025-01-25 16:34:00+00:00
[2025-01-25T16:34:28.756+0000] {processor.py:208} INFO - Processing /home/airflow/.local/lib/python3.12/site-packages/airflow/example_dags/example_sla_dag.py took 0.140 seconds
[2025-01-25T16:34:58.977+0000] {processor.py:186} INFO - Started process (PID=800) to work on /home/airflow/.local/lib/python3.12/site-packages/airflow/example_dags/example_sla_dag.py
[2025-01-25T16:34:58.978+0000] {processor.py:914} INFO - Processing file /home/airflow/.local/lib/python3.12/site-packages/airflow/example_dags/example_sla_dag.py for tasks to queue
[2025-01-25T16:34:58.980+0000] {logging_mixin.py:190} INFO - [2025-01-25T16:34:58.980+0000] {dagbag.py:588} INFO - Filling up the DagBag from /home/airflow/.local/lib/python3.12/site-packages/airflow/example_dags/example_sla_dag.py
[2025-01-25T16:34:58.989+0000] {processor.py:925} INFO - DAG(s) 'example_sla_dag' retrieved from /home/airflow/.local/lib/python3.12/site-packages/airflow/example_dags/example_sla_dag.py
[2025-01-25T16:34:59.006+0000] {logging_mixin.py:190} INFO - [2025-01-25T16:34:59.005+0000] {dag.py:3239} INFO - Sync 1 DAGs
[2025-01-25T16:34:59.029+0000] {logging_mixin.py:190} INFO - [2025-01-25T16:34:59.029+0000] {dag.py:4180} INFO - Setting next_dagrun for example_sla_dag to 2025-01-25 16:32:00+00:00, run_after=2025-01-25 16:34:00+00:00
[2025-01-25T16:34:59.132+0000] {processor.py:208} INFO - Processing /home/airflow/.local/lib/python3.12/site-packages/airflow/example_dags/example_sla_dag.py took 0.160 seconds
[2025-01-25T16:35:29.385+0000] {processor.py:186} INFO - Started process (PID=863) to work on /home/airflow/.local/lib/python3.12/site-packages/airflow/example_dags/example_sla_dag.py
[2025-01-25T16:35:29.386+0000] {processor.py:914} INFO - Processing file /home/airflow/.local/lib/python3.12/site-packages/airflow/example_dags/example_sla_dag.py for tasks to queue
[2025-01-25T16:35:29.388+0000] {logging_mixin.py:190} INFO - [2025-01-25T16:35:29.388+0000] {dagbag.py:588} INFO - Filling up the DagBag from /home/airflow/.local/lib/python3.12/site-packages/airflow/example_dags/example_sla_dag.py
[2025-01-25T16:35:29.396+0000] {processor.py:925} INFO - DAG(s) 'example_sla_dag' retrieved from /home/airflow/.local/lib/python3.12/site-packages/airflow/example_dags/example_sla_dag.py
[2025-01-25T16:35:29.415+0000] {logging_mixin.py:190} INFO - [2025-01-25T16:35:29.415+0000] {dag.py:3239} INFO - Sync 1 DAGs
[2025-01-25T16:35:29.439+0000] {logging_mixin.py:190} INFO - [2025-01-25T16:35:29.439+0000] {dag.py:4180} INFO - Setting next_dagrun for example_sla_dag to 2025-01-25 16:32:00+00:00, run_after=2025-01-25 16:34:00+00:00
[2025-01-25T16:35:29.973+0000] {processor.py:208} INFO - Processing /home/airflow/.local/lib/python3.12/site-packages/airflow/example_dags/example_sla_dag.py took 0.592 seconds
[2025-01-25T16:36:00.458+0000] {processor.py:186} INFO - Started process (PID=926) to work on /home/airflow/.local/lib/python3.12/site-packages/airflow/example_dags/example_sla_dag.py
[2025-01-25T16:36:00.459+0000] {processor.py:914} INFO - Processing file /home/airflow/.local/lib/python3.12/site-packages/airflow/example_dags/example_sla_dag.py for tasks to queue
[2025-01-25T16:36:00.461+0000] {logging_mixin.py:190} INFO - [2025-01-25T16:36:00.461+0000] {dagbag.py:588} INFO - Filling up the DagBag from /home/airflow/.local/lib/python3.12/site-packages/airflow/example_dags/example_sla_dag.py
[2025-01-25T16:36:00.469+0000] {processor.py:925} INFO - DAG(s) 'example_sla_dag' retrieved from /home/airflow/.local/lib/python3.12/site-packages/airflow/example_dags/example_sla_dag.py
[2025-01-25T16:36:00.488+0000] {logging_mixin.py:190} INFO - [2025-01-25T16:36:00.488+0000] {dag.py:3239} INFO - Sync 1 DAGs
[2025-01-25T16:36:00.512+0000] {logging_mixin.py:190} INFO - [2025-01-25T16:36:00.512+0000] {dag.py:4180} INFO - Setting next_dagrun for example_sla_dag to 2025-01-25 16:34:00+00:00, run_after=2025-01-25 16:36:00+00:00
[2025-01-25T16:36:00.917+0000] {processor.py:208} INFO - Processing /home/airflow/.local/lib/python3.12/site-packages/airflow/example_dags/example_sla_dag.py took 0.463 seconds
[2025-01-25T16:36:31.493+0000] {processor.py:186} INFO - Started process (PID=989) to work on /home/airflow/.local/lib/python3.12/site-packages/airflow/example_dags/example_sla_dag.py
[2025-01-25T16:36:31.494+0000] {processor.py:914} INFO - Processing file /home/airflow/.local/lib/python3.12/site-packages/airflow/example_dags/example_sla_dag.py for tasks to queue
[2025-01-25T16:36:31.497+0000] {logging_mixin.py:190} INFO - [2025-01-25T16:36:31.497+0000] {dagbag.py:588} INFO - Filling up the DagBag from /home/airflow/.local/lib/python3.12/site-packages/airflow/example_dags/example_sla_dag.py
[2025-01-25T16:36:31.506+0000] {processor.py:925} INFO - DAG(s) 'example_sla_dag' retrieved from /home/airflow/.local/lib/python3.12/site-packages/airflow/example_dags/example_sla_dag.py
[2025-01-25T16:36:31.528+0000] {logging_mixin.py:190} INFO - [2025-01-25T16:36:31.528+0000] {dag.py:3239} INFO - Sync 1 DAGs
[2025-01-25T16:36:31.553+0000] {logging_mixin.py:190} INFO - [2025-01-25T16:36:31.553+0000] {dag.py:4180} INFO - Setting next_dagrun for example_sla_dag to 2025-01-25 16:34:00+00:00, run_after=2025-01-25 16:36:00+00:00
[2025-01-25T16:36:31.590+0000] {processor.py:208} INFO - Processing /home/airflow/.local/lib/python3.12/site-packages/airflow/example_dags/example_sla_dag.py took 0.102 seconds
[2025-01-25T16:37:01.737+0000] {processor.py:186} INFO - Started process (PID=1052) to work on /home/airflow/.local/lib/python3.12/site-packages/airflow/example_dags/example_sla_dag.py
[2025-01-25T16:37:01.738+0000] {processor.py:914} INFO - Processing file /home/airflow/.local/lib/python3.12/site-packages/airflow/example_dags/example_sla_dag.py for tasks to queue
[2025-01-25T16:37:01.741+0000] {logging_mixin.py:190} INFO - [2025-01-25T16:37:01.740+0000] {dagbag.py:588} INFO - Filling up the DagBag from /home/airflow/.local/lib/python3.12/site-packages/airflow/example_dags/example_sla_dag.py
[2025-01-25T16:37:01.749+0000] {processor.py:925} INFO - DAG(s) 'example_sla_dag' retrieved from /home/airflow/.local/lib/python3.12/site-packages/airflow/example_dags/example_sla_dag.py
[2025-01-25T16:37:01.767+0000] {logging_mixin.py:190} INFO - [2025-01-25T16:37:01.767+0000] {dag.py:3239} INFO - Sync 1 DAGs
[2025-01-25T16:37:01.790+0000] {logging_mixin.py:190} INFO - [2025-01-25T16:37:01.790+0000] {dag.py:4180} INFO - Setting next_dagrun for example_sla_dag to 2025-01-25 16:34:00+00:00, run_after=2025-01-25 16:36:00+00:00
[2025-01-25T16:37:01.816+0000] {processor.py:208} INFO - Processing /home/airflow/.local/lib/python3.12/site-packages/airflow/example_dags/example_sla_dag.py took 0.083 seconds
[2025-01-25T16:37:32.468+0000] {processor.py:186} INFO - Started process (PID=1115) to work on /home/airflow/.local/lib/python3.12/site-packages/airflow/example_dags/example_sla_dag.py
[2025-01-25T16:37:32.469+0000] {processor.py:914} INFO - Processing file /home/airflow/.local/lib/python3.12/site-packages/airflow/example_dags/example_sla_dag.py for tasks to queue
[2025-01-25T16:37:32.471+0000] {logging_mixin.py:190} INFO - [2025-01-25T16:37:32.471+0000] {dagbag.py:588} INFO - Filling up the DagBag from /home/airflow/.local/lib/python3.12/site-packages/airflow/example_dags/example_sla_dag.py
[2025-01-25T16:37:32.481+0000] {processor.py:925} INFO - DAG(s) 'example_sla_dag' retrieved from /home/airflow/.local/lib/python3.12/site-packages/airflow/example_dags/example_sla_dag.py
[2025-01-25T16:37:32.498+0000] {logging_mixin.py:190} INFO - [2025-01-25T16:37:32.498+0000] {dag.py:3239} INFO - Sync 1 DAGs
[2025-01-25T16:37:32.520+0000] {logging_mixin.py:190} INFO - [2025-01-25T16:37:32.520+0000] {dag.py:4180} INFO - Setting next_dagrun for example_sla_dag to 2025-01-25 16:34:00+00:00, run_after=2025-01-25 16:36:00+00:00
[2025-01-25T16:37:32.566+0000] {processor.py:208} INFO - Processing /home/airflow/.local/lib/python3.12/site-packages/airflow/example_dags/example_sla_dag.py took 0.103 seconds
