[2025-01-25T16:28:51.955+0000] {processor.py:186} INFO - Started process (PID=55) to work on /home/airflow/.local/lib/python3.12/site-packages/airflow/example_dags/example_nested_branch_dag.py
[2025-01-25T16:28:51.957+0000] {processor.py:914} INFO - Processing file /home/airflow/.local/lib/python3.12/site-packages/airflow/example_dags/example_nested_branch_dag.py for tasks to queue
[2025-01-25T16:28:51.959+0000] {logging_mixin.py:190} INFO - [2025-01-25T16:28:51.959+0000] {dagbag.py:588} INFO - Filling up the DagBag from /home/airflow/.local/lib/python3.12/site-packages/airflow/example_dags/example_nested_branch_dag.py
[2025-01-25T16:28:51.976+0000] {processor.py:925} INFO - DAG(s) 'example_nested_branch_dag' retrieved from /home/airflow/.local/lib/python3.12/site-packages/airflow/example_dags/example_nested_branch_dag.py
[2025-01-25T16:28:52.089+0000] {logging_mixin.py:190} INFO - [2025-01-25T16:28:52.088+0000] {override.py:1911} INFO - Created Permission View: can delete on DAG:example_nested_branch_dag
[2025-01-25T16:28:52.106+0000] {logging_mixin.py:190} INFO - [2025-01-25T16:28:52.105+0000] {override.py:1911} INFO - Created Permission View: can read on DAG:example_nested_branch_dag
[2025-01-25T16:28:52.155+0000] {logging_mixin.py:190} INFO - [2025-01-25T16:28:52.154+0000] {override.py:1911} INFO - Created Permission View: can edit on DAG:example_nested_branch_dag
[2025-01-25T16:28:52.171+0000] {logging_mixin.py:190} INFO - [2025-01-25T16:28:52.170+0000] {override.py:1911} INFO - Created Permission View: can delete on DAG Run:example_nested_branch_dag
[2025-01-25T16:28:52.185+0000] {logging_mixin.py:190} INFO - [2025-01-25T16:28:52.184+0000] {override.py:1911} INFO - Created Permission View: can create on DAG Run:example_nested_branch_dag
[2025-01-25T16:28:52.200+0000] {logging_mixin.py:190} INFO - [2025-01-25T16:28:52.199+0000] {override.py:1911} INFO - Created Permission View: menu access on DAG Run:example_nested_branch_dag
[2025-01-25T16:28:52.215+0000] {logging_mixin.py:190} INFO - [2025-01-25T16:28:52.215+0000] {override.py:1911} INFO - Created Permission View: can read on DAG Run:example_nested_branch_dag
[2025-01-25T16:28:52.216+0000] {logging_mixin.py:190} INFO - [2025-01-25T16:28:52.216+0000] {dag.py:3239} INFO - Sync 1 DAGs
[2025-01-25T16:28:52.231+0000] {logging_mixin.py:190} INFO - [2025-01-25T16:28:52.230+0000] {dag.py:3262} INFO - Creating ORM DAG for example_nested_branch_dag
[2025-01-25T16:28:52.243+0000] {logging_mixin.py:190} INFO - [2025-01-25T16:28:52.243+0000] {dag.py:4180} INFO - Setting next_dagrun for example_nested_branch_dag to 2025-01-24 00:00:00+00:00, run_after=2025-01-25 00:00:00+00:00
[2025-01-25T16:28:52.267+0000] {processor.py:208} INFO - Processing /home/airflow/.local/lib/python3.12/site-packages/airflow/example_dags/example_nested_branch_dag.py took 0.317 seconds
[2025-01-25T16:29:23.343+0000] {processor.py:186} INFO - Started process (PID=118) to work on /home/airflow/.local/lib/python3.12/site-packages/airflow/example_dags/example_nested_branch_dag.py
[2025-01-25T16:29:23.344+0000] {processor.py:914} INFO - Processing file /home/airflow/.local/lib/python3.12/site-packages/airflow/example_dags/example_nested_branch_dag.py for tasks to queue
[2025-01-25T16:29:23.347+0000] {logging_mixin.py:190} INFO - [2025-01-25T16:29:23.346+0000] {dagbag.py:588} INFO - Filling up the DagBag from /home/airflow/.local/lib/python3.12/site-packages/airflow/example_dags/example_nested_branch_dag.py
[2025-01-25T16:29:23.358+0000] {processor.py:925} INFO - DAG(s) 'example_nested_branch_dag' retrieved from /home/airflow/.local/lib/python3.12/site-packages/airflow/example_dags/example_nested_branch_dag.py
[2025-01-25T16:29:23.380+0000] {logging_mixin.py:190} INFO - [2025-01-25T16:29:23.379+0000] {dag.py:3239} INFO - Sync 1 DAGs
[2025-01-25T16:29:23.410+0000] {logging_mixin.py:190} INFO - [2025-01-25T16:29:23.409+0000] {dag.py:4180} INFO - Setting next_dagrun for example_nested_branch_dag to 2025-01-24 00:00:00+00:00, run_after=2025-01-25 00:00:00+00:00
[2025-01-25T16:29:23.436+0000] {processor.py:208} INFO - Processing /home/airflow/.local/lib/python3.12/site-packages/airflow/example_dags/example_nested_branch_dag.py took 0.098 seconds
[2025-01-25T16:29:54.464+0000] {processor.py:186} INFO - Started process (PID=181) to work on /home/airflow/.local/lib/python3.12/site-packages/airflow/example_dags/example_nested_branch_dag.py
[2025-01-25T16:29:54.465+0000] {processor.py:914} INFO - Processing file /home/airflow/.local/lib/python3.12/site-packages/airflow/example_dags/example_nested_branch_dag.py for tasks to queue
[2025-01-25T16:29:54.468+0000] {logging_mixin.py:190} INFO - [2025-01-25T16:29:54.468+0000] {dagbag.py:588} INFO - Filling up the DagBag from /home/airflow/.local/lib/python3.12/site-packages/airflow/example_dags/example_nested_branch_dag.py
[2025-01-25T16:29:54.479+0000] {processor.py:925} INFO - DAG(s) 'example_nested_branch_dag' retrieved from /home/airflow/.local/lib/python3.12/site-packages/airflow/example_dags/example_nested_branch_dag.py
[2025-01-25T16:29:54.499+0000] {logging_mixin.py:190} INFO - [2025-01-25T16:29:54.499+0000] {dag.py:3239} INFO - Sync 1 DAGs
[2025-01-25T16:29:54.521+0000] {logging_mixin.py:190} INFO - [2025-01-25T16:29:54.521+0000] {dag.py:4180} INFO - Setting next_dagrun for example_nested_branch_dag to 2025-01-24 00:00:00+00:00, run_after=2025-01-25 00:00:00+00:00
[2025-01-25T16:29:54.543+0000] {processor.py:208} INFO - Processing /home/airflow/.local/lib/python3.12/site-packages/airflow/example_dags/example_nested_branch_dag.py took 0.085 seconds
[2025-01-25T16:30:26.156+0000] {processor.py:186} INFO - Started process (PID=244) to work on /home/airflow/.local/lib/python3.12/site-packages/airflow/example_dags/example_nested_branch_dag.py
[2025-01-25T16:30:26.158+0000] {processor.py:914} INFO - Processing file /home/airflow/.local/lib/python3.12/site-packages/airflow/example_dags/example_nested_branch_dag.py for tasks to queue
[2025-01-25T16:30:26.162+0000] {logging_mixin.py:190} INFO - [2025-01-25T16:30:26.162+0000] {dagbag.py:588} INFO - Filling up the DagBag from /home/airflow/.local/lib/python3.12/site-packages/airflow/example_dags/example_nested_branch_dag.py
[2025-01-25T16:30:26.179+0000] {processor.py:925} INFO - DAG(s) 'example_nested_branch_dag' retrieved from /home/airflow/.local/lib/python3.12/site-packages/airflow/example_dags/example_nested_branch_dag.py
[2025-01-25T16:30:26.203+0000] {logging_mixin.py:190} INFO - [2025-01-25T16:30:26.203+0000] {dag.py:3239} INFO - Sync 1 DAGs
[2025-01-25T16:30:26.229+0000] {logging_mixin.py:190} INFO - [2025-01-25T16:30:26.228+0000] {dag.py:4180} INFO - Setting next_dagrun for example_nested_branch_dag to 2025-01-24 00:00:00+00:00, run_after=2025-01-25 00:00:00+00:00
[2025-01-25T16:30:26.259+0000] {processor.py:208} INFO - Processing /home/airflow/.local/lib/python3.12/site-packages/airflow/example_dags/example_nested_branch_dag.py took 0.109 seconds
[2025-01-25T16:30:57.728+0000] {processor.py:186} INFO - Started process (PID=307) to work on /home/airflow/.local/lib/python3.12/site-packages/airflow/example_dags/example_nested_branch_dag.py
[2025-01-25T16:30:57.729+0000] {processor.py:914} INFO - Processing file /home/airflow/.local/lib/python3.12/site-packages/airflow/example_dags/example_nested_branch_dag.py for tasks to queue
[2025-01-25T16:30:57.732+0000] {logging_mixin.py:190} INFO - [2025-01-25T16:30:57.731+0000] {dagbag.py:588} INFO - Filling up the DagBag from /home/airflow/.local/lib/python3.12/site-packages/airflow/example_dags/example_nested_branch_dag.py
[2025-01-25T16:30:57.743+0000] {processor.py:925} INFO - DAG(s) 'example_nested_branch_dag' retrieved from /home/airflow/.local/lib/python3.12/site-packages/airflow/example_dags/example_nested_branch_dag.py
[2025-01-25T16:30:57.763+0000] {logging_mixin.py:190} INFO - [2025-01-25T16:30:57.763+0000] {dag.py:3239} INFO - Sync 1 DAGs
[2025-01-25T16:30:57.787+0000] {logging_mixin.py:190} INFO - [2025-01-25T16:30:57.787+0000] {dag.py:4180} INFO - Setting next_dagrun for example_nested_branch_dag to 2025-01-24 00:00:00+00:00, run_after=2025-01-25 00:00:00+00:00
[2025-01-25T16:30:57.813+0000] {processor.py:208} INFO - Processing /home/airflow/.local/lib/python3.12/site-packages/airflow/example_dags/example_nested_branch_dag.py took 0.091 seconds
[2025-01-25T16:31:28.701+0000] {processor.py:186} INFO - Started process (PID=371) to work on /home/airflow/.local/lib/python3.12/site-packages/airflow/example_dags/example_nested_branch_dag.py
[2025-01-25T16:31:28.702+0000] {processor.py:914} INFO - Processing file /home/airflow/.local/lib/python3.12/site-packages/airflow/example_dags/example_nested_branch_dag.py for tasks to queue
[2025-01-25T16:31:28.704+0000] {logging_mixin.py:190} INFO - [2025-01-25T16:31:28.704+0000] {dagbag.py:588} INFO - Filling up the DagBag from /home/airflow/.local/lib/python3.12/site-packages/airflow/example_dags/example_nested_branch_dag.py
[2025-01-25T16:31:28.714+0000] {processor.py:925} INFO - DAG(s) 'example_nested_branch_dag' retrieved from /home/airflow/.local/lib/python3.12/site-packages/airflow/example_dags/example_nested_branch_dag.py
[2025-01-25T16:31:28.733+0000] {logging_mixin.py:190} INFO - [2025-01-25T16:31:28.733+0000] {dag.py:3239} INFO - Sync 1 DAGs
[2025-01-25T16:31:28.759+0000] {logging_mixin.py:190} INFO - [2025-01-25T16:31:28.759+0000] {dag.py:4180} INFO - Setting next_dagrun for example_nested_branch_dag to 2025-01-24 00:00:00+00:00, run_after=2025-01-25 00:00:00+00:00
[2025-01-25T16:31:28.851+0000] {processor.py:208} INFO - Processing /home/airflow/.local/lib/python3.12/site-packages/airflow/example_dags/example_nested_branch_dag.py took 0.156 seconds
[2025-01-25T16:31:59.520+0000] {processor.py:186} INFO - Started process (PID=434) to work on /home/airflow/.local/lib/python3.12/site-packages/airflow/example_dags/example_nested_branch_dag.py
[2025-01-25T16:31:59.521+0000] {processor.py:914} INFO - Processing file /home/airflow/.local/lib/python3.12/site-packages/airflow/example_dags/example_nested_branch_dag.py for tasks to queue
[2025-01-25T16:31:59.523+0000] {logging_mixin.py:190} INFO - [2025-01-25T16:31:59.523+0000] {dagbag.py:588} INFO - Filling up the DagBag from /home/airflow/.local/lib/python3.12/site-packages/airflow/example_dags/example_nested_branch_dag.py
[2025-01-25T16:31:59.533+0000] {processor.py:925} INFO - DAG(s) 'example_nested_branch_dag' retrieved from /home/airflow/.local/lib/python3.12/site-packages/airflow/example_dags/example_nested_branch_dag.py
[2025-01-25T16:31:59.552+0000] {logging_mixin.py:190} INFO - [2025-01-25T16:31:59.552+0000] {dag.py:3239} INFO - Sync 1 DAGs
[2025-01-25T16:31:59.575+0000] {logging_mixin.py:190} INFO - [2025-01-25T16:31:59.575+0000] {dag.py:4180} INFO - Setting next_dagrun for example_nested_branch_dag to 2025-01-24 00:00:00+00:00, run_after=2025-01-25 00:00:00+00:00
[2025-01-25T16:31:59.733+0000] {processor.py:208} INFO - Processing /home/airflow/.local/lib/python3.12/site-packages/airflow/example_dags/example_nested_branch_dag.py took 0.217 seconds
[2025-01-25T16:32:29.803+0000] {processor.py:186} INFO - Started process (PID=496) to work on /home/airflow/.local/lib/python3.12/site-packages/airflow/example_dags/example_nested_branch_dag.py
[2025-01-25T16:32:29.848+0000] {processor.py:914} INFO - Processing file /home/airflow/.local/lib/python3.12/site-packages/airflow/example_dags/example_nested_branch_dag.py for tasks to queue
[2025-01-25T16:32:29.851+0000] {logging_mixin.py:190} INFO - [2025-01-25T16:32:29.850+0000] {dagbag.py:588} INFO - Filling up the DagBag from /home/airflow/.local/lib/python3.12/site-packages/airflow/example_dags/example_nested_branch_dag.py
[2025-01-25T16:32:29.860+0000] {processor.py:925} INFO - DAG(s) 'example_nested_branch_dag' retrieved from /home/airflow/.local/lib/python3.12/site-packages/airflow/example_dags/example_nested_branch_dag.py
[2025-01-25T16:32:29.878+0000] {logging_mixin.py:190} INFO - [2025-01-25T16:32:29.878+0000] {dag.py:3239} INFO - Sync 1 DAGs
[2025-01-25T16:32:29.900+0000] {logging_mixin.py:190} INFO - [2025-01-25T16:32:29.900+0000] {dag.py:4180} INFO - Setting next_dagrun for example_nested_branch_dag to 2025-01-24 00:00:00+00:00, run_after=2025-01-25 00:00:00+00:00
[2025-01-25T16:32:30.057+0000] {processor.py:208} INFO - Processing /home/airflow/.local/lib/python3.12/site-packages/airflow/example_dags/example_nested_branch_dag.py took 0.259 seconds
[2025-01-25T16:33:00.566+0000] {processor.py:186} INFO - Started process (PID=558) to work on /home/airflow/.local/lib/python3.12/site-packages/airflow/example_dags/example_nested_branch_dag.py
[2025-01-25T16:33:00.567+0000] {processor.py:914} INFO - Processing file /home/airflow/.local/lib/python3.12/site-packages/airflow/example_dags/example_nested_branch_dag.py for tasks to queue
[2025-01-25T16:33:00.569+0000] {logging_mixin.py:190} INFO - [2025-01-25T16:33:00.569+0000] {dagbag.py:588} INFO - Filling up the DagBag from /home/airflow/.local/lib/python3.12/site-packages/airflow/example_dags/example_nested_branch_dag.py
[2025-01-25T16:33:00.578+0000] {processor.py:925} INFO - DAG(s) 'example_nested_branch_dag' retrieved from /home/airflow/.local/lib/python3.12/site-packages/airflow/example_dags/example_nested_branch_dag.py
[2025-01-25T16:33:00.597+0000] {logging_mixin.py:190} INFO - [2025-01-25T16:33:00.597+0000] {dag.py:3239} INFO - Sync 1 DAGs
[2025-01-25T16:33:00.617+0000] {logging_mixin.py:190} INFO - [2025-01-25T16:33:00.617+0000] {dag.py:4180} INFO - Setting next_dagrun for example_nested_branch_dag to 2025-01-24 00:00:00+00:00, run_after=2025-01-25 00:00:00+00:00
[2025-01-25T16:33:00.801+0000] {processor.py:208} INFO - Processing /home/airflow/.local/lib/python3.12/site-packages/airflow/example_dags/example_nested_branch_dag.py took 0.240 seconds
[2025-01-25T16:33:31.116+0000] {processor.py:186} INFO - Started process (PID=621) to work on /home/airflow/.local/lib/python3.12/site-packages/airflow/example_dags/example_nested_branch_dag.py
[2025-01-25T16:33:31.117+0000] {processor.py:914} INFO - Processing file /home/airflow/.local/lib/python3.12/site-packages/airflow/example_dags/example_nested_branch_dag.py for tasks to queue
[2025-01-25T16:33:31.119+0000] {logging_mixin.py:190} INFO - [2025-01-25T16:33:31.119+0000] {dagbag.py:588} INFO - Filling up the DagBag from /home/airflow/.local/lib/python3.12/site-packages/airflow/example_dags/example_nested_branch_dag.py
[2025-01-25T16:33:31.128+0000] {processor.py:925} INFO - DAG(s) 'example_nested_branch_dag' retrieved from /home/airflow/.local/lib/python3.12/site-packages/airflow/example_dags/example_nested_branch_dag.py
[2025-01-25T16:33:31.147+0000] {logging_mixin.py:190} INFO - [2025-01-25T16:33:31.146+0000] {dag.py:3239} INFO - Sync 1 DAGs
[2025-01-25T16:33:31.168+0000] {logging_mixin.py:190} INFO - [2025-01-25T16:33:31.168+0000] {dag.py:4180} INFO - Setting next_dagrun for example_nested_branch_dag to 2025-01-24 00:00:00+00:00, run_after=2025-01-25 00:00:00+00:00
[2025-01-25T16:33:31.296+0000] {processor.py:208} INFO - Processing /home/airflow/.local/lib/python3.12/site-packages/airflow/example_dags/example_nested_branch_dag.py took 0.185 seconds
[2025-01-25T16:34:01.749+0000] {processor.py:186} INFO - Started process (PID=684) to work on /home/airflow/.local/lib/python3.12/site-packages/airflow/example_dags/example_nested_branch_dag.py
[2025-01-25T16:34:01.750+0000] {processor.py:914} INFO - Processing file /home/airflow/.local/lib/python3.12/site-packages/airflow/example_dags/example_nested_branch_dag.py for tasks to queue
[2025-01-25T16:34:01.753+0000] {logging_mixin.py:190} INFO - [2025-01-25T16:34:01.752+0000] {dagbag.py:588} INFO - Filling up the DagBag from /home/airflow/.local/lib/python3.12/site-packages/airflow/example_dags/example_nested_branch_dag.py
[2025-01-25T16:34:01.761+0000] {processor.py:925} INFO - DAG(s) 'example_nested_branch_dag' retrieved from /home/airflow/.local/lib/python3.12/site-packages/airflow/example_dags/example_nested_branch_dag.py
[2025-01-25T16:34:01.781+0000] {logging_mixin.py:190} INFO - [2025-01-25T16:34:01.780+0000] {dag.py:3239} INFO - Sync 1 DAGs
[2025-01-25T16:34:01.802+0000] {logging_mixin.py:190} INFO - [2025-01-25T16:34:01.801+0000] {dag.py:4180} INFO - Setting next_dagrun for example_nested_branch_dag to 2025-01-24 00:00:00+00:00, run_after=2025-01-25 00:00:00+00:00
[2025-01-25T16:34:02.122+0000] {processor.py:208} INFO - Processing /home/airflow/.local/lib/python3.12/site-packages/airflow/example_dags/example_nested_branch_dag.py took 0.377 seconds
[2025-01-25T16:34:33.006+0000] {processor.py:186} INFO - Started process (PID=747) to work on /home/airflow/.local/lib/python3.12/site-packages/airflow/example_dags/example_nested_branch_dag.py
[2025-01-25T16:34:33.007+0000] {processor.py:914} INFO - Processing file /home/airflow/.local/lib/python3.12/site-packages/airflow/example_dags/example_nested_branch_dag.py for tasks to queue
[2025-01-25T16:34:33.009+0000] {logging_mixin.py:190} INFO - [2025-01-25T16:34:33.009+0000] {dagbag.py:588} INFO - Filling up the DagBag from /home/airflow/.local/lib/python3.12/site-packages/airflow/example_dags/example_nested_branch_dag.py
[2025-01-25T16:34:33.018+0000] {processor.py:925} INFO - DAG(s) 'example_nested_branch_dag' retrieved from /home/airflow/.local/lib/python3.12/site-packages/airflow/example_dags/example_nested_branch_dag.py
[2025-01-25T16:34:33.035+0000] {logging_mixin.py:190} INFO - [2025-01-25T16:34:33.035+0000] {dag.py:3239} INFO - Sync 1 DAGs
[2025-01-25T16:34:33.057+0000] {logging_mixin.py:190} INFO - [2025-01-25T16:34:33.056+0000] {dag.py:4180} INFO - Setting next_dagrun for example_nested_branch_dag to 2025-01-24 00:00:00+00:00, run_after=2025-01-25 00:00:00+00:00
[2025-01-25T16:34:33.389+0000] {processor.py:208} INFO - Processing /home/airflow/.local/lib/python3.12/site-packages/airflow/example_dags/example_nested_branch_dag.py took 0.388 seconds
[2025-01-25T16:35:03.594+0000] {processor.py:186} INFO - Started process (PID=810) to work on /home/airflow/.local/lib/python3.12/site-packages/airflow/example_dags/example_nested_branch_dag.py
[2025-01-25T16:35:03.595+0000] {processor.py:914} INFO - Processing file /home/airflow/.local/lib/python3.12/site-packages/airflow/example_dags/example_nested_branch_dag.py for tasks to queue
[2025-01-25T16:35:03.598+0000] {logging_mixin.py:190} INFO - [2025-01-25T16:35:03.597+0000] {dagbag.py:588} INFO - Filling up the DagBag from /home/airflow/.local/lib/python3.12/site-packages/airflow/example_dags/example_nested_branch_dag.py
[2025-01-25T16:35:03.607+0000] {processor.py:925} INFO - DAG(s) 'example_nested_branch_dag' retrieved from /home/airflow/.local/lib/python3.12/site-packages/airflow/example_dags/example_nested_branch_dag.py
[2025-01-25T16:35:03.626+0000] {logging_mixin.py:190} INFO - [2025-01-25T16:35:03.626+0000] {dag.py:3239} INFO - Sync 1 DAGs
[2025-01-25T16:35:03.647+0000] {logging_mixin.py:190} INFO - [2025-01-25T16:35:03.647+0000] {dag.py:4180} INFO - Setting next_dagrun for example_nested_branch_dag to 2025-01-24 00:00:00+00:00, run_after=2025-01-25 00:00:00+00:00
[2025-01-25T16:35:03.709+0000] {processor.py:208} INFO - Processing /home/airflow/.local/lib/python3.12/site-packages/airflow/example_dags/example_nested_branch_dag.py took 0.119 seconds
[2025-01-25T16:35:33.795+0000] {processor.py:186} INFO - Started process (PID=873) to work on /home/airflow/.local/lib/python3.12/site-packages/airflow/example_dags/example_nested_branch_dag.py
[2025-01-25T16:35:33.796+0000] {processor.py:914} INFO - Processing file /home/airflow/.local/lib/python3.12/site-packages/airflow/example_dags/example_nested_branch_dag.py for tasks to queue
[2025-01-25T16:35:33.799+0000] {logging_mixin.py:190} INFO - [2025-01-25T16:35:33.798+0000] {dagbag.py:588} INFO - Filling up the DagBag from /home/airflow/.local/lib/python3.12/site-packages/airflow/example_dags/example_nested_branch_dag.py
[2025-01-25T16:35:33.808+0000] {processor.py:925} INFO - DAG(s) 'example_nested_branch_dag' retrieved from /home/airflow/.local/lib/python3.12/site-packages/airflow/example_dags/example_nested_branch_dag.py
[2025-01-25T16:35:33.828+0000] {logging_mixin.py:190} INFO - [2025-01-25T16:35:33.827+0000] {dag.py:3239} INFO - Sync 1 DAGs
[2025-01-25T16:35:33.849+0000] {logging_mixin.py:190} INFO - [2025-01-25T16:35:33.849+0000] {dag.py:4180} INFO - Setting next_dagrun for example_nested_branch_dag to 2025-01-24 00:00:00+00:00, run_after=2025-01-25 00:00:00+00:00
[2025-01-25T16:35:33.957+0000] {processor.py:208} INFO - Processing /home/airflow/.local/lib/python3.12/site-packages/airflow/example_dags/example_nested_branch_dag.py took 0.167 seconds
[2025-01-25T16:36:04.935+0000] {processor.py:186} INFO - Started process (PID=936) to work on /home/airflow/.local/lib/python3.12/site-packages/airflow/example_dags/example_nested_branch_dag.py
[2025-01-25T16:36:04.936+0000] {processor.py:914} INFO - Processing file /home/airflow/.local/lib/python3.12/site-packages/airflow/example_dags/example_nested_branch_dag.py for tasks to queue
[2025-01-25T16:36:04.938+0000] {logging_mixin.py:190} INFO - [2025-01-25T16:36:04.938+0000] {dagbag.py:588} INFO - Filling up the DagBag from /home/airflow/.local/lib/python3.12/site-packages/airflow/example_dags/example_nested_branch_dag.py
[2025-01-25T16:36:04.948+0000] {processor.py:925} INFO - DAG(s) 'example_nested_branch_dag' retrieved from /home/airflow/.local/lib/python3.12/site-packages/airflow/example_dags/example_nested_branch_dag.py
[2025-01-25T16:36:04.966+0000] {logging_mixin.py:190} INFO - [2025-01-25T16:36:04.966+0000] {dag.py:3239} INFO - Sync 1 DAGs
[2025-01-25T16:36:04.987+0000] {logging_mixin.py:190} INFO - [2025-01-25T16:36:04.987+0000] {dag.py:4180} INFO - Setting next_dagrun for example_nested_branch_dag to 2025-01-24 00:00:00+00:00, run_after=2025-01-25 00:00:00+00:00
[2025-01-25T16:36:05.007+0000] {processor.py:208} INFO - Processing /home/airflow/.local/lib/python3.12/site-packages/airflow/example_dags/example_nested_branch_dag.py took 0.077 seconds
[2025-01-25T16:36:35.269+0000] {processor.py:186} INFO - Started process (PID=999) to work on /home/airflow/.local/lib/python3.12/site-packages/airflow/example_dags/example_nested_branch_dag.py
[2025-01-25T16:36:35.270+0000] {processor.py:914} INFO - Processing file /home/airflow/.local/lib/python3.12/site-packages/airflow/example_dags/example_nested_branch_dag.py for tasks to queue
[2025-01-25T16:36:35.273+0000] {logging_mixin.py:190} INFO - [2025-01-25T16:36:35.273+0000] {dagbag.py:588} INFO - Filling up the DagBag from /home/airflow/.local/lib/python3.12/site-packages/airflow/example_dags/example_nested_branch_dag.py
[2025-01-25T16:36:35.282+0000] {processor.py:925} INFO - DAG(s) 'example_nested_branch_dag' retrieved from /home/airflow/.local/lib/python3.12/site-packages/airflow/example_dags/example_nested_branch_dag.py
[2025-01-25T16:36:35.302+0000] {logging_mixin.py:190} INFO - [2025-01-25T16:36:35.301+0000] {dag.py:3239} INFO - Sync 1 DAGs
[2025-01-25T16:36:35.322+0000] {logging_mixin.py:190} INFO - [2025-01-25T16:36:35.322+0000] {dag.py:4180} INFO - Setting next_dagrun for example_nested_branch_dag to 2025-01-24 00:00:00+00:00, run_after=2025-01-25 00:00:00+00:00
[2025-01-25T16:36:35.606+0000] {processor.py:208} INFO - Processing /home/airflow/.local/lib/python3.12/site-packages/airflow/example_dags/example_nested_branch_dag.py took 0.341 seconds
[2025-01-25T16:37:06.162+0000] {processor.py:186} INFO - Started process (PID=1062) to work on /home/airflow/.local/lib/python3.12/site-packages/airflow/example_dags/example_nested_branch_dag.py
[2025-01-25T16:37:06.163+0000] {processor.py:914} INFO - Processing file /home/airflow/.local/lib/python3.12/site-packages/airflow/example_dags/example_nested_branch_dag.py for tasks to queue
[2025-01-25T16:37:06.166+0000] {logging_mixin.py:190} INFO - [2025-01-25T16:37:06.166+0000] {dagbag.py:588} INFO - Filling up the DagBag from /home/airflow/.local/lib/python3.12/site-packages/airflow/example_dags/example_nested_branch_dag.py
[2025-01-25T16:37:06.176+0000] {processor.py:925} INFO - DAG(s) 'example_nested_branch_dag' retrieved from /home/airflow/.local/lib/python3.12/site-packages/airflow/example_dags/example_nested_branch_dag.py
[2025-01-25T16:37:06.196+0000] {logging_mixin.py:190} INFO - [2025-01-25T16:37:06.196+0000] {dag.py:3239} INFO - Sync 1 DAGs
[2025-01-25T16:37:06.218+0000] {logging_mixin.py:190} INFO - [2025-01-25T16:37:06.218+0000] {dag.py:4180} INFO - Setting next_dagrun for example_nested_branch_dag to 2025-01-24 00:00:00+00:00, run_after=2025-01-25 00:00:00+00:00
[2025-01-25T16:37:06.718+0000] {processor.py:208} INFO - Processing /home/airflow/.local/lib/python3.12/site-packages/airflow/example_dags/example_nested_branch_dag.py took 0.560 seconds
[2025-01-25T16:37:37.294+0000] {processor.py:186} INFO - Started process (PID=1125) to work on /home/airflow/.local/lib/python3.12/site-packages/airflow/example_dags/example_nested_branch_dag.py
[2025-01-25T16:37:37.295+0000] {processor.py:914} INFO - Processing file /home/airflow/.local/lib/python3.12/site-packages/airflow/example_dags/example_nested_branch_dag.py for tasks to queue
[2025-01-25T16:37:37.297+0000] {logging_mixin.py:190} INFO - [2025-01-25T16:37:37.297+0000] {dagbag.py:588} INFO - Filling up the DagBag from /home/airflow/.local/lib/python3.12/site-packages/airflow/example_dags/example_nested_branch_dag.py
[2025-01-25T16:37:37.306+0000] {processor.py:925} INFO - DAG(s) 'example_nested_branch_dag' retrieved from /home/airflow/.local/lib/python3.12/site-packages/airflow/example_dags/example_nested_branch_dag.py
[2025-01-25T16:37:37.325+0000] {logging_mixin.py:190} INFO - [2025-01-25T16:37:37.324+0000] {dag.py:3239} INFO - Sync 1 DAGs
[2025-01-25T16:37:37.345+0000] {logging_mixin.py:190} INFO - [2025-01-25T16:37:37.345+0000] {dag.py:4180} INFO - Setting next_dagrun for example_nested_branch_dag to 2025-01-24 00:00:00+00:00, run_after=2025-01-25 00:00:00+00:00
[2025-01-25T16:37:37.772+0000] {processor.py:208} INFO - Processing /home/airflow/.local/lib/python3.12/site-packages/airflow/example_dags/example_nested_branch_dag.py took 0.484 seconds
