[2025-01-25T16:28:57.233+0000] {processor.py:186} INFO - Started process (PID=72) to work on /home/airflow/.local/lib/python3.12/site-packages/airflow/example_dags/example_branch_operator.py
[2025-01-25T16:28:57.235+0000] {processor.py:914} INFO - Processing file /home/airflow/.local/lib/python3.12/site-packages/airflow/example_dags/example_branch_operator.py for tasks to queue
[2025-01-25T16:28:57.237+0000] {logging_mixin.py:190} INFO - [2025-01-25T16:28:57.237+0000] {dagbag.py:588} INFO - Filling up the DagBag from /home/airflow/.local/lib/python3.12/site-packages/airflow/example_dags/example_branch_operator.py
[2025-01-25T16:28:57.259+0000] {processor.py:925} INFO - DAG(s) 'example_branch_operator' retrieved from /home/airflow/.local/lib/python3.12/site-packages/airflow/example_dags/example_branch_operator.py
[2025-01-25T16:28:57.436+0000] {logging_mixin.py:190} INFO - [2025-01-25T16:28:57.435+0000] {override.py:1911} INFO - Created Permission View: can delete on DAG:example_branch_operator
[2025-01-25T16:28:57.455+0000] {logging_mixin.py:190} INFO - [2025-01-25T16:28:57.454+0000] {override.py:1911} INFO - Created Permission View: can read on DAG:example_branch_operator
[2025-01-25T16:28:57.470+0000] {logging_mixin.py:190} INFO - [2025-01-25T16:28:57.470+0000] {override.py:1911} INFO - Created Permission View: can edit on DAG:example_branch_operator
[2025-01-25T16:28:57.493+0000] {logging_mixin.py:190} INFO - [2025-01-25T16:28:57.492+0000] {override.py:1911} INFO - Created Permission View: can delete on DAG Run:example_branch_operator
[2025-01-25T16:28:57.513+0000] {logging_mixin.py:190} INFO - [2025-01-25T16:28:57.511+0000] {override.py:1911} INFO - Created Permission View: can create on DAG Run:example_branch_operator
[2025-01-25T16:28:57.530+0000] {logging_mixin.py:190} INFO - [2025-01-25T16:28:57.529+0000] {override.py:1911} INFO - Created Permission View: menu access on DAG Run:example_branch_operator
[2025-01-25T16:28:57.542+0000] {logging_mixin.py:190} INFO - [2025-01-25T16:28:57.542+0000] {override.py:1911} INFO - Created Permission View: can read on DAG Run:example_branch_operator
[2025-01-25T16:28:57.543+0000] {logging_mixin.py:190} INFO - [2025-01-25T16:28:57.543+0000] {dag.py:3239} INFO - Sync 1 DAGs
[2025-01-25T16:28:57.557+0000] {logging_mixin.py:190} INFO - [2025-01-25T16:28:57.557+0000] {dag.py:3262} INFO - Creating ORM DAG for example_branch_operator
[2025-01-25T16:28:57.569+0000] {logging_mixin.py:190} INFO - [2025-01-25T16:28:57.569+0000] {dag.py:4180} INFO - Setting next_dagrun for example_branch_operator to 2025-01-24 00:00:00+00:00, run_after=2025-01-25 00:00:00+00:00
[2025-01-25T16:28:57.593+0000] {processor.py:208} INFO - Processing /home/airflow/.local/lib/python3.12/site-packages/airflow/example_dags/example_branch_operator.py took 0.366 seconds
[2025-01-25T16:29:27.963+0000] {processor.py:186} INFO - Started process (PID=135) to work on /home/airflow/.local/lib/python3.12/site-packages/airflow/example_dags/example_branch_operator.py
[2025-01-25T16:29:27.964+0000] {processor.py:914} INFO - Processing file /home/airflow/.local/lib/python3.12/site-packages/airflow/example_dags/example_branch_operator.py for tasks to queue
[2025-01-25T16:29:27.967+0000] {logging_mixin.py:190} INFO - [2025-01-25T16:29:27.967+0000] {dagbag.py:588} INFO - Filling up the DagBag from /home/airflow/.local/lib/python3.12/site-packages/airflow/example_dags/example_branch_operator.py
[2025-01-25T16:29:27.987+0000] {processor.py:925} INFO - DAG(s) 'example_branch_operator' retrieved from /home/airflow/.local/lib/python3.12/site-packages/airflow/example_dags/example_branch_operator.py
[2025-01-25T16:29:28.017+0000] {logging_mixin.py:190} INFO - [2025-01-25T16:29:28.017+0000] {dag.py:3239} INFO - Sync 1 DAGs
[2025-01-25T16:29:28.051+0000] {logging_mixin.py:190} INFO - [2025-01-25T16:29:28.051+0000] {dag.py:4180} INFO - Setting next_dagrun for example_branch_operator to 2025-01-24 00:00:00+00:00, run_after=2025-01-25 00:00:00+00:00
[2025-01-25T16:29:28.089+0000] {processor.py:208} INFO - Processing /home/airflow/.local/lib/python3.12/site-packages/airflow/example_dags/example_branch_operator.py took 0.136 seconds
[2025-01-25T16:29:59.518+0000] {processor.py:186} INFO - Started process (PID=198) to work on /home/airflow/.local/lib/python3.12/site-packages/airflow/example_dags/example_branch_operator.py
[2025-01-25T16:29:59.519+0000] {processor.py:914} INFO - Processing file /home/airflow/.local/lib/python3.12/site-packages/airflow/example_dags/example_branch_operator.py for tasks to queue
[2025-01-25T16:29:59.522+0000] {logging_mixin.py:190} INFO - [2025-01-25T16:29:59.522+0000] {dagbag.py:588} INFO - Filling up the DagBag from /home/airflow/.local/lib/python3.12/site-packages/airflow/example_dags/example_branch_operator.py
[2025-01-25T16:29:59.538+0000] {processor.py:925} INFO - DAG(s) 'example_branch_operator' retrieved from /home/airflow/.local/lib/python3.12/site-packages/airflow/example_dags/example_branch_operator.py
[2025-01-25T16:29:59.574+0000] {logging_mixin.py:190} INFO - [2025-01-25T16:29:59.573+0000] {dag.py:3239} INFO - Sync 1 DAGs
[2025-01-25T16:29:59.604+0000] {logging_mixin.py:190} INFO - [2025-01-25T16:29:59.604+0000] {dag.py:4180} INFO - Setting next_dagrun for example_branch_operator to 2025-01-24 00:00:00+00:00, run_after=2025-01-25 00:00:00+00:00
[2025-01-25T16:29:59.641+0000] {processor.py:208} INFO - Processing /home/airflow/.local/lib/python3.12/site-packages/airflow/example_dags/example_branch_operator.py took 0.128 seconds
[2025-01-25T16:30:30.936+0000] {processor.py:186} INFO - Started process (PID=261) to work on /home/airflow/.local/lib/python3.12/site-packages/airflow/example_dags/example_branch_operator.py
[2025-01-25T16:30:30.937+0000] {processor.py:914} INFO - Processing file /home/airflow/.local/lib/python3.12/site-packages/airflow/example_dags/example_branch_operator.py for tasks to queue
[2025-01-25T16:30:30.940+0000] {logging_mixin.py:190} INFO - [2025-01-25T16:30:30.940+0000] {dagbag.py:588} INFO - Filling up the DagBag from /home/airflow/.local/lib/python3.12/site-packages/airflow/example_dags/example_branch_operator.py
[2025-01-25T16:30:30.957+0000] {processor.py:925} INFO - DAG(s) 'example_branch_operator' retrieved from /home/airflow/.local/lib/python3.12/site-packages/airflow/example_dags/example_branch_operator.py
[2025-01-25T16:30:30.986+0000] {logging_mixin.py:190} INFO - [2025-01-25T16:30:30.986+0000] {dag.py:3239} INFO - Sync 1 DAGs
[2025-01-25T16:30:31.011+0000] {logging_mixin.py:190} INFO - [2025-01-25T16:30:31.011+0000] {dag.py:4180} INFO - Setting next_dagrun for example_branch_operator to 2025-01-24 00:00:00+00:00, run_after=2025-01-25 00:00:00+00:00
[2025-01-25T16:30:31.961+0000] {processor.py:208} INFO - Processing /home/airflow/.local/lib/python3.12/site-packages/airflow/example_dags/example_branch_operator.py took 1.030 seconds
[2025-01-25T16:31:02.787+0000] {processor.py:186} INFO - Started process (PID=324) to work on /home/airflow/.local/lib/python3.12/site-packages/airflow/example_dags/example_branch_operator.py
[2025-01-25T16:31:02.788+0000] {processor.py:914} INFO - Processing file /home/airflow/.local/lib/python3.12/site-packages/airflow/example_dags/example_branch_operator.py for tasks to queue
[2025-01-25T16:31:02.790+0000] {logging_mixin.py:190} INFO - [2025-01-25T16:31:02.790+0000] {dagbag.py:588} INFO - Filling up the DagBag from /home/airflow/.local/lib/python3.12/site-packages/airflow/example_dags/example_branch_operator.py
[2025-01-25T16:31:02.805+0000] {processor.py:925} INFO - DAG(s) 'example_branch_operator' retrieved from /home/airflow/.local/lib/python3.12/site-packages/airflow/example_dags/example_branch_operator.py
[2025-01-25T16:31:02.830+0000] {logging_mixin.py:190} INFO - [2025-01-25T16:31:02.830+0000] {dag.py:3239} INFO - Sync 1 DAGs
[2025-01-25T16:31:02.852+0000] {logging_mixin.py:190} INFO - [2025-01-25T16:31:02.852+0000] {dag.py:4180} INFO - Setting next_dagrun for example_branch_operator to 2025-01-24 00:00:00+00:00, run_after=2025-01-25 00:00:00+00:00
[2025-01-25T16:31:02.874+0000] {processor.py:208} INFO - Processing /home/airflow/.local/lib/python3.12/site-packages/airflow/example_dags/example_branch_operator.py took 0.092 seconds
[2025-01-25T16:31:33.361+0000] {processor.py:186} INFO - Started process (PID=388) to work on /home/airflow/.local/lib/python3.12/site-packages/airflow/example_dags/example_branch_operator.py
[2025-01-25T16:31:33.362+0000] {processor.py:914} INFO - Processing file /home/airflow/.local/lib/python3.12/site-packages/airflow/example_dags/example_branch_operator.py for tasks to queue
[2025-01-25T16:31:33.365+0000] {logging_mixin.py:190} INFO - [2025-01-25T16:31:33.364+0000] {dagbag.py:588} INFO - Filling up the DagBag from /home/airflow/.local/lib/python3.12/site-packages/airflow/example_dags/example_branch_operator.py
[2025-01-25T16:31:33.383+0000] {processor.py:925} INFO - DAG(s) 'example_branch_operator' retrieved from /home/airflow/.local/lib/python3.12/site-packages/airflow/example_dags/example_branch_operator.py
[2025-01-25T16:31:33.409+0000] {logging_mixin.py:190} INFO - [2025-01-25T16:31:33.409+0000] {dag.py:3239} INFO - Sync 1 DAGs
[2025-01-25T16:31:33.432+0000] {logging_mixin.py:190} INFO - [2025-01-25T16:31:33.432+0000] {dag.py:4180} INFO - Setting next_dagrun for example_branch_operator to 2025-01-24 00:00:00+00:00, run_after=2025-01-25 00:00:00+00:00
[2025-01-25T16:31:33.457+0000] {processor.py:208} INFO - Processing /home/airflow/.local/lib/python3.12/site-packages/airflow/example_dags/example_branch_operator.py took 0.101 seconds
[2025-01-25T16:32:05.175+0000] {processor.py:186} INFO - Started process (PID=451) to work on /home/airflow/.local/lib/python3.12/site-packages/airflow/example_dags/example_branch_operator.py
[2025-01-25T16:32:05.176+0000] {processor.py:914} INFO - Processing file /home/airflow/.local/lib/python3.12/site-packages/airflow/example_dags/example_branch_operator.py for tasks to queue
[2025-01-25T16:32:05.179+0000] {logging_mixin.py:190} INFO - [2025-01-25T16:32:05.178+0000] {dagbag.py:588} INFO - Filling up the DagBag from /home/airflow/.local/lib/python3.12/site-packages/airflow/example_dags/example_branch_operator.py
[2025-01-25T16:32:05.193+0000] {processor.py:925} INFO - DAG(s) 'example_branch_operator' retrieved from /home/airflow/.local/lib/python3.12/site-packages/airflow/example_dags/example_branch_operator.py
[2025-01-25T16:32:05.217+0000] {logging_mixin.py:190} INFO - [2025-01-25T16:32:05.216+0000] {dag.py:3239} INFO - Sync 1 DAGs
[2025-01-25T16:32:05.238+0000] {logging_mixin.py:190} INFO - [2025-01-25T16:32:05.238+0000] {dag.py:4180} INFO - Setting next_dagrun for example_branch_operator to 2025-01-24 00:00:00+00:00, run_after=2025-01-25 00:00:00+00:00
[2025-01-25T16:32:05.260+0000] {processor.py:208} INFO - Processing /home/airflow/.local/lib/python3.12/site-packages/airflow/example_dags/example_branch_operator.py took 0.089 seconds
[2025-01-25T16:32:36.316+0000] {processor.py:186} INFO - Started process (PID=514) to work on /home/airflow/.local/lib/python3.12/site-packages/airflow/example_dags/example_branch_operator.py
[2025-01-25T16:32:36.317+0000] {processor.py:914} INFO - Processing file /home/airflow/.local/lib/python3.12/site-packages/airflow/example_dags/example_branch_operator.py for tasks to queue
[2025-01-25T16:32:36.319+0000] {logging_mixin.py:190} INFO - [2025-01-25T16:32:36.319+0000] {dagbag.py:588} INFO - Filling up the DagBag from /home/airflow/.local/lib/python3.12/site-packages/airflow/example_dags/example_branch_operator.py
[2025-01-25T16:32:36.334+0000] {processor.py:925} INFO - DAG(s) 'example_branch_operator' retrieved from /home/airflow/.local/lib/python3.12/site-packages/airflow/example_dags/example_branch_operator.py
[2025-01-25T16:32:36.359+0000] {logging_mixin.py:190} INFO - [2025-01-25T16:32:36.359+0000] {dag.py:3239} INFO - Sync 1 DAGs
[2025-01-25T16:32:36.380+0000] {logging_mixin.py:190} INFO - [2025-01-25T16:32:36.380+0000] {dag.py:4180} INFO - Setting next_dagrun for example_branch_operator to 2025-01-24 00:00:00+00:00, run_after=2025-01-25 00:00:00+00:00
[2025-01-25T16:32:36.469+0000] {processor.py:208} INFO - Processing /home/airflow/.local/lib/python3.12/site-packages/airflow/example_dags/example_branch_operator.py took 0.158 seconds
[2025-01-25T16:33:08.252+0000] {processor.py:186} INFO - Started process (PID=577) to work on /home/airflow/.local/lib/python3.12/site-packages/airflow/example_dags/example_branch_operator.py
[2025-01-25T16:33:08.253+0000] {processor.py:914} INFO - Processing file /home/airflow/.local/lib/python3.12/site-packages/airflow/example_dags/example_branch_operator.py for tasks to queue
[2025-01-25T16:33:08.255+0000] {logging_mixin.py:190} INFO - [2025-01-25T16:33:08.255+0000] {dagbag.py:588} INFO - Filling up the DagBag from /home/airflow/.local/lib/python3.12/site-packages/airflow/example_dags/example_branch_operator.py
[2025-01-25T16:33:08.269+0000] {processor.py:925} INFO - DAG(s) 'example_branch_operator' retrieved from /home/airflow/.local/lib/python3.12/site-packages/airflow/example_dags/example_branch_operator.py
[2025-01-25T16:33:08.293+0000] {logging_mixin.py:190} INFO - [2025-01-25T16:33:08.293+0000] {dag.py:3239} INFO - Sync 1 DAGs
[2025-01-25T16:33:08.313+0000] {logging_mixin.py:190} INFO - [2025-01-25T16:33:08.313+0000] {dag.py:4180} INFO - Setting next_dagrun for example_branch_operator to 2025-01-24 00:00:00+00:00, run_after=2025-01-25 00:00:00+00:00
[2025-01-25T16:33:08.462+0000] {processor.py:208} INFO - Processing /home/airflow/.local/lib/python3.12/site-packages/airflow/example_dags/example_branch_operator.py took 0.214 seconds
[2025-01-25T16:33:38.762+0000] {processor.py:186} INFO - Started process (PID=640) to work on /home/airflow/.local/lib/python3.12/site-packages/airflow/example_dags/example_branch_operator.py
[2025-01-25T16:33:38.763+0000] {processor.py:914} INFO - Processing file /home/airflow/.local/lib/python3.12/site-packages/airflow/example_dags/example_branch_operator.py for tasks to queue
[2025-01-25T16:33:38.765+0000] {logging_mixin.py:190} INFO - [2025-01-25T16:33:38.765+0000] {dagbag.py:588} INFO - Filling up the DagBag from /home/airflow/.local/lib/python3.12/site-packages/airflow/example_dags/example_branch_operator.py
[2025-01-25T16:33:38.780+0000] {processor.py:925} INFO - DAG(s) 'example_branch_operator' retrieved from /home/airflow/.local/lib/python3.12/site-packages/airflow/example_dags/example_branch_operator.py
[2025-01-25T16:33:38.806+0000] {logging_mixin.py:190} INFO - [2025-01-25T16:33:38.806+0000] {dag.py:3239} INFO - Sync 1 DAGs
[2025-01-25T16:33:38.826+0000] {logging_mixin.py:190} INFO - [2025-01-25T16:33:38.826+0000] {dag.py:4180} INFO - Setting next_dagrun for example_branch_operator to 2025-01-24 00:00:00+00:00, run_after=2025-01-25 00:00:00+00:00
[2025-01-25T16:33:39.313+0000] {processor.py:208} INFO - Processing /home/airflow/.local/lib/python3.12/site-packages/airflow/example_dags/example_branch_operator.py took 0.556 seconds
[2025-01-25T16:34:09.848+0000] {processor.py:186} INFO - Started process (PID=703) to work on /home/airflow/.local/lib/python3.12/site-packages/airflow/example_dags/example_branch_operator.py
[2025-01-25T16:34:09.849+0000] {processor.py:914} INFO - Processing file /home/airflow/.local/lib/python3.12/site-packages/airflow/example_dags/example_branch_operator.py for tasks to queue
[2025-01-25T16:34:09.852+0000] {logging_mixin.py:190} INFO - [2025-01-25T16:34:09.851+0000] {dagbag.py:588} INFO - Filling up the DagBag from /home/airflow/.local/lib/python3.12/site-packages/airflow/example_dags/example_branch_operator.py
[2025-01-25T16:34:09.867+0000] {processor.py:925} INFO - DAG(s) 'example_branch_operator' retrieved from /home/airflow/.local/lib/python3.12/site-packages/airflow/example_dags/example_branch_operator.py
[2025-01-25T16:34:09.892+0000] {logging_mixin.py:190} INFO - [2025-01-25T16:34:09.891+0000] {dag.py:3239} INFO - Sync 1 DAGs
[2025-01-25T16:34:09.913+0000] {logging_mixin.py:190} INFO - [2025-01-25T16:34:09.913+0000] {dag.py:4180} INFO - Setting next_dagrun for example_branch_operator to 2025-01-24 00:00:00+00:00, run_after=2025-01-25 00:00:00+00:00
[2025-01-25T16:34:10.435+0000] {processor.py:208} INFO - Processing /home/airflow/.local/lib/python3.12/site-packages/airflow/example_dags/example_branch_operator.py took 0.591 seconds
[2025-01-25T16:34:40.736+0000] {processor.py:186} INFO - Started process (PID=766) to work on /home/airflow/.local/lib/python3.12/site-packages/airflow/example_dags/example_branch_operator.py
[2025-01-25T16:34:40.737+0000] {processor.py:914} INFO - Processing file /home/airflow/.local/lib/python3.12/site-packages/airflow/example_dags/example_branch_operator.py for tasks to queue
[2025-01-25T16:34:40.739+0000] {logging_mixin.py:190} INFO - [2025-01-25T16:34:40.738+0000] {dagbag.py:588} INFO - Filling up the DagBag from /home/airflow/.local/lib/python3.12/site-packages/airflow/example_dags/example_branch_operator.py
[2025-01-25T16:34:40.753+0000] {processor.py:925} INFO - DAG(s) 'example_branch_operator' retrieved from /home/airflow/.local/lib/python3.12/site-packages/airflow/example_dags/example_branch_operator.py
[2025-01-25T16:34:40.779+0000] {logging_mixin.py:190} INFO - [2025-01-25T16:34:40.779+0000] {dag.py:3239} INFO - Sync 1 DAGs
[2025-01-25T16:34:40.802+0000] {logging_mixin.py:190} INFO - [2025-01-25T16:34:40.802+0000] {dag.py:4180} INFO - Setting next_dagrun for example_branch_operator to 2025-01-24 00:00:00+00:00, run_after=2025-01-25 00:00:00+00:00
[2025-01-25T16:34:40.843+0000] {processor.py:208} INFO - Processing /home/airflow/.local/lib/python3.12/site-packages/airflow/example_dags/example_branch_operator.py took 0.113 seconds
[2025-01-25T16:35:12.387+0000] {processor.py:186} INFO - Started process (PID=829) to work on /home/airflow/.local/lib/python3.12/site-packages/airflow/example_dags/example_branch_operator.py
[2025-01-25T16:35:12.388+0000] {processor.py:914} INFO - Processing file /home/airflow/.local/lib/python3.12/site-packages/airflow/example_dags/example_branch_operator.py for tasks to queue
[2025-01-25T16:35:12.390+0000] {logging_mixin.py:190} INFO - [2025-01-25T16:35:12.390+0000] {dagbag.py:588} INFO - Filling up the DagBag from /home/airflow/.local/lib/python3.12/site-packages/airflow/example_dags/example_branch_operator.py
[2025-01-25T16:35:12.406+0000] {processor.py:925} INFO - DAG(s) 'example_branch_operator' retrieved from /home/airflow/.local/lib/python3.12/site-packages/airflow/example_dags/example_branch_operator.py
[2025-01-25T16:35:12.431+0000] {logging_mixin.py:190} INFO - [2025-01-25T16:35:12.431+0000] {dag.py:3239} INFO - Sync 1 DAGs
[2025-01-25T16:35:12.452+0000] {logging_mixin.py:190} INFO - [2025-01-25T16:35:12.451+0000] {dag.py:4180} INFO - Setting next_dagrun for example_branch_operator to 2025-01-24 00:00:00+00:00, run_after=2025-01-25 00:00:00+00:00
[2025-01-25T16:35:12.576+0000] {processor.py:208} INFO - Processing /home/airflow/.local/lib/python3.12/site-packages/airflow/example_dags/example_branch_operator.py took 0.193 seconds
[2025-01-25T16:35:43.704+0000] {processor.py:186} INFO - Started process (PID=892) to work on /home/airflow/.local/lib/python3.12/site-packages/airflow/example_dags/example_branch_operator.py
[2025-01-25T16:35:43.705+0000] {processor.py:914} INFO - Processing file /home/airflow/.local/lib/python3.12/site-packages/airflow/example_dags/example_branch_operator.py for tasks to queue
[2025-01-25T16:35:43.707+0000] {logging_mixin.py:190} INFO - [2025-01-25T16:35:43.707+0000] {dagbag.py:588} INFO - Filling up the DagBag from /home/airflow/.local/lib/python3.12/site-packages/airflow/example_dags/example_branch_operator.py
[2025-01-25T16:35:43.721+0000] {processor.py:925} INFO - DAG(s) 'example_branch_operator' retrieved from /home/airflow/.local/lib/python3.12/site-packages/airflow/example_dags/example_branch_operator.py
[2025-01-25T16:35:43.745+0000] {logging_mixin.py:190} INFO - [2025-01-25T16:35:43.745+0000] {dag.py:3239} INFO - Sync 1 DAGs
[2025-01-25T16:35:43.765+0000] {logging_mixin.py:190} INFO - [2025-01-25T16:35:43.765+0000] {dag.py:4180} INFO - Setting next_dagrun for example_branch_operator to 2025-01-24 00:00:00+00:00, run_after=2025-01-25 00:00:00+00:00
[2025-01-25T16:35:44.168+0000] {processor.py:208} INFO - Processing /home/airflow/.local/lib/python3.12/site-packages/airflow/example_dags/example_branch_operator.py took 0.469 seconds
[2025-01-25T16:36:14.686+0000] {processor.py:186} INFO - Started process (PID=955) to work on /home/airflow/.local/lib/python3.12/site-packages/airflow/example_dags/example_branch_operator.py
[2025-01-25T16:36:14.687+0000] {processor.py:914} INFO - Processing file /home/airflow/.local/lib/python3.12/site-packages/airflow/example_dags/example_branch_operator.py for tasks to queue
[2025-01-25T16:36:14.690+0000] {logging_mixin.py:190} INFO - [2025-01-25T16:36:14.689+0000] {dagbag.py:588} INFO - Filling up the DagBag from /home/airflow/.local/lib/python3.12/site-packages/airflow/example_dags/example_branch_operator.py
[2025-01-25T16:36:14.706+0000] {processor.py:925} INFO - DAG(s) 'example_branch_operator' retrieved from /home/airflow/.local/lib/python3.12/site-packages/airflow/example_dags/example_branch_operator.py
[2025-01-25T16:36:14.733+0000] {logging_mixin.py:190} INFO - [2025-01-25T16:36:14.732+0000] {dag.py:3239} INFO - Sync 1 DAGs
[2025-01-25T16:36:14.757+0000] {logging_mixin.py:190} INFO - [2025-01-25T16:36:14.756+0000] {dag.py:4180} INFO - Setting next_dagrun for example_branch_operator to 2025-01-24 00:00:00+00:00, run_after=2025-01-25 00:00:00+00:00
[2025-01-25T16:36:14.779+0000] {processor.py:208} INFO - Processing /home/airflow/.local/lib/python3.12/site-packages/airflow/example_dags/example_branch_operator.py took 0.098 seconds
[2025-01-25T16:36:46.295+0000] {processor.py:186} INFO - Started process (PID=1018) to work on /home/airflow/.local/lib/python3.12/site-packages/airflow/example_dags/example_branch_operator.py
[2025-01-25T16:36:46.296+0000] {processor.py:914} INFO - Processing file /home/airflow/.local/lib/python3.12/site-packages/airflow/example_dags/example_branch_operator.py for tasks to queue
[2025-01-25T16:36:46.298+0000] {logging_mixin.py:190} INFO - [2025-01-25T16:36:46.298+0000] {dagbag.py:588} INFO - Filling up the DagBag from /home/airflow/.local/lib/python3.12/site-packages/airflow/example_dags/example_branch_operator.py
[2025-01-25T16:36:46.313+0000] {processor.py:925} INFO - DAG(s) 'example_branch_operator' retrieved from /home/airflow/.local/lib/python3.12/site-packages/airflow/example_dags/example_branch_operator.py
[2025-01-25T16:36:46.339+0000] {logging_mixin.py:190} INFO - [2025-01-25T16:36:46.338+0000] {dag.py:3239} INFO - Sync 1 DAGs
[2025-01-25T16:36:46.359+0000] {logging_mixin.py:190} INFO - [2025-01-25T16:36:46.359+0000] {dag.py:4180} INFO - Setting next_dagrun for example_branch_operator to 2025-01-24 00:00:00+00:00, run_after=2025-01-25 00:00:00+00:00
[2025-01-25T16:36:46.808+0000] {processor.py:208} INFO - Processing /home/airflow/.local/lib/python3.12/site-packages/airflow/example_dags/example_branch_operator.py took 0.518 seconds
[2025-01-25T16:37:17.125+0000] {processor.py:186} INFO - Started process (PID=1081) to work on /home/airflow/.local/lib/python3.12/site-packages/airflow/example_dags/example_branch_operator.py
[2025-01-25T16:37:17.126+0000] {processor.py:914} INFO - Processing file /home/airflow/.local/lib/python3.12/site-packages/airflow/example_dags/example_branch_operator.py for tasks to queue
[2025-01-25T16:37:17.129+0000] {logging_mixin.py:190} INFO - [2025-01-25T16:37:17.129+0000] {dagbag.py:588} INFO - Filling up the DagBag from /home/airflow/.local/lib/python3.12/site-packages/airflow/example_dags/example_branch_operator.py
[2025-01-25T16:37:17.146+0000] {processor.py:925} INFO - DAG(s) 'example_branch_operator' retrieved from /home/airflow/.local/lib/python3.12/site-packages/airflow/example_dags/example_branch_operator.py
[2025-01-25T16:37:17.171+0000] {logging_mixin.py:190} INFO - [2025-01-25T16:37:17.171+0000] {dag.py:3239} INFO - Sync 1 DAGs
[2025-01-25T16:37:17.196+0000] {logging_mixin.py:190} INFO - [2025-01-25T16:37:17.196+0000] {dag.py:4180} INFO - Setting next_dagrun for example_branch_operator to 2025-01-24 00:00:00+00:00, run_after=2025-01-25 00:00:00+00:00
[2025-01-25T16:37:17.304+0000] {processor.py:208} INFO - Processing /home/airflow/.local/lib/python3.12/site-packages/airflow/example_dags/example_branch_operator.py took 0.184 seconds
