[2025-01-25T16:28:58.643+0000] {processor.py:186} INFO - Started process (PID=80) to work on /home/airflow/.local/lib/python3.12/site-packages/airflow/example_dags/example_sensor_decorator.py
[2025-01-25T16:28:58.644+0000] {processor.py:914} INFO - Processing file /home/airflow/.local/lib/python3.12/site-packages/airflow/example_dags/example_sensor_decorator.py for tasks to queue
[2025-01-25T16:28:58.647+0000] {logging_mixin.py:190} INFO - [2025-01-25T16:28:58.646+0000] {dagbag.py:588} INFO - Filling up the DagBag from /home/airflow/.local/lib/python3.12/site-packages/airflow/example_dags/example_sensor_decorator.py
[2025-01-25T16:28:58.664+0000] {processor.py:925} INFO - DAG(s) 'example_sensor_decorator' retrieved from /home/airflow/.local/lib/python3.12/site-packages/airflow/example_dags/example_sensor_decorator.py
[2025-01-25T16:28:58.783+0000] {logging_mixin.py:190} INFO - [2025-01-25T16:28:58.782+0000] {override.py:1911} INFO - Created Permission View: can delete on DAG:example_sensor_decorator
[2025-01-25T16:28:58.803+0000] {logging_mixin.py:190} INFO - [2025-01-25T16:28:58.802+0000] {override.py:1911} INFO - Created Permission View: can read on DAG:example_sensor_decorator
[2025-01-25T16:28:58.817+0000] {logging_mixin.py:190} INFO - [2025-01-25T16:28:58.816+0000] {override.py:1911} INFO - Created Permission View: can edit on DAG:example_sensor_decorator
[2025-01-25T16:28:58.834+0000] {logging_mixin.py:190} INFO - [2025-01-25T16:28:58.834+0000] {override.py:1911} INFO - Created Permission View: can delete on DAG Run:example_sensor_decorator
[2025-01-25T16:28:58.849+0000] {logging_mixin.py:190} INFO - [2025-01-25T16:28:58.848+0000] {override.py:1911} INFO - Created Permission View: can create on DAG Run:example_sensor_decorator
[2025-01-25T16:28:58.865+0000] {logging_mixin.py:190} INFO - [2025-01-25T16:28:58.865+0000] {override.py:1911} INFO - Created Permission View: menu access on DAG Run:example_sensor_decorator
[2025-01-25T16:28:58.882+0000] {logging_mixin.py:190} INFO - [2025-01-25T16:28:58.882+0000] {override.py:1911} INFO - Created Permission View: can read on DAG Run:example_sensor_decorator
[2025-01-25T16:28:58.883+0000] {logging_mixin.py:190} INFO - [2025-01-25T16:28:58.883+0000] {dag.py:3239} INFO - Sync 1 DAGs
[2025-01-25T16:28:58.900+0000] {logging_mixin.py:190} INFO - [2025-01-25T16:28:58.900+0000] {dag.py:3262} INFO - Creating ORM DAG for example_sensor_decorator
[2025-01-25T16:28:58.902+0000] {logging_mixin.py:190} INFO - [2025-01-25T16:28:58.901+0000] {dag.py:4180} INFO - Setting next_dagrun for example_sensor_decorator to None, run_after=None
[2025-01-25T16:28:58.927+0000] {processor.py:208} INFO - Processing /home/airflow/.local/lib/python3.12/site-packages/airflow/example_dags/example_sensor_decorator.py took 0.290 seconds
[2025-01-25T16:29:29.639+0000] {processor.py:186} INFO - Started process (PID=143) to work on /home/airflow/.local/lib/python3.12/site-packages/airflow/example_dags/example_sensor_decorator.py
[2025-01-25T16:29:29.640+0000] {processor.py:914} INFO - Processing file /home/airflow/.local/lib/python3.12/site-packages/airflow/example_dags/example_sensor_decorator.py for tasks to queue
[2025-01-25T16:29:29.642+0000] {logging_mixin.py:190} INFO - [2025-01-25T16:29:29.642+0000] {dagbag.py:588} INFO - Filling up the DagBag from /home/airflow/.local/lib/python3.12/site-packages/airflow/example_dags/example_sensor_decorator.py
[2025-01-25T16:29:29.650+0000] {processor.py:925} INFO - DAG(s) 'example_sensor_decorator' retrieved from /home/airflow/.local/lib/python3.12/site-packages/airflow/example_dags/example_sensor_decorator.py
[2025-01-25T16:29:29.672+0000] {logging_mixin.py:190} INFO - [2025-01-25T16:29:29.672+0000] {dag.py:3239} INFO - Sync 1 DAGs
[2025-01-25T16:29:29.690+0000] {logging_mixin.py:190} INFO - [2025-01-25T16:29:29.690+0000] {dag.py:4180} INFO - Setting next_dagrun for example_sensor_decorator to None, run_after=None
[2025-01-25T16:29:29.721+0000] {processor.py:208} INFO - Processing /home/airflow/.local/lib/python3.12/site-packages/airflow/example_dags/example_sensor_decorator.py took 0.088 seconds
[2025-01-25T16:30:01.035+0000] {processor.py:186} INFO - Started process (PID=206) to work on /home/airflow/.local/lib/python3.12/site-packages/airflow/example_dags/example_sensor_decorator.py
[2025-01-25T16:30:01.036+0000] {processor.py:914} INFO - Processing file /home/airflow/.local/lib/python3.12/site-packages/airflow/example_dags/example_sensor_decorator.py for tasks to queue
[2025-01-25T16:30:01.039+0000] {logging_mixin.py:190} INFO - [2025-01-25T16:30:01.039+0000] {dagbag.py:588} INFO - Filling up the DagBag from /home/airflow/.local/lib/python3.12/site-packages/airflow/example_dags/example_sensor_decorator.py
[2025-01-25T16:30:01.046+0000] {processor.py:925} INFO - DAG(s) 'example_sensor_decorator' retrieved from /home/airflow/.local/lib/python3.12/site-packages/airflow/example_dags/example_sensor_decorator.py
[2025-01-25T16:30:01.065+0000] {logging_mixin.py:190} INFO - [2025-01-25T16:30:01.065+0000] {dag.py:3239} INFO - Sync 1 DAGs
[2025-01-25T16:30:01.078+0000] {logging_mixin.py:190} INFO - [2025-01-25T16:30:01.078+0000] {dag.py:4180} INFO - Setting next_dagrun for example_sensor_decorator to None, run_after=None
[2025-01-25T16:30:01.697+0000] {processor.py:208} INFO - Processing /home/airflow/.local/lib/python3.12/site-packages/airflow/example_dags/example_sensor_decorator.py took 0.667 seconds
[2025-01-25T16:30:35.981+0000] {processor.py:186} INFO - Started process (PID=269) to work on /home/airflow/.local/lib/python3.12/site-packages/airflow/example_dags/example_sensor_decorator.py
[2025-01-25T16:30:35.982+0000] {processor.py:914} INFO - Processing file /home/airflow/.local/lib/python3.12/site-packages/airflow/example_dags/example_sensor_decorator.py for tasks to queue
[2025-01-25T16:30:35.985+0000] {logging_mixin.py:190} INFO - [2025-01-25T16:30:35.984+0000] {dagbag.py:588} INFO - Filling up the DagBag from /home/airflow/.local/lib/python3.12/site-packages/airflow/example_dags/example_sensor_decorator.py
[2025-01-25T16:30:35.992+0000] {processor.py:925} INFO - DAG(s) 'example_sensor_decorator' retrieved from /home/airflow/.local/lib/python3.12/site-packages/airflow/example_dags/example_sensor_decorator.py
[2025-01-25T16:30:36.013+0000] {logging_mixin.py:190} INFO - [2025-01-25T16:30:36.013+0000] {dag.py:3239} INFO - Sync 1 DAGs
[2025-01-25T16:30:36.028+0000] {logging_mixin.py:190} INFO - [2025-01-25T16:30:36.028+0000] {dag.py:4180} INFO - Setting next_dagrun for example_sensor_decorator to None, run_after=None
[2025-01-25T16:30:36.376+0000] {processor.py:208} INFO - Processing /home/airflow/.local/lib/python3.12/site-packages/airflow/example_dags/example_sensor_decorator.py took 0.400 seconds
[2025-01-25T16:31:07.280+0000] {processor.py:186} INFO - Started process (PID=332) to work on /home/airflow/.local/lib/python3.12/site-packages/airflow/example_dags/example_sensor_decorator.py
[2025-01-25T16:31:07.281+0000] {processor.py:914} INFO - Processing file /home/airflow/.local/lib/python3.12/site-packages/airflow/example_dags/example_sensor_decorator.py for tasks to queue
[2025-01-25T16:31:07.284+0000] {logging_mixin.py:190} INFO - [2025-01-25T16:31:07.283+0000] {dagbag.py:588} INFO - Filling up the DagBag from /home/airflow/.local/lib/python3.12/site-packages/airflow/example_dags/example_sensor_decorator.py
[2025-01-25T16:31:07.292+0000] {processor.py:925} INFO - DAG(s) 'example_sensor_decorator' retrieved from /home/airflow/.local/lib/python3.12/site-packages/airflow/example_dags/example_sensor_decorator.py
[2025-01-25T16:31:07.313+0000] {logging_mixin.py:190} INFO - [2025-01-25T16:31:07.313+0000] {dag.py:3239} INFO - Sync 1 DAGs
[2025-01-25T16:31:07.329+0000] {logging_mixin.py:190} INFO - [2025-01-25T16:31:07.328+0000] {dag.py:4180} INFO - Setting next_dagrun for example_sensor_decorator to None, run_after=None
[2025-01-25T16:31:07.366+0000] {processor.py:208} INFO - Processing /home/airflow/.local/lib/python3.12/site-packages/airflow/example_dags/example_sensor_decorator.py took 0.092 seconds
[2025-01-25T16:31:37.642+0000] {processor.py:186} INFO - Started process (PID=396) to work on /home/airflow/.local/lib/python3.12/site-packages/airflow/example_dags/example_sensor_decorator.py
[2025-01-25T16:31:37.643+0000] {processor.py:914} INFO - Processing file /home/airflow/.local/lib/python3.12/site-packages/airflow/example_dags/example_sensor_decorator.py for tasks to queue
[2025-01-25T16:31:37.645+0000] {logging_mixin.py:190} INFO - [2025-01-25T16:31:37.645+0000] {dagbag.py:588} INFO - Filling up the DagBag from /home/airflow/.local/lib/python3.12/site-packages/airflow/example_dags/example_sensor_decorator.py
[2025-01-25T16:31:37.653+0000] {processor.py:925} INFO - DAG(s) 'example_sensor_decorator' retrieved from /home/airflow/.local/lib/python3.12/site-packages/airflow/example_dags/example_sensor_decorator.py
[2025-01-25T16:31:37.672+0000] {logging_mixin.py:190} INFO - [2025-01-25T16:31:37.671+0000] {dag.py:3239} INFO - Sync 1 DAGs
[2025-01-25T16:31:37.685+0000] {logging_mixin.py:190} INFO - [2025-01-25T16:31:37.685+0000] {dag.py:4180} INFO - Setting next_dagrun for example_sensor_decorator to None, run_after=None
[2025-01-25T16:31:37.716+0000] {processor.py:208} INFO - Processing /home/airflow/.local/lib/python3.12/site-packages/airflow/example_dags/example_sensor_decorator.py took 0.079 seconds
[2025-01-25T16:32:08.023+0000] {processor.py:186} INFO - Started process (PID=459) to work on /home/airflow/.local/lib/python3.12/site-packages/airflow/example_dags/example_sensor_decorator.py
[2025-01-25T16:32:08.024+0000] {processor.py:914} INFO - Processing file /home/airflow/.local/lib/python3.12/site-packages/airflow/example_dags/example_sensor_decorator.py for tasks to queue
[2025-01-25T16:32:08.026+0000] {logging_mixin.py:190} INFO - [2025-01-25T16:32:08.026+0000] {dagbag.py:588} INFO - Filling up the DagBag from /home/airflow/.local/lib/python3.12/site-packages/airflow/example_dags/example_sensor_decorator.py
[2025-01-25T16:32:08.033+0000] {processor.py:925} INFO - DAG(s) 'example_sensor_decorator' retrieved from /home/airflow/.local/lib/python3.12/site-packages/airflow/example_dags/example_sensor_decorator.py
[2025-01-25T16:32:08.050+0000] {logging_mixin.py:190} INFO - [2025-01-25T16:32:08.049+0000] {dag.py:3239} INFO - Sync 1 DAGs
[2025-01-25T16:32:08.062+0000] {logging_mixin.py:190} INFO - [2025-01-25T16:32:08.062+0000] {dag.py:4180} INFO - Setting next_dagrun for example_sensor_decorator to None, run_after=None
[2025-01-25T16:32:08.160+0000] {processor.py:208} INFO - Processing /home/airflow/.local/lib/python3.12/site-packages/airflow/example_dags/example_sensor_decorator.py took 0.141 seconds
[2025-01-25T16:32:38.456+0000] {processor.py:186} INFO - Started process (PID=522) to work on /home/airflow/.local/lib/python3.12/site-packages/airflow/example_dags/example_sensor_decorator.py
[2025-01-25T16:32:38.457+0000] {processor.py:914} INFO - Processing file /home/airflow/.local/lib/python3.12/site-packages/airflow/example_dags/example_sensor_decorator.py for tasks to queue
[2025-01-25T16:32:38.459+0000] {logging_mixin.py:190} INFO - [2025-01-25T16:32:38.459+0000] {dagbag.py:588} INFO - Filling up the DagBag from /home/airflow/.local/lib/python3.12/site-packages/airflow/example_dags/example_sensor_decorator.py
[2025-01-25T16:32:38.466+0000] {processor.py:925} INFO - DAG(s) 'example_sensor_decorator' retrieved from /home/airflow/.local/lib/python3.12/site-packages/airflow/example_dags/example_sensor_decorator.py
[2025-01-25T16:32:38.482+0000] {logging_mixin.py:190} INFO - [2025-01-25T16:32:38.482+0000] {dag.py:3239} INFO - Sync 1 DAGs
[2025-01-25T16:32:38.494+0000] {logging_mixin.py:190} INFO - [2025-01-25T16:32:38.494+0000] {dag.py:4180} INFO - Setting next_dagrun for example_sensor_decorator to None, run_after=None
[2025-01-25T16:32:38.629+0000] {processor.py:208} INFO - Processing /home/airflow/.local/lib/python3.12/site-packages/airflow/example_dags/example_sensor_decorator.py took 0.177 seconds
[2025-01-25T16:33:09.219+0000] {processor.py:186} INFO - Started process (PID=585) to work on /home/airflow/.local/lib/python3.12/site-packages/airflow/example_dags/example_sensor_decorator.py
[2025-01-25T16:33:09.220+0000] {processor.py:914} INFO - Processing file /home/airflow/.local/lib/python3.12/site-packages/airflow/example_dags/example_sensor_decorator.py for tasks to queue
[2025-01-25T16:33:09.223+0000] {logging_mixin.py:190} INFO - [2025-01-25T16:33:09.223+0000] {dagbag.py:588} INFO - Filling up the DagBag from /home/airflow/.local/lib/python3.12/site-packages/airflow/example_dags/example_sensor_decorator.py
[2025-01-25T16:33:09.230+0000] {processor.py:925} INFO - DAG(s) 'example_sensor_decorator' retrieved from /home/airflow/.local/lib/python3.12/site-packages/airflow/example_dags/example_sensor_decorator.py
[2025-01-25T16:33:09.249+0000] {logging_mixin.py:190} INFO - [2025-01-25T16:33:09.249+0000] {dag.py:3239} INFO - Sync 1 DAGs
[2025-01-25T16:33:09.263+0000] {logging_mixin.py:190} INFO - [2025-01-25T16:33:09.263+0000] {dag.py:4180} INFO - Setting next_dagrun for example_sensor_decorator to None, run_after=None
[2025-01-25T16:33:09.818+0000] {processor.py:208} INFO - Processing /home/airflow/.local/lib/python3.12/site-packages/airflow/example_dags/example_sensor_decorator.py took 0.603 seconds
[2025-01-25T16:33:41.940+0000] {processor.py:186} INFO - Started process (PID=648) to work on /home/airflow/.local/lib/python3.12/site-packages/airflow/example_dags/example_sensor_decorator.py
[2025-01-25T16:33:41.941+0000] {processor.py:914} INFO - Processing file /home/airflow/.local/lib/python3.12/site-packages/airflow/example_dags/example_sensor_decorator.py for tasks to queue
[2025-01-25T16:33:41.943+0000] {logging_mixin.py:190} INFO - [2025-01-25T16:33:41.943+0000] {dagbag.py:588} INFO - Filling up the DagBag from /home/airflow/.local/lib/python3.12/site-packages/airflow/example_dags/example_sensor_decorator.py
[2025-01-25T16:33:41.950+0000] {processor.py:925} INFO - DAG(s) 'example_sensor_decorator' retrieved from /home/airflow/.local/lib/python3.12/site-packages/airflow/example_dags/example_sensor_decorator.py
[2025-01-25T16:33:41.966+0000] {logging_mixin.py:190} INFO - [2025-01-25T16:33:41.966+0000] {dag.py:3239} INFO - Sync 1 DAGs
[2025-01-25T16:33:41.979+0000] {logging_mixin.py:190} INFO - [2025-01-25T16:33:41.979+0000] {dag.py:4180} INFO - Setting next_dagrun for example_sensor_decorator to None, run_after=None
[2025-01-25T16:33:42.096+0000] {processor.py:208} INFO - Processing /home/airflow/.local/lib/python3.12/site-packages/airflow/example_dags/example_sensor_decorator.py took 0.160 seconds
[2025-01-25T16:34:13.087+0000] {processor.py:186} INFO - Started process (PID=711) to work on /home/airflow/.local/lib/python3.12/site-packages/airflow/example_dags/example_sensor_decorator.py
[2025-01-25T16:34:13.088+0000] {processor.py:914} INFO - Processing file /home/airflow/.local/lib/python3.12/site-packages/airflow/example_dags/example_sensor_decorator.py for tasks to queue
[2025-01-25T16:34:13.090+0000] {logging_mixin.py:190} INFO - [2025-01-25T16:34:13.090+0000] {dagbag.py:588} INFO - Filling up the DagBag from /home/airflow/.local/lib/python3.12/site-packages/airflow/example_dags/example_sensor_decorator.py
[2025-01-25T16:34:13.097+0000] {processor.py:925} INFO - DAG(s) 'example_sensor_decorator' retrieved from /home/airflow/.local/lib/python3.12/site-packages/airflow/example_dags/example_sensor_decorator.py
[2025-01-25T16:34:13.116+0000] {logging_mixin.py:190} INFO - [2025-01-25T16:34:13.116+0000] {dag.py:3239} INFO - Sync 1 DAGs
[2025-01-25T16:34:13.129+0000] {logging_mixin.py:190} INFO - [2025-01-25T16:34:13.129+0000] {dag.py:4180} INFO - Setting next_dagrun for example_sensor_decorator to None, run_after=None
[2025-01-25T16:34:13.269+0000] {processor.py:208} INFO - Processing /home/airflow/.local/lib/python3.12/site-packages/airflow/example_dags/example_sensor_decorator.py took 0.188 seconds
[2025-01-25T16:34:43.333+0000] {processor.py:186} INFO - Started process (PID=774) to work on /home/airflow/.local/lib/python3.12/site-packages/airflow/example_dags/example_sensor_decorator.py
[2025-01-25T16:34:43.334+0000] {processor.py:914} INFO - Processing file /home/airflow/.local/lib/python3.12/site-packages/airflow/example_dags/example_sensor_decorator.py for tasks to queue
[2025-01-25T16:34:43.337+0000] {logging_mixin.py:190} INFO - [2025-01-25T16:34:43.336+0000] {dagbag.py:588} INFO - Filling up the DagBag from /home/airflow/.local/lib/python3.12/site-packages/airflow/example_dags/example_sensor_decorator.py
[2025-01-25T16:34:43.344+0000] {processor.py:925} INFO - DAG(s) 'example_sensor_decorator' retrieved from /home/airflow/.local/lib/python3.12/site-packages/airflow/example_dags/example_sensor_decorator.py
[2025-01-25T16:34:43.362+0000] {logging_mixin.py:190} INFO - [2025-01-25T16:34:43.362+0000] {dag.py:3239} INFO - Sync 1 DAGs
[2025-01-25T16:34:43.375+0000] {logging_mixin.py:190} INFO - [2025-01-25T16:34:43.375+0000] {dag.py:4180} INFO - Setting next_dagrun for example_sensor_decorator to None, run_after=None
[2025-01-25T16:34:43.397+0000] {processor.py:208} INFO - Processing /home/airflow/.local/lib/python3.12/site-packages/airflow/example_dags/example_sensor_decorator.py took 0.069 seconds
[2025-01-25T16:35:14.757+0000] {processor.py:186} INFO - Started process (PID=837) to work on /home/airflow/.local/lib/python3.12/site-packages/airflow/example_dags/example_sensor_decorator.py
[2025-01-25T16:35:14.758+0000] {processor.py:914} INFO - Processing file /home/airflow/.local/lib/python3.12/site-packages/airflow/example_dags/example_sensor_decorator.py for tasks to queue
[2025-01-25T16:35:14.760+0000] {logging_mixin.py:190} INFO - [2025-01-25T16:35:14.760+0000] {dagbag.py:588} INFO - Filling up the DagBag from /home/airflow/.local/lib/python3.12/site-packages/airflow/example_dags/example_sensor_decorator.py
[2025-01-25T16:35:14.767+0000] {processor.py:925} INFO - DAG(s) 'example_sensor_decorator' retrieved from /home/airflow/.local/lib/python3.12/site-packages/airflow/example_dags/example_sensor_decorator.py
[2025-01-25T16:35:14.785+0000] {logging_mixin.py:190} INFO - [2025-01-25T16:35:14.785+0000] {dag.py:3239} INFO - Sync 1 DAGs
[2025-01-25T16:35:14.798+0000] {logging_mixin.py:190} INFO - [2025-01-25T16:35:14.798+0000] {dag.py:4180} INFO - Setting next_dagrun for example_sensor_decorator to None, run_after=None
[2025-01-25T16:35:14.910+0000] {processor.py:208} INFO - Processing /home/airflow/.local/lib/python3.12/site-packages/airflow/example_dags/example_sensor_decorator.py took 0.158 seconds
[2025-01-25T16:35:46.619+0000] {processor.py:186} INFO - Started process (PID=900) to work on /home/airflow/.local/lib/python3.12/site-packages/airflow/example_dags/example_sensor_decorator.py
[2025-01-25T16:35:46.620+0000] {processor.py:914} INFO - Processing file /home/airflow/.local/lib/python3.12/site-packages/airflow/example_dags/example_sensor_decorator.py for tasks to queue
[2025-01-25T16:35:46.622+0000] {logging_mixin.py:190} INFO - [2025-01-25T16:35:46.622+0000] {dagbag.py:588} INFO - Filling up the DagBag from /home/airflow/.local/lib/python3.12/site-packages/airflow/example_dags/example_sensor_decorator.py
[2025-01-25T16:35:46.628+0000] {processor.py:925} INFO - DAG(s) 'example_sensor_decorator' retrieved from /home/airflow/.local/lib/python3.12/site-packages/airflow/example_dags/example_sensor_decorator.py
[2025-01-25T16:35:46.647+0000] {logging_mixin.py:190} INFO - [2025-01-25T16:35:46.647+0000] {dag.py:3239} INFO - Sync 1 DAGs
[2025-01-25T16:35:46.659+0000] {logging_mixin.py:190} INFO - [2025-01-25T16:35:46.659+0000] {dag.py:4180} INFO - Setting next_dagrun for example_sensor_decorator to None, run_after=None
[2025-01-25T16:35:46.786+0000] {processor.py:208} INFO - Processing /home/airflow/.local/lib/python3.12/site-packages/airflow/example_dags/example_sensor_decorator.py took 0.172 seconds
[2025-01-25T16:36:17.651+0000] {processor.py:186} INFO - Started process (PID=963) to work on /home/airflow/.local/lib/python3.12/site-packages/airflow/example_dags/example_sensor_decorator.py
[2025-01-25T16:36:17.652+0000] {processor.py:914} INFO - Processing file /home/airflow/.local/lib/python3.12/site-packages/airflow/example_dags/example_sensor_decorator.py for tasks to queue
[2025-01-25T16:36:17.654+0000] {logging_mixin.py:190} INFO - [2025-01-25T16:36:17.653+0000] {dagbag.py:588} INFO - Filling up the DagBag from /home/airflow/.local/lib/python3.12/site-packages/airflow/example_dags/example_sensor_decorator.py
[2025-01-25T16:36:17.661+0000] {processor.py:925} INFO - DAG(s) 'example_sensor_decorator' retrieved from /home/airflow/.local/lib/python3.12/site-packages/airflow/example_dags/example_sensor_decorator.py
[2025-01-25T16:36:17.678+0000] {logging_mixin.py:190} INFO - [2025-01-25T16:36:17.677+0000] {dag.py:3239} INFO - Sync 1 DAGs
[2025-01-25T16:36:17.690+0000] {logging_mixin.py:190} INFO - [2025-01-25T16:36:17.689+0000] {dag.py:4180} INFO - Setting next_dagrun for example_sensor_decorator to None, run_after=None
[2025-01-25T16:36:17.786+0000] {processor.py:208} INFO - Processing /home/airflow/.local/lib/python3.12/site-packages/airflow/example_dags/example_sensor_decorator.py took 0.140 seconds
[2025-01-25T16:36:48.711+0000] {processor.py:186} INFO - Started process (PID=1026) to work on /home/airflow/.local/lib/python3.12/site-packages/airflow/example_dags/example_sensor_decorator.py
[2025-01-25T16:36:48.712+0000] {processor.py:914} INFO - Processing file /home/airflow/.local/lib/python3.12/site-packages/airflow/example_dags/example_sensor_decorator.py for tasks to queue
[2025-01-25T16:36:48.714+0000] {logging_mixin.py:190} INFO - [2025-01-25T16:36:48.714+0000] {dagbag.py:588} INFO - Filling up the DagBag from /home/airflow/.local/lib/python3.12/site-packages/airflow/example_dags/example_sensor_decorator.py
[2025-01-25T16:36:48.721+0000] {processor.py:925} INFO - DAG(s) 'example_sensor_decorator' retrieved from /home/airflow/.local/lib/python3.12/site-packages/airflow/example_dags/example_sensor_decorator.py
[2025-01-25T16:36:48.740+0000] {logging_mixin.py:190} INFO - [2025-01-25T16:36:48.739+0000] {dag.py:3239} INFO - Sync 1 DAGs
[2025-01-25T16:36:48.752+0000] {logging_mixin.py:190} INFO - [2025-01-25T16:36:48.752+0000] {dag.py:4180} INFO - Setting next_dagrun for example_sensor_decorator to None, run_after=None
[2025-01-25T16:36:48.876+0000] {processor.py:208} INFO - Processing /home/airflow/.local/lib/python3.12/site-packages/airflow/example_dags/example_sensor_decorator.py took 0.170 seconds
[2025-01-25T16:37:19.782+0000] {processor.py:186} INFO - Started process (PID=1089) to work on /home/airflow/.local/lib/python3.12/site-packages/airflow/example_dags/example_sensor_decorator.py
[2025-01-25T16:37:19.783+0000] {processor.py:914} INFO - Processing file /home/airflow/.local/lib/python3.12/site-packages/airflow/example_dags/example_sensor_decorator.py for tasks to queue
[2025-01-25T16:37:19.785+0000] {logging_mixin.py:190} INFO - [2025-01-25T16:37:19.785+0000] {dagbag.py:588} INFO - Filling up the DagBag from /home/airflow/.local/lib/python3.12/site-packages/airflow/example_dags/example_sensor_decorator.py
[2025-01-25T16:37:19.792+0000] {processor.py:925} INFO - DAG(s) 'example_sensor_decorator' retrieved from /home/airflow/.local/lib/python3.12/site-packages/airflow/example_dags/example_sensor_decorator.py
[2025-01-25T16:37:19.809+0000] {logging_mixin.py:190} INFO - [2025-01-25T16:37:19.809+0000] {dag.py:3239} INFO - Sync 1 DAGs
[2025-01-25T16:37:19.821+0000] {logging_mixin.py:190} INFO - [2025-01-25T16:37:19.821+0000] {dag.py:4180} INFO - Setting next_dagrun for example_sensor_decorator to None, run_after=None
[2025-01-25T16:37:19.947+0000] {processor.py:208} INFO - Processing /home/airflow/.local/lib/python3.12/site-packages/airflow/example_dags/example_sensor_decorator.py took 0.169 seconds
