[2025-01-25T16:28:52.219+0000] {processor.py:186} INFO - Started process (PID=56) to work on /home/airflow/.local/lib/python3.12/site-packages/airflow/example_dags/example_xcom.py
[2025-01-25T16:28:52.220+0000] {processor.py:914} INFO - Processing file /home/airflow/.local/lib/python3.12/site-packages/airflow/example_dags/example_xcom.py for tasks to queue
[2025-01-25T16:28:52.223+0000] {logging_mixin.py:190} INFO - [2025-01-25T16:28:52.222+0000] {dagbag.py:588} INFO - Filling up the DagBag from /home/airflow/.local/lib/python3.12/site-packages/airflow/example_dags/example_xcom.py
[2025-01-25T16:28:52.233+0000] {processor.py:925} INFO - DAG(s) 'example_xcom' retrieved from /home/airflow/.local/lib/python3.12/site-packages/airflow/example_dags/example_xcom.py
[2025-01-25T16:28:52.382+0000] {logging_mixin.py:190} INFO - [2025-01-25T16:28:52.381+0000] {override.py:1911} INFO - Created Permission View: can delete on DAG:example_xcom
[2025-01-25T16:28:52.399+0000] {logging_mixin.py:190} INFO - [2025-01-25T16:28:52.399+0000] {override.py:1911} INFO - Created Permission View: can read on DAG:example_xcom
[2025-01-25T16:28:52.414+0000] {logging_mixin.py:190} INFO - [2025-01-25T16:28:52.414+0000] {override.py:1911} INFO - Created Permission View: can edit on DAG:example_xcom
[2025-01-25T16:28:52.433+0000] {logging_mixin.py:190} INFO - [2025-01-25T16:28:52.432+0000] {override.py:1911} INFO - Created Permission View: can delete on DAG Run:example_xcom
[2025-01-25T16:28:52.447+0000] {logging_mixin.py:190} INFO - [2025-01-25T16:28:52.446+0000] {override.py:1911} INFO - Created Permission View: can create on DAG Run:example_xcom
[2025-01-25T16:28:52.458+0000] {logging_mixin.py:190} INFO - [2025-01-25T16:28:52.458+0000] {override.py:1911} INFO - Created Permission View: menu access on DAG Run:example_xcom
[2025-01-25T16:28:52.471+0000] {logging_mixin.py:190} INFO - [2025-01-25T16:28:52.470+0000] {override.py:1911} INFO - Created Permission View: can read on DAG Run:example_xcom
[2025-01-25T16:28:52.472+0000] {logging_mixin.py:190} INFO - [2025-01-25T16:28:52.471+0000] {dag.py:3239} INFO - Sync 1 DAGs
[2025-01-25T16:28:52.484+0000] {logging_mixin.py:190} INFO - [2025-01-25T16:28:52.484+0000] {dag.py:3262} INFO - Creating ORM DAG for example_xcom
[2025-01-25T16:28:52.496+0000] {logging_mixin.py:190} INFO - [2025-01-25T16:28:52.496+0000] {dag.py:4180} INFO - Setting next_dagrun for example_xcom to 2021-01-01 00:00:00+00:00, run_after=2021-01-01 00:00:00+00:00
[2025-01-25T16:28:52.521+0000] {processor.py:208} INFO - Processing /home/airflow/.local/lib/python3.12/site-packages/airflow/example_dags/example_xcom.py took 0.307 seconds
[2025-01-25T16:29:23.361+0000] {processor.py:186} INFO - Started process (PID=119) to work on /home/airflow/.local/lib/python3.12/site-packages/airflow/example_dags/example_xcom.py
[2025-01-25T16:29:23.362+0000] {processor.py:914} INFO - Processing file /home/airflow/.local/lib/python3.12/site-packages/airflow/example_dags/example_xcom.py for tasks to queue
[2025-01-25T16:29:23.365+0000] {logging_mixin.py:190} INFO - [2025-01-25T16:29:23.364+0000] {dagbag.py:588} INFO - Filling up the DagBag from /home/airflow/.local/lib/python3.12/site-packages/airflow/example_dags/example_xcom.py
[2025-01-25T16:29:23.376+0000] {processor.py:925} INFO - DAG(s) 'example_xcom' retrieved from /home/airflow/.local/lib/python3.12/site-packages/airflow/example_dags/example_xcom.py
[2025-01-25T16:29:23.400+0000] {logging_mixin.py:190} INFO - [2025-01-25T16:29:23.399+0000] {dag.py:3239} INFO - Sync 1 DAGs
[2025-01-25T16:29:23.423+0000] {logging_mixin.py:190} INFO - [2025-01-25T16:29:23.422+0000] {dag.py:4180} INFO - Setting next_dagrun for example_xcom to 2021-01-01 00:00:00+00:00, run_after=2021-01-01 00:00:00+00:00
[2025-01-25T16:29:23.452+0000] {processor.py:208} INFO - Processing /home/airflow/.local/lib/python3.12/site-packages/airflow/example_dags/example_xcom.py took 0.097 seconds
[2025-01-25T16:29:54.589+0000] {processor.py:186} INFO - Started process (PID=182) to work on /home/airflow/.local/lib/python3.12/site-packages/airflow/example_dags/example_xcom.py
[2025-01-25T16:29:54.590+0000] {processor.py:914} INFO - Processing file /home/airflow/.local/lib/python3.12/site-packages/airflow/example_dags/example_xcom.py for tasks to queue
[2025-01-25T16:29:54.592+0000] {logging_mixin.py:190} INFO - [2025-01-25T16:29:54.592+0000] {dagbag.py:588} INFO - Filling up the DagBag from /home/airflow/.local/lib/python3.12/site-packages/airflow/example_dags/example_xcom.py
[2025-01-25T16:29:54.602+0000] {processor.py:925} INFO - DAG(s) 'example_xcom' retrieved from /home/airflow/.local/lib/python3.12/site-packages/airflow/example_dags/example_xcom.py
[2025-01-25T16:29:54.624+0000] {logging_mixin.py:190} INFO - [2025-01-25T16:29:54.624+0000] {dag.py:3239} INFO - Sync 1 DAGs
[2025-01-25T16:29:54.653+0000] {logging_mixin.py:190} INFO - [2025-01-25T16:29:54.653+0000] {dag.py:4180} INFO - Setting next_dagrun for example_xcom to 2021-01-01 00:00:00+00:00, run_after=2021-01-01 00:00:00+00:00
[2025-01-25T16:29:54.679+0000] {processor.py:208} INFO - Processing /home/airflow/.local/lib/python3.12/site-packages/airflow/example_dags/example_xcom.py took 0.097 seconds
[2025-01-25T16:30:26.199+0000] {processor.py:186} INFO - Started process (PID=245) to work on /home/airflow/.local/lib/python3.12/site-packages/airflow/example_dags/example_xcom.py
[2025-01-25T16:30:26.200+0000] {processor.py:914} INFO - Processing file /home/airflow/.local/lib/python3.12/site-packages/airflow/example_dags/example_xcom.py for tasks to queue
[2025-01-25T16:30:26.202+0000] {logging_mixin.py:190} INFO - [2025-01-25T16:30:26.202+0000] {dagbag.py:588} INFO - Filling up the DagBag from /home/airflow/.local/lib/python3.12/site-packages/airflow/example_dags/example_xcom.py
[2025-01-25T16:30:26.214+0000] {processor.py:925} INFO - DAG(s) 'example_xcom' retrieved from /home/airflow/.local/lib/python3.12/site-packages/airflow/example_dags/example_xcom.py
[2025-01-25T16:30:26.235+0000] {logging_mixin.py:190} INFO - [2025-01-25T16:30:26.235+0000] {dag.py:3239} INFO - Sync 1 DAGs
[2025-01-25T16:30:26.260+0000] {logging_mixin.py:190} INFO - [2025-01-25T16:30:26.260+0000] {dag.py:4180} INFO - Setting next_dagrun for example_xcom to 2021-01-01 00:00:00+00:00, run_after=2021-01-01 00:00:00+00:00
[2025-01-25T16:30:26.292+0000] {processor.py:208} INFO - Processing /home/airflow/.local/lib/python3.12/site-packages/airflow/example_dags/example_xcom.py took 0.099 seconds
[2025-01-25T16:30:57.751+0000] {processor.py:186} INFO - Started process (PID=308) to work on /home/airflow/.local/lib/python3.12/site-packages/airflow/example_dags/example_xcom.py
[2025-01-25T16:30:57.752+0000] {processor.py:914} INFO - Processing file /home/airflow/.local/lib/python3.12/site-packages/airflow/example_dags/example_xcom.py for tasks to queue
[2025-01-25T16:30:57.754+0000] {logging_mixin.py:190} INFO - [2025-01-25T16:30:57.754+0000] {dagbag.py:588} INFO - Filling up the DagBag from /home/airflow/.local/lib/python3.12/site-packages/airflow/example_dags/example_xcom.py
[2025-01-25T16:30:57.763+0000] {processor.py:925} INFO - DAG(s) 'example_xcom' retrieved from /home/airflow/.local/lib/python3.12/site-packages/airflow/example_dags/example_xcom.py
[2025-01-25T16:30:57.786+0000] {logging_mixin.py:190} INFO - [2025-01-25T16:30:57.786+0000] {dag.py:3239} INFO - Sync 1 DAGs
[2025-01-25T16:30:57.811+0000] {logging_mixin.py:190} INFO - [2025-01-25T16:30:57.810+0000] {dag.py:4180} INFO - Setting next_dagrun for example_xcom to 2021-01-01 00:00:00+00:00, run_after=2021-01-01 00:00:00+00:00
[2025-01-25T16:30:57.837+0000] {processor.py:208} INFO - Processing /home/airflow/.local/lib/python3.12/site-packages/airflow/example_dags/example_xcom.py took 0.091 seconds
[2025-01-25T16:31:28.898+0000] {processor.py:186} INFO - Started process (PID=372) to work on /home/airflow/.local/lib/python3.12/site-packages/airflow/example_dags/example_xcom.py
[2025-01-25T16:31:28.899+0000] {processor.py:914} INFO - Processing file /home/airflow/.local/lib/python3.12/site-packages/airflow/example_dags/example_xcom.py for tasks to queue
[2025-01-25T16:31:28.902+0000] {logging_mixin.py:190} INFO - [2025-01-25T16:31:28.901+0000] {dagbag.py:588} INFO - Filling up the DagBag from /home/airflow/.local/lib/python3.12/site-packages/airflow/example_dags/example_xcom.py
[2025-01-25T16:31:28.914+0000] {processor.py:925} INFO - DAG(s) 'example_xcom' retrieved from /home/airflow/.local/lib/python3.12/site-packages/airflow/example_dags/example_xcom.py
[2025-01-25T16:31:28.933+0000] {logging_mixin.py:190} INFO - [2025-01-25T16:31:28.933+0000] {dag.py:3239} INFO - Sync 1 DAGs
[2025-01-25T16:31:28.956+0000] {logging_mixin.py:190} INFO - [2025-01-25T16:31:28.955+0000] {dag.py:4180} INFO - Setting next_dagrun for example_xcom to 2021-01-01 00:00:00+00:00, run_after=2021-01-01 00:00:00+00:00
[2025-01-25T16:31:28.981+0000] {processor.py:208} INFO - Processing /home/airflow/.local/lib/python3.12/site-packages/airflow/example_dags/example_xcom.py took 0.089 seconds
[2025-01-25T16:31:59.767+0000] {processor.py:186} INFO - Started process (PID=435) to work on /home/airflow/.local/lib/python3.12/site-packages/airflow/example_dags/example_xcom.py
[2025-01-25T16:31:59.768+0000] {processor.py:914} INFO - Processing file /home/airflow/.local/lib/python3.12/site-packages/airflow/example_dags/example_xcom.py for tasks to queue
[2025-01-25T16:31:59.771+0000] {logging_mixin.py:190} INFO - [2025-01-25T16:31:59.770+0000] {dagbag.py:588} INFO - Filling up the DagBag from /home/airflow/.local/lib/python3.12/site-packages/airflow/example_dags/example_xcom.py
[2025-01-25T16:31:59.779+0000] {processor.py:925} INFO - DAG(s) 'example_xcom' retrieved from /home/airflow/.local/lib/python3.12/site-packages/airflow/example_dags/example_xcom.py
[2025-01-25T16:31:59.802+0000] {logging_mixin.py:190} INFO - [2025-01-25T16:31:59.801+0000] {dag.py:3239} INFO - Sync 1 DAGs
[2025-01-25T16:31:59.828+0000] {logging_mixin.py:190} INFO - [2025-01-25T16:31:59.827+0000] {dag.py:4180} INFO - Setting next_dagrun for example_xcom to 2021-01-01 00:00:00+00:00, run_after=2021-01-01 00:00:00+00:00
[2025-01-25T16:31:59.950+0000] {processor.py:208} INFO - Processing /home/airflow/.local/lib/python3.12/site-packages/airflow/example_dags/example_xcom.py took 0.189 seconds
[2025-01-25T16:32:30.091+0000] {processor.py:186} INFO - Started process (PID=497) to work on /home/airflow/.local/lib/python3.12/site-packages/airflow/example_dags/example_xcom.py
[2025-01-25T16:32:30.092+0000] {processor.py:914} INFO - Processing file /home/airflow/.local/lib/python3.12/site-packages/airflow/example_dags/example_xcom.py for tasks to queue
[2025-01-25T16:32:30.095+0000] {logging_mixin.py:190} INFO - [2025-01-25T16:32:30.094+0000] {dagbag.py:588} INFO - Filling up the DagBag from /home/airflow/.local/lib/python3.12/site-packages/airflow/example_dags/example_xcom.py
[2025-01-25T16:32:30.102+0000] {processor.py:925} INFO - DAG(s) 'example_xcom' retrieved from /home/airflow/.local/lib/python3.12/site-packages/airflow/example_dags/example_xcom.py
[2025-01-25T16:32:30.122+0000] {logging_mixin.py:190} INFO - [2025-01-25T16:32:30.122+0000] {dag.py:3239} INFO - Sync 1 DAGs
[2025-01-25T16:32:30.143+0000] {logging_mixin.py:190} INFO - [2025-01-25T16:32:30.143+0000] {dag.py:4180} INFO - Setting next_dagrun for example_xcom to 2021-01-01 00:00:00+00:00, run_after=2021-01-01 00:00:00+00:00
[2025-01-25T16:32:30.685+0000] {processor.py:208} INFO - Processing /home/airflow/.local/lib/python3.12/site-packages/airflow/example_dags/example_xcom.py took 0.599 seconds
[2025-01-25T16:33:00.836+0000] {processor.py:186} INFO - Started process (PID=560) to work on /home/airflow/.local/lib/python3.12/site-packages/airflow/example_dags/example_xcom.py
[2025-01-25T16:33:00.837+0000] {processor.py:914} INFO - Processing file /home/airflow/.local/lib/python3.12/site-packages/airflow/example_dags/example_xcom.py for tasks to queue
[2025-01-25T16:33:00.839+0000] {logging_mixin.py:190} INFO - [2025-01-25T16:33:00.839+0000] {dagbag.py:588} INFO - Filling up the DagBag from /home/airflow/.local/lib/python3.12/site-packages/airflow/example_dags/example_xcom.py
[2025-01-25T16:33:00.846+0000] {processor.py:925} INFO - DAG(s) 'example_xcom' retrieved from /home/airflow/.local/lib/python3.12/site-packages/airflow/example_dags/example_xcom.py
[2025-01-25T16:33:00.865+0000] {logging_mixin.py:190} INFO - [2025-01-25T16:33:00.865+0000] {dag.py:3239} INFO - Sync 1 DAGs
[2025-01-25T16:33:00.886+0000] {logging_mixin.py:190} INFO - [2025-01-25T16:33:00.885+0000] {dag.py:4180} INFO - Setting next_dagrun for example_xcom to 2021-01-01 00:00:00+00:00, run_after=2021-01-01 00:00:00+00:00
[2025-01-25T16:33:01.523+0000] {processor.py:208} INFO - Processing /home/airflow/.local/lib/python3.12/site-packages/airflow/example_dags/example_xcom.py took 0.692 seconds
[2025-01-25T16:33:33.084+0000] {processor.py:186} INFO - Started process (PID=624) to work on /home/airflow/.local/lib/python3.12/site-packages/airflow/example_dags/example_xcom.py
[2025-01-25T16:33:33.085+0000] {processor.py:914} INFO - Processing file /home/airflow/.local/lib/python3.12/site-packages/airflow/example_dags/example_xcom.py for tasks to queue
[2025-01-25T16:33:33.087+0000] {logging_mixin.py:190} INFO - [2025-01-25T16:33:33.087+0000] {dagbag.py:588} INFO - Filling up the DagBag from /home/airflow/.local/lib/python3.12/site-packages/airflow/example_dags/example_xcom.py
[2025-01-25T16:33:33.094+0000] {processor.py:925} INFO - DAG(s) 'example_xcom' retrieved from /home/airflow/.local/lib/python3.12/site-packages/airflow/example_dags/example_xcom.py
[2025-01-25T16:33:33.113+0000] {logging_mixin.py:190} INFO - [2025-01-25T16:33:33.112+0000] {dag.py:3239} INFO - Sync 1 DAGs
[2025-01-25T16:33:33.135+0000] {logging_mixin.py:190} INFO - [2025-01-25T16:33:33.134+0000] {dag.py:4180} INFO - Setting next_dagrun for example_xcom to 2021-01-01 00:00:00+00:00, run_after=2021-01-01 00:00:00+00:00
[2025-01-25T16:33:33.156+0000] {processor.py:208} INFO - Processing /home/airflow/.local/lib/python3.12/site-packages/airflow/example_dags/example_xcom.py took 0.076 seconds
[2025-01-25T16:34:03.886+0000] {processor.py:186} INFO - Started process (PID=687) to work on /home/airflow/.local/lib/python3.12/site-packages/airflow/example_dags/example_xcom.py
[2025-01-25T16:34:03.887+0000] {processor.py:914} INFO - Processing file /home/airflow/.local/lib/python3.12/site-packages/airflow/example_dags/example_xcom.py for tasks to queue
[2025-01-25T16:34:03.889+0000] {logging_mixin.py:190} INFO - [2025-01-25T16:34:03.889+0000] {dagbag.py:588} INFO - Filling up the DagBag from /home/airflow/.local/lib/python3.12/site-packages/airflow/example_dags/example_xcom.py
[2025-01-25T16:34:03.896+0000] {processor.py:925} INFO - DAG(s) 'example_xcom' retrieved from /home/airflow/.local/lib/python3.12/site-packages/airflow/example_dags/example_xcom.py
[2025-01-25T16:34:03.914+0000] {logging_mixin.py:190} INFO - [2025-01-25T16:34:03.914+0000] {dag.py:3239} INFO - Sync 1 DAGs
[2025-01-25T16:34:03.933+0000] {logging_mixin.py:190} INFO - [2025-01-25T16:34:03.933+0000] {dag.py:4180} INFO - Setting next_dagrun for example_xcom to 2021-01-01 00:00:00+00:00, run_after=2021-01-01 00:00:00+00:00
[2025-01-25T16:34:04.017+0000] {processor.py:208} INFO - Processing /home/airflow/.local/lib/python3.12/site-packages/airflow/example_dags/example_xcom.py took 0.136 seconds
[2025-01-25T16:34:34.747+0000] {processor.py:186} INFO - Started process (PID=750) to work on /home/airflow/.local/lib/python3.12/site-packages/airflow/example_dags/example_xcom.py
[2025-01-25T16:34:34.748+0000] {processor.py:914} INFO - Processing file /home/airflow/.local/lib/python3.12/site-packages/airflow/example_dags/example_xcom.py for tasks to queue
[2025-01-25T16:34:34.750+0000] {logging_mixin.py:190} INFO - [2025-01-25T16:34:34.750+0000] {dagbag.py:588} INFO - Filling up the DagBag from /home/airflow/.local/lib/python3.12/site-packages/airflow/example_dags/example_xcom.py
[2025-01-25T16:34:34.758+0000] {processor.py:925} INFO - DAG(s) 'example_xcom' retrieved from /home/airflow/.local/lib/python3.12/site-packages/airflow/example_dags/example_xcom.py
[2025-01-25T16:34:34.776+0000] {logging_mixin.py:190} INFO - [2025-01-25T16:34:34.775+0000] {dag.py:3239} INFO - Sync 1 DAGs
[2025-01-25T16:34:34.795+0000] {logging_mixin.py:190} INFO - [2025-01-25T16:34:34.795+0000] {dag.py:4180} INFO - Setting next_dagrun for example_xcom to 2021-01-01 00:00:00+00:00, run_after=2021-01-01 00:00:00+00:00
[2025-01-25T16:34:34.882+0000] {processor.py:208} INFO - Processing /home/airflow/.local/lib/python3.12/site-packages/airflow/example_dags/example_xcom.py took 0.140 seconds
[2025-01-25T16:35:05.418+0000] {processor.py:186} INFO - Started process (PID=813) to work on /home/airflow/.local/lib/python3.12/site-packages/airflow/example_dags/example_xcom.py
[2025-01-25T16:35:05.420+0000] {processor.py:914} INFO - Processing file /home/airflow/.local/lib/python3.12/site-packages/airflow/example_dags/example_xcom.py for tasks to queue
[2025-01-25T16:35:05.424+0000] {logging_mixin.py:190} INFO - [2025-01-25T16:35:05.423+0000] {dagbag.py:588} INFO - Filling up the DagBag from /home/airflow/.local/lib/python3.12/site-packages/airflow/example_dags/example_xcom.py
[2025-01-25T16:35:05.434+0000] {processor.py:925} INFO - DAG(s) 'example_xcom' retrieved from /home/airflow/.local/lib/python3.12/site-packages/airflow/example_dags/example_xcom.py
[2025-01-25T16:35:05.460+0000] {logging_mixin.py:190} INFO - [2025-01-25T16:35:05.459+0000] {dag.py:3239} INFO - Sync 1 DAGs
[2025-01-25T16:35:05.490+0000] {logging_mixin.py:190} INFO - [2025-01-25T16:35:05.490+0000] {dag.py:4180} INFO - Setting next_dagrun for example_xcom to 2021-01-01 00:00:00+00:00, run_after=2021-01-01 00:00:00+00:00
[2025-01-25T16:35:05.537+0000] {processor.py:208} INFO - Processing /home/airflow/.local/lib/python3.12/site-packages/airflow/example_dags/example_xcom.py took 0.125 seconds
[2025-01-25T16:35:35.816+0000] {processor.py:186} INFO - Started process (PID=875) to work on /home/airflow/.local/lib/python3.12/site-packages/airflow/example_dags/example_xcom.py
[2025-01-25T16:35:35.817+0000] {processor.py:914} INFO - Processing file /home/airflow/.local/lib/python3.12/site-packages/airflow/example_dags/example_xcom.py for tasks to queue
[2025-01-25T16:35:35.819+0000] {logging_mixin.py:190} INFO - [2025-01-25T16:35:35.819+0000] {dagbag.py:588} INFO - Filling up the DagBag from /home/airflow/.local/lib/python3.12/site-packages/airflow/example_dags/example_xcom.py
[2025-01-25T16:35:35.827+0000] {processor.py:925} INFO - DAG(s) 'example_xcom' retrieved from /home/airflow/.local/lib/python3.12/site-packages/airflow/example_dags/example_xcom.py
[2025-01-25T16:35:35.846+0000] {logging_mixin.py:190} INFO - [2025-01-25T16:35:35.845+0000] {dag.py:3239} INFO - Sync 1 DAGs
[2025-01-25T16:35:35.868+0000] {logging_mixin.py:190} INFO - [2025-01-25T16:35:35.867+0000] {dag.py:4180} INFO - Setting next_dagrun for example_xcom to 2021-01-01 00:00:00+00:00, run_after=2021-01-01 00:00:00+00:00
[2025-01-25T16:35:36.281+0000] {processor.py:208} INFO - Processing /home/airflow/.local/lib/python3.12/site-packages/airflow/example_dags/example_xcom.py took 0.470 seconds
[2025-01-25T16:36:08.241+0000] {processor.py:186} INFO - Started process (PID=939) to work on /home/airflow/.local/lib/python3.12/site-packages/airflow/example_dags/example_xcom.py
[2025-01-25T16:36:08.242+0000] {processor.py:914} INFO - Processing file /home/airflow/.local/lib/python3.12/site-packages/airflow/example_dags/example_xcom.py for tasks to queue
[2025-01-25T16:36:08.244+0000] {logging_mixin.py:190} INFO - [2025-01-25T16:36:08.244+0000] {dagbag.py:588} INFO - Filling up the DagBag from /home/airflow/.local/lib/python3.12/site-packages/airflow/example_dags/example_xcom.py
[2025-01-25T16:36:08.252+0000] {processor.py:925} INFO - DAG(s) 'example_xcom' retrieved from /home/airflow/.local/lib/python3.12/site-packages/airflow/example_dags/example_xcom.py
[2025-01-25T16:36:08.271+0000] {logging_mixin.py:190} INFO - [2025-01-25T16:36:08.270+0000] {dag.py:3239} INFO - Sync 1 DAGs
[2025-01-25T16:36:08.290+0000] {logging_mixin.py:190} INFO - [2025-01-25T16:36:08.289+0000] {dag.py:4180} INFO - Setting next_dagrun for example_xcom to 2021-01-01 00:00:00+00:00, run_after=2021-01-01 00:00:00+00:00
[2025-01-25T16:36:08.825+0000] {processor.py:208} INFO - Processing /home/airflow/.local/lib/python3.12/site-packages/airflow/example_dags/example_xcom.py took 0.588 seconds
[2025-01-25T16:36:39.365+0000] {processor.py:186} INFO - Started process (PID=1002) to work on /home/airflow/.local/lib/python3.12/site-packages/airflow/example_dags/example_xcom.py
[2025-01-25T16:36:39.366+0000] {processor.py:914} INFO - Processing file /home/airflow/.local/lib/python3.12/site-packages/airflow/example_dags/example_xcom.py for tasks to queue
[2025-01-25T16:36:39.369+0000] {logging_mixin.py:190} INFO - [2025-01-25T16:36:39.368+0000] {dagbag.py:588} INFO - Filling up the DagBag from /home/airflow/.local/lib/python3.12/site-packages/airflow/example_dags/example_xcom.py
[2025-01-25T16:36:39.378+0000] {processor.py:925} INFO - DAG(s) 'example_xcom' retrieved from /home/airflow/.local/lib/python3.12/site-packages/airflow/example_dags/example_xcom.py
[2025-01-25T16:36:39.400+0000] {logging_mixin.py:190} INFO - [2025-01-25T16:36:39.400+0000] {dag.py:3239} INFO - Sync 1 DAGs
[2025-01-25T16:36:39.425+0000] {logging_mixin.py:190} INFO - [2025-01-25T16:36:39.425+0000] {dag.py:4180} INFO - Setting next_dagrun for example_xcom to 2021-01-01 00:00:00+00:00, run_after=2021-01-01 00:00:00+00:00
[2025-01-25T16:36:39.532+0000] {processor.py:208} INFO - Processing /home/airflow/.local/lib/python3.12/site-packages/airflow/example_dags/example_xcom.py took 0.173 seconds
[2025-01-25T16:37:10.183+0000] {processor.py:186} INFO - Started process (PID=1065) to work on /home/airflow/.local/lib/python3.12/site-packages/airflow/example_dags/example_xcom.py
[2025-01-25T16:37:10.184+0000] {processor.py:914} INFO - Processing file /home/airflow/.local/lib/python3.12/site-packages/airflow/example_dags/example_xcom.py for tasks to queue
[2025-01-25T16:37:10.186+0000] {logging_mixin.py:190} INFO - [2025-01-25T16:37:10.186+0000] {dagbag.py:588} INFO - Filling up the DagBag from /home/airflow/.local/lib/python3.12/site-packages/airflow/example_dags/example_xcom.py
[2025-01-25T16:37:10.194+0000] {processor.py:925} INFO - DAG(s) 'example_xcom' retrieved from /home/airflow/.local/lib/python3.12/site-packages/airflow/example_dags/example_xcom.py
[2025-01-25T16:37:10.214+0000] {logging_mixin.py:190} INFO - [2025-01-25T16:37:10.213+0000] {dag.py:3239} INFO - Sync 1 DAGs
[2025-01-25T16:37:10.234+0000] {logging_mixin.py:190} INFO - [2025-01-25T16:37:10.234+0000] {dag.py:4180} INFO - Setting next_dagrun for example_xcom to 2021-01-01 00:00:00+00:00, run_after=2021-01-01 00:00:00+00:00
[2025-01-25T16:37:10.334+0000] {processor.py:208} INFO - Processing /home/airflow/.local/lib/python3.12/site-packages/airflow/example_dags/example_xcom.py took 0.155 seconds
[2025-01-25T16:37:41.587+0000] {processor.py:186} INFO - Started process (PID=1128) to work on /home/airflow/.local/lib/python3.12/site-packages/airflow/example_dags/example_xcom.py
[2025-01-25T16:37:41.588+0000] {processor.py:914} INFO - Processing file /home/airflow/.local/lib/python3.12/site-packages/airflow/example_dags/example_xcom.py for tasks to queue
[2025-01-25T16:37:41.590+0000] {logging_mixin.py:190} INFO - [2025-01-25T16:37:41.590+0000] {dagbag.py:588} INFO - Filling up the DagBag from /home/airflow/.local/lib/python3.12/site-packages/airflow/example_dags/example_xcom.py
[2025-01-25T16:37:41.598+0000] {processor.py:925} INFO - DAG(s) 'example_xcom' retrieved from /home/airflow/.local/lib/python3.12/site-packages/airflow/example_dags/example_xcom.py
[2025-01-25T16:37:41.617+0000] {logging_mixin.py:190} INFO - [2025-01-25T16:37:41.616+0000] {dag.py:3239} INFO - Sync 1 DAGs
[2025-01-25T16:37:41.638+0000] {logging_mixin.py:190} INFO - [2025-01-25T16:37:41.638+0000] {dag.py:4180} INFO - Setting next_dagrun for example_xcom to 2021-01-01 00:00:00+00:00, run_after=2021-01-01 00:00:00+00:00
[2025-01-25T16:37:41.739+0000] {processor.py:208} INFO - Processing /home/airflow/.local/lib/python3.12/site-packages/airflow/example_dags/example_xcom.py took 0.157 seconds
