[2025-01-25T16:29:01.255+0000] {processor.py:186} INFO - Started process (PID=91) to work on /home/airflow/.local/lib/python3.12/site-packages/airflow/example_dags/example_setup_teardown.py
[2025-01-25T16:29:01.256+0000] {processor.py:914} INFO - Processing file /home/airflow/.local/lib/python3.12/site-packages/airflow/example_dags/example_setup_teardown.py for tasks to queue
[2025-01-25T16:29:01.260+0000] {logging_mixin.py:190} INFO - [2025-01-25T16:29:01.259+0000] {dagbag.py:588} INFO - Filling up the DagBag from /home/airflow/.local/lib/python3.12/site-packages/airflow/example_dags/example_setup_teardown.py
[2025-01-25T16:29:01.268+0000] {processor.py:925} INFO - DAG(s) 'example_setup_teardown' retrieved from /home/airflow/.local/lib/python3.12/site-packages/airflow/example_dags/example_setup_teardown.py
[2025-01-25T16:29:01.393+0000] {logging_mixin.py:190} INFO - [2025-01-25T16:29:01.392+0000] {override.py:1911} INFO - Created Permission View: can delete on DAG:example_setup_teardown
[2025-01-25T16:29:01.412+0000] {logging_mixin.py:190} INFO - [2025-01-25T16:29:01.412+0000] {override.py:1911} INFO - Created Permission View: can read on DAG:example_setup_teardown
[2025-01-25T16:29:01.426+0000] {logging_mixin.py:190} INFO - [2025-01-25T16:29:01.425+0000] {override.py:1911} INFO - Created Permission View: can edit on DAG:example_setup_teardown
[2025-01-25T16:29:01.445+0000] {logging_mixin.py:190} INFO - [2025-01-25T16:29:01.445+0000] {override.py:1911} INFO - Created Permission View: can delete on DAG Run:example_setup_teardown
[2025-01-25T16:29:01.464+0000] {logging_mixin.py:190} INFO - [2025-01-25T16:29:01.463+0000] {override.py:1911} INFO - Created Permission View: can create on DAG Run:example_setup_teardown
[2025-01-25T16:29:01.480+0000] {logging_mixin.py:190} INFO - [2025-01-25T16:29:01.480+0000] {override.py:1911} INFO - Created Permission View: menu access on DAG Run:example_setup_teardown
[2025-01-25T16:29:01.494+0000] {logging_mixin.py:190} INFO - [2025-01-25T16:29:01.493+0000] {override.py:1911} INFO - Created Permission View: can read on DAG Run:example_setup_teardown
[2025-01-25T16:29:01.495+0000] {logging_mixin.py:190} INFO - [2025-01-25T16:29:01.494+0000] {dag.py:3239} INFO - Sync 1 DAGs
[2025-01-25T16:29:01.508+0000] {logging_mixin.py:190} INFO - [2025-01-25T16:29:01.508+0000] {dag.py:3262} INFO - Creating ORM DAG for example_setup_teardown
[2025-01-25T16:29:01.509+0000] {logging_mixin.py:190} INFO - [2025-01-25T16:29:01.509+0000] {dag.py:4180} INFO - Setting next_dagrun for example_setup_teardown to None, run_after=None
[2025-01-25T16:29:01.537+0000] {processor.py:208} INFO - Processing /home/airflow/.local/lib/python3.12/site-packages/airflow/example_dags/example_setup_teardown.py took 0.287 seconds
[2025-01-25T16:29:32.121+0000] {processor.py:186} INFO - Started process (PID=154) to work on /home/airflow/.local/lib/python3.12/site-packages/airflow/example_dags/example_setup_teardown.py
[2025-01-25T16:29:32.122+0000] {processor.py:914} INFO - Processing file /home/airflow/.local/lib/python3.12/site-packages/airflow/example_dags/example_setup_teardown.py for tasks to queue
[2025-01-25T16:29:32.124+0000] {logging_mixin.py:190} INFO - [2025-01-25T16:29:32.124+0000] {dagbag.py:588} INFO - Filling up the DagBag from /home/airflow/.local/lib/python3.12/site-packages/airflow/example_dags/example_setup_teardown.py
[2025-01-25T16:29:32.132+0000] {processor.py:925} INFO - DAG(s) 'example_setup_teardown' retrieved from /home/airflow/.local/lib/python3.12/site-packages/airflow/example_dags/example_setup_teardown.py
[2025-01-25T16:29:32.151+0000] {logging_mixin.py:190} INFO - [2025-01-25T16:29:32.151+0000] {dag.py:3239} INFO - Sync 1 DAGs
[2025-01-25T16:29:32.165+0000] {logging_mixin.py:190} INFO - [2025-01-25T16:29:32.165+0000] {dag.py:4180} INFO - Setting next_dagrun for example_setup_teardown to None, run_after=None
[2025-01-25T16:29:32.189+0000] {processor.py:208} INFO - Processing /home/airflow/.local/lib/python3.12/site-packages/airflow/example_dags/example_setup_teardown.py took 0.074 seconds
[2025-01-25T16:30:04.334+0000] {processor.py:186} INFO - Started process (PID=217) to work on /home/airflow/.local/lib/python3.12/site-packages/airflow/example_dags/example_setup_teardown.py
[2025-01-25T16:30:04.335+0000] {processor.py:914} INFO - Processing file /home/airflow/.local/lib/python3.12/site-packages/airflow/example_dags/example_setup_teardown.py for tasks to queue
[2025-01-25T16:30:04.338+0000] {logging_mixin.py:190} INFO - [2025-01-25T16:30:04.337+0000] {dagbag.py:588} INFO - Filling up the DagBag from /home/airflow/.local/lib/python3.12/site-packages/airflow/example_dags/example_setup_teardown.py
[2025-01-25T16:30:04.347+0000] {processor.py:925} INFO - DAG(s) 'example_setup_teardown' retrieved from /home/airflow/.local/lib/python3.12/site-packages/airflow/example_dags/example_setup_teardown.py
[2025-01-25T16:30:04.370+0000] {logging_mixin.py:190} INFO - [2025-01-25T16:30:04.369+0000] {dag.py:3239} INFO - Sync 1 DAGs
[2025-01-25T16:30:04.385+0000] {logging_mixin.py:190} INFO - [2025-01-25T16:30:04.385+0000] {dag.py:4180} INFO - Setting next_dagrun for example_setup_teardown to None, run_after=None
[2025-01-25T16:30:04.414+0000] {processor.py:208} INFO - Processing /home/airflow/.local/lib/python3.12/site-packages/airflow/example_dags/example_setup_teardown.py took 0.086 seconds
[2025-01-25T16:30:43.976+0000] {processor.py:186} INFO - Started process (PID=280) to work on /home/airflow/.local/lib/python3.12/site-packages/airflow/example_dags/example_setup_teardown.py
[2025-01-25T16:30:43.977+0000] {processor.py:914} INFO - Processing file /home/airflow/.local/lib/python3.12/site-packages/airflow/example_dags/example_setup_teardown.py for tasks to queue
[2025-01-25T16:30:43.979+0000] {logging_mixin.py:190} INFO - [2025-01-25T16:30:43.979+0000] {dagbag.py:588} INFO - Filling up the DagBag from /home/airflow/.local/lib/python3.12/site-packages/airflow/example_dags/example_setup_teardown.py
[2025-01-25T16:30:43.988+0000] {processor.py:925} INFO - DAG(s) 'example_setup_teardown' retrieved from /home/airflow/.local/lib/python3.12/site-packages/airflow/example_dags/example_setup_teardown.py
[2025-01-25T16:30:44.011+0000] {logging_mixin.py:190} INFO - [2025-01-25T16:30:44.011+0000] {dag.py:3239} INFO - Sync 1 DAGs
[2025-01-25T16:30:44.027+0000] {logging_mixin.py:190} INFO - [2025-01-25T16:30:44.027+0000] {dag.py:4180} INFO - Setting next_dagrun for example_setup_teardown to None, run_after=None
[2025-01-25T16:30:44.560+0000] {processor.py:208} INFO - Processing /home/airflow/.local/lib/python3.12/site-packages/airflow/example_dags/example_setup_teardown.py took 0.589 seconds
[2025-01-25T16:31:14.601+0000] {processor.py:186} INFO - Started process (PID=348) to work on /home/airflow/.local/lib/python3.12/site-packages/airflow/example_dags/example_setup_teardown.py
[2025-01-25T16:31:14.602+0000] {processor.py:914} INFO - Processing file /home/airflow/.local/lib/python3.12/site-packages/airflow/example_dags/example_setup_teardown.py for tasks to queue
[2025-01-25T16:31:14.604+0000] {logging_mixin.py:190} INFO - [2025-01-25T16:31:14.604+0000] {dagbag.py:588} INFO - Filling up the DagBag from /home/airflow/.local/lib/python3.12/site-packages/airflow/example_dags/example_setup_teardown.py
[2025-01-25T16:31:14.611+0000] {processor.py:925} INFO - DAG(s) 'example_setup_teardown' retrieved from /home/airflow/.local/lib/python3.12/site-packages/airflow/example_dags/example_setup_teardown.py
[2025-01-25T16:31:14.630+0000] {logging_mixin.py:190} INFO - [2025-01-25T16:31:14.630+0000] {dag.py:3239} INFO - Sync 1 DAGs
[2025-01-25T16:31:14.644+0000] {logging_mixin.py:190} INFO - [2025-01-25T16:31:14.643+0000] {dag.py:4180} INFO - Setting next_dagrun for example_setup_teardown to None, run_after=None
[2025-01-25T16:31:14.726+0000] {processor.py:208} INFO - Processing /home/airflow/.local/lib/python3.12/site-packages/airflow/example_dags/example_setup_teardown.py took 0.132 seconds
[2025-01-25T16:31:44.833+0000] {processor.py:186} INFO - Started process (PID=407) to work on /home/airflow/.local/lib/python3.12/site-packages/airflow/example_dags/example_setup_teardown.py
[2025-01-25T16:31:44.834+0000] {processor.py:914} INFO - Processing file /home/airflow/.local/lib/python3.12/site-packages/airflow/example_dags/example_setup_teardown.py for tasks to queue
[2025-01-25T16:31:44.836+0000] {logging_mixin.py:190} INFO - [2025-01-25T16:31:44.836+0000] {dagbag.py:588} INFO - Filling up the DagBag from /home/airflow/.local/lib/python3.12/site-packages/airflow/example_dags/example_setup_teardown.py
[2025-01-25T16:31:44.843+0000] {processor.py:925} INFO - DAG(s) 'example_setup_teardown' retrieved from /home/airflow/.local/lib/python3.12/site-packages/airflow/example_dags/example_setup_teardown.py
[2025-01-25T16:31:44.862+0000] {logging_mixin.py:190} INFO - [2025-01-25T16:31:44.862+0000] {dag.py:3239} INFO - Sync 1 DAGs
[2025-01-25T16:31:44.875+0000] {logging_mixin.py:190} INFO - [2025-01-25T16:31:44.875+0000] {dag.py:4180} INFO - Setting next_dagrun for example_setup_teardown to None, run_after=None
[2025-01-25T16:31:45.009+0000] {processor.py:208} INFO - Processing /home/airflow/.local/lib/python3.12/site-packages/airflow/example_dags/example_setup_teardown.py took 0.181 seconds
[2025-01-25T16:32:15.435+0000] {processor.py:186} INFO - Started process (PID=470) to work on /home/airflow/.local/lib/python3.12/site-packages/airflow/example_dags/example_setup_teardown.py
[2025-01-25T16:32:15.436+0000] {processor.py:914} INFO - Processing file /home/airflow/.local/lib/python3.12/site-packages/airflow/example_dags/example_setup_teardown.py for tasks to queue
[2025-01-25T16:32:15.442+0000] {logging_mixin.py:190} INFO - [2025-01-25T16:32:15.441+0000] {dagbag.py:588} INFO - Filling up the DagBag from /home/airflow/.local/lib/python3.12/site-packages/airflow/example_dags/example_setup_teardown.py
[2025-01-25T16:32:15.451+0000] {processor.py:925} INFO - DAG(s) 'example_setup_teardown' retrieved from /home/airflow/.local/lib/python3.12/site-packages/airflow/example_dags/example_setup_teardown.py
[2025-01-25T16:32:15.472+0000] {logging_mixin.py:190} INFO - [2025-01-25T16:32:15.471+0000] {dag.py:3239} INFO - Sync 1 DAGs
[2025-01-25T16:32:15.486+0000] {logging_mixin.py:190} INFO - [2025-01-25T16:32:15.486+0000] {dag.py:4180} INFO - Setting next_dagrun for example_setup_teardown to None, run_after=None
[2025-01-25T16:32:15.513+0000] {processor.py:208} INFO - Processing /home/airflow/.local/lib/python3.12/site-packages/airflow/example_dags/example_setup_teardown.py took 0.085 seconds
[2025-01-25T16:32:46.023+0000] {processor.py:186} INFO - Started process (PID=533) to work on /home/airflow/.local/lib/python3.12/site-packages/airflow/example_dags/example_setup_teardown.py
[2025-01-25T16:32:46.024+0000] {processor.py:914} INFO - Processing file /home/airflow/.local/lib/python3.12/site-packages/airflow/example_dags/example_setup_teardown.py for tasks to queue
[2025-01-25T16:32:46.027+0000] {logging_mixin.py:190} INFO - [2025-01-25T16:32:46.026+0000] {dagbag.py:588} INFO - Filling up the DagBag from /home/airflow/.local/lib/python3.12/site-packages/airflow/example_dags/example_setup_teardown.py
[2025-01-25T16:32:46.033+0000] {processor.py:925} INFO - DAG(s) 'example_setup_teardown' retrieved from /home/airflow/.local/lib/python3.12/site-packages/airflow/example_dags/example_setup_teardown.py
[2025-01-25T16:32:46.054+0000] {logging_mixin.py:190} INFO - [2025-01-25T16:32:46.053+0000] {dag.py:3239} INFO - Sync 1 DAGs
[2025-01-25T16:32:46.067+0000] {logging_mixin.py:190} INFO - [2025-01-25T16:32:46.067+0000] {dag.py:4180} INFO - Setting next_dagrun for example_setup_teardown to None, run_after=None
[2025-01-25T16:32:46.091+0000] {processor.py:208} INFO - Processing /home/airflow/.local/lib/python3.12/site-packages/airflow/example_dags/example_setup_teardown.py took 0.073 seconds
[2025-01-25T16:33:16.451+0000] {processor.py:186} INFO - Started process (PID=596) to work on /home/airflow/.local/lib/python3.12/site-packages/airflow/example_dags/example_setup_teardown.py
[2025-01-25T16:33:16.451+0000] {processor.py:914} INFO - Processing file /home/airflow/.local/lib/python3.12/site-packages/airflow/example_dags/example_setup_teardown.py for tasks to queue
[2025-01-25T16:33:16.454+0000] {logging_mixin.py:190} INFO - [2025-01-25T16:33:16.454+0000] {dagbag.py:588} INFO - Filling up the DagBag from /home/airflow/.local/lib/python3.12/site-packages/airflow/example_dags/example_setup_teardown.py
[2025-01-25T16:33:16.461+0000] {processor.py:925} INFO - DAG(s) 'example_setup_teardown' retrieved from /home/airflow/.local/lib/python3.12/site-packages/airflow/example_dags/example_setup_teardown.py
[2025-01-25T16:33:16.480+0000] {logging_mixin.py:190} INFO - [2025-01-25T16:33:16.480+0000] {dag.py:3239} INFO - Sync 1 DAGs
[2025-01-25T16:33:16.494+0000] {logging_mixin.py:190} INFO - [2025-01-25T16:33:16.493+0000] {dag.py:4180} INFO - Setting next_dagrun for example_setup_teardown to None, run_after=None
[2025-01-25T16:33:16.522+0000] {processor.py:208} INFO - Processing /home/airflow/.local/lib/python3.12/site-packages/airflow/example_dags/example_setup_teardown.py took 0.076 seconds
[2025-01-25T16:33:46.914+0000] {processor.py:186} INFO - Started process (PID=659) to work on /home/airflow/.local/lib/python3.12/site-packages/airflow/example_dags/example_setup_teardown.py
[2025-01-25T16:33:46.915+0000] {processor.py:914} INFO - Processing file /home/airflow/.local/lib/python3.12/site-packages/airflow/example_dags/example_setup_teardown.py for tasks to queue
[2025-01-25T16:33:46.918+0000] {logging_mixin.py:190} INFO - [2025-01-25T16:33:46.918+0000] {dagbag.py:588} INFO - Filling up the DagBag from /home/airflow/.local/lib/python3.12/site-packages/airflow/example_dags/example_setup_teardown.py
[2025-01-25T16:33:46.926+0000] {processor.py:925} INFO - DAG(s) 'example_setup_teardown' retrieved from /home/airflow/.local/lib/python3.12/site-packages/airflow/example_dags/example_setup_teardown.py
[2025-01-25T16:33:46.946+0000] {logging_mixin.py:190} INFO - [2025-01-25T16:33:46.946+0000] {dag.py:3239} INFO - Sync 1 DAGs
[2025-01-25T16:33:46.960+0000] {logging_mixin.py:190} INFO - [2025-01-25T16:33:46.960+0000] {dag.py:4180} INFO - Setting next_dagrun for example_setup_teardown to None, run_after=None
[2025-01-25T16:33:46.984+0000] {processor.py:208} INFO - Processing /home/airflow/.local/lib/python3.12/site-packages/airflow/example_dags/example_setup_teardown.py took 0.075 seconds
[2025-01-25T16:34:17.571+0000] {processor.py:186} INFO - Started process (PID=723) to work on /home/airflow/.local/lib/python3.12/site-packages/airflow/example_dags/example_setup_teardown.py
[2025-01-25T16:34:17.572+0000] {processor.py:914} INFO - Processing file /home/airflow/.local/lib/python3.12/site-packages/airflow/example_dags/example_setup_teardown.py for tasks to queue
[2025-01-25T16:34:17.574+0000] {logging_mixin.py:190} INFO - [2025-01-25T16:34:17.574+0000] {dagbag.py:588} INFO - Filling up the DagBag from /home/airflow/.local/lib/python3.12/site-packages/airflow/example_dags/example_setup_teardown.py
[2025-01-25T16:34:17.582+0000] {processor.py:925} INFO - DAG(s) 'example_setup_teardown' retrieved from /home/airflow/.local/lib/python3.12/site-packages/airflow/example_dags/example_setup_teardown.py
[2025-01-25T16:34:17.599+0000] {logging_mixin.py:190} INFO - [2025-01-25T16:34:17.599+0000] {dag.py:3239} INFO - Sync 1 DAGs
[2025-01-25T16:34:17.611+0000] {logging_mixin.py:190} INFO - [2025-01-25T16:34:17.611+0000] {dag.py:4180} INFO - Setting next_dagrun for example_setup_teardown to None, run_after=None
[2025-01-25T16:34:18.112+0000] {processor.py:208} INFO - Processing /home/airflow/.local/lib/python3.12/site-packages/airflow/example_dags/example_setup_teardown.py took 0.545 seconds
[2025-01-25T16:34:48.830+0000] {processor.py:186} INFO - Started process (PID=786) to work on /home/airflow/.local/lib/python3.12/site-packages/airflow/example_dags/example_setup_teardown.py
[2025-01-25T16:34:48.831+0000] {processor.py:914} INFO - Processing file /home/airflow/.local/lib/python3.12/site-packages/airflow/example_dags/example_setup_teardown.py for tasks to queue
[2025-01-25T16:34:48.834+0000] {logging_mixin.py:190} INFO - [2025-01-25T16:34:48.833+0000] {dagbag.py:588} INFO - Filling up the DagBag from /home/airflow/.local/lib/python3.12/site-packages/airflow/example_dags/example_setup_teardown.py
[2025-01-25T16:34:48.845+0000] {processor.py:925} INFO - DAG(s) 'example_setup_teardown' retrieved from /home/airflow/.local/lib/python3.12/site-packages/airflow/example_dags/example_setup_teardown.py
[2025-01-25T16:34:48.865+0000] {logging_mixin.py:190} INFO - [2025-01-25T16:34:48.865+0000] {dag.py:3239} INFO - Sync 1 DAGs
[2025-01-25T16:34:48.879+0000] {logging_mixin.py:190} INFO - [2025-01-25T16:34:48.879+0000] {dag.py:4180} INFO - Setting next_dagrun for example_setup_teardown to None, run_after=None
[2025-01-25T16:34:49.070+0000] {processor.py:208} INFO - Processing /home/airflow/.local/lib/python3.12/site-packages/airflow/example_dags/example_setup_teardown.py took 0.246 seconds
[2025-01-25T16:35:19.771+0000] {processor.py:186} INFO - Started process (PID=848) to work on /home/airflow/.local/lib/python3.12/site-packages/airflow/example_dags/example_setup_teardown.py
[2025-01-25T16:35:20.002+0000] {processor.py:914} INFO - Processing file /home/airflow/.local/lib/python3.12/site-packages/airflow/example_dags/example_setup_teardown.py for tasks to queue
[2025-01-25T16:35:20.005+0000] {logging_mixin.py:190} INFO - [2025-01-25T16:35:20.005+0000] {dagbag.py:588} INFO - Filling up the DagBag from /home/airflow/.local/lib/python3.12/site-packages/airflow/example_dags/example_setup_teardown.py
[2025-01-25T16:35:20.013+0000] {processor.py:925} INFO - DAG(s) 'example_setup_teardown' retrieved from /home/airflow/.local/lib/python3.12/site-packages/airflow/example_dags/example_setup_teardown.py
[2025-01-25T16:35:20.032+0000] {logging_mixin.py:190} INFO - [2025-01-25T16:35:20.032+0000] {dag.py:3239} INFO - Sync 1 DAGs
[2025-01-25T16:35:20.046+0000] {logging_mixin.py:190} INFO - [2025-01-25T16:35:20.046+0000] {dag.py:4180} INFO - Setting next_dagrun for example_setup_teardown to None, run_after=None
[2025-01-25T16:35:20.068+0000] {processor.py:208} INFO - Processing /home/airflow/.local/lib/python3.12/site-packages/airflow/example_dags/example_setup_teardown.py took 0.302 seconds
[2025-01-25T16:35:50.469+0000] {processor.py:186} INFO - Started process (PID=911) to work on /home/airflow/.local/lib/python3.12/site-packages/airflow/example_dags/example_setup_teardown.py
[2025-01-25T16:35:50.471+0000] {processor.py:914} INFO - Processing file /home/airflow/.local/lib/python3.12/site-packages/airflow/example_dags/example_setup_teardown.py for tasks to queue
[2025-01-25T16:35:50.473+0000] {logging_mixin.py:190} INFO - [2025-01-25T16:35:50.473+0000] {dagbag.py:588} INFO - Filling up the DagBag from /home/airflow/.local/lib/python3.12/site-packages/airflow/example_dags/example_setup_teardown.py
[2025-01-25T16:35:50.482+0000] {processor.py:925} INFO - DAG(s) 'example_setup_teardown' retrieved from /home/airflow/.local/lib/python3.12/site-packages/airflow/example_dags/example_setup_teardown.py
[2025-01-25T16:35:50.502+0000] {logging_mixin.py:190} INFO - [2025-01-25T16:35:50.502+0000] {dag.py:3239} INFO - Sync 1 DAGs
[2025-01-25T16:35:50.517+0000] {logging_mixin.py:190} INFO - [2025-01-25T16:35:50.516+0000] {dag.py:4180} INFO - Setting next_dagrun for example_setup_teardown to None, run_after=None
[2025-01-25T16:35:50.879+0000] {processor.py:208} INFO - Processing /home/airflow/.local/lib/python3.12/site-packages/airflow/example_dags/example_setup_teardown.py took 0.415 seconds
[2025-01-25T16:36:21.225+0000] {processor.py:186} INFO - Started process (PID=974) to work on /home/airflow/.local/lib/python3.12/site-packages/airflow/example_dags/example_setup_teardown.py
[2025-01-25T16:36:21.226+0000] {processor.py:914} INFO - Processing file /home/airflow/.local/lib/python3.12/site-packages/airflow/example_dags/example_setup_teardown.py for tasks to queue
[2025-01-25T16:36:21.228+0000] {logging_mixin.py:190} INFO - [2025-01-25T16:36:21.228+0000] {dagbag.py:588} INFO - Filling up the DagBag from /home/airflow/.local/lib/python3.12/site-packages/airflow/example_dags/example_setup_teardown.py
[2025-01-25T16:36:21.235+0000] {processor.py:925} INFO - DAG(s) 'example_setup_teardown' retrieved from /home/airflow/.local/lib/python3.12/site-packages/airflow/example_dags/example_setup_teardown.py
[2025-01-25T16:36:21.255+0000] {logging_mixin.py:190} INFO - [2025-01-25T16:36:21.255+0000] {dag.py:3239} INFO - Sync 1 DAGs
[2025-01-25T16:36:21.271+0000] {logging_mixin.py:190} INFO - [2025-01-25T16:36:21.270+0000] {dag.py:4180} INFO - Setting next_dagrun for example_setup_teardown to None, run_after=None
[2025-01-25T16:36:21.354+0000] {processor.py:208} INFO - Processing /home/airflow/.local/lib/python3.12/site-packages/airflow/example_dags/example_setup_teardown.py took 0.134 seconds
[2025-01-25T16:36:51.448+0000] {processor.py:186} INFO - Started process (PID=1037) to work on /home/airflow/.local/lib/python3.12/site-packages/airflow/example_dags/example_setup_teardown.py
[2025-01-25T16:36:51.449+0000] {processor.py:914} INFO - Processing file /home/airflow/.local/lib/python3.12/site-packages/airflow/example_dags/example_setup_teardown.py for tasks to queue
[2025-01-25T16:36:51.451+0000] {logging_mixin.py:190} INFO - [2025-01-25T16:36:51.451+0000] {dagbag.py:588} INFO - Filling up the DagBag from /home/airflow/.local/lib/python3.12/site-packages/airflow/example_dags/example_setup_teardown.py
[2025-01-25T16:36:51.459+0000] {processor.py:925} INFO - DAG(s) 'example_setup_teardown' retrieved from /home/airflow/.local/lib/python3.12/site-packages/airflow/example_dags/example_setup_teardown.py
[2025-01-25T16:36:51.478+0000] {logging_mixin.py:190} INFO - [2025-01-25T16:36:51.478+0000] {dag.py:3239} INFO - Sync 1 DAGs
[2025-01-25T16:36:51.492+0000] {logging_mixin.py:190} INFO - [2025-01-25T16:36:51.492+0000] {dag.py:4180} INFO - Setting next_dagrun for example_setup_teardown to None, run_after=None
[2025-01-25T16:36:51.515+0000] {processor.py:208} INFO - Processing /home/airflow/.local/lib/python3.12/site-packages/airflow/example_dags/example_setup_teardown.py took 0.072 seconds
[2025-01-25T16:37:22.173+0000] {processor.py:186} INFO - Started process (PID=1099) to work on /home/airflow/.local/lib/python3.12/site-packages/airflow/example_dags/example_setup_teardown.py
[2025-01-25T16:37:22.174+0000] {processor.py:914} INFO - Processing file /home/airflow/.local/lib/python3.12/site-packages/airflow/example_dags/example_setup_teardown.py for tasks to queue
[2025-01-25T16:37:22.176+0000] {logging_mixin.py:190} INFO - [2025-01-25T16:37:22.176+0000] {dagbag.py:588} INFO - Filling up the DagBag from /home/airflow/.local/lib/python3.12/site-packages/airflow/example_dags/example_setup_teardown.py
[2025-01-25T16:37:22.184+0000] {processor.py:925} INFO - DAG(s) 'example_setup_teardown' retrieved from /home/airflow/.local/lib/python3.12/site-packages/airflow/example_dags/example_setup_teardown.py
[2025-01-25T16:37:22.204+0000] {logging_mixin.py:190} INFO - [2025-01-25T16:37:22.203+0000] {dag.py:3239} INFO - Sync 1 DAGs
[2025-01-25T16:37:22.216+0000] {logging_mixin.py:190} INFO - [2025-01-25T16:37:22.216+0000] {dag.py:4180} INFO - Setting next_dagrun for example_setup_teardown to None, run_after=None
[2025-01-25T16:37:22.328+0000] {processor.py:208} INFO - Processing /home/airflow/.local/lib/python3.12/site-packages/airflow/example_dags/example_setup_teardown.py took 0.159 seconds
