[2025-01-25T16:28:53.268+0000] {processor.py:186} INFO - Started process (PID=62) to work on /home/airflow/.local/lib/python3.12/site-packages/airflow/example_dags/example_datasets.py
[2025-01-25T16:28:53.269+0000] {processor.py:914} INFO - Processing file /home/airflow/.local/lib/python3.12/site-packages/airflow/example_dags/example_datasets.py for tasks to queue
[2025-01-25T16:28:53.272+0000] {logging_mixin.py:190} INFO - [2025-01-25T16:28:53.272+0000] {dagbag.py:588} INFO - Filling up the DagBag from /home/airflow/.local/lib/python3.12/site-packages/airflow/example_dags/example_datasets.py
[2025-01-25T16:28:53.932+0000] {processor.py:925} INFO - DAG(s) 'dataset_consumes_1', 'dataset_consumes_1_and_2', 'dataset_consumes_1_never_scheduled', 'conditional_dataset_and_time_based_timetable', 'dataset_produces_1', 'consume_1_or_2_with_dataset_expressions', 'dataset_consumes_unknown_never_scheduled', 'consume_1_or_both_2_and_3_with_dataset_expressions', 'dataset_produces_2', 'consume_1_and_2_with_dataset_expressions' retrieved from /home/airflow/.local/lib/python3.12/site-packages/airflow/example_dags/example_datasets.py
[2025-01-25T16:28:54.202+0000] {logging_mixin.py:190} INFO - [2025-01-25T16:28:54.202+0000] {override.py:1911} INFO - Created Permission View: can delete on DAG:dataset_consumes_1
[2025-01-25T16:28:54.322+0000] {logging_mixin.py:190} INFO - [2025-01-25T16:28:54.322+0000] {override.py:1911} INFO - Created Permission View: can read on DAG:dataset_consumes_1
[2025-01-25T16:28:54.406+0000] {logging_mixin.py:190} INFO - [2025-01-25T16:28:54.405+0000] {override.py:1911} INFO - Created Permission View: can edit on DAG:dataset_consumes_1
[2025-01-25T16:28:54.619+0000] {logging_mixin.py:190} INFO - [2025-01-25T16:28:54.618+0000] {override.py:1911} INFO - Created Permission View: can delete on DAG Run:dataset_consumes_1
[2025-01-25T16:28:54.700+0000] {logging_mixin.py:190} INFO - [2025-01-25T16:28:54.699+0000] {override.py:1911} INFO - Created Permission View: can create on DAG Run:dataset_consumes_1
[2025-01-25T16:28:54.781+0000] {logging_mixin.py:190} INFO - [2025-01-25T16:28:54.781+0000] {override.py:1911} INFO - Created Permission View: menu access on DAG Run:dataset_consumes_1
[2025-01-25T16:28:54.818+0000] {logging_mixin.py:190} INFO - [2025-01-25T16:28:54.817+0000] {override.py:1911} INFO - Created Permission View: can read on DAG Run:dataset_consumes_1
[2025-01-25T16:28:54.929+0000] {logging_mixin.py:190} INFO - [2025-01-25T16:28:54.928+0000] {override.py:1911} INFO - Created Permission View: can delete on DAG:dataset_consumes_1_and_2
[2025-01-25T16:28:54.946+0000] {logging_mixin.py:190} INFO - [2025-01-25T16:28:54.946+0000] {override.py:1911} INFO - Created Permission View: can read on DAG:dataset_consumes_1_and_2
[2025-01-25T16:28:54.961+0000] {logging_mixin.py:190} INFO - [2025-01-25T16:28:54.961+0000] {override.py:1911} INFO - Created Permission View: can edit on DAG:dataset_consumes_1_and_2
[2025-01-25T16:28:54.981+0000] {logging_mixin.py:190} INFO - [2025-01-25T16:28:54.981+0000] {override.py:1911} INFO - Created Permission View: can delete on DAG Run:dataset_consumes_1_and_2
[2025-01-25T16:28:54.995+0000] {logging_mixin.py:190} INFO - [2025-01-25T16:28:54.995+0000] {override.py:1911} INFO - Created Permission View: can create on DAG Run:dataset_consumes_1_and_2
[2025-01-25T16:28:55.010+0000] {logging_mixin.py:190} INFO - [2025-01-25T16:28:55.009+0000] {override.py:1911} INFO - Created Permission View: menu access on DAG Run:dataset_consumes_1_and_2
[2025-01-25T16:28:55.024+0000] {logging_mixin.py:190} INFO - [2025-01-25T16:28:55.023+0000] {override.py:1911} INFO - Created Permission View: can read on DAG Run:dataset_consumes_1_and_2
[2025-01-25T16:28:55.050+0000] {logging_mixin.py:190} INFO - [2025-01-25T16:28:55.049+0000] {override.py:1911} INFO - Created Permission View: can delete on DAG:dataset_consumes_1_never_scheduled
[2025-01-25T16:28:55.062+0000] {logging_mixin.py:190} INFO - [2025-01-25T16:28:55.062+0000] {override.py:1911} INFO - Created Permission View: can read on DAG:dataset_consumes_1_never_scheduled
[2025-01-25T16:28:55.080+0000] {logging_mixin.py:190} INFO - [2025-01-25T16:28:55.080+0000] {override.py:1911} INFO - Created Permission View: can edit on DAG:dataset_consumes_1_never_scheduled
[2025-01-25T16:28:55.097+0000] {logging_mixin.py:190} INFO - [2025-01-25T16:28:55.096+0000] {override.py:1911} INFO - Created Permission View: can delete on DAG Run:dataset_consumes_1_never_scheduled
[2025-01-25T16:28:55.110+0000] {logging_mixin.py:190} INFO - [2025-01-25T16:28:55.110+0000] {override.py:1911} INFO - Created Permission View: can create on DAG Run:dataset_consumes_1_never_scheduled
[2025-01-25T16:28:55.124+0000] {logging_mixin.py:190} INFO - [2025-01-25T16:28:55.123+0000] {override.py:1911} INFO - Created Permission View: menu access on DAG Run:dataset_consumes_1_never_scheduled
[2025-01-25T16:28:55.139+0000] {logging_mixin.py:190} INFO - [2025-01-25T16:28:55.139+0000] {override.py:1911} INFO - Created Permission View: can read on DAG Run:dataset_consumes_1_never_scheduled
[2025-01-25T16:28:55.164+0000] {logging_mixin.py:190} INFO - [2025-01-25T16:28:55.164+0000] {override.py:1911} INFO - Created Permission View: can delete on DAG:conditional_dataset_and_time_based_timetable
[2025-01-25T16:28:55.180+0000] {logging_mixin.py:190} INFO - [2025-01-25T16:28:55.179+0000] {override.py:1911} INFO - Created Permission View: can read on DAG:conditional_dataset_and_time_based_timetable
[2025-01-25T16:28:55.198+0000] {logging_mixin.py:190} INFO - [2025-01-25T16:28:55.197+0000] {override.py:1911} INFO - Created Permission View: can edit on DAG:conditional_dataset_and_time_based_timetable
[2025-01-25T16:28:55.221+0000] {logging_mixin.py:190} INFO - [2025-01-25T16:28:55.220+0000] {override.py:1911} INFO - Created Permission View: can delete on DAG Run:conditional_dataset_and_time_based_timetable
[2025-01-25T16:28:55.262+0000] {logging_mixin.py:190} INFO - [2025-01-25T16:28:55.259+0000] {override.py:1911} INFO - Created Permission View: can create on DAG Run:conditional_dataset_and_time_based_timetable
[2025-01-25T16:28:55.288+0000] {logging_mixin.py:190} INFO - [2025-01-25T16:28:55.287+0000] {override.py:1911} INFO - Created Permission View: menu access on DAG Run:conditional_dataset_and_time_based_timetable
[2025-01-25T16:28:55.308+0000] {logging_mixin.py:190} INFO - [2025-01-25T16:28:55.307+0000] {override.py:1911} INFO - Created Permission View: can read on DAG Run:conditional_dataset_and_time_based_timetable
[2025-01-25T16:28:55.344+0000] {logging_mixin.py:190} INFO - [2025-01-25T16:28:55.343+0000] {override.py:1911} INFO - Created Permission View: can delete on DAG:dataset_produces_1
[2025-01-25T16:28:55.362+0000] {logging_mixin.py:190} INFO - [2025-01-25T16:28:55.361+0000] {override.py:1911} INFO - Created Permission View: can read on DAG:dataset_produces_1
[2025-01-25T16:28:55.379+0000] {logging_mixin.py:190} INFO - [2025-01-25T16:28:55.378+0000] {override.py:1911} INFO - Created Permission View: can edit on DAG:dataset_produces_1
[2025-01-25T16:28:55.400+0000] {logging_mixin.py:190} INFO - [2025-01-25T16:28:55.400+0000] {override.py:1911} INFO - Created Permission View: can delete on DAG Run:dataset_produces_1
[2025-01-25T16:28:55.415+0000] {logging_mixin.py:190} INFO - [2025-01-25T16:28:55.415+0000] {override.py:1911} INFO - Created Permission View: can create on DAG Run:dataset_produces_1
[2025-01-25T16:28:55.430+0000] {logging_mixin.py:190} INFO - [2025-01-25T16:28:55.429+0000] {override.py:1911} INFO - Created Permission View: menu access on DAG Run:dataset_produces_1
[2025-01-25T16:28:55.446+0000] {logging_mixin.py:190} INFO - [2025-01-25T16:28:55.445+0000] {override.py:1911} INFO - Created Permission View: can read on DAG Run:dataset_produces_1
[2025-01-25T16:28:55.471+0000] {logging_mixin.py:190} INFO - [2025-01-25T16:28:55.471+0000] {override.py:1911} INFO - Created Permission View: can delete on DAG:consume_1_or_2_with_dataset_expressions
[2025-01-25T16:28:55.486+0000] {logging_mixin.py:190} INFO - [2025-01-25T16:28:55.486+0000] {override.py:1911} INFO - Created Permission View: can read on DAG:consume_1_or_2_with_dataset_expressions
[2025-01-25T16:28:55.502+0000] {logging_mixin.py:190} INFO - [2025-01-25T16:28:55.502+0000] {override.py:1911} INFO - Created Permission View: can edit on DAG:consume_1_or_2_with_dataset_expressions
[2025-01-25T16:28:55.520+0000] {logging_mixin.py:190} INFO - [2025-01-25T16:28:55.520+0000] {override.py:1911} INFO - Created Permission View: can delete on DAG Run:consume_1_or_2_with_dataset_expressions
[2025-01-25T16:28:55.534+0000] {logging_mixin.py:190} INFO - [2025-01-25T16:28:55.533+0000] {override.py:1911} INFO - Created Permission View: can create on DAG Run:consume_1_or_2_with_dataset_expressions
[2025-01-25T16:28:55.548+0000] {logging_mixin.py:190} INFO - [2025-01-25T16:28:55.547+0000] {override.py:1911} INFO - Created Permission View: menu access on DAG Run:consume_1_or_2_with_dataset_expressions
[2025-01-25T16:28:55.561+0000] {logging_mixin.py:190} INFO - [2025-01-25T16:28:55.561+0000] {override.py:1911} INFO - Created Permission View: can read on DAG Run:consume_1_or_2_with_dataset_expressions
[2025-01-25T16:28:55.583+0000] {logging_mixin.py:190} INFO - [2025-01-25T16:28:55.583+0000] {override.py:1911} INFO - Created Permission View: can delete on DAG:dataset_consumes_unknown_never_scheduled
[2025-01-25T16:28:55.596+0000] {logging_mixin.py:190} INFO - [2025-01-25T16:28:55.596+0000] {override.py:1911} INFO - Created Permission View: can read on DAG:dataset_consumes_unknown_never_scheduled
[2025-01-25T16:28:55.610+0000] {logging_mixin.py:190} INFO - [2025-01-25T16:28:55.609+0000] {override.py:1911} INFO - Created Permission View: can edit on DAG:dataset_consumes_unknown_never_scheduled
[2025-01-25T16:28:55.628+0000] {logging_mixin.py:190} INFO - [2025-01-25T16:28:55.628+0000] {override.py:1911} INFO - Created Permission View: can delete on DAG Run:dataset_consumes_unknown_never_scheduled
[2025-01-25T16:28:55.641+0000] {logging_mixin.py:190} INFO - [2025-01-25T16:28:55.640+0000] {override.py:1911} INFO - Created Permission View: can create on DAG Run:dataset_consumes_unknown_never_scheduled
[2025-01-25T16:28:55.655+0000] {logging_mixin.py:190} INFO - [2025-01-25T16:28:55.655+0000] {override.py:1911} INFO - Created Permission View: menu access on DAG Run:dataset_consumes_unknown_never_scheduled
[2025-01-25T16:28:55.672+0000] {logging_mixin.py:190} INFO - [2025-01-25T16:28:55.671+0000] {override.py:1911} INFO - Created Permission View: can read on DAG Run:dataset_consumes_unknown_never_scheduled
[2025-01-25T16:28:55.695+0000] {logging_mixin.py:190} INFO - [2025-01-25T16:28:55.694+0000] {override.py:1911} INFO - Created Permission View: can delete on DAG:consume_1_or_both_2_and_3_with_dataset_expressions
[2025-01-25T16:28:55.708+0000] {logging_mixin.py:190} INFO - [2025-01-25T16:28:55.707+0000] {override.py:1911} INFO - Created Permission View: can read on DAG:consume_1_or_both_2_and_3_with_dataset_expressions
[2025-01-25T16:28:55.725+0000] {logging_mixin.py:190} INFO - [2025-01-25T16:28:55.724+0000] {override.py:1911} INFO - Created Permission View: can edit on DAG:consume_1_or_both_2_and_3_with_dataset_expressions
[2025-01-25T16:28:55.743+0000] {logging_mixin.py:190} INFO - [2025-01-25T16:28:55.743+0000] {override.py:1911} INFO - Created Permission View: can delete on DAG Run:consume_1_or_both_2_and_3_with_dataset_expressions
[2025-01-25T16:28:55.759+0000] {logging_mixin.py:190} INFO - [2025-01-25T16:28:55.758+0000] {override.py:1911} INFO - Created Permission View: can create on DAG Run:consume_1_or_both_2_and_3_with_dataset_expressions
[2025-01-25T16:28:55.773+0000] {logging_mixin.py:190} INFO - [2025-01-25T16:28:55.773+0000] {override.py:1911} INFO - Created Permission View: menu access on DAG Run:consume_1_or_both_2_and_3_with_dataset_expressions
[2025-01-25T16:28:55.788+0000] {logging_mixin.py:190} INFO - [2025-01-25T16:28:55.788+0000] {override.py:1911} INFO - Created Permission View: can read on DAG Run:consume_1_or_both_2_and_3_with_dataset_expressions
[2025-01-25T16:28:55.814+0000] {logging_mixin.py:190} INFO - [2025-01-25T16:28:55.813+0000] {override.py:1911} INFO - Created Permission View: can delete on DAG:dataset_produces_2
[2025-01-25T16:28:55.828+0000] {logging_mixin.py:190} INFO - [2025-01-25T16:28:55.827+0000] {override.py:1911} INFO - Created Permission View: can read on DAG:dataset_produces_2
[2025-01-25T16:28:55.842+0000] {logging_mixin.py:190} INFO - [2025-01-25T16:28:55.841+0000] {override.py:1911} INFO - Created Permission View: can edit on DAG:dataset_produces_2
[2025-01-25T16:28:55.861+0000] {logging_mixin.py:190} INFO - [2025-01-25T16:28:55.860+0000] {override.py:1911} INFO - Created Permission View: can delete on DAG Run:dataset_produces_2
[2025-01-25T16:28:55.874+0000] {logging_mixin.py:190} INFO - [2025-01-25T16:28:55.873+0000] {override.py:1911} INFO - Created Permission View: can create on DAG Run:dataset_produces_2
[2025-01-25T16:28:55.887+0000] {logging_mixin.py:190} INFO - [2025-01-25T16:28:55.887+0000] {override.py:1911} INFO - Created Permission View: menu access on DAG Run:dataset_produces_2
[2025-01-25T16:28:55.900+0000] {logging_mixin.py:190} INFO - [2025-01-25T16:28:55.900+0000] {override.py:1911} INFO - Created Permission View: can read on DAG Run:dataset_produces_2
[2025-01-25T16:28:55.922+0000] {logging_mixin.py:190} INFO - [2025-01-25T16:28:55.922+0000] {override.py:1911} INFO - Created Permission View: can delete on DAG:consume_1_and_2_with_dataset_expressions
[2025-01-25T16:28:55.933+0000] {logging_mixin.py:190} INFO - [2025-01-25T16:28:55.933+0000] {override.py:1911} INFO - Created Permission View: can read on DAG:consume_1_and_2_with_dataset_expressions
[2025-01-25T16:28:55.948+0000] {logging_mixin.py:190} INFO - [2025-01-25T16:28:55.948+0000] {override.py:1911} INFO - Created Permission View: can edit on DAG:consume_1_and_2_with_dataset_expressions
[2025-01-25T16:28:55.972+0000] {logging_mixin.py:190} INFO - [2025-01-25T16:28:55.972+0000] {override.py:1911} INFO - Created Permission View: can delete on DAG Run:consume_1_and_2_with_dataset_expressions
[2025-01-25T16:28:55.984+0000] {logging_mixin.py:190} INFO - [2025-01-25T16:28:55.984+0000] {override.py:1911} INFO - Created Permission View: can create on DAG Run:consume_1_and_2_with_dataset_expressions
[2025-01-25T16:28:55.996+0000] {logging_mixin.py:190} INFO - [2025-01-25T16:28:55.995+0000] {override.py:1911} INFO - Created Permission View: menu access on DAG Run:consume_1_and_2_with_dataset_expressions
[2025-01-25T16:28:56.010+0000] {logging_mixin.py:190} INFO - [2025-01-25T16:28:56.009+0000] {override.py:1911} INFO - Created Permission View: can read on DAG Run:consume_1_and_2_with_dataset_expressions
[2025-01-25T16:28:56.011+0000] {logging_mixin.py:190} INFO - [2025-01-25T16:28:56.010+0000] {dag.py:3239} INFO - Sync 10 DAGs
[2025-01-25T16:28:56.027+0000] {logging_mixin.py:190} INFO - [2025-01-25T16:28:56.026+0000] {dag.py:3262} INFO - Creating ORM DAG for dataset_consumes_1
[2025-01-25T16:28:56.028+0000] {logging_mixin.py:190} INFO - [2025-01-25T16:28:56.028+0000] {dag.py:3262} INFO - Creating ORM DAG for dataset_consumes_unknown_never_scheduled
[2025-01-25T16:28:56.029+0000] {logging_mixin.py:190} INFO - [2025-01-25T16:28:56.029+0000] {dag.py:3262} INFO - Creating ORM DAG for conditional_dataset_and_time_based_timetable
[2025-01-25T16:28:56.031+0000] {logging_mixin.py:190} INFO - [2025-01-25T16:28:56.030+0000] {dag.py:3262} INFO - Creating ORM DAG for dataset_consumes_1_never_scheduled
[2025-01-25T16:28:56.032+0000] {logging_mixin.py:190} INFO - [2025-01-25T16:28:56.032+0000] {dag.py:3262} INFO - Creating ORM DAG for dataset_produces_2
[2025-01-25T16:28:56.033+0000] {logging_mixin.py:190} INFO - [2025-01-25T16:28:56.033+0000] {dag.py:3262} INFO - Creating ORM DAG for dataset_produces_1
[2025-01-25T16:28:56.034+0000] {logging_mixin.py:190} INFO - [2025-01-25T16:28:56.034+0000] {dag.py:3262} INFO - Creating ORM DAG for dataset_consumes_1_and_2
[2025-01-25T16:28:56.035+0000] {logging_mixin.py:190} INFO - [2025-01-25T16:28:56.035+0000] {dag.py:3262} INFO - Creating ORM DAG for consume_1_or_2_with_dataset_expressions
[2025-01-25T16:28:56.036+0000] {logging_mixin.py:190} INFO - [2025-01-25T16:28:56.036+0000] {dag.py:3262} INFO - Creating ORM DAG for consume_1_and_2_with_dataset_expressions
[2025-01-25T16:28:56.038+0000] {logging_mixin.py:190} INFO - [2025-01-25T16:28:56.037+0000] {dag.py:3262} INFO - Creating ORM DAG for consume_1_or_both_2_and_3_with_dataset_expressions
[2025-01-25T16:28:56.050+0000] {logging_mixin.py:190} INFO - [2025-01-25T16:28:56.050+0000] {dag.py:4180} INFO - Setting next_dagrun for conditional_dataset_and_time_based_timetable to 2025-01-22 01:00:00+00:00, run_after=2025-01-22 01:00:00+00:00
[2025-01-25T16:28:56.052+0000] {logging_mixin.py:190} INFO - [2025-01-25T16:28:56.052+0000] {dag.py:4180} INFO - Setting next_dagrun for consume_1_and_2_with_dataset_expressions to None, run_after=None
[2025-01-25T16:28:56.053+0000] {logging_mixin.py:190} INFO - [2025-01-25T16:28:56.052+0000] {dag.py:4180} INFO - Setting next_dagrun for consume_1_or_2_with_dataset_expressions to None, run_after=None
[2025-01-25T16:28:56.054+0000] {logging_mixin.py:190} INFO - [2025-01-25T16:28:56.053+0000] {dag.py:4180} INFO - Setting next_dagrun for consume_1_or_both_2_and_3_with_dataset_expressions to None, run_after=None
[2025-01-25T16:28:56.055+0000] {logging_mixin.py:190} INFO - [2025-01-25T16:28:56.054+0000] {dag.py:4180} INFO - Setting next_dagrun for dataset_consumes_1 to None, run_after=None
[2025-01-25T16:28:56.056+0000] {logging_mixin.py:190} INFO - [2025-01-25T16:28:56.055+0000] {dag.py:4180} INFO - Setting next_dagrun for dataset_consumes_1_and_2 to None, run_after=None
[2025-01-25T16:28:56.057+0000] {logging_mixin.py:190} INFO - [2025-01-25T16:28:56.056+0000] {dag.py:4180} INFO - Setting next_dagrun for dataset_consumes_1_never_scheduled to None, run_after=None
[2025-01-25T16:28:56.057+0000] {logging_mixin.py:190} INFO - [2025-01-25T16:28:56.057+0000] {dag.py:4180} INFO - Setting next_dagrun for dataset_consumes_unknown_never_scheduled to None, run_after=None
[2025-01-25T16:28:56.061+0000] {logging_mixin.py:190} INFO - [2025-01-25T16:28:56.061+0000] {dag.py:4180} INFO - Setting next_dagrun for dataset_produces_1 to 2025-01-24 00:00:00+00:00, run_after=2025-01-25 00:00:00+00:00
[2025-01-25T16:28:56.063+0000] {logging_mixin.py:190} INFO - [2025-01-25T16:28:56.062+0000] {dag.py:4180} INFO - Setting next_dagrun for dataset_produces_2 to None, run_after=None
[2025-01-25T16:28:56.139+0000] {processor.py:208} INFO - Processing /home/airflow/.local/lib/python3.12/site-packages/airflow/example_dags/example_datasets.py took 2.876 seconds
[2025-01-25T16:29:26.307+0000] {processor.py:186} INFO - Started process (PID=128) to work on /home/airflow/.local/lib/python3.12/site-packages/airflow/example_dags/example_datasets.py
[2025-01-25T16:29:26.308+0000] {processor.py:914} INFO - Processing file /home/airflow/.local/lib/python3.12/site-packages/airflow/example_dags/example_datasets.py for tasks to queue
[2025-01-25T16:29:26.310+0000] {logging_mixin.py:190} INFO - [2025-01-25T16:29:26.310+0000] {dagbag.py:588} INFO - Filling up the DagBag from /home/airflow/.local/lib/python3.12/site-packages/airflow/example_dags/example_datasets.py
[2025-01-25T16:29:26.891+0000] {processor.py:925} INFO - DAG(s) 'consume_1_and_2_with_dataset_expressions', 'dataset_consumes_unknown_never_scheduled', 'dataset_consumes_1', 'dataset_produces_1', 'dataset_consumes_1_and_2', 'consume_1_or_2_with_dataset_expressions', 'dataset_consumes_1_never_scheduled', 'dataset_produces_2', 'consume_1_or_both_2_and_3_with_dataset_expressions', 'conditional_dataset_and_time_based_timetable' retrieved from /home/airflow/.local/lib/python3.12/site-packages/airflow/example_dags/example_datasets.py
[2025-01-25T16:29:26.959+0000] {logging_mixin.py:190} INFO - [2025-01-25T16:29:26.959+0000] {dag.py:3239} INFO - Sync 10 DAGs
[2025-01-25T16:29:26.988+0000] {logging_mixin.py:190} INFO - [2025-01-25T16:29:26.988+0000] {dag.py:4180} INFO - Setting next_dagrun for conditional_dataset_and_time_based_timetable to 2025-01-22 01:00:00+00:00, run_after=2025-01-22 01:00:00+00:00
[2025-01-25T16:29:26.996+0000] {logging_mixin.py:190} INFO - [2025-01-25T16:29:26.995+0000] {dag.py:4180} INFO - Setting next_dagrun for consume_1_and_2_with_dataset_expressions to None, run_after=None
[2025-01-25T16:29:27.001+0000] {logging_mixin.py:190} INFO - [2025-01-25T16:29:27.000+0000] {dag.py:4180} INFO - Setting next_dagrun for consume_1_or_2_with_dataset_expressions to None, run_after=None
[2025-01-25T16:29:27.003+0000] {logging_mixin.py:190} INFO - [2025-01-25T16:29:27.003+0000] {dag.py:4180} INFO - Setting next_dagrun for consume_1_or_both_2_and_3_with_dataset_expressions to None, run_after=None
[2025-01-25T16:29:27.010+0000] {logging_mixin.py:190} INFO - [2025-01-25T16:29:27.010+0000] {dag.py:4180} INFO - Setting next_dagrun for dataset_consumes_1 to None, run_after=None
[2025-01-25T16:29:27.013+0000] {logging_mixin.py:190} INFO - [2025-01-25T16:29:27.012+0000] {dag.py:4180} INFO - Setting next_dagrun for dataset_consumes_1_and_2 to None, run_after=None
[2025-01-25T16:29:27.015+0000] {logging_mixin.py:190} INFO - [2025-01-25T16:29:27.015+0000] {dag.py:4180} INFO - Setting next_dagrun for dataset_consumes_1_never_scheduled to None, run_after=None
[2025-01-25T16:29:27.017+0000] {logging_mixin.py:190} INFO - [2025-01-25T16:29:27.017+0000] {dag.py:4180} INFO - Setting next_dagrun for dataset_consumes_unknown_never_scheduled to None, run_after=None
[2025-01-25T16:29:27.021+0000] {logging_mixin.py:190} INFO - [2025-01-25T16:29:27.021+0000] {dag.py:4180} INFO - Setting next_dagrun for dataset_produces_1 to 2025-01-24 00:00:00+00:00, run_after=2025-01-25 00:00:00+00:00
[2025-01-25T16:29:27.024+0000] {logging_mixin.py:190} INFO - [2025-01-25T16:29:27.023+0000] {dag.py:4180} INFO - Setting next_dagrun for dataset_produces_2 to None, run_after=None
[2025-01-25T16:29:27.081+0000] {processor.py:208} INFO - Processing /home/airflow/.local/lib/python3.12/site-packages/airflow/example_dags/example_datasets.py took 0.779 seconds
[2025-01-25T16:29:57.349+0000] {processor.py:186} INFO - Started process (PID=191) to work on /home/airflow/.local/lib/python3.12/site-packages/airflow/example_dags/example_datasets.py
[2025-01-25T16:29:57.350+0000] {processor.py:914} INFO - Processing file /home/airflow/.local/lib/python3.12/site-packages/airflow/example_dags/example_datasets.py for tasks to queue
[2025-01-25T16:29:57.352+0000] {logging_mixin.py:190} INFO - [2025-01-25T16:29:57.352+0000] {dagbag.py:588} INFO - Filling up the DagBag from /home/airflow/.local/lib/python3.12/site-packages/airflow/example_dags/example_datasets.py
[2025-01-25T16:29:57.911+0000] {processor.py:925} INFO - DAG(s) 'dataset_produces_1', 'consume_1_or_2_with_dataset_expressions', 'consume_1_or_both_2_and_3_with_dataset_expressions', 'dataset_consumes_unknown_never_scheduled', 'conditional_dataset_and_time_based_timetable', 'dataset_consumes_1_and_2', 'dataset_produces_2', 'dataset_consumes_1_never_scheduled', 'consume_1_and_2_with_dataset_expressions', 'dataset_consumes_1' retrieved from /home/airflow/.local/lib/python3.12/site-packages/airflow/example_dags/example_datasets.py
[2025-01-25T16:29:57.963+0000] {logging_mixin.py:190} INFO - [2025-01-25T16:29:57.963+0000] {dag.py:3239} INFO - Sync 10 DAGs
[2025-01-25T16:29:57.991+0000] {logging_mixin.py:190} INFO - [2025-01-25T16:29:57.990+0000] {dag.py:4180} INFO - Setting next_dagrun for conditional_dataset_and_time_based_timetable to 2025-01-22 01:00:00+00:00, run_after=2025-01-22 01:00:00+00:00
[2025-01-25T16:29:57.996+0000] {logging_mixin.py:190} INFO - [2025-01-25T16:29:57.995+0000] {dag.py:4180} INFO - Setting next_dagrun for consume_1_and_2_with_dataset_expressions to None, run_after=None
[2025-01-25T16:29:57.999+0000] {logging_mixin.py:190} INFO - [2025-01-25T16:29:57.999+0000] {dag.py:4180} INFO - Setting next_dagrun for consume_1_or_2_with_dataset_expressions to None, run_after=None
[2025-01-25T16:29:58.002+0000] {logging_mixin.py:190} INFO - [2025-01-25T16:29:58.002+0000] {dag.py:4180} INFO - Setting next_dagrun for consume_1_or_both_2_and_3_with_dataset_expressions to None, run_after=None
[2025-01-25T16:29:58.004+0000] {logging_mixin.py:190} INFO - [2025-01-25T16:29:58.004+0000] {dag.py:4180} INFO - Setting next_dagrun for dataset_consumes_1 to None, run_after=None
[2025-01-25T16:29:58.007+0000] {logging_mixin.py:190} INFO - [2025-01-25T16:29:58.007+0000] {dag.py:4180} INFO - Setting next_dagrun for dataset_consumes_1_and_2 to None, run_after=None
[2025-01-25T16:29:58.009+0000] {logging_mixin.py:190} INFO - [2025-01-25T16:29:58.009+0000] {dag.py:4180} INFO - Setting next_dagrun for dataset_consumes_1_never_scheduled to None, run_after=None
[2025-01-25T16:29:58.012+0000] {logging_mixin.py:190} INFO - [2025-01-25T16:29:58.011+0000] {dag.py:4180} INFO - Setting next_dagrun for dataset_consumes_unknown_never_scheduled to None, run_after=None
[2025-01-25T16:29:58.015+0000] {logging_mixin.py:190} INFO - [2025-01-25T16:29:58.015+0000] {dag.py:4180} INFO - Setting next_dagrun for dataset_produces_1 to 2025-01-24 00:00:00+00:00, run_after=2025-01-25 00:00:00+00:00
[2025-01-25T16:29:58.020+0000] {logging_mixin.py:190} INFO - [2025-01-25T16:29:58.020+0000] {dag.py:4180} INFO - Setting next_dagrun for dataset_produces_2 to None, run_after=None
[2025-01-25T16:29:58.495+0000] {processor.py:208} INFO - Processing /home/airflow/.local/lib/python3.12/site-packages/airflow/example_dags/example_datasets.py took 1.152 seconds
[2025-01-25T16:30:29.136+0000] {processor.py:186} INFO - Started process (PID=256) to work on /home/airflow/.local/lib/python3.12/site-packages/airflow/example_dags/example_datasets.py
[2025-01-25T16:30:29.137+0000] {processor.py:914} INFO - Processing file /home/airflow/.local/lib/python3.12/site-packages/airflow/example_dags/example_datasets.py for tasks to queue
[2025-01-25T16:30:29.140+0000] {logging_mixin.py:190} INFO - [2025-01-25T16:30:29.139+0000] {dagbag.py:588} INFO - Filling up the DagBag from /home/airflow/.local/lib/python3.12/site-packages/airflow/example_dags/example_datasets.py
[2025-01-25T16:30:29.718+0000] {processor.py:925} INFO - DAG(s) 'dataset_consumes_1', 'consume_1_and_2_with_dataset_expressions', 'consume_1_or_both_2_and_3_with_dataset_expressions', 'dataset_consumes_1_never_scheduled', 'dataset_produces_2', 'consume_1_or_2_with_dataset_expressions', 'dataset_consumes_1_and_2', 'dataset_consumes_unknown_never_scheduled', 'conditional_dataset_and_time_based_timetable', 'dataset_produces_1' retrieved from /home/airflow/.local/lib/python3.12/site-packages/airflow/example_dags/example_datasets.py
[2025-01-25T16:30:29.768+0000] {logging_mixin.py:190} INFO - [2025-01-25T16:30:29.767+0000] {dag.py:3239} INFO - Sync 10 DAGs
[2025-01-25T16:30:29.792+0000] {logging_mixin.py:190} INFO - [2025-01-25T16:30:29.791+0000] {dag.py:4180} INFO - Setting next_dagrun for conditional_dataset_and_time_based_timetable to 2025-01-22 01:00:00+00:00, run_after=2025-01-22 01:00:00+00:00
[2025-01-25T16:30:29.796+0000] {logging_mixin.py:190} INFO - [2025-01-25T16:30:29.796+0000] {dag.py:4180} INFO - Setting next_dagrun for consume_1_and_2_with_dataset_expressions to None, run_after=None
[2025-01-25T16:30:29.798+0000] {logging_mixin.py:190} INFO - [2025-01-25T16:30:29.798+0000] {dag.py:4180} INFO - Setting next_dagrun for consume_1_or_2_with_dataset_expressions to None, run_after=None
[2025-01-25T16:30:29.800+0000] {logging_mixin.py:190} INFO - [2025-01-25T16:30:29.800+0000] {dag.py:4180} INFO - Setting next_dagrun for consume_1_or_both_2_and_3_with_dataset_expressions to None, run_after=None
[2025-01-25T16:30:29.802+0000] {logging_mixin.py:190} INFO - [2025-01-25T16:30:29.802+0000] {dag.py:4180} INFO - Setting next_dagrun for dataset_consumes_1 to None, run_after=None
[2025-01-25T16:30:29.804+0000] {logging_mixin.py:190} INFO - [2025-01-25T16:30:29.804+0000] {dag.py:4180} INFO - Setting next_dagrun for dataset_consumes_1_and_2 to None, run_after=None
[2025-01-25T16:30:29.806+0000] {logging_mixin.py:190} INFO - [2025-01-25T16:30:29.806+0000] {dag.py:4180} INFO - Setting next_dagrun for dataset_consumes_1_never_scheduled to None, run_after=None
[2025-01-25T16:30:29.808+0000] {logging_mixin.py:190} INFO - [2025-01-25T16:30:29.808+0000] {dag.py:4180} INFO - Setting next_dagrun for dataset_consumes_unknown_never_scheduled to None, run_after=None
[2025-01-25T16:30:29.811+0000] {logging_mixin.py:190} INFO - [2025-01-25T16:30:29.811+0000] {dag.py:4180} INFO - Setting next_dagrun for dataset_produces_1 to 2025-01-24 00:00:00+00:00, run_after=2025-01-25 00:00:00+00:00
[2025-01-25T16:30:29.813+0000] {logging_mixin.py:190} INFO - [2025-01-25T16:30:29.813+0000] {dag.py:4180} INFO - Setting next_dagrun for dataset_produces_2 to None, run_after=None
[2025-01-25T16:30:29.874+0000] {processor.py:208} INFO - Processing /home/airflow/.local/lib/python3.12/site-packages/airflow/example_dags/example_datasets.py took 0.745 seconds
[2025-01-25T16:31:00.827+0000] {processor.py:186} INFO - Started process (PID=320) to work on /home/airflow/.local/lib/python3.12/site-packages/airflow/example_dags/example_datasets.py
[2025-01-25T16:31:00.828+0000] {processor.py:914} INFO - Processing file /home/airflow/.local/lib/python3.12/site-packages/airflow/example_dags/example_datasets.py for tasks to queue
[2025-01-25T16:31:00.830+0000] {logging_mixin.py:190} INFO - [2025-01-25T16:31:00.830+0000] {dagbag.py:588} INFO - Filling up the DagBag from /home/airflow/.local/lib/python3.12/site-packages/airflow/example_dags/example_datasets.py
[2025-01-25T16:31:01.469+0000] {processor.py:925} INFO - DAG(s) 'consume_1_and_2_with_dataset_expressions', 'dataset_consumes_1_never_scheduled', 'dataset_consumes_1', 'dataset_produces_1', 'consume_1_or_2_with_dataset_expressions', 'conditional_dataset_and_time_based_timetable', 'dataset_consumes_unknown_never_scheduled', 'dataset_produces_2', 'consume_1_or_both_2_and_3_with_dataset_expressions', 'dataset_consumes_1_and_2' retrieved from /home/airflow/.local/lib/python3.12/site-packages/airflow/example_dags/example_datasets.py
[2025-01-25T16:31:01.522+0000] {logging_mixin.py:190} INFO - [2025-01-25T16:31:01.522+0000] {dag.py:3239} INFO - Sync 10 DAGs
[2025-01-25T16:31:01.550+0000] {logging_mixin.py:190} INFO - [2025-01-25T16:31:01.550+0000] {dag.py:4180} INFO - Setting next_dagrun for conditional_dataset_and_time_based_timetable to 2025-01-22 01:00:00+00:00, run_after=2025-01-22 01:00:00+00:00
[2025-01-25T16:31:01.555+0000] {logging_mixin.py:190} INFO - [2025-01-25T16:31:01.554+0000] {dag.py:4180} INFO - Setting next_dagrun for consume_1_and_2_with_dataset_expressions to None, run_after=None
[2025-01-25T16:31:01.557+0000] {logging_mixin.py:190} INFO - [2025-01-25T16:31:01.557+0000] {dag.py:4180} INFO - Setting next_dagrun for consume_1_or_2_with_dataset_expressions to None, run_after=None
[2025-01-25T16:31:01.559+0000] {logging_mixin.py:190} INFO - [2025-01-25T16:31:01.559+0000] {dag.py:4180} INFO - Setting next_dagrun for consume_1_or_both_2_and_3_with_dataset_expressions to None, run_after=None
[2025-01-25T16:31:01.561+0000] {logging_mixin.py:190} INFO - [2025-01-25T16:31:01.561+0000] {dag.py:4180} INFO - Setting next_dagrun for dataset_consumes_1 to None, run_after=None
[2025-01-25T16:31:01.563+0000] {logging_mixin.py:190} INFO - [2025-01-25T16:31:01.563+0000] {dag.py:4180} INFO - Setting next_dagrun for dataset_consumes_1_and_2 to None, run_after=None
[2025-01-25T16:31:01.565+0000] {logging_mixin.py:190} INFO - [2025-01-25T16:31:01.565+0000] {dag.py:4180} INFO - Setting next_dagrun for dataset_consumes_1_never_scheduled to None, run_after=None
[2025-01-25T16:31:01.568+0000] {logging_mixin.py:190} INFO - [2025-01-25T16:31:01.567+0000] {dag.py:4180} INFO - Setting next_dagrun for dataset_consumes_unknown_never_scheduled to None, run_after=None
[2025-01-25T16:31:01.571+0000] {logging_mixin.py:190} INFO - [2025-01-25T16:31:01.571+0000] {dag.py:4180} INFO - Setting next_dagrun for dataset_produces_1 to 2025-01-24 00:00:00+00:00, run_after=2025-01-25 00:00:00+00:00
[2025-01-25T16:31:01.573+0000] {logging_mixin.py:190} INFO - [2025-01-25T16:31:01.573+0000] {dag.py:4180} INFO - Setting next_dagrun for dataset_produces_2 to None, run_after=None
[2025-01-25T16:31:01.621+0000] {processor.py:208} INFO - Processing /home/airflow/.local/lib/python3.12/site-packages/airflow/example_dags/example_datasets.py took 0.800 seconds
[2025-01-25T16:31:32.621+0000] {processor.py:186} INFO - Started process (PID=385) to work on /home/airflow/.local/lib/python3.12/site-packages/airflow/example_dags/example_datasets.py
[2025-01-25T16:31:32.622+0000] {processor.py:914} INFO - Processing file /home/airflow/.local/lib/python3.12/site-packages/airflow/example_dags/example_datasets.py for tasks to queue
[2025-01-25T16:31:32.625+0000] {logging_mixin.py:190} INFO - [2025-01-25T16:31:32.624+0000] {dagbag.py:588} INFO - Filling up the DagBag from /home/airflow/.local/lib/python3.12/site-packages/airflow/example_dags/example_datasets.py
[2025-01-25T16:31:33.175+0000] {processor.py:925} INFO - DAG(s) 'dataset_consumes_1', 'consume_1_and_2_with_dataset_expressions', 'dataset_consumes_unknown_never_scheduled', 'dataset_produces_2', 'consume_1_or_both_2_and_3_with_dataset_expressions', 'dataset_consumes_1_never_scheduled', 'conditional_dataset_and_time_based_timetable', 'dataset_consumes_1_and_2', 'consume_1_or_2_with_dataset_expressions', 'dataset_produces_1' retrieved from /home/airflow/.local/lib/python3.12/site-packages/airflow/example_dags/example_datasets.py
[2025-01-25T16:31:33.224+0000] {logging_mixin.py:190} INFO - [2025-01-25T16:31:33.223+0000] {dag.py:3239} INFO - Sync 10 DAGs
[2025-01-25T16:31:33.250+0000] {logging_mixin.py:190} INFO - [2025-01-25T16:31:33.249+0000] {dag.py:4180} INFO - Setting next_dagrun for conditional_dataset_and_time_based_timetable to 2025-01-22 01:00:00+00:00, run_after=2025-01-22 01:00:00+00:00
[2025-01-25T16:31:33.254+0000] {logging_mixin.py:190} INFO - [2025-01-25T16:31:33.254+0000] {dag.py:4180} INFO - Setting next_dagrun for consume_1_and_2_with_dataset_expressions to None, run_after=None
[2025-01-25T16:31:33.256+0000] {logging_mixin.py:190} INFO - [2025-01-25T16:31:33.256+0000] {dag.py:4180} INFO - Setting next_dagrun for consume_1_or_2_with_dataset_expressions to None, run_after=None
[2025-01-25T16:31:33.258+0000] {logging_mixin.py:190} INFO - [2025-01-25T16:31:33.258+0000] {dag.py:4180} INFO - Setting next_dagrun for consume_1_or_both_2_and_3_with_dataset_expressions to None, run_after=None
[2025-01-25T16:31:33.260+0000] {logging_mixin.py:190} INFO - [2025-01-25T16:31:33.260+0000] {dag.py:4180} INFO - Setting next_dagrun for dataset_consumes_1 to None, run_after=None
[2025-01-25T16:31:33.263+0000] {logging_mixin.py:190} INFO - [2025-01-25T16:31:33.262+0000] {dag.py:4180} INFO - Setting next_dagrun for dataset_consumes_1_and_2 to None, run_after=None
[2025-01-25T16:31:33.265+0000] {logging_mixin.py:190} INFO - [2025-01-25T16:31:33.264+0000] {dag.py:4180} INFO - Setting next_dagrun for dataset_consumes_1_never_scheduled to None, run_after=None
[2025-01-25T16:31:33.267+0000] {logging_mixin.py:190} INFO - [2025-01-25T16:31:33.266+0000] {dag.py:4180} INFO - Setting next_dagrun for dataset_consumes_unknown_never_scheduled to None, run_after=None
[2025-01-25T16:31:33.270+0000] {logging_mixin.py:190} INFO - [2025-01-25T16:31:33.270+0000] {dag.py:4180} INFO - Setting next_dagrun for dataset_produces_1 to 2025-01-24 00:00:00+00:00, run_after=2025-01-25 00:00:00+00:00
[2025-01-25T16:31:33.273+0000] {logging_mixin.py:190} INFO - [2025-01-25T16:31:33.273+0000] {dag.py:4180} INFO - Setting next_dagrun for dataset_produces_2 to None, run_after=None
[2025-01-25T16:31:33.315+0000] {processor.py:208} INFO - Processing /home/airflow/.local/lib/python3.12/site-packages/airflow/example_dags/example_datasets.py took 0.701 seconds
[2025-01-25T16:32:04.116+0000] {processor.py:186} INFO - Started process (PID=448) to work on /home/airflow/.local/lib/python3.12/site-packages/airflow/example_dags/example_datasets.py
[2025-01-25T16:32:04.117+0000] {processor.py:914} INFO - Processing file /home/airflow/.local/lib/python3.12/site-packages/airflow/example_dags/example_datasets.py for tasks to queue
[2025-01-25T16:32:04.119+0000] {logging_mixin.py:190} INFO - [2025-01-25T16:32:04.119+0000] {dagbag.py:588} INFO - Filling up the DagBag from /home/airflow/.local/lib/python3.12/site-packages/airflow/example_dags/example_datasets.py
[2025-01-25T16:32:04.632+0000] {processor.py:925} INFO - DAG(s) 'dataset_produces_1', 'consume_1_or_both_2_and_3_with_dataset_expressions', 'dataset_consumes_1_and_2', 'dataset_consumes_unknown_never_scheduled', 'consume_1_or_2_with_dataset_expressions', 'conditional_dataset_and_time_based_timetable', 'dataset_consumes_1', 'consume_1_and_2_with_dataset_expressions', 'dataset_produces_2', 'dataset_consumes_1_never_scheduled' retrieved from /home/airflow/.local/lib/python3.12/site-packages/airflow/example_dags/example_datasets.py
[2025-01-25T16:32:04.700+0000] {logging_mixin.py:190} INFO - [2025-01-25T16:32:04.700+0000] {dag.py:3239} INFO - Sync 10 DAGs
[2025-01-25T16:32:04.724+0000] {logging_mixin.py:190} INFO - [2025-01-25T16:32:04.724+0000] {dag.py:4180} INFO - Setting next_dagrun for conditional_dataset_and_time_based_timetable to 2025-01-22 01:00:00+00:00, run_after=2025-01-22 01:00:00+00:00
[2025-01-25T16:32:04.728+0000] {logging_mixin.py:190} INFO - [2025-01-25T16:32:04.728+0000] {dag.py:4180} INFO - Setting next_dagrun for consume_1_and_2_with_dataset_expressions to None, run_after=None
[2025-01-25T16:32:04.730+0000] {logging_mixin.py:190} INFO - [2025-01-25T16:32:04.730+0000] {dag.py:4180} INFO - Setting next_dagrun for consume_1_or_2_with_dataset_expressions to None, run_after=None
[2025-01-25T16:32:04.732+0000] {logging_mixin.py:190} INFO - [2025-01-25T16:32:04.731+0000] {dag.py:4180} INFO - Setting next_dagrun for consume_1_or_both_2_and_3_with_dataset_expressions to None, run_after=None
[2025-01-25T16:32:04.733+0000] {logging_mixin.py:190} INFO - [2025-01-25T16:32:04.733+0000] {dag.py:4180} INFO - Setting next_dagrun for dataset_consumes_1 to None, run_after=None
[2025-01-25T16:32:04.736+0000] {logging_mixin.py:190} INFO - [2025-01-25T16:32:04.735+0000] {dag.py:4180} INFO - Setting next_dagrun for dataset_consumes_1_and_2 to None, run_after=None
[2025-01-25T16:32:04.737+0000] {logging_mixin.py:190} INFO - [2025-01-25T16:32:04.737+0000] {dag.py:4180} INFO - Setting next_dagrun for dataset_consumes_1_never_scheduled to None, run_after=None
[2025-01-25T16:32:04.739+0000] {logging_mixin.py:190} INFO - [2025-01-25T16:32:04.739+0000] {dag.py:4180} INFO - Setting next_dagrun for dataset_consumes_unknown_never_scheduled to None, run_after=None
[2025-01-25T16:32:04.742+0000] {logging_mixin.py:190} INFO - [2025-01-25T16:32:04.742+0000] {dag.py:4180} INFO - Setting next_dagrun for dataset_produces_1 to 2025-01-24 00:00:00+00:00, run_after=2025-01-25 00:00:00+00:00
[2025-01-25T16:32:04.744+0000] {logging_mixin.py:190} INFO - [2025-01-25T16:32:04.743+0000] {dag.py:4180} INFO - Setting next_dagrun for dataset_produces_2 to None, run_after=None
[2025-01-25T16:32:05.041+0000] {processor.py:208} INFO - Processing /home/airflow/.local/lib/python3.12/site-packages/airflow/example_dags/example_datasets.py took 0.930 seconds
[2025-01-25T16:32:35.615+0000] {processor.py:186} INFO - Started process (PID=511) to work on /home/airflow/.local/lib/python3.12/site-packages/airflow/example_dags/example_datasets.py
[2025-01-25T16:32:35.616+0000] {processor.py:914} INFO - Processing file /home/airflow/.local/lib/python3.12/site-packages/airflow/example_dags/example_datasets.py for tasks to queue
[2025-01-25T16:32:35.618+0000] {logging_mixin.py:190} INFO - [2025-01-25T16:32:35.618+0000] {dagbag.py:588} INFO - Filling up the DagBag from /home/airflow/.local/lib/python3.12/site-packages/airflow/example_dags/example_datasets.py
[2025-01-25T16:32:36.139+0000] {processor.py:925} INFO - DAG(s) 'consume_1_or_2_with_dataset_expressions', 'dataset_consumes_unknown_never_scheduled', 'dataset_produces_1', 'consume_1_or_both_2_and_3_with_dataset_expressions', 'dataset_consumes_1_and_2', 'consume_1_and_2_with_dataset_expressions', 'dataset_consumes_1_never_scheduled', 'dataset_produces_2', 'dataset_consumes_1', 'conditional_dataset_and_time_based_timetable' retrieved from /home/airflow/.local/lib/python3.12/site-packages/airflow/example_dags/example_datasets.py
[2025-01-25T16:32:36.184+0000] {logging_mixin.py:190} INFO - [2025-01-25T16:32:36.183+0000] {dag.py:3239} INFO - Sync 10 DAGs
[2025-01-25T16:32:36.210+0000] {logging_mixin.py:190} INFO - [2025-01-25T16:32:36.210+0000] {dag.py:4180} INFO - Setting next_dagrun for conditional_dataset_and_time_based_timetable to 2025-01-22 01:00:00+00:00, run_after=2025-01-22 01:00:00+00:00
[2025-01-25T16:32:36.215+0000] {logging_mixin.py:190} INFO - [2025-01-25T16:32:36.215+0000] {dag.py:4180} INFO - Setting next_dagrun for consume_1_and_2_with_dataset_expressions to None, run_after=None
[2025-01-25T16:32:36.218+0000] {logging_mixin.py:190} INFO - [2025-01-25T16:32:36.217+0000] {dag.py:4180} INFO - Setting next_dagrun for consume_1_or_2_with_dataset_expressions to None, run_after=None
[2025-01-25T16:32:36.219+0000] {logging_mixin.py:190} INFO - [2025-01-25T16:32:36.219+0000] {dag.py:4180} INFO - Setting next_dagrun for consume_1_or_both_2_and_3_with_dataset_expressions to None, run_after=None
[2025-01-25T16:32:36.221+0000] {logging_mixin.py:190} INFO - [2025-01-25T16:32:36.221+0000] {dag.py:4180} INFO - Setting next_dagrun for dataset_consumes_1 to None, run_after=None
[2025-01-25T16:32:36.223+0000] {logging_mixin.py:190} INFO - [2025-01-25T16:32:36.222+0000] {dag.py:4180} INFO - Setting next_dagrun for dataset_consumes_1_and_2 to None, run_after=None
[2025-01-25T16:32:36.225+0000] {logging_mixin.py:190} INFO - [2025-01-25T16:32:36.224+0000] {dag.py:4180} INFO - Setting next_dagrun for dataset_consumes_1_never_scheduled to None, run_after=None
[2025-01-25T16:32:36.226+0000] {logging_mixin.py:190} INFO - [2025-01-25T16:32:36.226+0000] {dag.py:4180} INFO - Setting next_dagrun for dataset_consumes_unknown_never_scheduled to None, run_after=None
[2025-01-25T16:32:36.229+0000] {logging_mixin.py:190} INFO - [2025-01-25T16:32:36.229+0000] {dag.py:4180} INFO - Setting next_dagrun for dataset_produces_1 to 2025-01-24 00:00:00+00:00, run_after=2025-01-25 00:00:00+00:00
[2025-01-25T16:32:36.231+0000] {logging_mixin.py:190} INFO - [2025-01-25T16:32:36.231+0000] {dag.py:4180} INFO - Setting next_dagrun for dataset_produces_2 to None, run_after=None
[2025-01-25T16:32:36.272+0000] {processor.py:208} INFO - Processing /home/airflow/.local/lib/python3.12/site-packages/airflow/example_dags/example_datasets.py took 0.661 seconds
[2025-01-25T16:33:06.863+0000] {processor.py:186} INFO - Started process (PID=574) to work on /home/airflow/.local/lib/python3.12/site-packages/airflow/example_dags/example_datasets.py
[2025-01-25T16:33:06.864+0000] {processor.py:914} INFO - Processing file /home/airflow/.local/lib/python3.12/site-packages/airflow/example_dags/example_datasets.py for tasks to queue
[2025-01-25T16:33:06.867+0000] {logging_mixin.py:190} INFO - [2025-01-25T16:33:06.867+0000] {dagbag.py:588} INFO - Filling up the DagBag from /home/airflow/.local/lib/python3.12/site-packages/airflow/example_dags/example_datasets.py
[2025-01-25T16:33:07.392+0000] {processor.py:925} INFO - DAG(s) 'conditional_dataset_and_time_based_timetable', 'dataset_consumes_1_and_2', 'dataset_consumes_unknown_never_scheduled', 'consume_1_and_2_with_dataset_expressions', 'consume_1_or_both_2_and_3_with_dataset_expressions', 'dataset_consumes_1', 'dataset_produces_2', 'dataset_consumes_1_never_scheduled', 'dataset_produces_1', 'consume_1_or_2_with_dataset_expressions' retrieved from /home/airflow/.local/lib/python3.12/site-packages/airflow/example_dags/example_datasets.py
[2025-01-25T16:33:07.436+0000] {logging_mixin.py:190} INFO - [2025-01-25T16:33:07.435+0000] {dag.py:3239} INFO - Sync 10 DAGs
[2025-01-25T16:33:07.458+0000] {logging_mixin.py:190} INFO - [2025-01-25T16:33:07.457+0000] {dag.py:4180} INFO - Setting next_dagrun for conditional_dataset_and_time_based_timetable to 2025-01-22 01:00:00+00:00, run_after=2025-01-22 01:00:00+00:00
[2025-01-25T16:33:07.462+0000] {logging_mixin.py:190} INFO - [2025-01-25T16:33:07.462+0000] {dag.py:4180} INFO - Setting next_dagrun for consume_1_and_2_with_dataset_expressions to None, run_after=None
[2025-01-25T16:33:07.466+0000] {logging_mixin.py:190} INFO - [2025-01-25T16:33:07.466+0000] {dag.py:4180} INFO - Setting next_dagrun for consume_1_or_2_with_dataset_expressions to None, run_after=None
[2025-01-25T16:33:07.468+0000] {logging_mixin.py:190} INFO - [2025-01-25T16:33:07.468+0000] {dag.py:4180} INFO - Setting next_dagrun for consume_1_or_both_2_and_3_with_dataset_expressions to None, run_after=None
[2025-01-25T16:33:07.470+0000] {logging_mixin.py:190} INFO - [2025-01-25T16:33:07.470+0000] {dag.py:4180} INFO - Setting next_dagrun for dataset_consumes_1 to None, run_after=None
[2025-01-25T16:33:07.472+0000] {logging_mixin.py:190} INFO - [2025-01-25T16:33:07.472+0000] {dag.py:4180} INFO - Setting next_dagrun for dataset_consumes_1_and_2 to None, run_after=None
[2025-01-25T16:33:07.474+0000] {logging_mixin.py:190} INFO - [2025-01-25T16:33:07.474+0000] {dag.py:4180} INFO - Setting next_dagrun for dataset_consumes_1_never_scheduled to None, run_after=None
[2025-01-25T16:33:07.476+0000] {logging_mixin.py:190} INFO - [2025-01-25T16:33:07.475+0000] {dag.py:4180} INFO - Setting next_dagrun for dataset_consumes_unknown_never_scheduled to None, run_after=None
[2025-01-25T16:33:07.478+0000] {logging_mixin.py:190} INFO - [2025-01-25T16:33:07.478+0000] {dag.py:4180} INFO - Setting next_dagrun for dataset_produces_1 to 2025-01-24 00:00:00+00:00, run_after=2025-01-25 00:00:00+00:00
[2025-01-25T16:33:07.480+0000] {logging_mixin.py:190} INFO - [2025-01-25T16:33:07.480+0000] {dag.py:4180} INFO - Setting next_dagrun for dataset_produces_2 to None, run_after=None
[2025-01-25T16:33:07.965+0000] {processor.py:208} INFO - Processing /home/airflow/.local/lib/python3.12/site-packages/airflow/example_dags/example_datasets.py took 1.107 seconds
[2025-01-25T16:33:38.083+0000] {processor.py:186} INFO - Started process (PID=637) to work on /home/airflow/.local/lib/python3.12/site-packages/airflow/example_dags/example_datasets.py
[2025-01-25T16:33:38.085+0000] {processor.py:914} INFO - Processing file /home/airflow/.local/lib/python3.12/site-packages/airflow/example_dags/example_datasets.py for tasks to queue
[2025-01-25T16:33:38.087+0000] {logging_mixin.py:190} INFO - [2025-01-25T16:33:38.086+0000] {dagbag.py:588} INFO - Filling up the DagBag from /home/airflow/.local/lib/python3.12/site-packages/airflow/example_dags/example_datasets.py
[2025-01-25T16:33:38.595+0000] {processor.py:925} INFO - DAG(s) 'dataset_consumes_unknown_never_scheduled', 'consume_1_or_both_2_and_3_with_dataset_expressions', 'dataset_produces_1', 'dataset_consumes_1', 'consume_1_or_2_with_dataset_expressions', 'consume_1_and_2_with_dataset_expressions', 'dataset_consumes_1_and_2', 'dataset_consumes_1_never_scheduled', 'dataset_produces_2', 'conditional_dataset_and_time_based_timetable' retrieved from /home/airflow/.local/lib/python3.12/site-packages/airflow/example_dags/example_datasets.py
[2025-01-25T16:33:38.639+0000] {logging_mixin.py:190} INFO - [2025-01-25T16:33:38.638+0000] {dag.py:3239} INFO - Sync 10 DAGs
[2025-01-25T16:33:38.662+0000] {logging_mixin.py:190} INFO - [2025-01-25T16:33:38.661+0000] {dag.py:4180} INFO - Setting next_dagrun for conditional_dataset_and_time_based_timetable to 2025-01-22 01:00:00+00:00, run_after=2025-01-22 01:00:00+00:00
[2025-01-25T16:33:38.666+0000] {logging_mixin.py:190} INFO - [2025-01-25T16:33:38.665+0000] {dag.py:4180} INFO - Setting next_dagrun for consume_1_and_2_with_dataset_expressions to None, run_after=None
[2025-01-25T16:33:38.668+0000] {logging_mixin.py:190} INFO - [2025-01-25T16:33:38.667+0000] {dag.py:4180} INFO - Setting next_dagrun for consume_1_or_2_with_dataset_expressions to None, run_after=None
[2025-01-25T16:33:38.669+0000] {logging_mixin.py:190} INFO - [2025-01-25T16:33:38.669+0000] {dag.py:4180} INFO - Setting next_dagrun for consume_1_or_both_2_and_3_with_dataset_expressions to None, run_after=None
[2025-01-25T16:33:38.671+0000] {logging_mixin.py:190} INFO - [2025-01-25T16:33:38.671+0000] {dag.py:4180} INFO - Setting next_dagrun for dataset_consumes_1 to None, run_after=None
[2025-01-25T16:33:38.672+0000] {logging_mixin.py:190} INFO - [2025-01-25T16:33:38.672+0000] {dag.py:4180} INFO - Setting next_dagrun for dataset_consumes_1_and_2 to None, run_after=None
[2025-01-25T16:33:38.674+0000] {logging_mixin.py:190} INFO - [2025-01-25T16:33:38.674+0000] {dag.py:4180} INFO - Setting next_dagrun for dataset_consumes_1_never_scheduled to None, run_after=None
[2025-01-25T16:33:38.676+0000] {logging_mixin.py:190} INFO - [2025-01-25T16:33:38.675+0000] {dag.py:4180} INFO - Setting next_dagrun for dataset_consumes_unknown_never_scheduled to None, run_after=None
[2025-01-25T16:33:38.678+0000] {logging_mixin.py:190} INFO - [2025-01-25T16:33:38.678+0000] {dag.py:4180} INFO - Setting next_dagrun for dataset_produces_1 to 2025-01-24 00:00:00+00:00, run_after=2025-01-25 00:00:00+00:00
[2025-01-25T16:33:38.680+0000] {logging_mixin.py:190} INFO - [2025-01-25T16:33:38.680+0000] {dag.py:4180} INFO - Setting next_dagrun for dataset_produces_2 to None, run_after=None
[2025-01-25T16:33:38.717+0000] {processor.py:208} INFO - Processing /home/airflow/.local/lib/python3.12/site-packages/airflow/example_dags/example_datasets.py took 0.638 seconds
[2025-01-25T16:34:08.860+0000] {processor.py:186} INFO - Started process (PID=700) to work on /home/airflow/.local/lib/python3.12/site-packages/airflow/example_dags/example_datasets.py
[2025-01-25T16:34:08.861+0000] {processor.py:914} INFO - Processing file /home/airflow/.local/lib/python3.12/site-packages/airflow/example_dags/example_datasets.py for tasks to queue
[2025-01-25T16:34:08.863+0000] {logging_mixin.py:190} INFO - [2025-01-25T16:34:08.863+0000] {dagbag.py:588} INFO - Filling up the DagBag from /home/airflow/.local/lib/python3.12/site-packages/airflow/example_dags/example_datasets.py
[2025-01-25T16:34:09.371+0000] {processor.py:925} INFO - DAG(s) 'dataset_consumes_1', 'conditional_dataset_and_time_based_timetable', 'dataset_consumes_1_never_scheduled', 'dataset_produces_2', 'consume_1_or_2_with_dataset_expressions', 'dataset_produces_1', 'consume_1_or_both_2_and_3_with_dataset_expressions', 'dataset_consumes_1_and_2', 'consume_1_and_2_with_dataset_expressions', 'dataset_consumes_unknown_never_scheduled' retrieved from /home/airflow/.local/lib/python3.12/site-packages/airflow/example_dags/example_datasets.py
[2025-01-25T16:34:09.416+0000] {logging_mixin.py:190} INFO - [2025-01-25T16:34:09.416+0000] {dag.py:3239} INFO - Sync 10 DAGs
[2025-01-25T16:34:09.439+0000] {logging_mixin.py:190} INFO - [2025-01-25T16:34:09.439+0000] {dag.py:4180} INFO - Setting next_dagrun for conditional_dataset_and_time_based_timetable to 2025-01-22 01:00:00+00:00, run_after=2025-01-22 01:00:00+00:00
[2025-01-25T16:34:09.443+0000] {logging_mixin.py:190} INFO - [2025-01-25T16:34:09.443+0000] {dag.py:4180} INFO - Setting next_dagrun for consume_1_and_2_with_dataset_expressions to None, run_after=None
[2025-01-25T16:34:09.445+0000] {logging_mixin.py:190} INFO - [2025-01-25T16:34:09.445+0000] {dag.py:4180} INFO - Setting next_dagrun for consume_1_or_2_with_dataset_expressions to None, run_after=None
[2025-01-25T16:34:09.446+0000] {logging_mixin.py:190} INFO - [2025-01-25T16:34:09.446+0000] {dag.py:4180} INFO - Setting next_dagrun for consume_1_or_both_2_and_3_with_dataset_expressions to None, run_after=None
[2025-01-25T16:34:09.448+0000] {logging_mixin.py:190} INFO - [2025-01-25T16:34:09.448+0000] {dag.py:4180} INFO - Setting next_dagrun for dataset_consumes_1 to None, run_after=None
[2025-01-25T16:34:09.449+0000] {logging_mixin.py:190} INFO - [2025-01-25T16:34:09.449+0000] {dag.py:4180} INFO - Setting next_dagrun for dataset_consumes_1_and_2 to None, run_after=None
[2025-01-25T16:34:09.451+0000] {logging_mixin.py:190} INFO - [2025-01-25T16:34:09.451+0000] {dag.py:4180} INFO - Setting next_dagrun for dataset_consumes_1_never_scheduled to None, run_after=None
[2025-01-25T16:34:09.452+0000] {logging_mixin.py:190} INFO - [2025-01-25T16:34:09.452+0000] {dag.py:4180} INFO - Setting next_dagrun for dataset_consumes_unknown_never_scheduled to None, run_after=None
[2025-01-25T16:34:09.455+0000] {logging_mixin.py:190} INFO - [2025-01-25T16:34:09.454+0000] {dag.py:4180} INFO - Setting next_dagrun for dataset_produces_1 to 2025-01-24 00:00:00+00:00, run_after=2025-01-25 00:00:00+00:00
[2025-01-25T16:34:09.456+0000] {logging_mixin.py:190} INFO - [2025-01-25T16:34:09.456+0000] {dag.py:4180} INFO - Setting next_dagrun for dataset_produces_2 to None, run_after=None
[2025-01-25T16:34:09.604+0000] {processor.py:208} INFO - Processing /home/airflow/.local/lib/python3.12/site-packages/airflow/example_dags/example_datasets.py took 0.750 seconds
[2025-01-25T16:34:40.014+0000] {processor.py:186} INFO - Started process (PID=763) to work on /home/airflow/.local/lib/python3.12/site-packages/airflow/example_dags/example_datasets.py
[2025-01-25T16:34:40.015+0000] {processor.py:914} INFO - Processing file /home/airflow/.local/lib/python3.12/site-packages/airflow/example_dags/example_datasets.py for tasks to queue
[2025-01-25T16:34:40.018+0000] {logging_mixin.py:190} INFO - [2025-01-25T16:34:40.017+0000] {dagbag.py:588} INFO - Filling up the DagBag from /home/airflow/.local/lib/python3.12/site-packages/airflow/example_dags/example_datasets.py
[2025-01-25T16:34:40.551+0000] {processor.py:925} INFO - DAG(s) 'dataset_consumes_1_never_scheduled', 'dataset_consumes_unknown_never_scheduled', 'consume_1_or_both_2_and_3_with_dataset_expressions', 'dataset_consumes_1_and_2', 'consume_1_and_2_with_dataset_expressions', 'dataset_consumes_1', 'consume_1_or_2_with_dataset_expressions', 'conditional_dataset_and_time_based_timetable', 'dataset_produces_2', 'dataset_produces_1' retrieved from /home/airflow/.local/lib/python3.12/site-packages/airflow/example_dags/example_datasets.py
[2025-01-25T16:34:40.600+0000] {logging_mixin.py:190} INFO - [2025-01-25T16:34:40.600+0000] {dag.py:3239} INFO - Sync 10 DAGs
[2025-01-25T16:34:40.626+0000] {logging_mixin.py:190} INFO - [2025-01-25T16:34:40.625+0000] {dag.py:4180} INFO - Setting next_dagrun for conditional_dataset_and_time_based_timetable to 2025-01-22 01:00:00+00:00, run_after=2025-01-22 01:00:00+00:00
[2025-01-25T16:34:40.630+0000] {logging_mixin.py:190} INFO - [2025-01-25T16:34:40.629+0000] {dag.py:4180} INFO - Setting next_dagrun for consume_1_and_2_with_dataset_expressions to None, run_after=None
[2025-01-25T16:34:40.632+0000] {logging_mixin.py:190} INFO - [2025-01-25T16:34:40.632+0000] {dag.py:4180} INFO - Setting next_dagrun for consume_1_or_2_with_dataset_expressions to None, run_after=None
[2025-01-25T16:34:40.634+0000] {logging_mixin.py:190} INFO - [2025-01-25T16:34:40.634+0000] {dag.py:4180} INFO - Setting next_dagrun for consume_1_or_both_2_and_3_with_dataset_expressions to None, run_after=None
[2025-01-25T16:34:40.636+0000] {logging_mixin.py:190} INFO - [2025-01-25T16:34:40.636+0000] {dag.py:4180} INFO - Setting next_dagrun for dataset_consumes_1 to None, run_after=None
[2025-01-25T16:34:40.638+0000] {logging_mixin.py:190} INFO - [2025-01-25T16:34:40.638+0000] {dag.py:4180} INFO - Setting next_dagrun for dataset_consumes_1_and_2 to None, run_after=None
[2025-01-25T16:34:40.641+0000] {logging_mixin.py:190} INFO - [2025-01-25T16:34:40.641+0000] {dag.py:4180} INFO - Setting next_dagrun for dataset_consumes_1_never_scheduled to None, run_after=None
[2025-01-25T16:34:40.644+0000] {logging_mixin.py:190} INFO - [2025-01-25T16:34:40.644+0000] {dag.py:4180} INFO - Setting next_dagrun for dataset_consumes_unknown_never_scheduled to None, run_after=None
[2025-01-25T16:34:40.648+0000] {logging_mixin.py:190} INFO - [2025-01-25T16:34:40.647+0000] {dag.py:4180} INFO - Setting next_dagrun for dataset_produces_1 to 2025-01-24 00:00:00+00:00, run_after=2025-01-25 00:00:00+00:00
[2025-01-25T16:34:40.650+0000] {logging_mixin.py:190} INFO - [2025-01-25T16:34:40.649+0000] {dag.py:4180} INFO - Setting next_dagrun for dataset_produces_2 to None, run_after=None
[2025-01-25T16:34:40.692+0000] {processor.py:208} INFO - Processing /home/airflow/.local/lib/python3.12/site-packages/airflow/example_dags/example_datasets.py took 0.683 seconds
[2025-01-25T16:35:11.300+0000] {processor.py:186} INFO - Started process (PID=826) to work on /home/airflow/.local/lib/python3.12/site-packages/airflow/example_dags/example_datasets.py
[2025-01-25T16:35:11.301+0000] {processor.py:914} INFO - Processing file /home/airflow/.local/lib/python3.12/site-packages/airflow/example_dags/example_datasets.py for tasks to queue
[2025-01-25T16:35:11.303+0000] {logging_mixin.py:190} INFO - [2025-01-25T16:35:11.303+0000] {dagbag.py:588} INFO - Filling up the DagBag from /home/airflow/.local/lib/python3.12/site-packages/airflow/example_dags/example_datasets.py
[2025-01-25T16:35:11.802+0000] {processor.py:925} INFO - DAG(s) 'dataset_consumes_1_never_scheduled', 'consume_1_and_2_with_dataset_expressions', 'dataset_produces_2', 'consume_1_or_both_2_and_3_with_dataset_expressions', 'conditional_dataset_and_time_based_timetable', 'dataset_consumes_1_and_2', 'dataset_produces_1', 'dataset_consumes_unknown_never_scheduled', 'dataset_consumes_1', 'consume_1_or_2_with_dataset_expressions' retrieved from /home/airflow/.local/lib/python3.12/site-packages/airflow/example_dags/example_datasets.py
[2025-01-25T16:35:11.845+0000] {logging_mixin.py:190} INFO - [2025-01-25T16:35:11.845+0000] {dag.py:3239} INFO - Sync 10 DAGs
[2025-01-25T16:35:11.871+0000] {logging_mixin.py:190} INFO - [2025-01-25T16:35:11.870+0000] {dag.py:4180} INFO - Setting next_dagrun for conditional_dataset_and_time_based_timetable to 2025-01-22 01:00:00+00:00, run_after=2025-01-22 01:00:00+00:00
[2025-01-25T16:35:11.875+0000] {logging_mixin.py:190} INFO - [2025-01-25T16:35:11.875+0000] {dag.py:4180} INFO - Setting next_dagrun for consume_1_and_2_with_dataset_expressions to None, run_after=None
[2025-01-25T16:35:11.877+0000] {logging_mixin.py:190} INFO - [2025-01-25T16:35:11.877+0000] {dag.py:4180} INFO - Setting next_dagrun for consume_1_or_2_with_dataset_expressions to None, run_after=None
[2025-01-25T16:35:11.879+0000] {logging_mixin.py:190} INFO - [2025-01-25T16:35:11.879+0000] {dag.py:4180} INFO - Setting next_dagrun for consume_1_or_both_2_and_3_with_dataset_expressions to None, run_after=None
[2025-01-25T16:35:11.880+0000] {logging_mixin.py:190} INFO - [2025-01-25T16:35:11.880+0000] {dag.py:4180} INFO - Setting next_dagrun for dataset_consumes_1 to None, run_after=None
[2025-01-25T16:35:11.882+0000] {logging_mixin.py:190} INFO - [2025-01-25T16:35:11.882+0000] {dag.py:4180} INFO - Setting next_dagrun for dataset_consumes_1_and_2 to None, run_after=None
[2025-01-25T16:35:11.883+0000] {logging_mixin.py:190} INFO - [2025-01-25T16:35:11.883+0000] {dag.py:4180} INFO - Setting next_dagrun for dataset_consumes_1_never_scheduled to None, run_after=None
[2025-01-25T16:35:11.885+0000] {logging_mixin.py:190} INFO - [2025-01-25T16:35:11.885+0000] {dag.py:4180} INFO - Setting next_dagrun for dataset_consumes_unknown_never_scheduled to None, run_after=None
[2025-01-25T16:35:11.887+0000] {logging_mixin.py:190} INFO - [2025-01-25T16:35:11.887+0000] {dag.py:4180} INFO - Setting next_dagrun for dataset_produces_1 to 2025-01-24 00:00:00+00:00, run_after=2025-01-25 00:00:00+00:00
[2025-01-25T16:35:11.889+0000] {logging_mixin.py:190} INFO - [2025-01-25T16:35:11.889+0000] {dag.py:4180} INFO - Setting next_dagrun for dataset_produces_2 to None, run_after=None
[2025-01-25T16:35:12.338+0000] {processor.py:208} INFO - Processing /home/airflow/.local/lib/python3.12/site-packages/airflow/example_dags/example_datasets.py took 1.043 seconds
[2025-01-25T16:35:42.615+0000] {processor.py:186} INFO - Started process (PID=889) to work on /home/airflow/.local/lib/python3.12/site-packages/airflow/example_dags/example_datasets.py
[2025-01-25T16:35:42.616+0000] {processor.py:914} INFO - Processing file /home/airflow/.local/lib/python3.12/site-packages/airflow/example_dags/example_datasets.py for tasks to queue
[2025-01-25T16:35:42.618+0000] {logging_mixin.py:190} INFO - [2025-01-25T16:35:42.618+0000] {dagbag.py:588} INFO - Filling up the DagBag from /home/airflow/.local/lib/python3.12/site-packages/airflow/example_dags/example_datasets.py
[2025-01-25T16:35:43.140+0000] {processor.py:925} INFO - DAG(s) 'dataset_consumes_1_never_scheduled', 'dataset_produces_2', 'consume_1_and_2_with_dataset_expressions', 'dataset_produces_1', 'conditional_dataset_and_time_based_timetable', 'consume_1_or_2_with_dataset_expressions', 'dataset_consumes_unknown_never_scheduled', 'dataset_consumes_1', 'consume_1_or_both_2_and_3_with_dataset_expressions', 'dataset_consumes_1_and_2' retrieved from /home/airflow/.local/lib/python3.12/site-packages/airflow/example_dags/example_datasets.py
[2025-01-25T16:35:43.184+0000] {logging_mixin.py:190} INFO - [2025-01-25T16:35:43.184+0000] {dag.py:3239} INFO - Sync 10 DAGs
[2025-01-25T16:35:43.207+0000] {logging_mixin.py:190} INFO - [2025-01-25T16:35:43.207+0000] {dag.py:4180} INFO - Setting next_dagrun for conditional_dataset_and_time_based_timetable to 2025-01-22 01:00:00+00:00, run_after=2025-01-22 01:00:00+00:00
[2025-01-25T16:35:43.211+0000] {logging_mixin.py:190} INFO - [2025-01-25T16:35:43.210+0000] {dag.py:4180} INFO - Setting next_dagrun for consume_1_and_2_with_dataset_expressions to None, run_after=None
[2025-01-25T16:35:43.214+0000] {logging_mixin.py:190} INFO - [2025-01-25T16:35:43.214+0000] {dag.py:4180} INFO - Setting next_dagrun for consume_1_or_2_with_dataset_expressions to None, run_after=None
[2025-01-25T16:35:43.216+0000] {logging_mixin.py:190} INFO - [2025-01-25T16:35:43.215+0000] {dag.py:4180} INFO - Setting next_dagrun for consume_1_or_both_2_and_3_with_dataset_expressions to None, run_after=None
[2025-01-25T16:35:43.217+0000] {logging_mixin.py:190} INFO - [2025-01-25T16:35:43.217+0000] {dag.py:4180} INFO - Setting next_dagrun for dataset_consumes_1 to None, run_after=None
[2025-01-25T16:35:43.219+0000] {logging_mixin.py:190} INFO - [2025-01-25T16:35:43.219+0000] {dag.py:4180} INFO - Setting next_dagrun for dataset_consumes_1_and_2 to None, run_after=None
[2025-01-25T16:35:43.221+0000] {logging_mixin.py:190} INFO - [2025-01-25T16:35:43.221+0000] {dag.py:4180} INFO - Setting next_dagrun for dataset_consumes_1_never_scheduled to None, run_after=None
[2025-01-25T16:35:43.222+0000] {logging_mixin.py:190} INFO - [2025-01-25T16:35:43.222+0000] {dag.py:4180} INFO - Setting next_dagrun for dataset_consumes_unknown_never_scheduled to None, run_after=None
[2025-01-25T16:35:43.225+0000] {logging_mixin.py:190} INFO - [2025-01-25T16:35:43.225+0000] {dag.py:4180} INFO - Setting next_dagrun for dataset_produces_1 to 2025-01-24 00:00:00+00:00, run_after=2025-01-25 00:00:00+00:00
[2025-01-25T16:35:43.227+0000] {logging_mixin.py:190} INFO - [2025-01-25T16:35:43.227+0000] {dag.py:4180} INFO - Setting next_dagrun for dataset_produces_2 to None, run_after=None
[2025-01-25T16:35:43.560+0000] {processor.py:208} INFO - Processing /home/airflow/.local/lib/python3.12/site-packages/airflow/example_dags/example_datasets.py took 0.950 seconds
[2025-01-25T16:36:13.890+0000] {processor.py:186} INFO - Started process (PID=952) to work on /home/airflow/.local/lib/python3.12/site-packages/airflow/example_dags/example_datasets.py
[2025-01-25T16:36:13.891+0000] {processor.py:914} INFO - Processing file /home/airflow/.local/lib/python3.12/site-packages/airflow/example_dags/example_datasets.py for tasks to queue
[2025-01-25T16:36:13.893+0000] {logging_mixin.py:190} INFO - [2025-01-25T16:36:13.892+0000] {dagbag.py:588} INFO - Filling up the DagBag from /home/airflow/.local/lib/python3.12/site-packages/airflow/example_dags/example_datasets.py
[2025-01-25T16:36:14.448+0000] {processor.py:925} INFO - DAG(s) 'conditional_dataset_and_time_based_timetable', 'dataset_consumes_1', 'dataset_produces_1', 'consume_1_or_2_with_dataset_expressions', 'dataset_consumes_1_and_2', 'dataset_consumes_unknown_never_scheduled', 'consume_1_or_both_2_and_3_with_dataset_expressions', 'dataset_consumes_1_never_scheduled', 'consume_1_and_2_with_dataset_expressions', 'dataset_produces_2' retrieved from /home/airflow/.local/lib/python3.12/site-packages/airflow/example_dags/example_datasets.py
[2025-01-25T16:36:14.502+0000] {logging_mixin.py:190} INFO - [2025-01-25T16:36:14.501+0000] {dag.py:3239} INFO - Sync 10 DAGs
[2025-01-25T16:36:14.528+0000] {logging_mixin.py:190} INFO - [2025-01-25T16:36:14.527+0000] {dag.py:4180} INFO - Setting next_dagrun for conditional_dataset_and_time_based_timetable to 2025-01-22 01:00:00+00:00, run_after=2025-01-22 01:00:00+00:00
[2025-01-25T16:36:14.532+0000] {logging_mixin.py:190} INFO - [2025-01-25T16:36:14.532+0000] {dag.py:4180} INFO - Setting next_dagrun for consume_1_and_2_with_dataset_expressions to None, run_after=None
[2025-01-25T16:36:14.535+0000] {logging_mixin.py:190} INFO - [2025-01-25T16:36:14.535+0000] {dag.py:4180} INFO - Setting next_dagrun for consume_1_or_2_with_dataset_expressions to None, run_after=None
[2025-01-25T16:36:14.537+0000] {logging_mixin.py:190} INFO - [2025-01-25T16:36:14.537+0000] {dag.py:4180} INFO - Setting next_dagrun for consume_1_or_both_2_and_3_with_dataset_expressions to None, run_after=None
[2025-01-25T16:36:14.539+0000] {logging_mixin.py:190} INFO - [2025-01-25T16:36:14.539+0000] {dag.py:4180} INFO - Setting next_dagrun for dataset_consumes_1 to None, run_after=None
[2025-01-25T16:36:14.541+0000] {logging_mixin.py:190} INFO - [2025-01-25T16:36:14.541+0000] {dag.py:4180} INFO - Setting next_dagrun for dataset_consumes_1_and_2 to None, run_after=None
[2025-01-25T16:36:14.543+0000] {logging_mixin.py:190} INFO - [2025-01-25T16:36:14.543+0000] {dag.py:4180} INFO - Setting next_dagrun for dataset_consumes_1_never_scheduled to None, run_after=None
[2025-01-25T16:36:14.546+0000] {logging_mixin.py:190} INFO - [2025-01-25T16:36:14.546+0000] {dag.py:4180} INFO - Setting next_dagrun for dataset_consumes_unknown_never_scheduled to None, run_after=None
[2025-01-25T16:36:14.549+0000] {logging_mixin.py:190} INFO - [2025-01-25T16:36:14.549+0000] {dag.py:4180} INFO - Setting next_dagrun for dataset_produces_1 to 2025-01-24 00:00:00+00:00, run_after=2025-01-25 00:00:00+00:00
[2025-01-25T16:36:14.551+0000] {logging_mixin.py:190} INFO - [2025-01-25T16:36:14.551+0000] {dag.py:4180} INFO - Setting next_dagrun for dataset_produces_2 to None, run_after=None
[2025-01-25T16:36:14.633+0000] {processor.py:208} INFO - Processing /home/airflow/.local/lib/python3.12/site-packages/airflow/example_dags/example_datasets.py took 0.748 seconds
[2025-01-25T16:36:45.586+0000] {processor.py:186} INFO - Started process (PID=1015) to work on /home/airflow/.local/lib/python3.12/site-packages/airflow/example_dags/example_datasets.py
[2025-01-25T16:36:45.588+0000] {processor.py:914} INFO - Processing file /home/airflow/.local/lib/python3.12/site-packages/airflow/example_dags/example_datasets.py for tasks to queue
[2025-01-25T16:36:45.590+0000] {logging_mixin.py:190} INFO - [2025-01-25T16:36:45.590+0000] {dagbag.py:588} INFO - Filling up the DagBag from /home/airflow/.local/lib/python3.12/site-packages/airflow/example_dags/example_datasets.py
[2025-01-25T16:36:46.105+0000] {processor.py:925} INFO - DAG(s) 'dataset_consumes_1_never_scheduled', 'dataset_consumes_unknown_never_scheduled', 'dataset_consumes_1_and_2', 'conditional_dataset_and_time_based_timetable', 'consume_1_or_2_with_dataset_expressions', 'dataset_consumes_1', 'dataset_produces_1', 'consume_1_or_both_2_and_3_with_dataset_expressions', 'consume_1_and_2_with_dataset_expressions', 'dataset_produces_2' retrieved from /home/airflow/.local/lib/python3.12/site-packages/airflow/example_dags/example_datasets.py
[2025-01-25T16:36:46.153+0000] {logging_mixin.py:190} INFO - [2025-01-25T16:36:46.153+0000] {dag.py:3239} INFO - Sync 10 DAGs
[2025-01-25T16:36:46.180+0000] {logging_mixin.py:190} INFO - [2025-01-25T16:36:46.180+0000] {dag.py:4180} INFO - Setting next_dagrun for conditional_dataset_and_time_based_timetable to 2025-01-22 01:00:00+00:00, run_after=2025-01-22 01:00:00+00:00
[2025-01-25T16:36:46.188+0000] {logging_mixin.py:190} INFO - [2025-01-25T16:36:46.187+0000] {dag.py:4180} INFO - Setting next_dagrun for consume_1_and_2_with_dataset_expressions to None, run_after=None
[2025-01-25T16:36:46.191+0000] {logging_mixin.py:190} INFO - [2025-01-25T16:36:46.190+0000] {dag.py:4180} INFO - Setting next_dagrun for consume_1_or_2_with_dataset_expressions to None, run_after=None
[2025-01-25T16:36:46.193+0000] {logging_mixin.py:190} INFO - [2025-01-25T16:36:46.193+0000] {dag.py:4180} INFO - Setting next_dagrun for consume_1_or_both_2_and_3_with_dataset_expressions to None, run_after=None
[2025-01-25T16:36:46.195+0000] {logging_mixin.py:190} INFO - [2025-01-25T16:36:46.194+0000] {dag.py:4180} INFO - Setting next_dagrun for dataset_consumes_1 to None, run_after=None
[2025-01-25T16:36:46.197+0000] {logging_mixin.py:190} INFO - [2025-01-25T16:36:46.197+0000] {dag.py:4180} INFO - Setting next_dagrun for dataset_consumes_1_and_2 to None, run_after=None
[2025-01-25T16:36:46.199+0000] {logging_mixin.py:190} INFO - [2025-01-25T16:36:46.199+0000] {dag.py:4180} INFO - Setting next_dagrun for dataset_consumes_1_never_scheduled to None, run_after=None
[2025-01-25T16:36:46.202+0000] {logging_mixin.py:190} INFO - [2025-01-25T16:36:46.201+0000] {dag.py:4180} INFO - Setting next_dagrun for dataset_consumes_unknown_never_scheduled to None, run_after=None
[2025-01-25T16:36:46.206+0000] {logging_mixin.py:190} INFO - [2025-01-25T16:36:46.205+0000] {dag.py:4180} INFO - Setting next_dagrun for dataset_produces_1 to 2025-01-24 00:00:00+00:00, run_after=2025-01-25 00:00:00+00:00
[2025-01-25T16:36:46.210+0000] {logging_mixin.py:190} INFO - [2025-01-25T16:36:46.209+0000] {dag.py:4180} INFO - Setting next_dagrun for dataset_produces_2 to None, run_after=None
[2025-01-25T16:36:46.250+0000] {processor.py:208} INFO - Processing /home/airflow/.local/lib/python3.12/site-packages/airflow/example_dags/example_datasets.py took 0.669 seconds
[2025-01-25T16:37:16.509+0000] {processor.py:186} INFO - Started process (PID=1079) to work on /home/airflow/.local/lib/python3.12/site-packages/airflow/example_dags/example_datasets.py
[2025-01-25T16:37:16.510+0000] {processor.py:914} INFO - Processing file /home/airflow/.local/lib/python3.12/site-packages/airflow/example_dags/example_datasets.py for tasks to queue
[2025-01-25T16:37:16.513+0000] {logging_mixin.py:190} INFO - [2025-01-25T16:37:16.513+0000] {dagbag.py:588} INFO - Filling up the DagBag from /home/airflow/.local/lib/python3.12/site-packages/airflow/example_dags/example_datasets.py
[2025-01-25T16:37:17.012+0000] {processor.py:925} INFO - DAG(s) 'consume_1_and_2_with_dataset_expressions', 'dataset_consumes_1_never_scheduled', 'dataset_consumes_1', 'dataset_consumes_1_and_2', 'dataset_produces_1', 'consume_1_or_both_2_and_3_with_dataset_expressions', 'dataset_consumes_unknown_never_scheduled', 'consume_1_or_2_with_dataset_expressions', 'conditional_dataset_and_time_based_timetable', 'dataset_produces_2' retrieved from /home/airflow/.local/lib/python3.12/site-packages/airflow/example_dags/example_datasets.py
[2025-01-25T16:37:17.054+0000] {logging_mixin.py:190} INFO - [2025-01-25T16:37:17.053+0000] {dag.py:3239} INFO - Sync 10 DAGs
[2025-01-25T16:37:17.078+0000] {logging_mixin.py:190} INFO - [2025-01-25T16:37:17.077+0000] {dag.py:4180} INFO - Setting next_dagrun for conditional_dataset_and_time_based_timetable to 2025-01-22 01:00:00+00:00, run_after=2025-01-22 01:00:00+00:00
[2025-01-25T16:37:17.082+0000] {logging_mixin.py:190} INFO - [2025-01-25T16:37:17.081+0000] {dag.py:4180} INFO - Setting next_dagrun for consume_1_and_2_with_dataset_expressions to None, run_after=None
[2025-01-25T16:37:17.084+0000] {logging_mixin.py:190} INFO - [2025-01-25T16:37:17.083+0000] {dag.py:4180} INFO - Setting next_dagrun for consume_1_or_2_with_dataset_expressions to None, run_after=None
[2025-01-25T16:37:17.085+0000] {logging_mixin.py:190} INFO - [2025-01-25T16:37:17.085+0000] {dag.py:4180} INFO - Setting next_dagrun for consume_1_or_both_2_and_3_with_dataset_expressions to None, run_after=None
[2025-01-25T16:37:17.087+0000] {logging_mixin.py:190} INFO - [2025-01-25T16:37:17.087+0000] {dag.py:4180} INFO - Setting next_dagrun for dataset_consumes_1 to None, run_after=None
[2025-01-25T16:37:17.089+0000] {logging_mixin.py:190} INFO - [2025-01-25T16:37:17.089+0000] {dag.py:4180} INFO - Setting next_dagrun for dataset_consumes_1_and_2 to None, run_after=None
[2025-01-25T16:37:17.091+0000] {logging_mixin.py:190} INFO - [2025-01-25T16:37:17.091+0000] {dag.py:4180} INFO - Setting next_dagrun for dataset_consumes_1_never_scheduled to None, run_after=None
[2025-01-25T16:37:17.093+0000] {logging_mixin.py:190} INFO - [2025-01-25T16:37:17.092+0000] {dag.py:4180} INFO - Setting next_dagrun for dataset_consumes_unknown_never_scheduled to None, run_after=None
[2025-01-25T16:37:17.096+0000] {logging_mixin.py:190} INFO - [2025-01-25T16:37:17.096+0000] {dag.py:4180} INFO - Setting next_dagrun for dataset_produces_1 to 2025-01-24 00:00:00+00:00, run_after=2025-01-25 00:00:00+00:00
[2025-01-25T16:37:17.098+0000] {logging_mixin.py:190} INFO - [2025-01-25T16:37:17.098+0000] {dag.py:4180} INFO - Setting next_dagrun for dataset_produces_2 to None, run_after=None
[2025-01-25T16:37:17.142+0000] {processor.py:208} INFO - Processing /home/airflow/.local/lib/python3.12/site-packages/airflow/example_dags/example_datasets.py took 0.639 seconds
