[2025-01-25T16:28:58.076+0000] {processor.py:186} INFO - Started process (PID=77) to work on /home/airflow/.local/lib/python3.12/site-packages/airflow/example_dags/example_params_trigger_ui.py
[2025-01-25T16:28:58.077+0000] {processor.py:914} INFO - Processing file /home/airflow/.local/lib/python3.12/site-packages/airflow/example_dags/example_params_trigger_ui.py for tasks to queue
[2025-01-25T16:28:58.079+0000] {logging_mixin.py:190} INFO - [2025-01-25T16:28:58.079+0000] {dagbag.py:588} INFO - Filling up the DagBag from /home/airflow/.local/lib/python3.12/site-packages/airflow/example_dags/example_params_trigger_ui.py
[2025-01-25T16:28:58.096+0000] {processor.py:925} INFO - DAG(s) 'example_params_trigger_ui' retrieved from /home/airflow/.local/lib/python3.12/site-packages/airflow/example_dags/example_params_trigger_ui.py
[2025-01-25T16:28:58.239+0000] {logging_mixin.py:190} INFO - [2025-01-25T16:28:58.238+0000] {override.py:1911} INFO - Created Permission View: can delete on DAG:example_params_trigger_ui
[2025-01-25T16:28:58.256+0000] {logging_mixin.py:190} INFO - [2025-01-25T16:28:58.256+0000] {override.py:1911} INFO - Created Permission View: can read on DAG:example_params_trigger_ui
[2025-01-25T16:28:58.270+0000] {logging_mixin.py:190} INFO - [2025-01-25T16:28:58.269+0000] {override.py:1911} INFO - Created Permission View: can edit on DAG:example_params_trigger_ui
[2025-01-25T16:28:58.293+0000] {logging_mixin.py:190} INFO - [2025-01-25T16:28:58.293+0000] {override.py:1911} INFO - Created Permission View: can delete on DAG Run:example_params_trigger_ui
[2025-01-25T16:28:58.307+0000] {logging_mixin.py:190} INFO - [2025-01-25T16:28:58.306+0000] {override.py:1911} INFO - Created Permission View: can create on DAG Run:example_params_trigger_ui
[2025-01-25T16:28:58.323+0000] {logging_mixin.py:190} INFO - [2025-01-25T16:28:58.322+0000] {override.py:1911} INFO - Created Permission View: menu access on DAG Run:example_params_trigger_ui
[2025-01-25T16:28:58.338+0000] {logging_mixin.py:190} INFO - [2025-01-25T16:28:58.338+0000] {override.py:1911} INFO - Created Permission View: can read on DAG Run:example_params_trigger_ui
[2025-01-25T16:28:58.339+0000] {logging_mixin.py:190} INFO - [2025-01-25T16:28:58.339+0000] {dag.py:3239} INFO - Sync 1 DAGs
[2025-01-25T16:28:58.355+0000] {logging_mixin.py:190} INFO - [2025-01-25T16:28:58.355+0000] {dag.py:3262} INFO - Creating ORM DAG for example_params_trigger_ui
[2025-01-25T16:28:58.356+0000] {logging_mixin.py:190} INFO - [2025-01-25T16:28:58.356+0000] {dag.py:4180} INFO - Setting next_dagrun for example_params_trigger_ui to None, run_after=None
[2025-01-25T16:28:58.384+0000] {processor.py:208} INFO - Processing /home/airflow/.local/lib/python3.12/site-packages/airflow/example_dags/example_params_trigger_ui.py took 0.313 seconds
[2025-01-25T16:29:28.494+0000] {processor.py:186} INFO - Started process (PID=140) to work on /home/airflow/.local/lib/python3.12/site-packages/airflow/example_dags/example_params_trigger_ui.py
[2025-01-25T16:29:28.495+0000] {processor.py:914} INFO - Processing file /home/airflow/.local/lib/python3.12/site-packages/airflow/example_dags/example_params_trigger_ui.py for tasks to queue
[2025-01-25T16:29:28.498+0000] {logging_mixin.py:190} INFO - [2025-01-25T16:29:28.497+0000] {dagbag.py:588} INFO - Filling up the DagBag from /home/airflow/.local/lib/python3.12/site-packages/airflow/example_dags/example_params_trigger_ui.py
[2025-01-25T16:29:28.508+0000] {processor.py:925} INFO - DAG(s) 'example_params_trigger_ui' retrieved from /home/airflow/.local/lib/python3.12/site-packages/airflow/example_dags/example_params_trigger_ui.py
[2025-01-25T16:29:28.551+0000] {logging_mixin.py:190} INFO - [2025-01-25T16:29:28.550+0000] {dag.py:3239} INFO - Sync 1 DAGs
[2025-01-25T16:29:28.564+0000] {logging_mixin.py:190} INFO - [2025-01-25T16:29:28.564+0000] {dag.py:4180} INFO - Setting next_dagrun for example_params_trigger_ui to None, run_after=None
[2025-01-25T16:29:28.590+0000] {processor.py:208} INFO - Processing /home/airflow/.local/lib/python3.12/site-packages/airflow/example_dags/example_params_trigger_ui.py took 0.103 seconds
[2025-01-25T16:30:00.628+0000] {processor.py:186} INFO - Started process (PID=203) to work on /home/airflow/.local/lib/python3.12/site-packages/airflow/example_dags/example_params_trigger_ui.py
[2025-01-25T16:30:00.630+0000] {processor.py:914} INFO - Processing file /home/airflow/.local/lib/python3.12/site-packages/airflow/example_dags/example_params_trigger_ui.py for tasks to queue
[2025-01-25T16:30:00.632+0000] {logging_mixin.py:190} INFO - [2025-01-25T16:30:00.632+0000] {dagbag.py:588} INFO - Filling up the DagBag from /home/airflow/.local/lib/python3.12/site-packages/airflow/example_dags/example_params_trigger_ui.py
[2025-01-25T16:30:00.645+0000] {processor.py:925} INFO - DAG(s) 'example_params_trigger_ui' retrieved from /home/airflow/.local/lib/python3.12/site-packages/airflow/example_dags/example_params_trigger_ui.py
[2025-01-25T16:30:00.689+0000] {logging_mixin.py:190} INFO - [2025-01-25T16:30:00.689+0000] {dag.py:3239} INFO - Sync 1 DAGs
[2025-01-25T16:30:00.702+0000] {logging_mixin.py:190} INFO - [2025-01-25T16:30:00.702+0000] {dag.py:4180} INFO - Setting next_dagrun for example_params_trigger_ui to None, run_after=None
[2025-01-25T16:30:00.829+0000] {processor.py:208} INFO - Processing /home/airflow/.local/lib/python3.12/site-packages/airflow/example_dags/example_params_trigger_ui.py took 0.207 seconds
[2025-01-25T16:30:34.390+0000] {processor.py:186} INFO - Started process (PID=266) to work on /home/airflow/.local/lib/python3.12/site-packages/airflow/example_dags/example_params_trigger_ui.py
[2025-01-25T16:30:34.391+0000] {processor.py:914} INFO - Processing file /home/airflow/.local/lib/python3.12/site-packages/airflow/example_dags/example_params_trigger_ui.py for tasks to queue
[2025-01-25T16:30:34.393+0000] {logging_mixin.py:190} INFO - [2025-01-25T16:30:34.393+0000] {dagbag.py:588} INFO - Filling up the DagBag from /home/airflow/.local/lib/python3.12/site-packages/airflow/example_dags/example_params_trigger_ui.py
[2025-01-25T16:30:34.408+0000] {processor.py:925} INFO - DAG(s) 'example_params_trigger_ui' retrieved from /home/airflow/.local/lib/python3.12/site-packages/airflow/example_dags/example_params_trigger_ui.py
[2025-01-25T16:30:34.449+0000] {logging_mixin.py:190} INFO - [2025-01-25T16:30:34.449+0000] {dag.py:3239} INFO - Sync 1 DAGs
[2025-01-25T16:30:34.463+0000] {logging_mixin.py:190} INFO - [2025-01-25T16:30:34.463+0000] {dag.py:4180} INFO - Setting next_dagrun for example_params_trigger_ui to None, run_after=None
[2025-01-25T16:30:35.354+0000] {processor.py:208} INFO - Processing /home/airflow/.local/lib/python3.12/site-packages/airflow/example_dags/example_params_trigger_ui.py took 0.970 seconds
[2025-01-25T16:31:06.114+0000] {processor.py:186} INFO - Started process (PID=329) to work on /home/airflow/.local/lib/python3.12/site-packages/airflow/example_dags/example_params_trigger_ui.py
[2025-01-25T16:31:06.115+0000] {processor.py:914} INFO - Processing file /home/airflow/.local/lib/python3.12/site-packages/airflow/example_dags/example_params_trigger_ui.py for tasks to queue
[2025-01-25T16:31:06.118+0000] {logging_mixin.py:190} INFO - [2025-01-25T16:31:06.117+0000] {dagbag.py:588} INFO - Filling up the DagBag from /home/airflow/.local/lib/python3.12/site-packages/airflow/example_dags/example_params_trigger_ui.py
[2025-01-25T16:31:06.128+0000] {processor.py:925} INFO - DAG(s) 'example_params_trigger_ui' retrieved from /home/airflow/.local/lib/python3.12/site-packages/airflow/example_dags/example_params_trigger_ui.py
[2025-01-25T16:31:06.176+0000] {logging_mixin.py:190} INFO - [2025-01-25T16:31:06.175+0000] {dag.py:3239} INFO - Sync 1 DAGs
[2025-01-25T16:31:06.191+0000] {logging_mixin.py:190} INFO - [2025-01-25T16:31:06.191+0000] {dag.py:4180} INFO - Setting next_dagrun for example_params_trigger_ui to None, run_after=None
[2025-01-25T16:31:06.216+0000] {processor.py:208} INFO - Processing /home/airflow/.local/lib/python3.12/site-packages/airflow/example_dags/example_params_trigger_ui.py took 0.109 seconds
[2025-01-25T16:31:36.685+0000] {processor.py:186} INFO - Started process (PID=393) to work on /home/airflow/.local/lib/python3.12/site-packages/airflow/example_dags/example_params_trigger_ui.py
[2025-01-25T16:31:36.686+0000] {processor.py:914} INFO - Processing file /home/airflow/.local/lib/python3.12/site-packages/airflow/example_dags/example_params_trigger_ui.py for tasks to queue
[2025-01-25T16:31:36.689+0000] {logging_mixin.py:190} INFO - [2025-01-25T16:31:36.688+0000] {dagbag.py:588} INFO - Filling up the DagBag from /home/airflow/.local/lib/python3.12/site-packages/airflow/example_dags/example_params_trigger_ui.py
[2025-01-25T16:31:36.699+0000] {processor.py:925} INFO - DAG(s) 'example_params_trigger_ui' retrieved from /home/airflow/.local/lib/python3.12/site-packages/airflow/example_dags/example_params_trigger_ui.py
[2025-01-25T16:31:36.738+0000] {logging_mixin.py:190} INFO - [2025-01-25T16:31:36.738+0000] {dag.py:3239} INFO - Sync 1 DAGs
[2025-01-25T16:31:36.751+0000] {logging_mixin.py:190} INFO - [2025-01-25T16:31:36.751+0000] {dag.py:4180} INFO - Setting next_dagrun for example_params_trigger_ui to None, run_after=None
[2025-01-25T16:31:36.857+0000] {processor.py:208} INFO - Processing /home/airflow/.local/lib/python3.12/site-packages/airflow/example_dags/example_params_trigger_ui.py took 0.177 seconds
[2025-01-25T16:32:07.527+0000] {processor.py:186} INFO - Started process (PID=456) to work on /home/airflow/.local/lib/python3.12/site-packages/airflow/example_dags/example_params_trigger_ui.py
[2025-01-25T16:32:07.528+0000] {processor.py:914} INFO - Processing file /home/airflow/.local/lib/python3.12/site-packages/airflow/example_dags/example_params_trigger_ui.py for tasks to queue
[2025-01-25T16:32:07.530+0000] {logging_mixin.py:190} INFO - [2025-01-25T16:32:07.530+0000] {dagbag.py:588} INFO - Filling up the DagBag from /home/airflow/.local/lib/python3.12/site-packages/airflow/example_dags/example_params_trigger_ui.py
[2025-01-25T16:32:07.539+0000] {processor.py:925} INFO - DAG(s) 'example_params_trigger_ui' retrieved from /home/airflow/.local/lib/python3.12/site-packages/airflow/example_dags/example_params_trigger_ui.py
[2025-01-25T16:32:07.580+0000] {logging_mixin.py:190} INFO - [2025-01-25T16:32:07.579+0000] {dag.py:3239} INFO - Sync 1 DAGs
[2025-01-25T16:32:07.594+0000] {logging_mixin.py:190} INFO - [2025-01-25T16:32:07.593+0000] {dag.py:4180} INFO - Setting next_dagrun for example_params_trigger_ui to None, run_after=None
[2025-01-25T16:32:07.984+0000] {processor.py:208} INFO - Processing /home/airflow/.local/lib/python3.12/site-packages/airflow/example_dags/example_params_trigger_ui.py took 0.462 seconds
[2025-01-25T16:32:38.038+0000] {processor.py:186} INFO - Started process (PID=519) to work on /home/airflow/.local/lib/python3.12/site-packages/airflow/example_dags/example_params_trigger_ui.py
[2025-01-25T16:32:38.039+0000] {processor.py:914} INFO - Processing file /home/airflow/.local/lib/python3.12/site-packages/airflow/example_dags/example_params_trigger_ui.py for tasks to queue
[2025-01-25T16:32:38.041+0000] {logging_mixin.py:190} INFO - [2025-01-25T16:32:38.041+0000] {dagbag.py:588} INFO - Filling up the DagBag from /home/airflow/.local/lib/python3.12/site-packages/airflow/example_dags/example_params_trigger_ui.py
[2025-01-25T16:32:38.050+0000] {processor.py:925} INFO - DAG(s) 'example_params_trigger_ui' retrieved from /home/airflow/.local/lib/python3.12/site-packages/airflow/example_dags/example_params_trigger_ui.py
[2025-01-25T16:32:38.086+0000] {logging_mixin.py:190} INFO - [2025-01-25T16:32:38.086+0000] {dag.py:3239} INFO - Sync 1 DAGs
[2025-01-25T16:32:38.099+0000] {logging_mixin.py:190} INFO - [2025-01-25T16:32:38.099+0000] {dag.py:4180} INFO - Setting next_dagrun for example_params_trigger_ui to None, run_after=None
[2025-01-25T16:32:38.225+0000] {processor.py:208} INFO - Processing /home/airflow/.local/lib/python3.12/site-packages/airflow/example_dags/example_params_trigger_ui.py took 0.192 seconds
[2025-01-25T16:33:08.873+0000] {processor.py:186} INFO - Started process (PID=582) to work on /home/airflow/.local/lib/python3.12/site-packages/airflow/example_dags/example_params_trigger_ui.py
[2025-01-25T16:33:08.874+0000] {processor.py:914} INFO - Processing file /home/airflow/.local/lib/python3.12/site-packages/airflow/example_dags/example_params_trigger_ui.py for tasks to queue
[2025-01-25T16:33:08.877+0000] {logging_mixin.py:190} INFO - [2025-01-25T16:33:08.877+0000] {dagbag.py:588} INFO - Filling up the DagBag from /home/airflow/.local/lib/python3.12/site-packages/airflow/example_dags/example_params_trigger_ui.py
[2025-01-25T16:33:08.889+0000] {processor.py:925} INFO - DAG(s) 'example_params_trigger_ui' retrieved from /home/airflow/.local/lib/python3.12/site-packages/airflow/example_dags/example_params_trigger_ui.py
[2025-01-25T16:33:08.925+0000] {logging_mixin.py:190} INFO - [2025-01-25T16:33:08.925+0000] {dag.py:3239} INFO - Sync 1 DAGs
[2025-01-25T16:33:08.937+0000] {logging_mixin.py:190} INFO - [2025-01-25T16:33:08.937+0000] {dag.py:4180} INFO - Setting next_dagrun for example_params_trigger_ui to None, run_after=None
[2025-01-25T16:33:08.967+0000] {processor.py:208} INFO - Processing /home/airflow/.local/lib/python3.12/site-packages/airflow/example_dags/example_params_trigger_ui.py took 0.101 seconds
[2025-01-25T16:33:40.716+0000] {processor.py:186} INFO - Started process (PID=645) to work on /home/airflow/.local/lib/python3.12/site-packages/airflow/example_dags/example_params_trigger_ui.py
[2025-01-25T16:33:40.717+0000] {processor.py:914} INFO - Processing file /home/airflow/.local/lib/python3.12/site-packages/airflow/example_dags/example_params_trigger_ui.py for tasks to queue
[2025-01-25T16:33:40.720+0000] {logging_mixin.py:190} INFO - [2025-01-25T16:33:40.719+0000] {dagbag.py:588} INFO - Filling up the DagBag from /home/airflow/.local/lib/python3.12/site-packages/airflow/example_dags/example_params_trigger_ui.py
[2025-01-25T16:33:40.729+0000] {processor.py:925} INFO - DAG(s) 'example_params_trigger_ui' retrieved from /home/airflow/.local/lib/python3.12/site-packages/airflow/example_dags/example_params_trigger_ui.py
[2025-01-25T16:33:40.766+0000] {logging_mixin.py:190} INFO - [2025-01-25T16:33:40.766+0000] {dag.py:3239} INFO - Sync 1 DAGs
[2025-01-25T16:33:40.779+0000] {logging_mixin.py:190} INFO - [2025-01-25T16:33:40.779+0000] {dag.py:4180} INFO - Setting next_dagrun for example_params_trigger_ui to None, run_after=None
[2025-01-25T16:33:41.317+0000] {processor.py:208} INFO - Processing /home/airflow/.local/lib/python3.12/site-packages/airflow/example_dags/example_params_trigger_ui.py took 0.605 seconds
[2025-01-25T16:34:12.070+0000] {processor.py:186} INFO - Started process (PID=708) to work on /home/airflow/.local/lib/python3.12/site-packages/airflow/example_dags/example_params_trigger_ui.py
[2025-01-25T16:34:12.071+0000] {processor.py:914} INFO - Processing file /home/airflow/.local/lib/python3.12/site-packages/airflow/example_dags/example_params_trigger_ui.py for tasks to queue
[2025-01-25T16:34:12.073+0000] {logging_mixin.py:190} INFO - [2025-01-25T16:34:12.073+0000] {dagbag.py:588} INFO - Filling up the DagBag from /home/airflow/.local/lib/python3.12/site-packages/airflow/example_dags/example_params_trigger_ui.py
[2025-01-25T16:34:12.083+0000] {processor.py:925} INFO - DAG(s) 'example_params_trigger_ui' retrieved from /home/airflow/.local/lib/python3.12/site-packages/airflow/example_dags/example_params_trigger_ui.py
[2025-01-25T16:34:12.122+0000] {logging_mixin.py:190} INFO - [2025-01-25T16:34:12.122+0000] {dag.py:3239} INFO - Sync 1 DAGs
[2025-01-25T16:34:12.135+0000] {logging_mixin.py:190} INFO - [2025-01-25T16:34:12.134+0000] {dag.py:4180} INFO - Setting next_dagrun for example_params_trigger_ui to None, run_after=None
[2025-01-25T16:34:12.371+0000] {processor.py:208} INFO - Processing /home/airflow/.local/lib/python3.12/site-packages/airflow/example_dags/example_params_trigger_ui.py took 0.306 seconds
[2025-01-25T16:34:43.038+0000] {processor.py:186} INFO - Started process (PID=771) to work on /home/airflow/.local/lib/python3.12/site-packages/airflow/example_dags/example_params_trigger_ui.py
[2025-01-25T16:34:43.039+0000] {processor.py:914} INFO - Processing file /home/airflow/.local/lib/python3.12/site-packages/airflow/example_dags/example_params_trigger_ui.py for tasks to queue
[2025-01-25T16:34:43.041+0000] {logging_mixin.py:190} INFO - [2025-01-25T16:34:43.041+0000] {dagbag.py:588} INFO - Filling up the DagBag from /home/airflow/.local/lib/python3.12/site-packages/airflow/example_dags/example_params_trigger_ui.py
[2025-01-25T16:34:43.052+0000] {processor.py:925} INFO - DAG(s) 'example_params_trigger_ui' retrieved from /home/airflow/.local/lib/python3.12/site-packages/airflow/example_dags/example_params_trigger_ui.py
[2025-01-25T16:34:43.090+0000] {logging_mixin.py:190} INFO - [2025-01-25T16:34:43.090+0000] {dag.py:3239} INFO - Sync 1 DAGs
[2025-01-25T16:34:43.103+0000] {logging_mixin.py:190} INFO - [2025-01-25T16:34:43.103+0000] {dag.py:4180} INFO - Setting next_dagrun for example_params_trigger_ui to None, run_after=None
[2025-01-25T16:34:43.126+0000] {processor.py:208} INFO - Processing /home/airflow/.local/lib/python3.12/site-packages/airflow/example_dags/example_params_trigger_ui.py took 0.095 seconds
[2025-01-25T16:35:13.876+0000] {processor.py:186} INFO - Started process (PID=834) to work on /home/airflow/.local/lib/python3.12/site-packages/airflow/example_dags/example_params_trigger_ui.py
[2025-01-25T16:35:13.877+0000] {processor.py:914} INFO - Processing file /home/airflow/.local/lib/python3.12/site-packages/airflow/example_dags/example_params_trigger_ui.py for tasks to queue
[2025-01-25T16:35:13.879+0000] {logging_mixin.py:190} INFO - [2025-01-25T16:35:13.879+0000] {dagbag.py:588} INFO - Filling up the DagBag from /home/airflow/.local/lib/python3.12/site-packages/airflow/example_dags/example_params_trigger_ui.py
[2025-01-25T16:35:13.889+0000] {processor.py:925} INFO - DAG(s) 'example_params_trigger_ui' retrieved from /home/airflow/.local/lib/python3.12/site-packages/airflow/example_dags/example_params_trigger_ui.py
[2025-01-25T16:35:13.927+0000] {logging_mixin.py:190} INFO - [2025-01-25T16:35:13.926+0000] {dag.py:3239} INFO - Sync 1 DAGs
[2025-01-25T16:35:13.939+0000] {logging_mixin.py:190} INFO - [2025-01-25T16:35:13.939+0000] {dag.py:4180} INFO - Setting next_dagrun for example_params_trigger_ui to None, run_after=None
[2025-01-25T16:35:14.523+0000] {processor.py:208} INFO - Processing /home/airflow/.local/lib/python3.12/site-packages/airflow/example_dags/example_params_trigger_ui.py took 0.653 seconds
[2025-01-25T16:35:45.859+0000] {processor.py:186} INFO - Started process (PID=897) to work on /home/airflow/.local/lib/python3.12/site-packages/airflow/example_dags/example_params_trigger_ui.py
[2025-01-25T16:35:45.860+0000] {processor.py:914} INFO - Processing file /home/airflow/.local/lib/python3.12/site-packages/airflow/example_dags/example_params_trigger_ui.py for tasks to queue
[2025-01-25T16:35:45.862+0000] {logging_mixin.py:190} INFO - [2025-01-25T16:35:45.862+0000] {dagbag.py:588} INFO - Filling up the DagBag from /home/airflow/.local/lib/python3.12/site-packages/airflow/example_dags/example_params_trigger_ui.py
[2025-01-25T16:35:45.871+0000] {processor.py:925} INFO - DAG(s) 'example_params_trigger_ui' retrieved from /home/airflow/.local/lib/python3.12/site-packages/airflow/example_dags/example_params_trigger_ui.py
[2025-01-25T16:35:45.907+0000] {logging_mixin.py:190} INFO - [2025-01-25T16:35:45.907+0000] {dag.py:3239} INFO - Sync 1 DAGs
[2025-01-25T16:35:45.919+0000] {logging_mixin.py:190} INFO - [2025-01-25T16:35:45.919+0000] {dag.py:4180} INFO - Setting next_dagrun for example_params_trigger_ui to None, run_after=None
[2025-01-25T16:35:45.990+0000] {processor.py:208} INFO - Processing /home/airflow/.local/lib/python3.12/site-packages/airflow/example_dags/example_params_trigger_ui.py took 0.136 seconds
[2025-01-25T16:36:16.468+0000] {processor.py:186} INFO - Started process (PID=960) to work on /home/airflow/.local/lib/python3.12/site-packages/airflow/example_dags/example_params_trigger_ui.py
[2025-01-25T16:36:16.469+0000] {processor.py:914} INFO - Processing file /home/airflow/.local/lib/python3.12/site-packages/airflow/example_dags/example_params_trigger_ui.py for tasks to queue
[2025-01-25T16:36:16.471+0000] {logging_mixin.py:190} INFO - [2025-01-25T16:36:16.471+0000] {dagbag.py:588} INFO - Filling up the DagBag from /home/airflow/.local/lib/python3.12/site-packages/airflow/example_dags/example_params_trigger_ui.py
[2025-01-25T16:36:16.480+0000] {processor.py:925} INFO - DAG(s) 'example_params_trigger_ui' retrieved from /home/airflow/.local/lib/python3.12/site-packages/airflow/example_dags/example_params_trigger_ui.py
[2025-01-25T16:36:16.521+0000] {logging_mixin.py:190} INFO - [2025-01-25T16:36:16.521+0000] {dag.py:3239} INFO - Sync 1 DAGs
[2025-01-25T16:36:16.534+0000] {logging_mixin.py:190} INFO - [2025-01-25T16:36:16.534+0000] {dag.py:4180} INFO - Setting next_dagrun for example_params_trigger_ui to None, run_after=None
[2025-01-25T16:36:17.027+0000] {processor.py:208} INFO - Processing /home/airflow/.local/lib/python3.12/site-packages/airflow/example_dags/example_params_trigger_ui.py took 0.563 seconds
[2025-01-25T16:36:47.159+0000] {processor.py:186} INFO - Started process (PID=1023) to work on /home/airflow/.local/lib/python3.12/site-packages/airflow/example_dags/example_params_trigger_ui.py
[2025-01-25T16:36:47.160+0000] {processor.py:914} INFO - Processing file /home/airflow/.local/lib/python3.12/site-packages/airflow/example_dags/example_params_trigger_ui.py for tasks to queue
[2025-01-25T16:36:47.162+0000] {logging_mixin.py:190} INFO - [2025-01-25T16:36:47.162+0000] {dagbag.py:588} INFO - Filling up the DagBag from /home/airflow/.local/lib/python3.12/site-packages/airflow/example_dags/example_params_trigger_ui.py
[2025-01-25T16:36:47.171+0000] {processor.py:925} INFO - DAG(s) 'example_params_trigger_ui' retrieved from /home/airflow/.local/lib/python3.12/site-packages/airflow/example_dags/example_params_trigger_ui.py
[2025-01-25T16:36:47.211+0000] {logging_mixin.py:190} INFO - [2025-01-25T16:36:47.211+0000] {dag.py:3239} INFO - Sync 1 DAGs
[2025-01-25T16:36:47.224+0000] {logging_mixin.py:190} INFO - [2025-01-25T16:36:47.224+0000] {dag.py:4180} INFO - Setting next_dagrun for example_params_trigger_ui to None, run_after=None
[2025-01-25T16:36:47.367+0000] {processor.py:208} INFO - Processing /home/airflow/.local/lib/python3.12/site-packages/airflow/example_dags/example_params_trigger_ui.py took 0.213 seconds
[2025-01-25T16:37:18.072+0000] {processor.py:186} INFO - Started process (PID=1086) to work on /home/airflow/.local/lib/python3.12/site-packages/airflow/example_dags/example_params_trigger_ui.py
[2025-01-25T16:37:18.073+0000] {processor.py:914} INFO - Processing file /home/airflow/.local/lib/python3.12/site-packages/airflow/example_dags/example_params_trigger_ui.py for tasks to queue
[2025-01-25T16:37:18.075+0000] {logging_mixin.py:190} INFO - [2025-01-25T16:37:18.075+0000] {dagbag.py:588} INFO - Filling up the DagBag from /home/airflow/.local/lib/python3.12/site-packages/airflow/example_dags/example_params_trigger_ui.py
[2025-01-25T16:37:18.085+0000] {processor.py:925} INFO - DAG(s) 'example_params_trigger_ui' retrieved from /home/airflow/.local/lib/python3.12/site-packages/airflow/example_dags/example_params_trigger_ui.py
[2025-01-25T16:37:18.124+0000] {logging_mixin.py:190} INFO - [2025-01-25T16:37:18.124+0000] {dag.py:3239} INFO - Sync 1 DAGs
[2025-01-25T16:37:18.138+0000] {logging_mixin.py:190} INFO - [2025-01-25T16:37:18.137+0000] {dag.py:4180} INFO - Setting next_dagrun for example_params_trigger_ui to None, run_after=None
[2025-01-25T16:37:18.236+0000] {processor.py:208} INFO - Processing /home/airflow/.local/lib/python3.12/site-packages/airflow/example_dags/example_params_trigger_ui.py took 0.168 seconds
