[2025-01-25T16:28:50.455+0000] {processor.py:186} INFO - Started process (PID=47) to work on /home/airflow/.local/lib/python3.12/site-packages/airflow/example_dags/example_bash_operator.py
[2025-01-25T16:28:50.456+0000] {processor.py:914} INFO - Processing file /home/airflow/.local/lib/python3.12/site-packages/airflow/example_dags/example_bash_operator.py for tasks to queue
[2025-01-25T16:28:50.458+0000] {logging_mixin.py:190} INFO - [2025-01-25T16:28:50.458+0000] {dagbag.py:588} INFO - Filling up the DagBag from /home/airflow/.local/lib/python3.12/site-packages/airflow/example_dags/example_bash_operator.py
[2025-01-25T16:28:50.473+0000] {processor.py:925} INFO - DAG(s) 'example_bash_operator' retrieved from /home/airflow/.local/lib/python3.12/site-packages/airflow/example_dags/example_bash_operator.py
[2025-01-25T16:28:50.585+0000] {logging_mixin.py:190} INFO - [2025-01-25T16:28:50.584+0000] {override.py:1911} INFO - Created Permission View: can delete on DAG:example_bash_operator
[2025-01-25T16:28:50.600+0000] {logging_mixin.py:190} INFO - [2025-01-25T16:28:50.599+0000] {override.py:1911} INFO - Created Permission View: can read on DAG:example_bash_operator
[2025-01-25T16:28:50.611+0000] {logging_mixin.py:190} INFO - [2025-01-25T16:28:50.610+0000] {override.py:1911} INFO - Created Permission View: can edit on DAG:example_bash_operator
[2025-01-25T16:28:50.627+0000] {logging_mixin.py:190} INFO - [2025-01-25T16:28:50.627+0000] {override.py:1911} INFO - Created Permission View: can delete on DAG Run:example_bash_operator
[2025-01-25T16:28:50.638+0000] {logging_mixin.py:190} INFO - [2025-01-25T16:28:50.638+0000] {override.py:1911} INFO - Created Permission View: can create on DAG Run:example_bash_operator
[2025-01-25T16:28:50.649+0000] {logging_mixin.py:190} INFO - [2025-01-25T16:28:50.648+0000] {override.py:1911} INFO - Created Permission View: menu access on DAG Run:example_bash_operator
[2025-01-25T16:28:50.659+0000] {logging_mixin.py:190} INFO - [2025-01-25T16:28:50.659+0000] {override.py:1911} INFO - Created Permission View: can read on DAG Run:example_bash_operator
[2025-01-25T16:28:50.661+0000] {logging_mixin.py:190} INFO - [2025-01-25T16:28:50.661+0000] {dag.py:3239} INFO - Sync 1 DAGs
[2025-01-25T16:28:50.679+0000] {logging_mixin.py:190} INFO - [2025-01-25T16:28:50.679+0000] {dag.py:3262} INFO - Creating ORM DAG for example_bash_operator
[2025-01-25T16:28:50.697+0000] {logging_mixin.py:190} INFO - [2025-01-25T16:28:50.696+0000] {dag.py:4180} INFO - Setting next_dagrun for example_bash_operator to 2025-01-24 00:00:00+00:00, run_after=2025-01-25 00:00:00+00:00
[2025-01-25T16:28:50.727+0000] {processor.py:208} INFO - Processing /home/airflow/.local/lib/python3.12/site-packages/airflow/example_dags/example_bash_operator.py took 0.277 seconds
[2025-01-25T16:29:21.333+0000] {processor.py:186} INFO - Started process (PID=115) to work on /home/airflow/.local/lib/python3.12/site-packages/airflow/example_dags/example_bash_operator.py
[2025-01-25T16:29:21.334+0000] {processor.py:914} INFO - Processing file /home/airflow/.local/lib/python3.12/site-packages/airflow/example_dags/example_bash_operator.py for tasks to queue
[2025-01-25T16:29:21.337+0000] {logging_mixin.py:190} INFO - [2025-01-25T16:29:21.336+0000] {dagbag.py:588} INFO - Filling up the DagBag from /home/airflow/.local/lib/python3.12/site-packages/airflow/example_dags/example_bash_operator.py
[2025-01-25T16:29:21.350+0000] {processor.py:925} INFO - DAG(s) 'example_bash_operator' retrieved from /home/airflow/.local/lib/python3.12/site-packages/airflow/example_dags/example_bash_operator.py
[2025-01-25T16:29:21.377+0000] {logging_mixin.py:190} INFO - [2025-01-25T16:29:21.377+0000] {dag.py:3239} INFO - Sync 1 DAGs
[2025-01-25T16:29:21.406+0000] {logging_mixin.py:190} INFO - [2025-01-25T16:29:21.405+0000] {dag.py:4180} INFO - Setting next_dagrun for example_bash_operator to 2025-01-24 00:00:00+00:00, run_after=2025-01-25 00:00:00+00:00
[2025-01-25T16:29:21.454+0000] {processor.py:208} INFO - Processing /home/airflow/.local/lib/python3.12/site-packages/airflow/example_dags/example_bash_operator.py took 0.127 seconds
[2025-01-25T16:29:51.596+0000] {processor.py:186} INFO - Started process (PID=178) to work on /home/airflow/.local/lib/python3.12/site-packages/airflow/example_dags/example_bash_operator.py
[2025-01-25T16:29:51.597+0000] {processor.py:914} INFO - Processing file /home/airflow/.local/lib/python3.12/site-packages/airflow/example_dags/example_bash_operator.py for tasks to queue
[2025-01-25T16:29:51.600+0000] {logging_mixin.py:190} INFO - [2025-01-25T16:29:51.600+0000] {dagbag.py:588} INFO - Filling up the DagBag from /home/airflow/.local/lib/python3.12/site-packages/airflow/example_dags/example_bash_operator.py
[2025-01-25T16:29:51.614+0000] {processor.py:925} INFO - DAG(s) 'example_bash_operator' retrieved from /home/airflow/.local/lib/python3.12/site-packages/airflow/example_dags/example_bash_operator.py
[2025-01-25T16:29:51.642+0000] {logging_mixin.py:190} INFO - [2025-01-25T16:29:51.641+0000] {dag.py:3239} INFO - Sync 1 DAGs
[2025-01-25T16:29:51.668+0000] {logging_mixin.py:190} INFO - [2025-01-25T16:29:51.667+0000] {dag.py:4180} INFO - Setting next_dagrun for example_bash_operator to 2025-01-24 00:00:00+00:00, run_after=2025-01-25 00:00:00+00:00
[2025-01-25T16:29:51.694+0000] {processor.py:208} INFO - Processing /home/airflow/.local/lib/python3.12/site-packages/airflow/example_dags/example_bash_operator.py took 0.103 seconds
[2025-01-25T16:30:22.159+0000] {processor.py:186} INFO - Started process (PID=241) to work on /home/airflow/.local/lib/python3.12/site-packages/airflow/example_dags/example_bash_operator.py
[2025-01-25T16:30:22.160+0000] {processor.py:914} INFO - Processing file /home/airflow/.local/lib/python3.12/site-packages/airflow/example_dags/example_bash_operator.py for tasks to queue
[2025-01-25T16:30:22.162+0000] {logging_mixin.py:190} INFO - [2025-01-25T16:30:22.162+0000] {dagbag.py:588} INFO - Filling up the DagBag from /home/airflow/.local/lib/python3.12/site-packages/airflow/example_dags/example_bash_operator.py
[2025-01-25T16:30:22.174+0000] {processor.py:925} INFO - DAG(s) 'example_bash_operator' retrieved from /home/airflow/.local/lib/python3.12/site-packages/airflow/example_dags/example_bash_operator.py
[2025-01-25T16:30:22.199+0000] {logging_mixin.py:190} INFO - [2025-01-25T16:30:22.199+0000] {dag.py:3239} INFO - Sync 1 DAGs
[2025-01-25T16:30:22.225+0000] {logging_mixin.py:190} INFO - [2025-01-25T16:30:22.225+0000] {dag.py:4180} INFO - Setting next_dagrun for example_bash_operator to 2025-01-24 00:00:00+00:00, run_after=2025-01-25 00:00:00+00:00
[2025-01-25T16:30:22.305+0000] {processor.py:208} INFO - Processing /home/airflow/.local/lib/python3.12/site-packages/airflow/example_dags/example_bash_operator.py took 0.151 seconds
[2025-01-25T16:30:52.855+0000] {processor.py:186} INFO - Started process (PID=304) to work on /home/airflow/.local/lib/python3.12/site-packages/airflow/example_dags/example_bash_operator.py
[2025-01-25T16:30:52.856+0000] {processor.py:914} INFO - Processing file /home/airflow/.local/lib/python3.12/site-packages/airflow/example_dags/example_bash_operator.py for tasks to queue
[2025-01-25T16:30:52.859+0000] {logging_mixin.py:190} INFO - [2025-01-25T16:30:52.859+0000] {dagbag.py:588} INFO - Filling up the DagBag from /home/airflow/.local/lib/python3.12/site-packages/airflow/example_dags/example_bash_operator.py
[2025-01-25T16:30:52.875+0000] {processor.py:925} INFO - DAG(s) 'example_bash_operator' retrieved from /home/airflow/.local/lib/python3.12/site-packages/airflow/example_dags/example_bash_operator.py
[2025-01-25T16:30:52.901+0000] {logging_mixin.py:190} INFO - [2025-01-25T16:30:52.901+0000] {dag.py:3239} INFO - Sync 1 DAGs
[2025-01-25T16:30:52.930+0000] {logging_mixin.py:190} INFO - [2025-01-25T16:30:52.930+0000] {dag.py:4180} INFO - Setting next_dagrun for example_bash_operator to 2025-01-24 00:00:00+00:00, run_after=2025-01-25 00:00:00+00:00
[2025-01-25T16:30:52.954+0000] {processor.py:208} INFO - Processing /home/airflow/.local/lib/python3.12/site-packages/airflow/example_dags/example_bash_operator.py took 0.105 seconds
[2025-01-25T16:31:23.735+0000] {processor.py:186} INFO - Started process (PID=368) to work on /home/airflow/.local/lib/python3.12/site-packages/airflow/example_dags/example_bash_operator.py
[2025-01-25T16:31:23.737+0000] {processor.py:914} INFO - Processing file /home/airflow/.local/lib/python3.12/site-packages/airflow/example_dags/example_bash_operator.py for tasks to queue
[2025-01-25T16:31:23.740+0000] {logging_mixin.py:190} INFO - [2025-01-25T16:31:23.740+0000] {dagbag.py:588} INFO - Filling up the DagBag from /home/airflow/.local/lib/python3.12/site-packages/airflow/example_dags/example_bash_operator.py
[2025-01-25T16:31:23.766+0000] {processor.py:925} INFO - DAG(s) 'example_bash_operator' retrieved from /home/airflow/.local/lib/python3.12/site-packages/airflow/example_dags/example_bash_operator.py
[2025-01-25T16:31:23.793+0000] {logging_mixin.py:190} INFO - [2025-01-25T16:31:23.793+0000] {dag.py:3239} INFO - Sync 1 DAGs
[2025-01-25T16:31:23.832+0000] {logging_mixin.py:190} INFO - [2025-01-25T16:31:23.832+0000] {dag.py:4180} INFO - Setting next_dagrun for example_bash_operator to 2025-01-24 00:00:00+00:00, run_after=2025-01-25 00:00:00+00:00
[2025-01-25T16:31:23.864+0000] {processor.py:208} INFO - Processing /home/airflow/.local/lib/python3.12/site-packages/airflow/example_dags/example_bash_operator.py took 0.137 seconds
[2025-01-25T16:31:54.629+0000] {processor.py:186} INFO - Started process (PID=431) to work on /home/airflow/.local/lib/python3.12/site-packages/airflow/example_dags/example_bash_operator.py
[2025-01-25T16:31:54.631+0000] {processor.py:914} INFO - Processing file /home/airflow/.local/lib/python3.12/site-packages/airflow/example_dags/example_bash_operator.py for tasks to queue
[2025-01-25T16:31:54.635+0000] {logging_mixin.py:190} INFO - [2025-01-25T16:31:54.634+0000] {dagbag.py:588} INFO - Filling up the DagBag from /home/airflow/.local/lib/python3.12/site-packages/airflow/example_dags/example_bash_operator.py
[2025-01-25T16:31:54.648+0000] {processor.py:925} INFO - DAG(s) 'example_bash_operator' retrieved from /home/airflow/.local/lib/python3.12/site-packages/airflow/example_dags/example_bash_operator.py
[2025-01-25T16:31:54.672+0000] {logging_mixin.py:190} INFO - [2025-01-25T16:31:54.671+0000] {dag.py:3239} INFO - Sync 1 DAGs
[2025-01-25T16:31:54.693+0000] {logging_mixin.py:190} INFO - [2025-01-25T16:31:54.692+0000] {dag.py:4180} INFO - Setting next_dagrun for example_bash_operator to 2025-01-24 00:00:00+00:00, run_after=2025-01-25 00:00:00+00:00
[2025-01-25T16:31:54.712+0000] {processor.py:208} INFO - Processing /home/airflow/.local/lib/python3.12/site-packages/airflow/example_dags/example_bash_operator.py took 0.090 seconds
[2025-01-25T16:32:27.594+0000] {processor.py:186} INFO - Started process (PID=494) to work on /home/airflow/.local/lib/python3.12/site-packages/airflow/example_dags/example_bash_operator.py
[2025-01-25T16:32:27.595+0000] {processor.py:914} INFO - Processing file /home/airflow/.local/lib/python3.12/site-packages/airflow/example_dags/example_bash_operator.py for tasks to queue
[2025-01-25T16:32:27.597+0000] {logging_mixin.py:190} INFO - [2025-01-25T16:32:27.597+0000] {dagbag.py:588} INFO - Filling up the DagBag from /home/airflow/.local/lib/python3.12/site-packages/airflow/example_dags/example_bash_operator.py
[2025-01-25T16:32:27.609+0000] {processor.py:925} INFO - DAG(s) 'example_bash_operator' retrieved from /home/airflow/.local/lib/python3.12/site-packages/airflow/example_dags/example_bash_operator.py
[2025-01-25T16:32:27.634+0000] {logging_mixin.py:190} INFO - [2025-01-25T16:32:27.633+0000] {dag.py:3239} INFO - Sync 1 DAGs
[2025-01-25T16:32:27.655+0000] {logging_mixin.py:190} INFO - [2025-01-25T16:32:27.655+0000] {dag.py:4180} INFO - Setting next_dagrun for example_bash_operator to 2025-01-24 00:00:00+00:00, run_after=2025-01-25 00:00:00+00:00
[2025-01-25T16:32:27.757+0000] {processor.py:208} INFO - Processing /home/airflow/.local/lib/python3.12/site-packages/airflow/example_dags/example_bash_operator.py took 0.168 seconds
[2025-01-25T16:32:58.548+0000] {processor.py:186} INFO - Started process (PID=557) to work on /home/airflow/.local/lib/python3.12/site-packages/airflow/example_dags/example_bash_operator.py
[2025-01-25T16:32:58.549+0000] {processor.py:914} INFO - Processing file /home/airflow/.local/lib/python3.12/site-packages/airflow/example_dags/example_bash_operator.py for tasks to queue
[2025-01-25T16:32:58.552+0000] {logging_mixin.py:190} INFO - [2025-01-25T16:32:58.551+0000] {dagbag.py:588} INFO - Filling up the DagBag from /home/airflow/.local/lib/python3.12/site-packages/airflow/example_dags/example_bash_operator.py
[2025-01-25T16:32:58.562+0000] {processor.py:925} INFO - DAG(s) 'example_bash_operator' retrieved from /home/airflow/.local/lib/python3.12/site-packages/airflow/example_dags/example_bash_operator.py
[2025-01-25T16:32:58.584+0000] {logging_mixin.py:190} INFO - [2025-01-25T16:32:58.584+0000] {dag.py:3239} INFO - Sync 1 DAGs
[2025-01-25T16:32:58.604+0000] {logging_mixin.py:190} INFO - [2025-01-25T16:32:58.604+0000] {dag.py:4180} INFO - Setting next_dagrun for example_bash_operator to 2025-01-24 00:00:00+00:00, run_after=2025-01-25 00:00:00+00:00
[2025-01-25T16:32:58.724+0000] {processor.py:208} INFO - Processing /home/airflow/.local/lib/python3.12/site-packages/airflow/example_dags/example_bash_operator.py took 0.180 seconds
[2025-01-25T16:33:30.099+0000] {processor.py:186} INFO - Started process (PID=620) to work on /home/airflow/.local/lib/python3.12/site-packages/airflow/example_dags/example_bash_operator.py
[2025-01-25T16:33:30.100+0000] {processor.py:914} INFO - Processing file /home/airflow/.local/lib/python3.12/site-packages/airflow/example_dags/example_bash_operator.py for tasks to queue
[2025-01-25T16:33:30.103+0000] {logging_mixin.py:190} INFO - [2025-01-25T16:33:30.102+0000] {dagbag.py:588} INFO - Filling up the DagBag from /home/airflow/.local/lib/python3.12/site-packages/airflow/example_dags/example_bash_operator.py
[2025-01-25T16:33:30.114+0000] {processor.py:925} INFO - DAG(s) 'example_bash_operator' retrieved from /home/airflow/.local/lib/python3.12/site-packages/airflow/example_dags/example_bash_operator.py
[2025-01-25T16:33:30.139+0000] {logging_mixin.py:190} INFO - [2025-01-25T16:33:30.138+0000] {dag.py:3239} INFO - Sync 1 DAGs
[2025-01-25T16:33:30.160+0000] {logging_mixin.py:190} INFO - [2025-01-25T16:33:30.160+0000] {dag.py:4180} INFO - Setting next_dagrun for example_bash_operator to 2025-01-24 00:00:00+00:00, run_after=2025-01-25 00:00:00+00:00
[2025-01-25T16:33:30.196+0000] {processor.py:208} INFO - Processing /home/airflow/.local/lib/python3.12/site-packages/airflow/example_dags/example_bash_operator.py took 0.102 seconds
[2025-01-25T16:34:00.730+0000] {processor.py:186} INFO - Started process (PID=683) to work on /home/airflow/.local/lib/python3.12/site-packages/airflow/example_dags/example_bash_operator.py
[2025-01-25T16:34:00.731+0000] {processor.py:914} INFO - Processing file /home/airflow/.local/lib/python3.12/site-packages/airflow/example_dags/example_bash_operator.py for tasks to queue
[2025-01-25T16:34:00.734+0000] {logging_mixin.py:190} INFO - [2025-01-25T16:34:00.733+0000] {dagbag.py:588} INFO - Filling up the DagBag from /home/airflow/.local/lib/python3.12/site-packages/airflow/example_dags/example_bash_operator.py
[2025-01-25T16:34:00.744+0000] {processor.py:925} INFO - DAG(s) 'example_bash_operator' retrieved from /home/airflow/.local/lib/python3.12/site-packages/airflow/example_dags/example_bash_operator.py
[2025-01-25T16:34:00.768+0000] {logging_mixin.py:190} INFO - [2025-01-25T16:34:00.768+0000] {dag.py:3239} INFO - Sync 1 DAGs
[2025-01-25T16:34:00.788+0000] {logging_mixin.py:190} INFO - [2025-01-25T16:34:00.788+0000] {dag.py:4180} INFO - Setting next_dagrun for example_bash_operator to 2025-01-24 00:00:00+00:00, run_after=2025-01-25 00:00:00+00:00
[2025-01-25T16:34:00.866+0000] {processor.py:208} INFO - Processing /home/airflow/.local/lib/python3.12/site-packages/airflow/example_dags/example_bash_operator.py took 0.141 seconds
[2025-01-25T16:34:31.809+0000] {processor.py:186} INFO - Started process (PID=746) to work on /home/airflow/.local/lib/python3.12/site-packages/airflow/example_dags/example_bash_operator.py
[2025-01-25T16:34:31.811+0000] {processor.py:914} INFO - Processing file /home/airflow/.local/lib/python3.12/site-packages/airflow/example_dags/example_bash_operator.py for tasks to queue
[2025-01-25T16:34:31.813+0000] {logging_mixin.py:190} INFO - [2025-01-25T16:34:31.813+0000] {dagbag.py:588} INFO - Filling up the DagBag from /home/airflow/.local/lib/python3.12/site-packages/airflow/example_dags/example_bash_operator.py
[2025-01-25T16:34:31.824+0000] {processor.py:925} INFO - DAG(s) 'example_bash_operator' retrieved from /home/airflow/.local/lib/python3.12/site-packages/airflow/example_dags/example_bash_operator.py
[2025-01-25T16:34:31.849+0000] {logging_mixin.py:190} INFO - [2025-01-25T16:34:31.848+0000] {dag.py:3239} INFO - Sync 1 DAGs
[2025-01-25T16:34:31.871+0000] {logging_mixin.py:190} INFO - [2025-01-25T16:34:31.871+0000] {dag.py:4180} INFO - Setting next_dagrun for example_bash_operator to 2025-01-24 00:00:00+00:00, run_after=2025-01-25 00:00:00+00:00
[2025-01-25T16:34:31.967+0000] {processor.py:208} INFO - Processing /home/airflow/.local/lib/python3.12/site-packages/airflow/example_dags/example_bash_operator.py took 0.162 seconds
[2025-01-25T16:35:02.575+0000] {processor.py:186} INFO - Started process (PID=809) to work on /home/airflow/.local/lib/python3.12/site-packages/airflow/example_dags/example_bash_operator.py
[2025-01-25T16:35:02.576+0000] {processor.py:914} INFO - Processing file /home/airflow/.local/lib/python3.12/site-packages/airflow/example_dags/example_bash_operator.py for tasks to queue
[2025-01-25T16:35:02.578+0000] {logging_mixin.py:190} INFO - [2025-01-25T16:35:02.578+0000] {dagbag.py:588} INFO - Filling up the DagBag from /home/airflow/.local/lib/python3.12/site-packages/airflow/example_dags/example_bash_operator.py
[2025-01-25T16:35:02.589+0000] {processor.py:925} INFO - DAG(s) 'example_bash_operator' retrieved from /home/airflow/.local/lib/python3.12/site-packages/airflow/example_dags/example_bash_operator.py
[2025-01-25T16:35:02.615+0000] {logging_mixin.py:190} INFO - [2025-01-25T16:35:02.615+0000] {dag.py:3239} INFO - Sync 1 DAGs
[2025-01-25T16:35:02.637+0000] {logging_mixin.py:190} INFO - [2025-01-25T16:35:02.637+0000] {dag.py:4180} INFO - Setting next_dagrun for example_bash_operator to 2025-01-24 00:00:00+00:00, run_after=2025-01-25 00:00:00+00:00
[2025-01-25T16:35:02.751+0000] {processor.py:208} INFO - Processing /home/airflow/.local/lib/python3.12/site-packages/airflow/example_dags/example_bash_operator.py took 0.180 seconds
[2025-01-25T16:35:33.608+0000] {processor.py:186} INFO - Started process (PID=872) to work on /home/airflow/.local/lib/python3.12/site-packages/airflow/example_dags/example_bash_operator.py
[2025-01-25T16:35:33.609+0000] {processor.py:914} INFO - Processing file /home/airflow/.local/lib/python3.12/site-packages/airflow/example_dags/example_bash_operator.py for tasks to queue
[2025-01-25T16:35:33.612+0000] {logging_mixin.py:190} INFO - [2025-01-25T16:35:33.611+0000] {dagbag.py:588} INFO - Filling up the DagBag from /home/airflow/.local/lib/python3.12/site-packages/airflow/example_dags/example_bash_operator.py
[2025-01-25T16:35:33.623+0000] {processor.py:925} INFO - DAG(s) 'example_bash_operator' retrieved from /home/airflow/.local/lib/python3.12/site-packages/airflow/example_dags/example_bash_operator.py
[2025-01-25T16:35:33.647+0000] {logging_mixin.py:190} INFO - [2025-01-25T16:35:33.647+0000] {dag.py:3239} INFO - Sync 1 DAGs
[2025-01-25T16:35:33.669+0000] {logging_mixin.py:190} INFO - [2025-01-25T16:35:33.669+0000] {dag.py:4180} INFO - Setting next_dagrun for example_bash_operator to 2025-01-24 00:00:00+00:00, run_after=2025-01-25 00:00:00+00:00
[2025-01-25T16:35:33.759+0000] {processor.py:208} INFO - Processing /home/airflow/.local/lib/python3.12/site-packages/airflow/example_dags/example_bash_operator.py took 0.156 seconds
[2025-01-25T16:36:03.842+0000] {processor.py:186} INFO - Started process (PID=935) to work on /home/airflow/.local/lib/python3.12/site-packages/airflow/example_dags/example_bash_operator.py
[2025-01-25T16:36:03.844+0000] {processor.py:914} INFO - Processing file /home/airflow/.local/lib/python3.12/site-packages/airflow/example_dags/example_bash_operator.py for tasks to queue
[2025-01-25T16:36:03.846+0000] {logging_mixin.py:190} INFO - [2025-01-25T16:36:03.846+0000] {dagbag.py:588} INFO - Filling up the DagBag from /home/airflow/.local/lib/python3.12/site-packages/airflow/example_dags/example_bash_operator.py
[2025-01-25T16:36:03.857+0000] {processor.py:925} INFO - DAG(s) 'example_bash_operator' retrieved from /home/airflow/.local/lib/python3.12/site-packages/airflow/example_dags/example_bash_operator.py
[2025-01-25T16:36:03.883+0000] {logging_mixin.py:190} INFO - [2025-01-25T16:36:03.882+0000] {dag.py:3239} INFO - Sync 1 DAGs
[2025-01-25T16:36:03.906+0000] {logging_mixin.py:190} INFO - [2025-01-25T16:36:03.906+0000] {dag.py:4180} INFO - Setting next_dagrun for example_bash_operator to 2025-01-24 00:00:00+00:00, run_after=2025-01-25 00:00:00+00:00
[2025-01-25T16:36:03.926+0000] {processor.py:208} INFO - Processing /home/airflow/.local/lib/python3.12/site-packages/airflow/example_dags/example_bash_operator.py took 0.088 seconds
[2025-01-25T16:36:34.258+0000] {processor.py:186} INFO - Started process (PID=998) to work on /home/airflow/.local/lib/python3.12/site-packages/airflow/example_dags/example_bash_operator.py
[2025-01-25T16:36:34.260+0000] {processor.py:914} INFO - Processing file /home/airflow/.local/lib/python3.12/site-packages/airflow/example_dags/example_bash_operator.py for tasks to queue
[2025-01-25T16:36:34.263+0000] {logging_mixin.py:190} INFO - [2025-01-25T16:36:34.262+0000] {dagbag.py:588} INFO - Filling up the DagBag from /home/airflow/.local/lib/python3.12/site-packages/airflow/example_dags/example_bash_operator.py
[2025-01-25T16:36:34.274+0000] {processor.py:925} INFO - DAG(s) 'example_bash_operator' retrieved from /home/airflow/.local/lib/python3.12/site-packages/airflow/example_dags/example_bash_operator.py
[2025-01-25T16:36:34.298+0000] {logging_mixin.py:190} INFO - [2025-01-25T16:36:34.298+0000] {dag.py:3239} INFO - Sync 1 DAGs
[2025-01-25T16:36:34.319+0000] {logging_mixin.py:190} INFO - [2025-01-25T16:36:34.319+0000] {dag.py:4180} INFO - Setting next_dagrun for example_bash_operator to 2025-01-24 00:00:00+00:00, run_after=2025-01-25 00:00:00+00:00
[2025-01-25T16:36:34.373+0000] {processor.py:208} INFO - Processing /home/airflow/.local/lib/python3.12/site-packages/airflow/example_dags/example_bash_operator.py took 0.119 seconds
[2025-01-25T16:37:05.150+0000] {processor.py:186} INFO - Started process (PID=1061) to work on /home/airflow/.local/lib/python3.12/site-packages/airflow/example_dags/example_bash_operator.py
[2025-01-25T16:37:05.152+0000] {processor.py:914} INFO - Processing file /home/airflow/.local/lib/python3.12/site-packages/airflow/example_dags/example_bash_operator.py for tasks to queue
[2025-01-25T16:37:05.155+0000] {logging_mixin.py:190} INFO - [2025-01-25T16:37:05.155+0000] {dagbag.py:588} INFO - Filling up the DagBag from /home/airflow/.local/lib/python3.12/site-packages/airflow/example_dags/example_bash_operator.py
[2025-01-25T16:37:05.167+0000] {processor.py:925} INFO - DAG(s) 'example_bash_operator' retrieved from /home/airflow/.local/lib/python3.12/site-packages/airflow/example_dags/example_bash_operator.py
[2025-01-25T16:37:05.194+0000] {logging_mixin.py:190} INFO - [2025-01-25T16:37:05.194+0000] {dag.py:3239} INFO - Sync 1 DAGs
[2025-01-25T16:37:05.217+0000] {logging_mixin.py:190} INFO - [2025-01-25T16:37:05.217+0000] {dag.py:4180} INFO - Setting next_dagrun for example_bash_operator to 2025-01-24 00:00:00+00:00, run_after=2025-01-25 00:00:00+00:00
[2025-01-25T16:37:05.353+0000] {processor.py:208} INFO - Processing /home/airflow/.local/lib/python3.12/site-packages/airflow/example_dags/example_bash_operator.py took 0.208 seconds
[2025-01-25T16:37:35.625+0000] {processor.py:186} INFO - Started process (PID=1124) to work on /home/airflow/.local/lib/python3.12/site-packages/airflow/example_dags/example_bash_operator.py
[2025-01-25T16:37:35.626+0000] {processor.py:914} INFO - Processing file /home/airflow/.local/lib/python3.12/site-packages/airflow/example_dags/example_bash_operator.py for tasks to queue
[2025-01-25T16:37:35.628+0000] {logging_mixin.py:190} INFO - [2025-01-25T16:37:35.628+0000] {dagbag.py:588} INFO - Filling up the DagBag from /home/airflow/.local/lib/python3.12/site-packages/airflow/example_dags/example_bash_operator.py
[2025-01-25T16:37:35.639+0000] {processor.py:925} INFO - DAG(s) 'example_bash_operator' retrieved from /home/airflow/.local/lib/python3.12/site-packages/airflow/example_dags/example_bash_operator.py
[2025-01-25T16:37:35.665+0000] {logging_mixin.py:190} INFO - [2025-01-25T16:37:35.665+0000] {dag.py:3239} INFO - Sync 1 DAGs
[2025-01-25T16:37:35.687+0000] {logging_mixin.py:190} INFO - [2025-01-25T16:37:35.687+0000] {dag.py:4180} INFO - Setting next_dagrun for example_bash_operator to 2025-01-24 00:00:00+00:00, run_after=2025-01-25 00:00:00+00:00
[2025-01-25T16:37:36.251+0000] {processor.py:208} INFO - Processing /home/airflow/.local/lib/python3.12/site-packages/airflow/example_dags/example_bash_operator.py took 0.630 seconds
