[2025-01-25T16:28:53.350+0000] {processor.py:186} INFO - Started process (PID=63) to work on /home/airflow/.local/lib/python3.12/site-packages/airflow/example_dags/example_python_operator.py
[2025-01-25T16:28:53.352+0000] {processor.py:914} INFO - Processing file /home/airflow/.local/lib/python3.12/site-packages/airflow/example_dags/example_python_operator.py for tasks to queue
[2025-01-25T16:28:53.354+0000] {logging_mixin.py:190} INFO - [2025-01-25T16:28:53.354+0000] {dagbag.py:588} INFO - Filling up the DagBag from /home/airflow/.local/lib/python3.12/site-packages/airflow/example_dags/example_python_operator.py
[2025-01-25T16:28:53.368+0000] {processor.py:925} INFO - DAG(s) 'example_python_operator' retrieved from /home/airflow/.local/lib/python3.12/site-packages/airflow/example_dags/example_python_operator.py
[2025-01-25T16:28:53.498+0000] {logging_mixin.py:190} INFO - [2025-01-25T16:28:53.497+0000] {override.py:1911} INFO - Created Permission View: can delete on DAG:example_python_operator
[2025-01-25T16:28:53.519+0000] {logging_mixin.py:190} INFO - [2025-01-25T16:28:53.518+0000] {override.py:1911} INFO - Created Permission View: can read on DAG:example_python_operator
[2025-01-25T16:28:53.532+0000] {logging_mixin.py:190} INFO - [2025-01-25T16:28:53.532+0000] {override.py:1911} INFO - Created Permission View: can edit on DAG:example_python_operator
[2025-01-25T16:28:53.551+0000] {logging_mixin.py:190} INFO - [2025-01-25T16:28:53.550+0000] {override.py:1911} INFO - Created Permission View: can delete on DAG Run:example_python_operator
[2025-01-25T16:28:53.564+0000] {logging_mixin.py:190} INFO - [2025-01-25T16:28:53.564+0000] {override.py:1911} INFO - Created Permission View: can create on DAG Run:example_python_operator
[2025-01-25T16:28:53.578+0000] {logging_mixin.py:190} INFO - [2025-01-25T16:28:53.577+0000] {override.py:1911} INFO - Created Permission View: menu access on DAG Run:example_python_operator
[2025-01-25T16:28:53.591+0000] {logging_mixin.py:190} INFO - [2025-01-25T16:28:53.590+0000] {override.py:1911} INFO - Created Permission View: can read on DAG Run:example_python_operator
[2025-01-25T16:28:53.591+0000] {logging_mixin.py:190} INFO - [2025-01-25T16:28:53.591+0000] {dag.py:3239} INFO - Sync 1 DAGs
[2025-01-25T16:28:53.605+0000] {logging_mixin.py:190} INFO - [2025-01-25T16:28:53.605+0000] {dag.py:3262} INFO - Creating ORM DAG for example_python_operator
[2025-01-25T16:28:53.606+0000] {logging_mixin.py:190} INFO - [2025-01-25T16:28:53.606+0000] {dag.py:4180} INFO - Setting next_dagrun for example_python_operator to None, run_after=None
[2025-01-25T16:28:53.636+0000] {processor.py:208} INFO - Processing /home/airflow/.local/lib/python3.12/site-packages/airflow/example_dags/example_python_operator.py took 0.292 seconds
[2025-01-25T16:29:23.887+0000] {processor.py:186} INFO - Started process (PID=125) to work on /home/airflow/.local/lib/python3.12/site-packages/airflow/example_dags/example_python_operator.py
[2025-01-25T16:29:23.888+0000] {processor.py:914} INFO - Processing file /home/airflow/.local/lib/python3.12/site-packages/airflow/example_dags/example_python_operator.py for tasks to queue
[2025-01-25T16:29:23.891+0000] {logging_mixin.py:190} INFO - [2025-01-25T16:29:23.891+0000] {dagbag.py:588} INFO - Filling up the DagBag from /home/airflow/.local/lib/python3.12/site-packages/airflow/example_dags/example_python_operator.py
[2025-01-25T16:29:23.905+0000] {processor.py:925} INFO - DAG(s) 'example_python_operator' retrieved from /home/airflow/.local/lib/python3.12/site-packages/airflow/example_dags/example_python_operator.py
[2025-01-25T16:29:23.929+0000] {logging_mixin.py:190} INFO - [2025-01-25T16:29:23.929+0000] {dag.py:3239} INFO - Sync 1 DAGs
[2025-01-25T16:29:23.947+0000] {logging_mixin.py:190} INFO - [2025-01-25T16:29:23.946+0000] {dag.py:4180} INFO - Setting next_dagrun for example_python_operator to None, run_after=None
[2025-01-25T16:29:23.972+0000] {processor.py:208} INFO - Processing /home/airflow/.local/lib/python3.12/site-packages/airflow/example_dags/example_python_operator.py took 0.090 seconds
[2025-01-25T16:29:55.102+0000] {processor.py:186} INFO - Started process (PID=188) to work on /home/airflow/.local/lib/python3.12/site-packages/airflow/example_dags/example_python_operator.py
[2025-01-25T16:29:55.103+0000] {processor.py:914} INFO - Processing file /home/airflow/.local/lib/python3.12/site-packages/airflow/example_dags/example_python_operator.py for tasks to queue
[2025-01-25T16:29:55.105+0000] {logging_mixin.py:190} INFO - [2025-01-25T16:29:55.104+0000] {dagbag.py:588} INFO - Filling up the DagBag from /home/airflow/.local/lib/python3.12/site-packages/airflow/example_dags/example_python_operator.py
[2025-01-25T16:29:55.115+0000] {processor.py:925} INFO - DAG(s) 'example_python_operator' retrieved from /home/airflow/.local/lib/python3.12/site-packages/airflow/example_dags/example_python_operator.py
[2025-01-25T16:29:55.134+0000] {logging_mixin.py:190} INFO - [2025-01-25T16:29:55.134+0000] {dag.py:3239} INFO - Sync 1 DAGs
[2025-01-25T16:29:55.147+0000] {logging_mixin.py:190} INFO - [2025-01-25T16:29:55.146+0000] {dag.py:4180} INFO - Setting next_dagrun for example_python_operator to None, run_after=None
[2025-01-25T16:29:55.167+0000] {processor.py:208} INFO - Processing /home/airflow/.local/lib/python3.12/site-packages/airflow/example_dags/example_python_operator.py took 0.071 seconds
[2025-01-25T16:30:26.674+0000] {processor.py:186} INFO - Started process (PID=251) to work on /home/airflow/.local/lib/python3.12/site-packages/airflow/example_dags/example_python_operator.py
[2025-01-25T16:30:26.675+0000] {processor.py:914} INFO - Processing file /home/airflow/.local/lib/python3.12/site-packages/airflow/example_dags/example_python_operator.py for tasks to queue
[2025-01-25T16:30:26.678+0000] {logging_mixin.py:190} INFO - [2025-01-25T16:30:26.677+0000] {dagbag.py:588} INFO - Filling up the DagBag from /home/airflow/.local/lib/python3.12/site-packages/airflow/example_dags/example_python_operator.py
[2025-01-25T16:30:26.693+0000] {processor.py:925} INFO - DAG(s) 'example_python_operator' retrieved from /home/airflow/.local/lib/python3.12/site-packages/airflow/example_dags/example_python_operator.py
[2025-01-25T16:30:26.715+0000] {logging_mixin.py:190} INFO - [2025-01-25T16:30:26.715+0000] {dag.py:3239} INFO - Sync 1 DAGs
[2025-01-25T16:30:26.730+0000] {logging_mixin.py:190} INFO - [2025-01-25T16:30:26.730+0000] {dag.py:4180} INFO - Setting next_dagrun for example_python_operator to None, run_after=None
[2025-01-25T16:30:26.759+0000] {processor.py:208} INFO - Processing /home/airflow/.local/lib/python3.12/site-packages/airflow/example_dags/example_python_operator.py took 0.092 seconds
[2025-01-25T16:30:58.196+0000] {processor.py:186} INFO - Started process (PID=314) to work on /home/airflow/.local/lib/python3.12/site-packages/airflow/example_dags/example_python_operator.py
[2025-01-25T16:30:58.198+0000] {processor.py:914} INFO - Processing file /home/airflow/.local/lib/python3.12/site-packages/airflow/example_dags/example_python_operator.py for tasks to queue
[2025-01-25T16:30:58.201+0000] {logging_mixin.py:190} INFO - [2025-01-25T16:30:58.201+0000] {dagbag.py:588} INFO - Filling up the DagBag from /home/airflow/.local/lib/python3.12/site-packages/airflow/example_dags/example_python_operator.py
[2025-01-25T16:30:58.214+0000] {processor.py:925} INFO - DAG(s) 'example_python_operator' retrieved from /home/airflow/.local/lib/python3.12/site-packages/airflow/example_dags/example_python_operator.py
[2025-01-25T16:30:58.241+0000] {logging_mixin.py:190} INFO - [2025-01-25T16:30:58.240+0000] {dag.py:3239} INFO - Sync 1 DAGs
[2025-01-25T16:30:58.257+0000] {logging_mixin.py:190} INFO - [2025-01-25T16:30:58.257+0000] {dag.py:4180} INFO - Setting next_dagrun for example_python_operator to None, run_after=None
[2025-01-25T16:30:58.285+0000] {processor.py:208} INFO - Processing /home/airflow/.local/lib/python3.12/site-packages/airflow/example_dags/example_python_operator.py took 0.096 seconds
[2025-01-25T16:31:29.482+0000] {processor.py:186} INFO - Started process (PID=378) to work on /home/airflow/.local/lib/python3.12/site-packages/airflow/example_dags/example_python_operator.py
[2025-01-25T16:31:29.483+0000] {processor.py:914} INFO - Processing file /home/airflow/.local/lib/python3.12/site-packages/airflow/example_dags/example_python_operator.py for tasks to queue
[2025-01-25T16:31:29.485+0000] {logging_mixin.py:190} INFO - [2025-01-25T16:31:29.485+0000] {dagbag.py:588} INFO - Filling up the DagBag from /home/airflow/.local/lib/python3.12/site-packages/airflow/example_dags/example_python_operator.py
[2025-01-25T16:31:29.497+0000] {processor.py:925} INFO - DAG(s) 'example_python_operator' retrieved from /home/airflow/.local/lib/python3.12/site-packages/airflow/example_dags/example_python_operator.py
[2025-01-25T16:31:29.519+0000] {logging_mixin.py:190} INFO - [2025-01-25T16:31:29.519+0000] {dag.py:3239} INFO - Sync 1 DAGs
[2025-01-25T16:31:29.534+0000] {logging_mixin.py:190} INFO - [2025-01-25T16:31:29.533+0000] {dag.py:4180} INFO - Setting next_dagrun for example_python_operator to None, run_after=None
[2025-01-25T16:31:29.670+0000] {processor.py:208} INFO - Processing /home/airflow/.local/lib/python3.12/site-packages/airflow/example_dags/example_python_operator.py took 0.193 seconds
[2025-01-25T16:32:01.728+0000] {processor.py:186} INFO - Started process (PID=441) to work on /home/airflow/.local/lib/python3.12/site-packages/airflow/example_dags/example_python_operator.py
[2025-01-25T16:32:01.729+0000] {processor.py:914} INFO - Processing file /home/airflow/.local/lib/python3.12/site-packages/airflow/example_dags/example_python_operator.py for tasks to queue
[2025-01-25T16:32:01.731+0000] {logging_mixin.py:190} INFO - [2025-01-25T16:32:01.731+0000] {dagbag.py:588} INFO - Filling up the DagBag from /home/airflow/.local/lib/python3.12/site-packages/airflow/example_dags/example_python_operator.py
[2025-01-25T16:32:01.741+0000] {processor.py:925} INFO - DAG(s) 'example_python_operator' retrieved from /home/airflow/.local/lib/python3.12/site-packages/airflow/example_dags/example_python_operator.py
[2025-01-25T16:32:01.761+0000] {logging_mixin.py:190} INFO - [2025-01-25T16:32:01.760+0000] {dag.py:3239} INFO - Sync 1 DAGs
[2025-01-25T16:32:01.773+0000] {logging_mixin.py:190} INFO - [2025-01-25T16:32:01.773+0000] {dag.py:4180} INFO - Setting next_dagrun for example_python_operator to None, run_after=None
[2025-01-25T16:32:02.226+0000] {processor.py:208} INFO - Processing /home/airflow/.local/lib/python3.12/site-packages/airflow/example_dags/example_python_operator.py took 0.503 seconds
[2025-01-25T16:32:32.919+0000] {processor.py:186} INFO - Started process (PID=504) to work on /home/airflow/.local/lib/python3.12/site-packages/airflow/example_dags/example_python_operator.py
[2025-01-25T16:32:32.920+0000] {processor.py:914} INFO - Processing file /home/airflow/.local/lib/python3.12/site-packages/airflow/example_dags/example_python_operator.py for tasks to queue
[2025-01-25T16:32:32.922+0000] {logging_mixin.py:190} INFO - [2025-01-25T16:32:32.922+0000] {dagbag.py:588} INFO - Filling up the DagBag from /home/airflow/.local/lib/python3.12/site-packages/airflow/example_dags/example_python_operator.py
[2025-01-25T16:32:32.933+0000] {processor.py:925} INFO - DAG(s) 'example_python_operator' retrieved from /home/airflow/.local/lib/python3.12/site-packages/airflow/example_dags/example_python_operator.py
[2025-01-25T16:32:32.953+0000] {logging_mixin.py:190} INFO - [2025-01-25T16:32:32.952+0000] {dag.py:3239} INFO - Sync 1 DAGs
[2025-01-25T16:32:32.966+0000] {logging_mixin.py:190} INFO - [2025-01-25T16:32:32.966+0000] {dag.py:4180} INFO - Setting next_dagrun for example_python_operator to None, run_after=None
[2025-01-25T16:32:33.024+0000] {processor.py:208} INFO - Processing /home/airflow/.local/lib/python3.12/site-packages/airflow/example_dags/example_python_operator.py took 0.110 seconds
[2025-01-25T16:33:03.371+0000] {processor.py:186} INFO - Started process (PID=567) to work on /home/airflow/.local/lib/python3.12/site-packages/airflow/example_dags/example_python_operator.py
[2025-01-25T16:33:03.372+0000] {processor.py:914} INFO - Processing file /home/airflow/.local/lib/python3.12/site-packages/airflow/example_dags/example_python_operator.py for tasks to queue
[2025-01-25T16:33:03.374+0000] {logging_mixin.py:190} INFO - [2025-01-25T16:33:03.374+0000] {dagbag.py:588} INFO - Filling up the DagBag from /home/airflow/.local/lib/python3.12/site-packages/airflow/example_dags/example_python_operator.py
[2025-01-25T16:33:03.384+0000] {processor.py:925} INFO - DAG(s) 'example_python_operator' retrieved from /home/airflow/.local/lib/python3.12/site-packages/airflow/example_dags/example_python_operator.py
[2025-01-25T16:33:03.402+0000] {logging_mixin.py:190} INFO - [2025-01-25T16:33:03.402+0000] {dag.py:3239} INFO - Sync 1 DAGs
[2025-01-25T16:33:03.415+0000] {logging_mixin.py:190} INFO - [2025-01-25T16:33:03.414+0000] {dag.py:4180} INFO - Setting next_dagrun for example_python_operator to None, run_after=None
[2025-01-25T16:33:03.879+0000] {processor.py:208} INFO - Processing /home/airflow/.local/lib/python3.12/site-packages/airflow/example_dags/example_python_operator.py took 0.512 seconds
[2025-01-25T16:33:34.495+0000] {processor.py:186} INFO - Started process (PID=630) to work on /home/airflow/.local/lib/python3.12/site-packages/airflow/example_dags/example_python_operator.py
[2025-01-25T16:33:34.496+0000] {processor.py:914} INFO - Processing file /home/airflow/.local/lib/python3.12/site-packages/airflow/example_dags/example_python_operator.py for tasks to queue
[2025-01-25T16:33:34.498+0000] {logging_mixin.py:190} INFO - [2025-01-25T16:33:34.498+0000] {dagbag.py:588} INFO - Filling up the DagBag from /home/airflow/.local/lib/python3.12/site-packages/airflow/example_dags/example_python_operator.py
[2025-01-25T16:33:34.508+0000] {processor.py:925} INFO - DAG(s) 'example_python_operator' retrieved from /home/airflow/.local/lib/python3.12/site-packages/airflow/example_dags/example_python_operator.py
[2025-01-25T16:33:34.528+0000] {logging_mixin.py:190} INFO - [2025-01-25T16:33:34.527+0000] {dag.py:3239} INFO - Sync 1 DAGs
[2025-01-25T16:33:34.540+0000] {logging_mixin.py:190} INFO - [2025-01-25T16:33:34.540+0000] {dag.py:4180} INFO - Setting next_dagrun for example_python_operator to None, run_after=None
[2025-01-25T16:33:34.757+0000] {processor.py:208} INFO - Processing /home/airflow/.local/lib/python3.12/site-packages/airflow/example_dags/example_python_operator.py took 0.266 seconds
[2025-01-25T16:34:05.028+0000] {processor.py:186} INFO - Started process (PID=693) to work on /home/airflow/.local/lib/python3.12/site-packages/airflow/example_dags/example_python_operator.py
[2025-01-25T16:34:05.029+0000] {processor.py:914} INFO - Processing file /home/airflow/.local/lib/python3.12/site-packages/airflow/example_dags/example_python_operator.py for tasks to queue
[2025-01-25T16:34:05.031+0000] {logging_mixin.py:190} INFO - [2025-01-25T16:34:05.031+0000] {dagbag.py:588} INFO - Filling up the DagBag from /home/airflow/.local/lib/python3.12/site-packages/airflow/example_dags/example_python_operator.py
[2025-01-25T16:34:05.042+0000] {processor.py:925} INFO - DAG(s) 'example_python_operator' retrieved from /home/airflow/.local/lib/python3.12/site-packages/airflow/example_dags/example_python_operator.py
[2025-01-25T16:34:05.061+0000] {logging_mixin.py:190} INFO - [2025-01-25T16:34:05.061+0000] {dag.py:3239} INFO - Sync 1 DAGs
[2025-01-25T16:34:05.074+0000] {logging_mixin.py:190} INFO - [2025-01-25T16:34:05.074+0000] {dag.py:4180} INFO - Setting next_dagrun for example_python_operator to None, run_after=None
[2025-01-25T16:34:05.791+0000] {processor.py:208} INFO - Processing /home/airflow/.local/lib/python3.12/site-packages/airflow/example_dags/example_python_operator.py took 0.768 seconds
[2025-01-25T16:34:35.860+0000] {processor.py:186} INFO - Started process (PID=756) to work on /home/airflow/.local/lib/python3.12/site-packages/airflow/example_dags/example_python_operator.py
[2025-01-25T16:34:35.862+0000] {processor.py:914} INFO - Processing file /home/airflow/.local/lib/python3.12/site-packages/airflow/example_dags/example_python_operator.py for tasks to queue
[2025-01-25T16:34:35.864+0000] {logging_mixin.py:190} INFO - [2025-01-25T16:34:35.863+0000] {dagbag.py:588} INFO - Filling up the DagBag from /home/airflow/.local/lib/python3.12/site-packages/airflow/example_dags/example_python_operator.py
[2025-01-25T16:34:35.874+0000] {processor.py:925} INFO - DAG(s) 'example_python_operator' retrieved from /home/airflow/.local/lib/python3.12/site-packages/airflow/example_dags/example_python_operator.py
[2025-01-25T16:34:35.895+0000] {logging_mixin.py:190} INFO - [2025-01-25T16:34:35.895+0000] {dag.py:3239} INFO - Sync 1 DAGs
[2025-01-25T16:34:35.908+0000] {logging_mixin.py:190} INFO - [2025-01-25T16:34:35.907+0000] {dag.py:4180} INFO - Setting next_dagrun for example_python_operator to None, run_after=None
[2025-01-25T16:34:36.028+0000] {processor.py:208} INFO - Processing /home/airflow/.local/lib/python3.12/site-packages/airflow/example_dags/example_python_operator.py took 0.172 seconds
[2025-01-25T16:35:06.960+0000] {processor.py:186} INFO - Started process (PID=819) to work on /home/airflow/.local/lib/python3.12/site-packages/airflow/example_dags/example_python_operator.py
[2025-01-25T16:35:06.961+0000] {processor.py:914} INFO - Processing file /home/airflow/.local/lib/python3.12/site-packages/airflow/example_dags/example_python_operator.py for tasks to queue
[2025-01-25T16:35:06.964+0000] {logging_mixin.py:190} INFO - [2025-01-25T16:35:06.964+0000] {dagbag.py:588} INFO - Filling up the DagBag from /home/airflow/.local/lib/python3.12/site-packages/airflow/example_dags/example_python_operator.py
[2025-01-25T16:35:06.976+0000] {processor.py:925} INFO - DAG(s) 'example_python_operator' retrieved from /home/airflow/.local/lib/python3.12/site-packages/airflow/example_dags/example_python_operator.py
[2025-01-25T16:35:06.997+0000] {logging_mixin.py:190} INFO - [2025-01-25T16:35:06.997+0000] {dag.py:3239} INFO - Sync 1 DAGs
[2025-01-25T16:35:07.011+0000] {logging_mixin.py:190} INFO - [2025-01-25T16:35:07.011+0000] {dag.py:4180} INFO - Setting next_dagrun for example_python_operator to None, run_after=None
[2025-01-25T16:35:07.527+0000] {processor.py:208} INFO - Processing /home/airflow/.local/lib/python3.12/site-packages/airflow/example_dags/example_python_operator.py took 0.573 seconds
[2025-01-25T16:35:37.987+0000] {processor.py:186} INFO - Started process (PID=882) to work on /home/airflow/.local/lib/python3.12/site-packages/airflow/example_dags/example_python_operator.py
[2025-01-25T16:35:37.988+0000] {processor.py:914} INFO - Processing file /home/airflow/.local/lib/python3.12/site-packages/airflow/example_dags/example_python_operator.py for tasks to queue
[2025-01-25T16:35:37.991+0000] {logging_mixin.py:190} INFO - [2025-01-25T16:35:37.990+0000] {dagbag.py:588} INFO - Filling up the DagBag from /home/airflow/.local/lib/python3.12/site-packages/airflow/example_dags/example_python_operator.py
[2025-01-25T16:35:38.001+0000] {processor.py:925} INFO - DAG(s) 'example_python_operator' retrieved from /home/airflow/.local/lib/python3.12/site-packages/airflow/example_dags/example_python_operator.py
[2025-01-25T16:35:38.038+0000] {logging_mixin.py:190} INFO - [2025-01-25T16:35:38.037+0000] {dag.py:3239} INFO - Sync 1 DAGs
[2025-01-25T16:35:38.052+0000] {logging_mixin.py:190} INFO - [2025-01-25T16:35:38.051+0000] {dag.py:4180} INFO - Setting next_dagrun for example_python_operator to None, run_after=None
[2025-01-25T16:35:38.075+0000] {processor.py:208} INFO - Processing /home/airflow/.local/lib/python3.12/site-packages/airflow/example_dags/example_python_operator.py took 0.091 seconds
[2025-01-25T16:36:10.490+0000] {processor.py:186} INFO - Started process (PID=945) to work on /home/airflow/.local/lib/python3.12/site-packages/airflow/example_dags/example_python_operator.py
[2025-01-25T16:36:10.491+0000] {processor.py:914} INFO - Processing file /home/airflow/.local/lib/python3.12/site-packages/airflow/example_dags/example_python_operator.py for tasks to queue
[2025-01-25T16:36:10.493+0000] {logging_mixin.py:190} INFO - [2025-01-25T16:36:10.493+0000] {dagbag.py:588} INFO - Filling up the DagBag from /home/airflow/.local/lib/python3.12/site-packages/airflow/example_dags/example_python_operator.py
[2025-01-25T16:36:10.504+0000] {processor.py:925} INFO - DAG(s) 'example_python_operator' retrieved from /home/airflow/.local/lib/python3.12/site-packages/airflow/example_dags/example_python_operator.py
[2025-01-25T16:36:10.524+0000] {logging_mixin.py:190} INFO - [2025-01-25T16:36:10.524+0000] {dag.py:3239} INFO - Sync 1 DAGs
[2025-01-25T16:36:10.537+0000] {logging_mixin.py:190} INFO - [2025-01-25T16:36:10.537+0000] {dag.py:4180} INFO - Setting next_dagrun for example_python_operator to None, run_after=None
[2025-01-25T16:36:10.720+0000] {processor.py:208} INFO - Processing /home/airflow/.local/lib/python3.12/site-packages/airflow/example_dags/example_python_operator.py took 0.235 seconds
[2025-01-25T16:36:40.815+0000] {processor.py:186} INFO - Started process (PID=1008) to work on /home/airflow/.local/lib/python3.12/site-packages/airflow/example_dags/example_python_operator.py
[2025-01-25T16:36:40.816+0000] {processor.py:914} INFO - Processing file /home/airflow/.local/lib/python3.12/site-packages/airflow/example_dags/example_python_operator.py for tasks to queue
[2025-01-25T16:36:40.818+0000] {logging_mixin.py:190} INFO - [2025-01-25T16:36:40.818+0000] {dagbag.py:588} INFO - Filling up the DagBag from /home/airflow/.local/lib/python3.12/site-packages/airflow/example_dags/example_python_operator.py
[2025-01-25T16:36:40.829+0000] {processor.py:925} INFO - DAG(s) 'example_python_operator' retrieved from /home/airflow/.local/lib/python3.12/site-packages/airflow/example_dags/example_python_operator.py
[2025-01-25T16:36:40.850+0000] {logging_mixin.py:190} INFO - [2025-01-25T16:36:40.850+0000] {dag.py:3239} INFO - Sync 1 DAGs
[2025-01-25T16:36:40.864+0000] {logging_mixin.py:190} INFO - [2025-01-25T16:36:40.864+0000] {dag.py:4180} INFO - Setting next_dagrun for example_python_operator to None, run_after=None
[2025-01-25T16:36:41.374+0000] {processor.py:208} INFO - Processing /home/airflow/.local/lib/python3.12/site-packages/airflow/example_dags/example_python_operator.py took 0.564 seconds
[2025-01-25T16:37:12.178+0000] {processor.py:186} INFO - Started process (PID=1071) to work on /home/airflow/.local/lib/python3.12/site-packages/airflow/example_dags/example_python_operator.py
[2025-01-25T16:37:12.179+0000] {processor.py:914} INFO - Processing file /home/airflow/.local/lib/python3.12/site-packages/airflow/example_dags/example_python_operator.py for tasks to queue
[2025-01-25T16:37:12.182+0000] {logging_mixin.py:190} INFO - [2025-01-25T16:37:12.182+0000] {dagbag.py:588} INFO - Filling up the DagBag from /home/airflow/.local/lib/python3.12/site-packages/airflow/example_dags/example_python_operator.py
[2025-01-25T16:37:12.194+0000] {processor.py:925} INFO - DAG(s) 'example_python_operator' retrieved from /home/airflow/.local/lib/python3.12/site-packages/airflow/example_dags/example_python_operator.py
[2025-01-25T16:37:12.215+0000] {logging_mixin.py:190} INFO - [2025-01-25T16:37:12.215+0000] {dag.py:3239} INFO - Sync 1 DAGs
[2025-01-25T16:37:12.229+0000] {logging_mixin.py:190} INFO - [2025-01-25T16:37:12.228+0000] {dag.py:4180} INFO - Setting next_dagrun for example_python_operator to None, run_after=None
[2025-01-25T16:37:12.740+0000] {processor.py:208} INFO - Processing /home/airflow/.local/lib/python3.12/site-packages/airflow/example_dags/example_python_operator.py took 0.567 seconds
[2025-01-25T16:37:42.908+0000] {processor.py:186} INFO - Started process (PID=1134) to work on /home/airflow/.local/lib/python3.12/site-packages/airflow/example_dags/example_python_operator.py
[2025-01-25T16:37:42.909+0000] {processor.py:914} INFO - Processing file /home/airflow/.local/lib/python3.12/site-packages/airflow/example_dags/example_python_operator.py for tasks to queue
[2025-01-25T16:37:42.912+0000] {logging_mixin.py:190} INFO - [2025-01-25T16:37:42.912+0000] {dagbag.py:588} INFO - Filling up the DagBag from /home/airflow/.local/lib/python3.12/site-packages/airflow/example_dags/example_python_operator.py
[2025-01-25T16:37:42.925+0000] {processor.py:925} INFO - DAG(s) 'example_python_operator' retrieved from /home/airflow/.local/lib/python3.12/site-packages/airflow/example_dags/example_python_operator.py
[2025-01-25T16:37:42.948+0000] {logging_mixin.py:190} INFO - [2025-01-25T16:37:42.948+0000] {dag.py:3239} INFO - Sync 1 DAGs
[2025-01-25T16:37:42.963+0000] {logging_mixin.py:190} INFO - [2025-01-25T16:37:42.962+0000] {dag.py:4180} INFO - Setting next_dagrun for example_python_operator to None, run_after=None
[2025-01-25T16:37:43.089+0000] {processor.py:208} INFO - Processing /home/airflow/.local/lib/python3.12/site-packages/airflow/example_dags/example_python_operator.py took 0.186 seconds
