[2025-01-25T16:28:57.635+0000] {processor.py:186} INFO - Started process (PID=74) to work on /home/airflow/.local/lib/python3.12/site-packages/airflow/example_dags/example_branch_operator_decorator.py
[2025-01-25T16:28:57.637+0000] {processor.py:914} INFO - Processing file /home/airflow/.local/lib/python3.12/site-packages/airflow/example_dags/example_branch_operator_decorator.py for tasks to queue
[2025-01-25T16:28:57.640+0000] {logging_mixin.py:190} INFO - [2025-01-25T16:28:57.639+0000] {dagbag.py:588} INFO - Filling up the DagBag from /home/airflow/.local/lib/python3.12/site-packages/airflow/example_dags/example_branch_operator_decorator.py
[2025-01-25T16:28:57.662+0000] {processor.py:925} INFO - DAG(s) 'example_branch_python_operator_decorator' retrieved from /home/airflow/.local/lib/python3.12/site-packages/airflow/example_dags/example_branch_operator_decorator.py
[2025-01-25T16:28:57.810+0000] {logging_mixin.py:190} INFO - [2025-01-25T16:28:57.809+0000] {override.py:1911} INFO - Created Permission View: can delete on DAG:example_branch_python_operator_decorator
[2025-01-25T16:28:57.827+0000] {logging_mixin.py:190} INFO - [2025-01-25T16:28:57.827+0000] {override.py:1911} INFO - Created Permission View: can read on DAG:example_branch_python_operator_decorator
[2025-01-25T16:28:57.841+0000] {logging_mixin.py:190} INFO - [2025-01-25T16:28:57.840+0000] {override.py:1911} INFO - Created Permission View: can edit on DAG:example_branch_python_operator_decorator
[2025-01-25T16:28:57.859+0000] {logging_mixin.py:190} INFO - [2025-01-25T16:28:57.859+0000] {override.py:1911} INFO - Created Permission View: can delete on DAG Run:example_branch_python_operator_decorator
[2025-01-25T16:28:57.873+0000] {logging_mixin.py:190} INFO - [2025-01-25T16:28:57.873+0000] {override.py:1911} INFO - Created Permission View: can create on DAG Run:example_branch_python_operator_decorator
[2025-01-25T16:28:57.891+0000] {logging_mixin.py:190} INFO - [2025-01-25T16:28:57.891+0000] {override.py:1911} INFO - Created Permission View: menu access on DAG Run:example_branch_python_operator_decorator
[2025-01-25T16:28:57.905+0000] {logging_mixin.py:190} INFO - [2025-01-25T16:28:57.905+0000] {override.py:1911} INFO - Created Permission View: can read on DAG Run:example_branch_python_operator_decorator
[2025-01-25T16:28:57.906+0000] {logging_mixin.py:190} INFO - [2025-01-25T16:28:57.906+0000] {dag.py:3239} INFO - Sync 1 DAGs
[2025-01-25T16:28:57.921+0000] {logging_mixin.py:190} INFO - [2025-01-25T16:28:57.920+0000] {dag.py:3262} INFO - Creating ORM DAG for example_branch_python_operator_decorator
[2025-01-25T16:28:57.933+0000] {logging_mixin.py:190} INFO - [2025-01-25T16:28:57.933+0000] {dag.py:4180} INFO - Setting next_dagrun for example_branch_python_operator_decorator to 2025-01-24 00:00:00+00:00, run_after=2025-01-25 00:00:00+00:00
[2025-01-25T16:28:57.958+0000] {processor.py:208} INFO - Processing /home/airflow/.local/lib/python3.12/site-packages/airflow/example_dags/example_branch_operator_decorator.py took 0.329 seconds
[2025-01-25T16:29:28.133+0000] {processor.py:186} INFO - Started process (PID=137) to work on /home/airflow/.local/lib/python3.12/site-packages/airflow/example_dags/example_branch_operator_decorator.py
[2025-01-25T16:29:28.134+0000] {processor.py:914} INFO - Processing file /home/airflow/.local/lib/python3.12/site-packages/airflow/example_dags/example_branch_operator_decorator.py for tasks to queue
[2025-01-25T16:29:28.137+0000] {logging_mixin.py:190} INFO - [2025-01-25T16:29:28.136+0000] {dagbag.py:588} INFO - Filling up the DagBag from /home/airflow/.local/lib/python3.12/site-packages/airflow/example_dags/example_branch_operator_decorator.py
[2025-01-25T16:29:28.157+0000] {processor.py:925} INFO - DAG(s) 'example_branch_python_operator_decorator' retrieved from /home/airflow/.local/lib/python3.12/site-packages/airflow/example_dags/example_branch_operator_decorator.py
[2025-01-25T16:29:28.186+0000] {logging_mixin.py:190} INFO - [2025-01-25T16:29:28.186+0000] {dag.py:3239} INFO - Sync 1 DAGs
[2025-01-25T16:29:28.214+0000] {logging_mixin.py:190} INFO - [2025-01-25T16:29:28.213+0000] {dag.py:4180} INFO - Setting next_dagrun for example_branch_python_operator_decorator to 2025-01-24 00:00:00+00:00, run_after=2025-01-25 00:00:00+00:00
[2025-01-25T16:29:28.247+0000] {processor.py:208} INFO - Processing /home/airflow/.local/lib/python3.12/site-packages/airflow/example_dags/example_branch_operator_decorator.py took 0.121 seconds
[2025-01-25T16:29:59.684+0000] {processor.py:186} INFO - Started process (PID=200) to work on /home/airflow/.local/lib/python3.12/site-packages/airflow/example_dags/example_branch_operator_decorator.py
[2025-01-25T16:29:59.685+0000] {processor.py:914} INFO - Processing file /home/airflow/.local/lib/python3.12/site-packages/airflow/example_dags/example_branch_operator_decorator.py for tasks to queue
[2025-01-25T16:29:59.687+0000] {logging_mixin.py:190} INFO - [2025-01-25T16:29:59.687+0000] {dagbag.py:588} INFO - Filling up the DagBag from /home/airflow/.local/lib/python3.12/site-packages/airflow/example_dags/example_branch_operator_decorator.py
[2025-01-25T16:29:59.711+0000] {processor.py:925} INFO - DAG(s) 'example_branch_python_operator_decorator' retrieved from /home/airflow/.local/lib/python3.12/site-packages/airflow/example_dags/example_branch_operator_decorator.py
[2025-01-25T16:29:59.742+0000] {logging_mixin.py:190} INFO - [2025-01-25T16:29:59.742+0000] {dag.py:3239} INFO - Sync 1 DAGs
[2025-01-25T16:29:59.770+0000] {logging_mixin.py:190} INFO - [2025-01-25T16:29:59.769+0000] {dag.py:4180} INFO - Setting next_dagrun for example_branch_python_operator_decorator to 2025-01-24 00:00:00+00:00, run_after=2025-01-25 00:00:00+00:00
[2025-01-25T16:29:59.848+0000] {processor.py:208} INFO - Processing /home/airflow/.local/lib/python3.12/site-packages/airflow/example_dags/example_branch_operator_decorator.py took 0.170 seconds
[2025-01-25T16:30:31.992+0000] {processor.py:186} INFO - Started process (PID=263) to work on /home/airflow/.local/lib/python3.12/site-packages/airflow/example_dags/example_branch_operator_decorator.py
[2025-01-25T16:30:31.993+0000] {processor.py:914} INFO - Processing file /home/airflow/.local/lib/python3.12/site-packages/airflow/example_dags/example_branch_operator_decorator.py for tasks to queue
[2025-01-25T16:30:31.995+0000] {logging_mixin.py:190} INFO - [2025-01-25T16:30:31.995+0000] {dagbag.py:588} INFO - Filling up the DagBag from /home/airflow/.local/lib/python3.12/site-packages/airflow/example_dags/example_branch_operator_decorator.py
[2025-01-25T16:30:32.012+0000] {processor.py:925} INFO - DAG(s) 'example_branch_python_operator_decorator' retrieved from /home/airflow/.local/lib/python3.12/site-packages/airflow/example_dags/example_branch_operator_decorator.py
[2025-01-25T16:30:32.037+0000] {logging_mixin.py:190} INFO - [2025-01-25T16:30:32.036+0000] {dag.py:3239} INFO - Sync 1 DAGs
[2025-01-25T16:30:32.058+0000] {logging_mixin.py:190} INFO - [2025-01-25T16:30:32.058+0000] {dag.py:4180} INFO - Setting next_dagrun for example_branch_python_operator_decorator to 2025-01-24 00:00:00+00:00, run_after=2025-01-25 00:00:00+00:00
[2025-01-25T16:30:33.879+0000] {processor.py:208} INFO - Processing /home/airflow/.local/lib/python3.12/site-packages/airflow/example_dags/example_branch_operator_decorator.py took 1.892 seconds
[2025-01-25T16:31:03.924+0000] {processor.py:186} INFO - Started process (PID=326) to work on /home/airflow/.local/lib/python3.12/site-packages/airflow/example_dags/example_branch_operator_decorator.py
[2025-01-25T16:31:03.925+0000] {processor.py:914} INFO - Processing file /home/airflow/.local/lib/python3.12/site-packages/airflow/example_dags/example_branch_operator_decorator.py for tasks to queue
[2025-01-25T16:31:03.927+0000] {logging_mixin.py:190} INFO - [2025-01-25T16:31:03.927+0000] {dagbag.py:588} INFO - Filling up the DagBag from /home/airflow/.local/lib/python3.12/site-packages/airflow/example_dags/example_branch_operator_decorator.py
[2025-01-25T16:31:03.947+0000] {processor.py:925} INFO - DAG(s) 'example_branch_python_operator_decorator' retrieved from /home/airflow/.local/lib/python3.12/site-packages/airflow/example_dags/example_branch_operator_decorator.py
[2025-01-25T16:31:03.973+0000] {logging_mixin.py:190} INFO - [2025-01-25T16:31:03.973+0000] {dag.py:3239} INFO - Sync 1 DAGs
[2025-01-25T16:31:03.996+0000] {logging_mixin.py:190} INFO - [2025-01-25T16:31:03.996+0000] {dag.py:4180} INFO - Setting next_dagrun for example_branch_python_operator_decorator to 2025-01-24 00:00:00+00:00, run_after=2025-01-25 00:00:00+00:00
[2025-01-25T16:31:04.020+0000] {processor.py:208} INFO - Processing /home/airflow/.local/lib/python3.12/site-packages/airflow/example_dags/example_branch_operator_decorator.py took 0.101 seconds
[2025-01-25T16:31:34.504+0000] {processor.py:186} INFO - Started process (PID=390) to work on /home/airflow/.local/lib/python3.12/site-packages/airflow/example_dags/example_branch_operator_decorator.py
[2025-01-25T16:31:34.505+0000] {processor.py:914} INFO - Processing file /home/airflow/.local/lib/python3.12/site-packages/airflow/example_dags/example_branch_operator_decorator.py for tasks to queue
[2025-01-25T16:31:34.507+0000] {logging_mixin.py:190} INFO - [2025-01-25T16:31:34.507+0000] {dagbag.py:588} INFO - Filling up the DagBag from /home/airflow/.local/lib/python3.12/site-packages/airflow/example_dags/example_branch_operator_decorator.py
[2025-01-25T16:31:34.525+0000] {processor.py:925} INFO - DAG(s) 'example_branch_python_operator_decorator' retrieved from /home/airflow/.local/lib/python3.12/site-packages/airflow/example_dags/example_branch_operator_decorator.py
[2025-01-25T16:31:34.557+0000] {logging_mixin.py:190} INFO - [2025-01-25T16:31:34.557+0000] {dag.py:3239} INFO - Sync 1 DAGs
[2025-01-25T16:31:34.585+0000] {logging_mixin.py:190} INFO - [2025-01-25T16:31:34.585+0000] {dag.py:4180} INFO - Setting next_dagrun for example_branch_python_operator_decorator to 2025-01-24 00:00:00+00:00, run_after=2025-01-25 00:00:00+00:00
[2025-01-25T16:31:34.607+0000] {processor.py:208} INFO - Processing /home/airflow/.local/lib/python3.12/site-packages/airflow/example_dags/example_branch_operator_decorator.py took 0.107 seconds
[2025-01-25T16:32:05.296+0000] {processor.py:186} INFO - Started process (PID=453) to work on /home/airflow/.local/lib/python3.12/site-packages/airflow/example_dags/example_branch_operator_decorator.py
[2025-01-25T16:32:05.297+0000] {processor.py:914} INFO - Processing file /home/airflow/.local/lib/python3.12/site-packages/airflow/example_dags/example_branch_operator_decorator.py for tasks to queue
[2025-01-25T16:32:05.300+0000] {logging_mixin.py:190} INFO - [2025-01-25T16:32:05.299+0000] {dagbag.py:588} INFO - Filling up the DagBag from /home/airflow/.local/lib/python3.12/site-packages/airflow/example_dags/example_branch_operator_decorator.py
[2025-01-25T16:32:05.317+0000] {processor.py:925} INFO - DAG(s) 'example_branch_python_operator_decorator' retrieved from /home/airflow/.local/lib/python3.12/site-packages/airflow/example_dags/example_branch_operator_decorator.py
[2025-01-25T16:32:05.342+0000] {logging_mixin.py:190} INFO - [2025-01-25T16:32:05.342+0000] {dag.py:3239} INFO - Sync 1 DAGs
[2025-01-25T16:32:05.363+0000] {logging_mixin.py:190} INFO - [2025-01-25T16:32:05.363+0000] {dag.py:4180} INFO - Setting next_dagrun for example_branch_python_operator_decorator to 2025-01-24 00:00:00+00:00, run_after=2025-01-25 00:00:00+00:00
[2025-01-25T16:32:05.428+0000] {processor.py:208} INFO - Processing /home/airflow/.local/lib/python3.12/site-packages/airflow/example_dags/example_branch_operator_decorator.py took 0.136 seconds
[2025-01-25T16:32:37.304+0000] {processor.py:186} INFO - Started process (PID=516) to work on /home/airflow/.local/lib/python3.12/site-packages/airflow/example_dags/example_branch_operator_decorator.py
[2025-01-25T16:32:37.305+0000] {processor.py:914} INFO - Processing file /home/airflow/.local/lib/python3.12/site-packages/airflow/example_dags/example_branch_operator_decorator.py for tasks to queue
[2025-01-25T16:32:37.308+0000] {logging_mixin.py:190} INFO - [2025-01-25T16:32:37.307+0000] {dagbag.py:588} INFO - Filling up the DagBag from /home/airflow/.local/lib/python3.12/site-packages/airflow/example_dags/example_branch_operator_decorator.py
[2025-01-25T16:32:37.325+0000] {processor.py:925} INFO - DAG(s) 'example_branch_python_operator_decorator' retrieved from /home/airflow/.local/lib/python3.12/site-packages/airflow/example_dags/example_branch_operator_decorator.py
[2025-01-25T16:32:37.350+0000] {logging_mixin.py:190} INFO - [2025-01-25T16:32:37.350+0000] {dag.py:3239} INFO - Sync 1 DAGs
[2025-01-25T16:32:37.371+0000] {logging_mixin.py:190} INFO - [2025-01-25T16:32:37.371+0000] {dag.py:4180} INFO - Setting next_dagrun for example_branch_python_operator_decorator to 2025-01-24 00:00:00+00:00, run_after=2025-01-25 00:00:00+00:00
[2025-01-25T16:32:37.773+0000] {processor.py:208} INFO - Processing /home/airflow/.local/lib/python3.12/site-packages/airflow/example_dags/example_branch_operator_decorator.py took 0.473 seconds
[2025-01-25T16:33:08.503+0000] {processor.py:186} INFO - Started process (PID=579) to work on /home/airflow/.local/lib/python3.12/site-packages/airflow/example_dags/example_branch_operator_decorator.py
[2025-01-25T16:33:08.504+0000] {processor.py:914} INFO - Processing file /home/airflow/.local/lib/python3.12/site-packages/airflow/example_dags/example_branch_operator_decorator.py for tasks to queue
[2025-01-25T16:33:08.506+0000] {logging_mixin.py:190} INFO - [2025-01-25T16:33:08.506+0000] {dagbag.py:588} INFO - Filling up the DagBag from /home/airflow/.local/lib/python3.12/site-packages/airflow/example_dags/example_branch_operator_decorator.py
[2025-01-25T16:33:08.524+0000] {processor.py:925} INFO - DAG(s) 'example_branch_python_operator_decorator' retrieved from /home/airflow/.local/lib/python3.12/site-packages/airflow/example_dags/example_branch_operator_decorator.py
[2025-01-25T16:33:08.548+0000] {logging_mixin.py:190} INFO - [2025-01-25T16:33:08.548+0000] {dag.py:3239} INFO - Sync 1 DAGs
[2025-01-25T16:33:08.571+0000] {logging_mixin.py:190} INFO - [2025-01-25T16:33:08.570+0000] {dag.py:4180} INFO - Setting next_dagrun for example_branch_python_operator_decorator to 2025-01-24 00:00:00+00:00, run_after=2025-01-25 00:00:00+00:00
[2025-01-25T16:33:08.696+0000] {processor.py:208} INFO - Processing /home/airflow/.local/lib/python3.12/site-packages/airflow/example_dags/example_branch_operator_decorator.py took 0.197 seconds
[2025-01-25T16:33:39.548+0000] {processor.py:186} INFO - Started process (PID=642) to work on /home/airflow/.local/lib/python3.12/site-packages/airflow/example_dags/example_branch_operator_decorator.py
[2025-01-25T16:33:39.550+0000] {processor.py:914} INFO - Processing file /home/airflow/.local/lib/python3.12/site-packages/airflow/example_dags/example_branch_operator_decorator.py for tasks to queue
[2025-01-25T16:33:39.552+0000] {logging_mixin.py:190} INFO - [2025-01-25T16:33:39.551+0000] {dagbag.py:588} INFO - Filling up the DagBag from /home/airflow/.local/lib/python3.12/site-packages/airflow/example_dags/example_branch_operator_decorator.py
[2025-01-25T16:33:39.568+0000] {processor.py:925} INFO - DAG(s) 'example_branch_python_operator_decorator' retrieved from /home/airflow/.local/lib/python3.12/site-packages/airflow/example_dags/example_branch_operator_decorator.py
[2025-01-25T16:33:39.592+0000] {logging_mixin.py:190} INFO - [2025-01-25T16:33:39.592+0000] {dag.py:3239} INFO - Sync 1 DAGs
[2025-01-25T16:33:39.614+0000] {logging_mixin.py:190} INFO - [2025-01-25T16:33:39.613+0000] {dag.py:4180} INFO - Setting next_dagrun for example_branch_python_operator_decorator to 2025-01-24 00:00:00+00:00, run_after=2025-01-25 00:00:00+00:00
[2025-01-25T16:33:40.102+0000] {processor.py:208} INFO - Processing /home/airflow/.local/lib/python3.12/site-packages/airflow/example_dags/example_branch_operator_decorator.py took 0.558 seconds
[2025-01-25T16:34:10.457+0000] {processor.py:186} INFO - Started process (PID=705) to work on /home/airflow/.local/lib/python3.12/site-packages/airflow/example_dags/example_branch_operator_decorator.py
[2025-01-25T16:34:10.458+0000] {processor.py:914} INFO - Processing file /home/airflow/.local/lib/python3.12/site-packages/airflow/example_dags/example_branch_operator_decorator.py for tasks to queue
[2025-01-25T16:34:10.461+0000] {logging_mixin.py:190} INFO - [2025-01-25T16:34:10.460+0000] {dagbag.py:588} INFO - Filling up the DagBag from /home/airflow/.local/lib/python3.12/site-packages/airflow/example_dags/example_branch_operator_decorator.py
[2025-01-25T16:34:10.477+0000] {processor.py:925} INFO - DAG(s) 'example_branch_python_operator_decorator' retrieved from /home/airflow/.local/lib/python3.12/site-packages/airflow/example_dags/example_branch_operator_decorator.py
[2025-01-25T16:34:10.500+0000] {logging_mixin.py:190} INFO - [2025-01-25T16:34:10.500+0000] {dag.py:3239} INFO - Sync 1 DAGs
[2025-01-25T16:34:10.521+0000] {logging_mixin.py:190} INFO - [2025-01-25T16:34:10.520+0000] {dag.py:4180} INFO - Setting next_dagrun for example_branch_python_operator_decorator to 2025-01-24 00:00:00+00:00, run_after=2025-01-25 00:00:00+00:00
[2025-01-25T16:34:11.015+0000] {processor.py:208} INFO - Processing /home/airflow/.local/lib/python3.12/site-packages/airflow/example_dags/example_branch_operator_decorator.py took 0.562 seconds
[2025-01-25T16:34:41.889+0000] {processor.py:186} INFO - Started process (PID=768) to work on /home/airflow/.local/lib/python3.12/site-packages/airflow/example_dags/example_branch_operator_decorator.py
[2025-01-25T16:34:41.890+0000] {processor.py:914} INFO - Processing file /home/airflow/.local/lib/python3.12/site-packages/airflow/example_dags/example_branch_operator_decorator.py for tasks to queue
[2025-01-25T16:34:41.892+0000] {logging_mixin.py:190} INFO - [2025-01-25T16:34:41.892+0000] {dagbag.py:588} INFO - Filling up the DagBag from /home/airflow/.local/lib/python3.12/site-packages/airflow/example_dags/example_branch_operator_decorator.py
[2025-01-25T16:34:41.912+0000] {processor.py:925} INFO - DAG(s) 'example_branch_python_operator_decorator' retrieved from /home/airflow/.local/lib/python3.12/site-packages/airflow/example_dags/example_branch_operator_decorator.py
[2025-01-25T16:34:41.938+0000] {logging_mixin.py:190} INFO - [2025-01-25T16:34:41.937+0000] {dag.py:3239} INFO - Sync 1 DAGs
[2025-01-25T16:34:41.960+0000] {logging_mixin.py:190} INFO - [2025-01-25T16:34:41.959+0000] {dag.py:4180} INFO - Setting next_dagrun for example_branch_python_operator_decorator to 2025-01-24 00:00:00+00:00, run_after=2025-01-25 00:00:00+00:00
[2025-01-25T16:34:41.987+0000] {processor.py:208} INFO - Processing /home/airflow/.local/lib/python3.12/site-packages/airflow/example_dags/example_branch_operator_decorator.py took 0.103 seconds
[2025-01-25T16:35:12.735+0000] {processor.py:186} INFO - Started process (PID=831) to work on /home/airflow/.local/lib/python3.12/site-packages/airflow/example_dags/example_branch_operator_decorator.py
[2025-01-25T16:35:12.736+0000] {processor.py:914} INFO - Processing file /home/airflow/.local/lib/python3.12/site-packages/airflow/example_dags/example_branch_operator_decorator.py for tasks to queue
[2025-01-25T16:35:12.738+0000] {logging_mixin.py:190} INFO - [2025-01-25T16:35:12.738+0000] {dagbag.py:588} INFO - Filling up the DagBag from /home/airflow/.local/lib/python3.12/site-packages/airflow/example_dags/example_branch_operator_decorator.py
[2025-01-25T16:35:12.757+0000] {processor.py:925} INFO - DAG(s) 'example_branch_python_operator_decorator' retrieved from /home/airflow/.local/lib/python3.12/site-packages/airflow/example_dags/example_branch_operator_decorator.py
[2025-01-25T16:35:12.783+0000] {logging_mixin.py:190} INFO - [2025-01-25T16:35:12.782+0000] {dag.py:3239} INFO - Sync 1 DAGs
[2025-01-25T16:35:12.804+0000] {logging_mixin.py:190} INFO - [2025-01-25T16:35:12.804+0000] {dag.py:4180} INFO - Setting next_dagrun for example_branch_python_operator_decorator to 2025-01-24 00:00:00+00:00, run_after=2025-01-25 00:00:00+00:00
[2025-01-25T16:35:12.829+0000] {processor.py:208} INFO - Processing /home/airflow/.local/lib/python3.12/site-packages/airflow/example_dags/example_branch_operator_decorator.py took 0.099 seconds
[2025-01-25T16:35:44.716+0000] {processor.py:186} INFO - Started process (PID=894) to work on /home/airflow/.local/lib/python3.12/site-packages/airflow/example_dags/example_branch_operator_decorator.py
[2025-01-25T16:35:44.717+0000] {processor.py:914} INFO - Processing file /home/airflow/.local/lib/python3.12/site-packages/airflow/example_dags/example_branch_operator_decorator.py for tasks to queue
[2025-01-25T16:35:44.719+0000] {logging_mixin.py:190} INFO - [2025-01-25T16:35:44.719+0000] {dagbag.py:588} INFO - Filling up the DagBag from /home/airflow/.local/lib/python3.12/site-packages/airflow/example_dags/example_branch_operator_decorator.py
[2025-01-25T16:35:44.735+0000] {processor.py:925} INFO - DAG(s) 'example_branch_python_operator_decorator' retrieved from /home/airflow/.local/lib/python3.12/site-packages/airflow/example_dags/example_branch_operator_decorator.py
[2025-01-25T16:35:44.759+0000] {logging_mixin.py:190} INFO - [2025-01-25T16:35:44.759+0000] {dag.py:3239} INFO - Sync 1 DAGs
[2025-01-25T16:35:44.779+0000] {logging_mixin.py:190} INFO - [2025-01-25T16:35:44.779+0000] {dag.py:4180} INFO - Setting next_dagrun for example_branch_python_operator_decorator to 2025-01-24 00:00:00+00:00, run_after=2025-01-25 00:00:00+00:00
[2025-01-25T16:35:44.817+0000] {processor.py:208} INFO - Processing /home/airflow/.local/lib/python3.12/site-packages/airflow/example_dags/example_branch_operator_decorator.py took 0.106 seconds
[2025-01-25T16:36:15.811+0000] {processor.py:186} INFO - Started process (PID=957) to work on /home/airflow/.local/lib/python3.12/site-packages/airflow/example_dags/example_branch_operator_decorator.py
[2025-01-25T16:36:15.812+0000] {processor.py:914} INFO - Processing file /home/airflow/.local/lib/python3.12/site-packages/airflow/example_dags/example_branch_operator_decorator.py for tasks to queue
[2025-01-25T16:36:15.815+0000] {logging_mixin.py:190} INFO - [2025-01-25T16:36:15.815+0000] {dagbag.py:588} INFO - Filling up the DagBag from /home/airflow/.local/lib/python3.12/site-packages/airflow/example_dags/example_branch_operator_decorator.py
[2025-01-25T16:36:15.834+0000] {processor.py:925} INFO - DAG(s) 'example_branch_python_operator_decorator' retrieved from /home/airflow/.local/lib/python3.12/site-packages/airflow/example_dags/example_branch_operator_decorator.py
[2025-01-25T16:36:15.858+0000] {logging_mixin.py:190} INFO - [2025-01-25T16:36:15.858+0000] {dag.py:3239} INFO - Sync 1 DAGs
[2025-01-25T16:36:15.881+0000] {logging_mixin.py:190} INFO - [2025-01-25T16:36:15.881+0000] {dag.py:4180} INFO - Setting next_dagrun for example_branch_python_operator_decorator to 2025-01-24 00:00:00+00:00, run_after=2025-01-25 00:00:00+00:00
[2025-01-25T16:36:16.223+0000] {processor.py:208} INFO - Processing /home/airflow/.local/lib/python3.12/site-packages/airflow/example_dags/example_branch_operator_decorator.py took 0.416 seconds
[2025-01-25T16:36:47.029+0000] {processor.py:186} INFO - Started process (PID=1020) to work on /home/airflow/.local/lib/python3.12/site-packages/airflow/example_dags/example_branch_operator_decorator.py
[2025-01-25T16:36:47.030+0000] {processor.py:914} INFO - Processing file /home/airflow/.local/lib/python3.12/site-packages/airflow/example_dags/example_branch_operator_decorator.py for tasks to queue
[2025-01-25T16:36:47.032+0000] {logging_mixin.py:190} INFO - [2025-01-25T16:36:47.032+0000] {dagbag.py:588} INFO - Filling up the DagBag from /home/airflow/.local/lib/python3.12/site-packages/airflow/example_dags/example_branch_operator_decorator.py
[2025-01-25T16:36:47.049+0000] {processor.py:925} INFO - DAG(s) 'example_branch_python_operator_decorator' retrieved from /home/airflow/.local/lib/python3.12/site-packages/airflow/example_dags/example_branch_operator_decorator.py
[2025-01-25T16:36:47.075+0000] {logging_mixin.py:190} INFO - [2025-01-25T16:36:47.075+0000] {dag.py:3239} INFO - Sync 1 DAGs
[2025-01-25T16:36:47.096+0000] {logging_mixin.py:190} INFO - [2025-01-25T16:36:47.095+0000] {dag.py:4180} INFO - Setting next_dagrun for example_branch_python_operator_decorator to 2025-01-24 00:00:00+00:00, run_after=2025-01-25 00:00:00+00:00
[2025-01-25T16:36:47.122+0000] {processor.py:208} INFO - Processing /home/airflow/.local/lib/python3.12/site-packages/airflow/example_dags/example_branch_operator_decorator.py took 0.098 seconds
[2025-01-25T16:37:17.347+0000] {processor.py:186} INFO - Started process (PID=1083) to work on /home/airflow/.local/lib/python3.12/site-packages/airflow/example_dags/example_branch_operator_decorator.py
[2025-01-25T16:37:17.348+0000] {processor.py:914} INFO - Processing file /home/airflow/.local/lib/python3.12/site-packages/airflow/example_dags/example_branch_operator_decorator.py for tasks to queue
[2025-01-25T16:37:17.350+0000] {logging_mixin.py:190} INFO - [2025-01-25T16:37:17.350+0000] {dagbag.py:588} INFO - Filling up the DagBag from /home/airflow/.local/lib/python3.12/site-packages/airflow/example_dags/example_branch_operator_decorator.py
[2025-01-25T16:37:17.367+0000] {processor.py:925} INFO - DAG(s) 'example_branch_python_operator_decorator' retrieved from /home/airflow/.local/lib/python3.12/site-packages/airflow/example_dags/example_branch_operator_decorator.py
[2025-01-25T16:37:17.392+0000] {logging_mixin.py:190} INFO - [2025-01-25T16:37:17.392+0000] {dag.py:3239} INFO - Sync 1 DAGs
[2025-01-25T16:37:17.414+0000] {logging_mixin.py:190} INFO - [2025-01-25T16:37:17.413+0000] {dag.py:4180} INFO - Setting next_dagrun for example_branch_python_operator_decorator to 2025-01-24 00:00:00+00:00, run_after=2025-01-25 00:00:00+00:00
[2025-01-25T16:37:17.832+0000] {processor.py:208} INFO - Processing /home/airflow/.local/lib/python3.12/site-packages/airflow/example_dags/example_branch_operator_decorator.py took 0.490 seconds
