[2025-01-25T16:28:52.566+0000] {processor.py:186} INFO - Started process (PID=58) to work on /home/airflow/.local/lib/python3.12/site-packages/airflow/example_dags/example_bash_decorator.py
[2025-01-25T16:28:52.567+0000] {processor.py:914} INFO - Processing file /home/airflow/.local/lib/python3.12/site-packages/airflow/example_dags/example_bash_decorator.py for tasks to queue
[2025-01-25T16:28:52.570+0000] {logging_mixin.py:190} INFO - [2025-01-25T16:28:52.569+0000] {dagbag.py:588} INFO - Filling up the DagBag from /home/airflow/.local/lib/python3.12/site-packages/airflow/example_dags/example_bash_decorator.py
[2025-01-25T16:28:52.589+0000] {processor.py:925} INFO - DAG(s) 'example_bash_decorator' retrieved from /home/airflow/.local/lib/python3.12/site-packages/airflow/example_dags/example_bash_decorator.py
[2025-01-25T16:28:52.725+0000] {logging_mixin.py:190} INFO - [2025-01-25T16:28:52.724+0000] {override.py:1911} INFO - Created Permission View: can delete on DAG:example_bash_decorator
[2025-01-25T16:28:52.741+0000] {logging_mixin.py:190} INFO - [2025-01-25T16:28:52.741+0000] {override.py:1911} INFO - Created Permission View: can read on DAG:example_bash_decorator
[2025-01-25T16:28:52.755+0000] {logging_mixin.py:190} INFO - [2025-01-25T16:28:52.755+0000] {override.py:1911} INFO - Created Permission View: can edit on DAG:example_bash_decorator
[2025-01-25T16:28:52.771+0000] {logging_mixin.py:190} INFO - [2025-01-25T16:28:52.771+0000] {override.py:1911} INFO - Created Permission View: can delete on DAG Run:example_bash_decorator
[2025-01-25T16:28:52.784+0000] {logging_mixin.py:190} INFO - [2025-01-25T16:28:52.783+0000] {override.py:1911} INFO - Created Permission View: can create on DAG Run:example_bash_decorator
[2025-01-25T16:28:52.796+0000] {logging_mixin.py:190} INFO - [2025-01-25T16:28:52.796+0000] {override.py:1911} INFO - Created Permission View: menu access on DAG Run:example_bash_decorator
[2025-01-25T16:28:52.808+0000] {logging_mixin.py:190} INFO - [2025-01-25T16:28:52.807+0000] {override.py:1911} INFO - Created Permission View: can read on DAG Run:example_bash_decorator
[2025-01-25T16:28:52.809+0000] {logging_mixin.py:190} INFO - [2025-01-25T16:28:52.808+0000] {dag.py:3239} INFO - Sync 1 DAGs
[2025-01-25T16:28:52.821+0000] {logging_mixin.py:190} INFO - [2025-01-25T16:28:52.821+0000] {dag.py:3262} INFO - Creating ORM DAG for example_bash_decorator
[2025-01-25T16:28:52.823+0000] {logging_mixin.py:190} INFO - [2025-01-25T16:28:52.823+0000] {dag.py:4180} INFO - Setting next_dagrun for example_bash_decorator to None, run_after=None
[2025-01-25T16:28:52.848+0000] {processor.py:208} INFO - Processing /home/airflow/.local/lib/python3.12/site-packages/airflow/example_dags/example_bash_decorator.py took 0.287 seconds
[2025-01-25T16:29:23.495+0000] {processor.py:186} INFO - Started process (PID=121) to work on /home/airflow/.local/lib/python3.12/site-packages/airflow/example_dags/example_bash_decorator.py
[2025-01-25T16:29:23.496+0000] {processor.py:914} INFO - Processing file /home/airflow/.local/lib/python3.12/site-packages/airflow/example_dags/example_bash_decorator.py for tasks to queue
[2025-01-25T16:29:23.499+0000] {logging_mixin.py:190} INFO - [2025-01-25T16:29:23.499+0000] {dagbag.py:588} INFO - Filling up the DagBag from /home/airflow/.local/lib/python3.12/site-packages/airflow/example_dags/example_bash_decorator.py
[2025-01-25T16:29:23.513+0000] {processor.py:925} INFO - DAG(s) 'example_bash_decorator' retrieved from /home/airflow/.local/lib/python3.12/site-packages/airflow/example_dags/example_bash_decorator.py
[2025-01-25T16:29:23.539+0000] {logging_mixin.py:190} INFO - [2025-01-25T16:29:23.538+0000] {dag.py:3239} INFO - Sync 1 DAGs
[2025-01-25T16:29:23.553+0000] {logging_mixin.py:190} INFO - [2025-01-25T16:29:23.553+0000] {dag.py:4180} INFO - Setting next_dagrun for example_bash_decorator to None, run_after=None
[2025-01-25T16:29:23.576+0000] {processor.py:208} INFO - Processing /home/airflow/.local/lib/python3.12/site-packages/airflow/example_dags/example_bash_decorator.py took 0.087 seconds
[2025-01-25T16:29:54.728+0000] {processor.py:186} INFO - Started process (PID=184) to work on /home/airflow/.local/lib/python3.12/site-packages/airflow/example_dags/example_bash_decorator.py
[2025-01-25T16:29:54.729+0000] {processor.py:914} INFO - Processing file /home/airflow/.local/lib/python3.12/site-packages/airflow/example_dags/example_bash_decorator.py for tasks to queue
[2025-01-25T16:29:54.732+0000] {logging_mixin.py:190} INFO - [2025-01-25T16:29:54.731+0000] {dagbag.py:588} INFO - Filling up the DagBag from /home/airflow/.local/lib/python3.12/site-packages/airflow/example_dags/example_bash_decorator.py
[2025-01-25T16:29:54.745+0000] {processor.py:925} INFO - DAG(s) 'example_bash_decorator' retrieved from /home/airflow/.local/lib/python3.12/site-packages/airflow/example_dags/example_bash_decorator.py
[2025-01-25T16:29:54.768+0000] {logging_mixin.py:190} INFO - [2025-01-25T16:29:54.768+0000] {dag.py:3239} INFO - Sync 1 DAGs
[2025-01-25T16:29:54.783+0000] {logging_mixin.py:190} INFO - [2025-01-25T16:29:54.782+0000] {dag.py:4180} INFO - Setting next_dagrun for example_bash_decorator to None, run_after=None
[2025-01-25T16:29:54.810+0000] {processor.py:208} INFO - Processing /home/airflow/.local/lib/python3.12/site-packages/airflow/example_dags/example_bash_decorator.py took 0.086 seconds
[2025-01-25T16:30:26.337+0000] {processor.py:186} INFO - Started process (PID=247) to work on /home/airflow/.local/lib/python3.12/site-packages/airflow/example_dags/example_bash_decorator.py
[2025-01-25T16:30:26.338+0000] {processor.py:914} INFO - Processing file /home/airflow/.local/lib/python3.12/site-packages/airflow/example_dags/example_bash_decorator.py for tasks to queue
[2025-01-25T16:30:26.342+0000] {logging_mixin.py:190} INFO - [2025-01-25T16:30:26.341+0000] {dagbag.py:588} INFO - Filling up the DagBag from /home/airflow/.local/lib/python3.12/site-packages/airflow/example_dags/example_bash_decorator.py
[2025-01-25T16:30:26.360+0000] {processor.py:925} INFO - DAG(s) 'example_bash_decorator' retrieved from /home/airflow/.local/lib/python3.12/site-packages/airflow/example_dags/example_bash_decorator.py
[2025-01-25T16:30:26.388+0000] {logging_mixin.py:190} INFO - [2025-01-25T16:30:26.387+0000] {dag.py:3239} INFO - Sync 1 DAGs
[2025-01-25T16:30:26.411+0000] {logging_mixin.py:190} INFO - [2025-01-25T16:30:26.411+0000] {dag.py:4180} INFO - Setting next_dagrun for example_bash_decorator to None, run_after=None
[2025-01-25T16:30:26.449+0000] {processor.py:208} INFO - Processing /home/airflow/.local/lib/python3.12/site-packages/airflow/example_dags/example_bash_decorator.py took 0.118 seconds
[2025-01-25T16:30:57.878+0000] {processor.py:186} INFO - Started process (PID=310) to work on /home/airflow/.local/lib/python3.12/site-packages/airflow/example_dags/example_bash_decorator.py
[2025-01-25T16:30:57.880+0000] {processor.py:914} INFO - Processing file /home/airflow/.local/lib/python3.12/site-packages/airflow/example_dags/example_bash_decorator.py for tasks to queue
[2025-01-25T16:30:57.882+0000] {logging_mixin.py:190} INFO - [2025-01-25T16:30:57.882+0000] {dagbag.py:588} INFO - Filling up the DagBag from /home/airflow/.local/lib/python3.12/site-packages/airflow/example_dags/example_bash_decorator.py
[2025-01-25T16:30:57.899+0000] {processor.py:925} INFO - DAG(s) 'example_bash_decorator' retrieved from /home/airflow/.local/lib/python3.12/site-packages/airflow/example_dags/example_bash_decorator.py
[2025-01-25T16:30:57.931+0000] {logging_mixin.py:190} INFO - [2025-01-25T16:30:57.930+0000] {dag.py:3239} INFO - Sync 1 DAGs
[2025-01-25T16:30:57.946+0000] {logging_mixin.py:190} INFO - [2025-01-25T16:30:57.946+0000] {dag.py:4180} INFO - Setting next_dagrun for example_bash_decorator to None, run_after=None
[2025-01-25T16:30:57.975+0000] {processor.py:208} INFO - Processing /home/airflow/.local/lib/python3.12/site-packages/airflow/example_dags/example_bash_decorator.py took 0.104 seconds
[2025-01-25T16:31:29.028+0000] {processor.py:186} INFO - Started process (PID=374) to work on /home/airflow/.local/lib/python3.12/site-packages/airflow/example_dags/example_bash_decorator.py
[2025-01-25T16:31:29.030+0000] {processor.py:914} INFO - Processing file /home/airflow/.local/lib/python3.12/site-packages/airflow/example_dags/example_bash_decorator.py for tasks to queue
[2025-01-25T16:31:29.032+0000] {logging_mixin.py:190} INFO - [2025-01-25T16:31:29.032+0000] {dagbag.py:588} INFO - Filling up the DagBag from /home/airflow/.local/lib/python3.12/site-packages/airflow/example_dags/example_bash_decorator.py
[2025-01-25T16:31:29.046+0000] {processor.py:925} INFO - DAG(s) 'example_bash_decorator' retrieved from /home/airflow/.local/lib/python3.12/site-packages/airflow/example_dags/example_bash_decorator.py
[2025-01-25T16:31:29.069+0000] {logging_mixin.py:190} INFO - [2025-01-25T16:31:29.069+0000] {dag.py:3239} INFO - Sync 1 DAGs
[2025-01-25T16:31:29.081+0000] {logging_mixin.py:190} INFO - [2025-01-25T16:31:29.081+0000] {dag.py:4180} INFO - Setting next_dagrun for example_bash_decorator to None, run_after=None
[2025-01-25T16:31:29.103+0000] {processor.py:208} INFO - Processing /home/airflow/.local/lib/python3.12/site-packages/airflow/example_dags/example_bash_decorator.py took 0.081 seconds
[2025-01-25T16:32:00.462+0000] {processor.py:186} INFO - Started process (PID=437) to work on /home/airflow/.local/lib/python3.12/site-packages/airflow/example_dags/example_bash_decorator.py
[2025-01-25T16:32:00.463+0000] {processor.py:914} INFO - Processing file /home/airflow/.local/lib/python3.12/site-packages/airflow/example_dags/example_bash_decorator.py for tasks to queue
[2025-01-25T16:32:00.466+0000] {logging_mixin.py:190} INFO - [2025-01-25T16:32:00.465+0000] {dagbag.py:588} INFO - Filling up the DagBag from /home/airflow/.local/lib/python3.12/site-packages/airflow/example_dags/example_bash_decorator.py
[2025-01-25T16:32:00.480+0000] {processor.py:925} INFO - DAG(s) 'example_bash_decorator' retrieved from /home/airflow/.local/lib/python3.12/site-packages/airflow/example_dags/example_bash_decorator.py
[2025-01-25T16:32:00.508+0000] {logging_mixin.py:190} INFO - [2025-01-25T16:32:00.508+0000] {dag.py:3239} INFO - Sync 1 DAGs
[2025-01-25T16:32:00.524+0000] {logging_mixin.py:190} INFO - [2025-01-25T16:32:00.523+0000] {dag.py:4180} INFO - Setting next_dagrun for example_bash_decorator to None, run_after=None
[2025-01-25T16:32:00.821+0000] {processor.py:208} INFO - Processing /home/airflow/.local/lib/python3.12/site-packages/airflow/example_dags/example_bash_decorator.py took 0.363 seconds
[2025-01-25T16:32:31.338+0000] {processor.py:186} INFO - Started process (PID=500) to work on /home/airflow/.local/lib/python3.12/site-packages/airflow/example_dags/example_bash_decorator.py
[2025-01-25T16:32:31.339+0000] {processor.py:914} INFO - Processing file /home/airflow/.local/lib/python3.12/site-packages/airflow/example_dags/example_bash_decorator.py for tasks to queue
[2025-01-25T16:32:31.341+0000] {logging_mixin.py:190} INFO - [2025-01-25T16:32:31.340+0000] {dagbag.py:588} INFO - Filling up the DagBag from /home/airflow/.local/lib/python3.12/site-packages/airflow/example_dags/example_bash_decorator.py
[2025-01-25T16:32:31.352+0000] {processor.py:925} INFO - DAG(s) 'example_bash_decorator' retrieved from /home/airflow/.local/lib/python3.12/site-packages/airflow/example_dags/example_bash_decorator.py
[2025-01-25T16:32:31.372+0000] {logging_mixin.py:190} INFO - [2025-01-25T16:32:31.372+0000] {dag.py:3239} INFO - Sync 1 DAGs
[2025-01-25T16:32:31.385+0000] {logging_mixin.py:190} INFO - [2025-01-25T16:32:31.385+0000] {dag.py:4180} INFO - Setting next_dagrun for example_bash_decorator to None, run_after=None
[2025-01-25T16:32:31.870+0000] {processor.py:208} INFO - Processing /home/airflow/.local/lib/python3.12/site-packages/airflow/example_dags/example_bash_decorator.py took 0.537 seconds
[2025-01-25T16:33:02.233+0000] {processor.py:186} INFO - Started process (PID=563) to work on /home/airflow/.local/lib/python3.12/site-packages/airflow/example_dags/example_bash_decorator.py
[2025-01-25T16:33:02.234+0000] {processor.py:914} INFO - Processing file /home/airflow/.local/lib/python3.12/site-packages/airflow/example_dags/example_bash_decorator.py for tasks to queue
[2025-01-25T16:33:02.236+0000] {logging_mixin.py:190} INFO - [2025-01-25T16:33:02.236+0000] {dagbag.py:588} INFO - Filling up the DagBag from /home/airflow/.local/lib/python3.12/site-packages/airflow/example_dags/example_bash_decorator.py
[2025-01-25T16:33:02.249+0000] {processor.py:925} INFO - DAG(s) 'example_bash_decorator' retrieved from /home/airflow/.local/lib/python3.12/site-packages/airflow/example_dags/example_bash_decorator.py
[2025-01-25T16:33:02.270+0000] {logging_mixin.py:190} INFO - [2025-01-25T16:33:02.270+0000] {dag.py:3239} INFO - Sync 1 DAGs
[2025-01-25T16:33:02.282+0000] {logging_mixin.py:190} INFO - [2025-01-25T16:33:02.282+0000] {dag.py:4180} INFO - Setting next_dagrun for example_bash_decorator to None, run_after=None
[2025-01-25T16:33:02.770+0000] {processor.py:208} INFO - Processing /home/airflow/.local/lib/python3.12/site-packages/airflow/example_dags/example_bash_decorator.py took 0.542 seconds
[2025-01-25T16:33:33.369+0000] {processor.py:186} INFO - Started process (PID=626) to work on /home/airflow/.local/lib/python3.12/site-packages/airflow/example_dags/example_bash_decorator.py
[2025-01-25T16:33:33.370+0000] {processor.py:914} INFO - Processing file /home/airflow/.local/lib/python3.12/site-packages/airflow/example_dags/example_bash_decorator.py for tasks to queue
[2025-01-25T16:33:33.372+0000] {logging_mixin.py:190} INFO - [2025-01-25T16:33:33.372+0000] {dagbag.py:588} INFO - Filling up the DagBag from /home/airflow/.local/lib/python3.12/site-packages/airflow/example_dags/example_bash_decorator.py
[2025-01-25T16:33:33.385+0000] {processor.py:925} INFO - DAG(s) 'example_bash_decorator' retrieved from /home/airflow/.local/lib/python3.12/site-packages/airflow/example_dags/example_bash_decorator.py
[2025-01-25T16:33:33.405+0000] {logging_mixin.py:190} INFO - [2025-01-25T16:33:33.405+0000] {dag.py:3239} INFO - Sync 1 DAGs
[2025-01-25T16:33:33.417+0000] {logging_mixin.py:190} INFO - [2025-01-25T16:33:33.417+0000] {dag.py:4180} INFO - Setting next_dagrun for example_bash_decorator to None, run_after=None
[2025-01-25T16:33:33.441+0000] {processor.py:208} INFO - Processing /home/airflow/.local/lib/python3.12/site-packages/airflow/example_dags/example_bash_decorator.py took 0.076 seconds
[2025-01-25T16:34:04.056+0000] {processor.py:186} INFO - Started process (PID=689) to work on /home/airflow/.local/lib/python3.12/site-packages/airflow/example_dags/example_bash_decorator.py
[2025-01-25T16:34:04.057+0000] {processor.py:914} INFO - Processing file /home/airflow/.local/lib/python3.12/site-packages/airflow/example_dags/example_bash_decorator.py for tasks to queue
[2025-01-25T16:34:04.059+0000] {logging_mixin.py:190} INFO - [2025-01-25T16:34:04.059+0000] {dagbag.py:588} INFO - Filling up the DagBag from /home/airflow/.local/lib/python3.12/site-packages/airflow/example_dags/example_bash_decorator.py
[2025-01-25T16:34:04.071+0000] {processor.py:925} INFO - DAG(s) 'example_bash_decorator' retrieved from /home/airflow/.local/lib/python3.12/site-packages/airflow/example_dags/example_bash_decorator.py
[2025-01-25T16:34:04.091+0000] {logging_mixin.py:190} INFO - [2025-01-25T16:34:04.091+0000] {dag.py:3239} INFO - Sync 1 DAGs
[2025-01-25T16:34:04.103+0000] {logging_mixin.py:190} INFO - [2025-01-25T16:34:04.103+0000] {dag.py:4180} INFO - Setting next_dagrun for example_bash_decorator to None, run_after=None
[2025-01-25T16:34:04.575+0000] {processor.py:208} INFO - Processing /home/airflow/.local/lib/python3.12/site-packages/airflow/example_dags/example_bash_decorator.py took 0.523 seconds
[2025-01-25T16:34:34.921+0000] {processor.py:186} INFO - Started process (PID=752) to work on /home/airflow/.local/lib/python3.12/site-packages/airflow/example_dags/example_bash_decorator.py
[2025-01-25T16:34:34.922+0000] {processor.py:914} INFO - Processing file /home/airflow/.local/lib/python3.12/site-packages/airflow/example_dags/example_bash_decorator.py for tasks to queue
[2025-01-25T16:34:34.924+0000] {logging_mixin.py:190} INFO - [2025-01-25T16:34:34.924+0000] {dagbag.py:588} INFO - Filling up the DagBag from /home/airflow/.local/lib/python3.12/site-packages/airflow/example_dags/example_bash_decorator.py
[2025-01-25T16:34:34.936+0000] {processor.py:925} INFO - DAG(s) 'example_bash_decorator' retrieved from /home/airflow/.local/lib/python3.12/site-packages/airflow/example_dags/example_bash_decorator.py
[2025-01-25T16:34:34.957+0000] {logging_mixin.py:190} INFO - [2025-01-25T16:34:34.957+0000] {dag.py:3239} INFO - Sync 1 DAGs
[2025-01-25T16:34:34.969+0000] {logging_mixin.py:190} INFO - [2025-01-25T16:34:34.969+0000] {dag.py:4180} INFO - Setting next_dagrun for example_bash_decorator to None, run_after=None
[2025-01-25T16:34:35.086+0000] {processor.py:208} INFO - Processing /home/airflow/.local/lib/python3.12/site-packages/airflow/example_dags/example_bash_decorator.py took 0.169 seconds
[2025-01-25T16:35:06.128+0000] {processor.py:186} INFO - Started process (PID=815) to work on /home/airflow/.local/lib/python3.12/site-packages/airflow/example_dags/example_bash_decorator.py
[2025-01-25T16:35:06.129+0000] {processor.py:914} INFO - Processing file /home/airflow/.local/lib/python3.12/site-packages/airflow/example_dags/example_bash_decorator.py for tasks to queue
[2025-01-25T16:35:06.132+0000] {logging_mixin.py:190} INFO - [2025-01-25T16:35:06.131+0000] {dagbag.py:588} INFO - Filling up the DagBag from /home/airflow/.local/lib/python3.12/site-packages/airflow/example_dags/example_bash_decorator.py
[2025-01-25T16:35:06.146+0000] {processor.py:925} INFO - DAG(s) 'example_bash_decorator' retrieved from /home/airflow/.local/lib/python3.12/site-packages/airflow/example_dags/example_bash_decorator.py
[2025-01-25T16:35:06.167+0000] {logging_mixin.py:190} INFO - [2025-01-25T16:35:06.167+0000] {dag.py:3239} INFO - Sync 1 DAGs
[2025-01-25T16:35:06.182+0000] {logging_mixin.py:190} INFO - [2025-01-25T16:35:06.182+0000] {dag.py:4180} INFO - Setting next_dagrun for example_bash_decorator to None, run_after=None
[2025-01-25T16:35:06.330+0000] {processor.py:208} INFO - Processing /home/airflow/.local/lib/python3.12/site-packages/airflow/example_dags/example_bash_decorator.py took 0.207 seconds
[2025-01-25T16:35:36.646+0000] {processor.py:186} INFO - Started process (PID=878) to work on /home/airflow/.local/lib/python3.12/site-packages/airflow/example_dags/example_bash_decorator.py
[2025-01-25T16:35:36.647+0000] {processor.py:914} INFO - Processing file /home/airflow/.local/lib/python3.12/site-packages/airflow/example_dags/example_bash_decorator.py for tasks to queue
[2025-01-25T16:35:36.649+0000] {logging_mixin.py:190} INFO - [2025-01-25T16:35:36.649+0000] {dagbag.py:588} INFO - Filling up the DagBag from /home/airflow/.local/lib/python3.12/site-packages/airflow/example_dags/example_bash_decorator.py
[2025-01-25T16:35:36.662+0000] {processor.py:925} INFO - DAG(s) 'example_bash_decorator' retrieved from /home/airflow/.local/lib/python3.12/site-packages/airflow/example_dags/example_bash_decorator.py
[2025-01-25T16:35:36.682+0000] {logging_mixin.py:190} INFO - [2025-01-25T16:35:36.682+0000] {dag.py:3239} INFO - Sync 1 DAGs
[2025-01-25T16:35:36.696+0000] {logging_mixin.py:190} INFO - [2025-01-25T16:35:36.695+0000] {dag.py:4180} INFO - Setting next_dagrun for example_bash_decorator to None, run_after=None
[2025-01-25T16:35:36.811+0000] {processor.py:208} INFO - Processing /home/airflow/.local/lib/python3.12/site-packages/airflow/example_dags/example_bash_decorator.py took 0.169 seconds
[2025-01-25T16:36:08.880+0000] {processor.py:186} INFO - Started process (PID=941) to work on /home/airflow/.local/lib/python3.12/site-packages/airflow/example_dags/example_bash_decorator.py
[2025-01-25T16:36:08.881+0000] {processor.py:914} INFO - Processing file /home/airflow/.local/lib/python3.12/site-packages/airflow/example_dags/example_bash_decorator.py for tasks to queue
[2025-01-25T16:36:08.884+0000] {logging_mixin.py:190} INFO - [2025-01-25T16:36:08.884+0000] {dagbag.py:588} INFO - Filling up the DagBag from /home/airflow/.local/lib/python3.12/site-packages/airflow/example_dags/example_bash_decorator.py
[2025-01-25T16:36:08.901+0000] {processor.py:925} INFO - DAG(s) 'example_bash_decorator' retrieved from /home/airflow/.local/lib/python3.12/site-packages/airflow/example_dags/example_bash_decorator.py
[2025-01-25T16:36:08.931+0000] {logging_mixin.py:190} INFO - [2025-01-25T16:36:08.931+0000] {dag.py:3239} INFO - Sync 1 DAGs
[2025-01-25T16:36:08.943+0000] {logging_mixin.py:190} INFO - [2025-01-25T16:36:08.943+0000] {dag.py:4180} INFO - Setting next_dagrun for example_bash_decorator to None, run_after=None
[2025-01-25T16:36:09.517+0000] {processor.py:208} INFO - Processing /home/airflow/.local/lib/python3.12/site-packages/airflow/example_dags/example_bash_decorator.py took 0.644 seconds
[2025-01-25T16:36:39.581+0000] {processor.py:186} INFO - Started process (PID=1004) to work on /home/airflow/.local/lib/python3.12/site-packages/airflow/example_dags/example_bash_decorator.py
[2025-01-25T16:36:39.582+0000] {processor.py:914} INFO - Processing file /home/airflow/.local/lib/python3.12/site-packages/airflow/example_dags/example_bash_decorator.py for tasks to queue
[2025-01-25T16:36:39.584+0000] {logging_mixin.py:190} INFO - [2025-01-25T16:36:39.584+0000] {dagbag.py:588} INFO - Filling up the DagBag from /home/airflow/.local/lib/python3.12/site-packages/airflow/example_dags/example_bash_decorator.py
[2025-01-25T16:36:39.599+0000] {processor.py:925} INFO - DAG(s) 'example_bash_decorator' retrieved from /home/airflow/.local/lib/python3.12/site-packages/airflow/example_dags/example_bash_decorator.py
[2025-01-25T16:36:39.628+0000] {logging_mixin.py:190} INFO - [2025-01-25T16:36:39.628+0000] {dag.py:3239} INFO - Sync 1 DAGs
[2025-01-25T16:36:39.642+0000] {logging_mixin.py:190} INFO - [2025-01-25T16:36:39.641+0000] {dag.py:4180} INFO - Setting next_dagrun for example_bash_decorator to None, run_after=None
[2025-01-25T16:36:40.147+0000] {processor.py:208} INFO - Processing /home/airflow/.local/lib/python3.12/site-packages/airflow/example_dags/example_bash_decorator.py took 0.573 seconds
[2025-01-25T16:37:10.375+0000] {processor.py:186} INFO - Started process (PID=1067) to work on /home/airflow/.local/lib/python3.12/site-packages/airflow/example_dags/example_bash_decorator.py
[2025-01-25T16:37:10.376+0000] {processor.py:914} INFO - Processing file /home/airflow/.local/lib/python3.12/site-packages/airflow/example_dags/example_bash_decorator.py for tasks to queue
[2025-01-25T16:37:10.378+0000] {logging_mixin.py:190} INFO - [2025-01-25T16:37:10.377+0000] {dagbag.py:588} INFO - Filling up the DagBag from /home/airflow/.local/lib/python3.12/site-packages/airflow/example_dags/example_bash_decorator.py
[2025-01-25T16:37:10.390+0000] {processor.py:925} INFO - DAG(s) 'example_bash_decorator' retrieved from /home/airflow/.local/lib/python3.12/site-packages/airflow/example_dags/example_bash_decorator.py
[2025-01-25T16:37:10.411+0000] {logging_mixin.py:190} INFO - [2025-01-25T16:37:10.410+0000] {dag.py:3239} INFO - Sync 1 DAGs
[2025-01-25T16:37:10.422+0000] {logging_mixin.py:190} INFO - [2025-01-25T16:37:10.422+0000] {dag.py:4180} INFO - Setting next_dagrun for example_bash_decorator to None, run_after=None
[2025-01-25T16:37:10.545+0000] {processor.py:208} INFO - Processing /home/airflow/.local/lib/python3.12/site-packages/airflow/example_dags/example_bash_decorator.py took 0.175 seconds
[2025-01-25T16:37:41.781+0000] {processor.py:186} INFO - Started process (PID=1130) to work on /home/airflow/.local/lib/python3.12/site-packages/airflow/example_dags/example_bash_decorator.py
[2025-01-25T16:37:41.782+0000] {processor.py:914} INFO - Processing file /home/airflow/.local/lib/python3.12/site-packages/airflow/example_dags/example_bash_decorator.py for tasks to queue
[2025-01-25T16:37:41.784+0000] {logging_mixin.py:190} INFO - [2025-01-25T16:37:41.784+0000] {dagbag.py:588} INFO - Filling up the DagBag from /home/airflow/.local/lib/python3.12/site-packages/airflow/example_dags/example_bash_decorator.py
[2025-01-25T16:37:41.796+0000] {processor.py:925} INFO - DAG(s) 'example_bash_decorator' retrieved from /home/airflow/.local/lib/python3.12/site-packages/airflow/example_dags/example_bash_decorator.py
[2025-01-25T16:37:41.817+0000] {logging_mixin.py:190} INFO - [2025-01-25T16:37:41.816+0000] {dag.py:3239} INFO - Sync 1 DAGs
[2025-01-25T16:37:41.829+0000] {logging_mixin.py:190} INFO - [2025-01-25T16:37:41.828+0000] {dag.py:4180} INFO - Setting next_dagrun for example_bash_decorator to None, run_after=None
[2025-01-25T16:37:42.300+0000] {processor.py:208} INFO - Processing /home/airflow/.local/lib/python3.12/site-packages/airflow/example_dags/example_bash_decorator.py took 0.523 seconds
