[2025-01-25T16:28:59.227+0000] {processor.py:186} INFO - Started process (PID=83) to work on /home/airflow/.local/lib/python3.12/site-packages/airflow/example_dags/example_kubernetes_executor.py
[2025-01-25T16:28:59.229+0000] {processor.py:914} INFO - Processing file /home/airflow/.local/lib/python3.12/site-packages/airflow/example_dags/example_kubernetes_executor.py for tasks to queue
[2025-01-25T16:28:59.231+0000] {logging_mixin.py:190} INFO - [2025-01-25T16:28:59.231+0000] {dagbag.py:588} INFO - Filling up the DagBag from /home/airflow/.local/lib/python3.12/site-packages/airflow/example_dags/example_kubernetes_executor.py
[2025-01-25T16:28:59.249+0000] {processor.py:925} INFO - DAG(s) 'example_kubernetes_executor' retrieved from /home/airflow/.local/lib/python3.12/site-packages/airflow/example_dags/example_kubernetes_executor.py
[2025-01-25T16:28:59.384+0000] {logging_mixin.py:190} INFO - [2025-01-25T16:28:59.383+0000] {override.py:1911} INFO - Created Permission View: can delete on DAG:example_kubernetes_executor
[2025-01-25T16:28:59.422+0000] {logging_mixin.py:190} INFO - [2025-01-25T16:28:59.422+0000] {override.py:1911} INFO - Created Permission View: can read on DAG:example_kubernetes_executor
[2025-01-25T16:28:59.435+0000] {logging_mixin.py:190} INFO - [2025-01-25T16:28:59.435+0000] {override.py:1911} INFO - Created Permission View: can edit on DAG:example_kubernetes_executor
[2025-01-25T16:28:59.454+0000] {logging_mixin.py:190} INFO - [2025-01-25T16:28:59.454+0000] {override.py:1911} INFO - Created Permission View: can delete on DAG Run:example_kubernetes_executor
[2025-01-25T16:28:59.466+0000] {logging_mixin.py:190} INFO - [2025-01-25T16:28:59.466+0000] {override.py:1911} INFO - Created Permission View: can create on DAG Run:example_kubernetes_executor
[2025-01-25T16:28:59.482+0000] {logging_mixin.py:190} INFO - [2025-01-25T16:28:59.481+0000] {override.py:1911} INFO - Created Permission View: menu access on DAG Run:example_kubernetes_executor
[2025-01-25T16:28:59.494+0000] {logging_mixin.py:190} INFO - [2025-01-25T16:28:59.494+0000] {override.py:1911} INFO - Created Permission View: can read on DAG Run:example_kubernetes_executor
[2025-01-25T16:28:59.495+0000] {logging_mixin.py:190} INFO - [2025-01-25T16:28:59.495+0000] {dag.py:3239} INFO - Sync 1 DAGs
[2025-01-25T16:28:59.517+0000] {logging_mixin.py:190} INFO - [2025-01-25T16:28:59.517+0000] {dag.py:3262} INFO - Creating ORM DAG for example_kubernetes_executor
[2025-01-25T16:28:59.519+0000] {logging_mixin.py:190} INFO - [2025-01-25T16:28:59.519+0000] {dag.py:4180} INFO - Setting next_dagrun for example_kubernetes_executor to None, run_after=None
[2025-01-25T16:28:59.544+0000] {processor.py:208} INFO - Processing /home/airflow/.local/lib/python3.12/site-packages/airflow/example_dags/example_kubernetes_executor.py took 0.322 seconds
[2025-01-25T16:29:29.936+0000] {processor.py:186} INFO - Started process (PID=146) to work on /home/airflow/.local/lib/python3.12/site-packages/airflow/example_dags/example_kubernetes_executor.py
[2025-01-25T16:29:29.937+0000] {processor.py:914} INFO - Processing file /home/airflow/.local/lib/python3.12/site-packages/airflow/example_dags/example_kubernetes_executor.py for tasks to queue
[2025-01-25T16:29:29.939+0000] {logging_mixin.py:190} INFO - [2025-01-25T16:29:29.939+0000] {dagbag.py:588} INFO - Filling up the DagBag from /home/airflow/.local/lib/python3.12/site-packages/airflow/example_dags/example_kubernetes_executor.py
[2025-01-25T16:29:29.953+0000] {processor.py:925} INFO - DAG(s) 'example_kubernetes_executor' retrieved from /home/airflow/.local/lib/python3.12/site-packages/airflow/example_dags/example_kubernetes_executor.py
[2025-01-25T16:29:29.981+0000] {logging_mixin.py:190} INFO - [2025-01-25T16:29:29.980+0000] {dag.py:3239} INFO - Sync 1 DAGs
[2025-01-25T16:29:29.994+0000] {logging_mixin.py:190} INFO - [2025-01-25T16:29:29.994+0000] {dag.py:4180} INFO - Setting next_dagrun for example_kubernetes_executor to None, run_after=None
[2025-01-25T16:29:30.017+0000] {processor.py:208} INFO - Processing /home/airflow/.local/lib/python3.12/site-packages/airflow/example_dags/example_kubernetes_executor.py took 0.087 seconds
[2025-01-25T16:30:02.056+0000] {processor.py:186} INFO - Started process (PID=209) to work on /home/airflow/.local/lib/python3.12/site-packages/airflow/example_dags/example_kubernetes_executor.py
[2025-01-25T16:30:02.057+0000] {processor.py:914} INFO - Processing file /home/airflow/.local/lib/python3.12/site-packages/airflow/example_dags/example_kubernetes_executor.py for tasks to queue
[2025-01-25T16:30:02.059+0000] {logging_mixin.py:190} INFO - [2025-01-25T16:30:02.059+0000] {dagbag.py:588} INFO - Filling up the DagBag from /home/airflow/.local/lib/python3.12/site-packages/airflow/example_dags/example_kubernetes_executor.py
[2025-01-25T16:30:02.072+0000] {processor.py:925} INFO - DAG(s) 'example_kubernetes_executor' retrieved from /home/airflow/.local/lib/python3.12/site-packages/airflow/example_dags/example_kubernetes_executor.py
[2025-01-25T16:30:02.103+0000] {logging_mixin.py:190} INFO - [2025-01-25T16:30:02.102+0000] {dag.py:3239} INFO - Sync 1 DAGs
[2025-01-25T16:30:02.127+0000] {logging_mixin.py:190} INFO - [2025-01-25T16:30:02.126+0000] {dag.py:4180} INFO - Setting next_dagrun for example_kubernetes_executor to None, run_after=None
[2025-01-25T16:30:02.382+0000] {processor.py:208} INFO - Processing /home/airflow/.local/lib/python3.12/site-packages/airflow/example_dags/example_kubernetes_executor.py took 0.334 seconds
[2025-01-25T16:30:37.006+0000] {processor.py:186} INFO - Started process (PID=272) to work on /home/airflow/.local/lib/python3.12/site-packages/airflow/example_dags/example_kubernetes_executor.py
[2025-01-25T16:30:37.007+0000] {processor.py:914} INFO - Processing file /home/airflow/.local/lib/python3.12/site-packages/airflow/example_dags/example_kubernetes_executor.py for tasks to queue
[2025-01-25T16:30:37.009+0000] {logging_mixin.py:190} INFO - [2025-01-25T16:30:37.009+0000] {dagbag.py:588} INFO - Filling up the DagBag from /home/airflow/.local/lib/python3.12/site-packages/airflow/example_dags/example_kubernetes_executor.py
[2025-01-25T16:30:37.021+0000] {processor.py:925} INFO - DAG(s) 'example_kubernetes_executor' retrieved from /home/airflow/.local/lib/python3.12/site-packages/airflow/example_dags/example_kubernetes_executor.py
[2025-01-25T16:30:37.042+0000] {logging_mixin.py:190} INFO - [2025-01-25T16:30:37.042+0000] {dag.py:3239} INFO - Sync 1 DAGs
[2025-01-25T16:30:37.055+0000] {logging_mixin.py:190} INFO - [2025-01-25T16:30:37.054+0000] {dag.py:4180} INFO - Setting next_dagrun for example_kubernetes_executor to None, run_after=None
[2025-01-25T16:30:39.104+0000] {processor.py:208} INFO - Processing /home/airflow/.local/lib/python3.12/site-packages/airflow/example_dags/example_kubernetes_executor.py took 2.103 seconds
[2025-01-25T16:31:09.455+0000] {processor.py:186} INFO - Started process (PID=335) to work on /home/airflow/.local/lib/python3.12/site-packages/airflow/example_dags/example_kubernetes_executor.py
[2025-01-25T16:31:09.456+0000] {processor.py:914} INFO - Processing file /home/airflow/.local/lib/python3.12/site-packages/airflow/example_dags/example_kubernetes_executor.py for tasks to queue
[2025-01-25T16:31:09.458+0000] {logging_mixin.py:190} INFO - [2025-01-25T16:31:09.458+0000] {dagbag.py:588} INFO - Filling up the DagBag from /home/airflow/.local/lib/python3.12/site-packages/airflow/example_dags/example_kubernetes_executor.py
[2025-01-25T16:31:09.470+0000] {processor.py:925} INFO - DAG(s) 'example_kubernetes_executor' retrieved from /home/airflow/.local/lib/python3.12/site-packages/airflow/example_dags/example_kubernetes_executor.py
[2025-01-25T16:31:09.492+0000] {logging_mixin.py:190} INFO - [2025-01-25T16:31:09.492+0000] {dag.py:3239} INFO - Sync 1 DAGs
[2025-01-25T16:31:09.506+0000] {logging_mixin.py:190} INFO - [2025-01-25T16:31:09.505+0000] {dag.py:4180} INFO - Setting next_dagrun for example_kubernetes_executor to None, run_after=None
[2025-01-25T16:31:09.558+0000] {processor.py:208} INFO - Processing /home/airflow/.local/lib/python3.12/site-packages/airflow/example_dags/example_kubernetes_executor.py took 0.108 seconds
[2025-01-25T16:31:39.771+0000] {processor.py:186} INFO - Started process (PID=399) to work on /home/airflow/.local/lib/python3.12/site-packages/airflow/example_dags/example_kubernetes_executor.py
[2025-01-25T16:31:39.772+0000] {processor.py:914} INFO - Processing file /home/airflow/.local/lib/python3.12/site-packages/airflow/example_dags/example_kubernetes_executor.py for tasks to queue
[2025-01-25T16:31:39.774+0000] {logging_mixin.py:190} INFO - [2025-01-25T16:31:39.774+0000] {dagbag.py:588} INFO - Filling up the DagBag from /home/airflow/.local/lib/python3.12/site-packages/airflow/example_dags/example_kubernetes_executor.py
[2025-01-25T16:31:39.787+0000] {processor.py:925} INFO - DAG(s) 'example_kubernetes_executor' retrieved from /home/airflow/.local/lib/python3.12/site-packages/airflow/example_dags/example_kubernetes_executor.py
[2025-01-25T16:31:39.809+0000] {logging_mixin.py:190} INFO - [2025-01-25T16:31:39.808+0000] {dag.py:3239} INFO - Sync 1 DAGs
[2025-01-25T16:31:39.822+0000] {logging_mixin.py:190} INFO - [2025-01-25T16:31:39.821+0000] {dag.py:4180} INFO - Setting next_dagrun for example_kubernetes_executor to None, run_after=None
[2025-01-25T16:31:39.964+0000] {processor.py:208} INFO - Processing /home/airflow/.local/lib/python3.12/site-packages/airflow/example_dags/example_kubernetes_executor.py took 0.197 seconds
[2025-01-25T16:32:10.220+0000] {processor.py:186} INFO - Started process (PID=462) to work on /home/airflow/.local/lib/python3.12/site-packages/airflow/example_dags/example_kubernetes_executor.py
[2025-01-25T16:32:10.221+0000] {processor.py:914} INFO - Processing file /home/airflow/.local/lib/python3.12/site-packages/airflow/example_dags/example_kubernetes_executor.py for tasks to queue
[2025-01-25T16:32:10.223+0000] {logging_mixin.py:190} INFO - [2025-01-25T16:32:10.222+0000] {dagbag.py:588} INFO - Filling up the DagBag from /home/airflow/.local/lib/python3.12/site-packages/airflow/example_dags/example_kubernetes_executor.py
[2025-01-25T16:32:10.234+0000] {processor.py:925} INFO - DAG(s) 'example_kubernetes_executor' retrieved from /home/airflow/.local/lib/python3.12/site-packages/airflow/example_dags/example_kubernetes_executor.py
[2025-01-25T16:32:10.255+0000] {logging_mixin.py:190} INFO - [2025-01-25T16:32:10.255+0000] {dag.py:3239} INFO - Sync 1 DAGs
[2025-01-25T16:32:10.268+0000] {logging_mixin.py:190} INFO - [2025-01-25T16:32:10.268+0000] {dag.py:4180} INFO - Setting next_dagrun for example_kubernetes_executor to None, run_after=None
[2025-01-25T16:32:10.399+0000] {processor.py:208} INFO - Processing /home/airflow/.local/lib/python3.12/site-packages/airflow/example_dags/example_kubernetes_executor.py took 0.184 seconds
[2025-01-25T16:32:40.688+0000] {processor.py:186} INFO - Started process (PID=525) to work on /home/airflow/.local/lib/python3.12/site-packages/airflow/example_dags/example_kubernetes_executor.py
[2025-01-25T16:32:40.908+0000] {processor.py:914} INFO - Processing file /home/airflow/.local/lib/python3.12/site-packages/airflow/example_dags/example_kubernetes_executor.py for tasks to queue
[2025-01-25T16:32:40.911+0000] {logging_mixin.py:190} INFO - [2025-01-25T16:32:40.910+0000] {dagbag.py:588} INFO - Filling up the DagBag from /home/airflow/.local/lib/python3.12/site-packages/airflow/example_dags/example_kubernetes_executor.py
[2025-01-25T16:32:40.923+0000] {processor.py:925} INFO - DAG(s) 'example_kubernetes_executor' retrieved from /home/airflow/.local/lib/python3.12/site-packages/airflow/example_dags/example_kubernetes_executor.py
[2025-01-25T16:32:40.945+0000] {logging_mixin.py:190} INFO - [2025-01-25T16:32:40.945+0000] {dag.py:3239} INFO - Sync 1 DAGs
[2025-01-25T16:32:40.958+0000] {logging_mixin.py:190} INFO - [2025-01-25T16:32:40.958+0000] {dag.py:4180} INFO - Setting next_dagrun for example_kubernetes_executor to None, run_after=None
[2025-01-25T16:32:41.101+0000] {processor.py:208} INFO - Processing /home/airflow/.local/lib/python3.12/site-packages/airflow/example_dags/example_kubernetes_executor.py took 0.419 seconds
[2025-01-25T16:33:11.239+0000] {processor.py:186} INFO - Started process (PID=588) to work on /home/airflow/.local/lib/python3.12/site-packages/airflow/example_dags/example_kubernetes_executor.py
[2025-01-25T16:33:11.240+0000] {processor.py:914} INFO - Processing file /home/airflow/.local/lib/python3.12/site-packages/airflow/example_dags/example_kubernetes_executor.py for tasks to queue
[2025-01-25T16:33:11.242+0000] {logging_mixin.py:190} INFO - [2025-01-25T16:33:11.242+0000] {dagbag.py:588} INFO - Filling up the DagBag from /home/airflow/.local/lib/python3.12/site-packages/airflow/example_dags/example_kubernetes_executor.py
[2025-01-25T16:33:11.253+0000] {processor.py:925} INFO - DAG(s) 'example_kubernetes_executor' retrieved from /home/airflow/.local/lib/python3.12/site-packages/airflow/example_dags/example_kubernetes_executor.py
[2025-01-25T16:33:11.276+0000] {logging_mixin.py:190} INFO - [2025-01-25T16:33:11.276+0000] {dag.py:3239} INFO - Sync 1 DAGs
[2025-01-25T16:33:11.290+0000] {logging_mixin.py:190} INFO - [2025-01-25T16:33:11.289+0000] {dag.py:4180} INFO - Setting next_dagrun for example_kubernetes_executor to None, run_after=None
[2025-01-25T16:33:11.711+0000] {processor.py:208} INFO - Processing /home/airflow/.local/lib/python3.12/site-packages/airflow/example_dags/example_kubernetes_executor.py took 0.477 seconds
[2025-01-25T16:33:42.718+0000] {processor.py:186} INFO - Started process (PID=651) to work on /home/airflow/.local/lib/python3.12/site-packages/airflow/example_dags/example_kubernetes_executor.py
[2025-01-25T16:33:42.719+0000] {processor.py:914} INFO - Processing file /home/airflow/.local/lib/python3.12/site-packages/airflow/example_dags/example_kubernetes_executor.py for tasks to queue
[2025-01-25T16:33:42.721+0000] {logging_mixin.py:190} INFO - [2025-01-25T16:33:42.721+0000] {dagbag.py:588} INFO - Filling up the DagBag from /home/airflow/.local/lib/python3.12/site-packages/airflow/example_dags/example_kubernetes_executor.py
[2025-01-25T16:33:42.732+0000] {processor.py:925} INFO - DAG(s) 'example_kubernetes_executor' retrieved from /home/airflow/.local/lib/python3.12/site-packages/airflow/example_dags/example_kubernetes_executor.py
[2025-01-25T16:33:42.754+0000] {logging_mixin.py:190} INFO - [2025-01-25T16:33:42.754+0000] {dag.py:3239} INFO - Sync 1 DAGs
[2025-01-25T16:33:42.767+0000] {logging_mixin.py:190} INFO - [2025-01-25T16:33:42.767+0000] {dag.py:4180} INFO - Setting next_dagrun for example_kubernetes_executor to None, run_after=None
[2025-01-25T16:33:43.240+0000] {processor.py:208} INFO - Processing /home/airflow/.local/lib/python3.12/site-packages/airflow/example_dags/example_kubernetes_executor.py took 0.527 seconds
[2025-01-25T16:34:13.501+0000] {processor.py:186} INFO - Started process (PID=714) to work on /home/airflow/.local/lib/python3.12/site-packages/airflow/example_dags/example_kubernetes_executor.py
[2025-01-25T16:34:13.502+0000] {processor.py:914} INFO - Processing file /home/airflow/.local/lib/python3.12/site-packages/airflow/example_dags/example_kubernetes_executor.py for tasks to queue
[2025-01-25T16:34:13.505+0000] {logging_mixin.py:190} INFO - [2025-01-25T16:34:13.505+0000] {dagbag.py:588} INFO - Filling up the DagBag from /home/airflow/.local/lib/python3.12/site-packages/airflow/example_dags/example_kubernetes_executor.py
[2025-01-25T16:34:13.516+0000] {processor.py:925} INFO - DAG(s) 'example_kubernetes_executor' retrieved from /home/airflow/.local/lib/python3.12/site-packages/airflow/example_dags/example_kubernetes_executor.py
[2025-01-25T16:34:13.539+0000] {logging_mixin.py:190} INFO - [2025-01-25T16:34:13.539+0000] {dag.py:3239} INFO - Sync 1 DAGs
[2025-01-25T16:34:13.552+0000] {logging_mixin.py:190} INFO - [2025-01-25T16:34:13.551+0000] {dag.py:4180} INFO - Setting next_dagrun for example_kubernetes_executor to None, run_after=None
[2025-01-25T16:34:13.645+0000] {processor.py:208} INFO - Processing /home/airflow/.local/lib/python3.12/site-packages/airflow/example_dags/example_kubernetes_executor.py took 0.148 seconds
[2025-01-25T16:34:44.445+0000] {processor.py:186} INFO - Started process (PID=777) to work on /home/airflow/.local/lib/python3.12/site-packages/airflow/example_dags/example_kubernetes_executor.py
[2025-01-25T16:34:44.446+0000] {processor.py:914} INFO - Processing file /home/airflow/.local/lib/python3.12/site-packages/airflow/example_dags/example_kubernetes_executor.py for tasks to queue
[2025-01-25T16:34:44.448+0000] {logging_mixin.py:190} INFO - [2025-01-25T16:34:44.448+0000] {dagbag.py:588} INFO - Filling up the DagBag from /home/airflow/.local/lib/python3.12/site-packages/airflow/example_dags/example_kubernetes_executor.py
[2025-01-25T16:34:44.461+0000] {processor.py:925} INFO - DAG(s) 'example_kubernetes_executor' retrieved from /home/airflow/.local/lib/python3.12/site-packages/airflow/example_dags/example_kubernetes_executor.py
[2025-01-25T16:34:44.482+0000] {logging_mixin.py:190} INFO - [2025-01-25T16:34:44.482+0000] {dag.py:3239} INFO - Sync 1 DAGs
[2025-01-25T16:34:44.495+0000] {logging_mixin.py:190} INFO - [2025-01-25T16:34:44.495+0000] {dag.py:4180} INFO - Setting next_dagrun for example_kubernetes_executor to None, run_after=None
[2025-01-25T16:34:44.664+0000] {processor.py:208} INFO - Processing /home/airflow/.local/lib/python3.12/site-packages/airflow/example_dags/example_kubernetes_executor.py took 0.224 seconds
[2025-01-25T16:35:15.687+0000] {processor.py:186} INFO - Started process (PID=840) to work on /home/airflow/.local/lib/python3.12/site-packages/airflow/example_dags/example_kubernetes_executor.py
[2025-01-25T16:35:15.688+0000] {processor.py:914} INFO - Processing file /home/airflow/.local/lib/python3.12/site-packages/airflow/example_dags/example_kubernetes_executor.py for tasks to queue
[2025-01-25T16:35:15.691+0000] {logging_mixin.py:190} INFO - [2025-01-25T16:35:15.690+0000] {dagbag.py:588} INFO - Filling up the DagBag from /home/airflow/.local/lib/python3.12/site-packages/airflow/example_dags/example_kubernetes_executor.py
[2025-01-25T16:35:15.707+0000] {processor.py:925} INFO - DAG(s) 'example_kubernetes_executor' retrieved from /home/airflow/.local/lib/python3.12/site-packages/airflow/example_dags/example_kubernetes_executor.py
[2025-01-25T16:35:15.737+0000] {logging_mixin.py:190} INFO - [2025-01-25T16:35:15.737+0000] {dag.py:3239} INFO - Sync 1 DAGs
[2025-01-25T16:35:15.752+0000] {logging_mixin.py:190} INFO - [2025-01-25T16:35:15.752+0000] {dag.py:4180} INFO - Setting next_dagrun for example_kubernetes_executor to None, run_after=None
[2025-01-25T16:35:15.891+0000] {processor.py:208} INFO - Processing /home/airflow/.local/lib/python3.12/site-packages/airflow/example_dags/example_kubernetes_executor.py took 0.210 seconds
[2025-01-25T16:35:47.463+0000] {processor.py:186} INFO - Started process (PID=903) to work on /home/airflow/.local/lib/python3.12/site-packages/airflow/example_dags/example_kubernetes_executor.py
[2025-01-25T16:35:47.464+0000] {processor.py:914} INFO - Processing file /home/airflow/.local/lib/python3.12/site-packages/airflow/example_dags/example_kubernetes_executor.py for tasks to queue
[2025-01-25T16:35:47.466+0000] {logging_mixin.py:190} INFO - [2025-01-25T16:35:47.466+0000] {dagbag.py:588} INFO - Filling up the DagBag from /home/airflow/.local/lib/python3.12/site-packages/airflow/example_dags/example_kubernetes_executor.py
[2025-01-25T16:35:47.478+0000] {processor.py:925} INFO - DAG(s) 'example_kubernetes_executor' retrieved from /home/airflow/.local/lib/python3.12/site-packages/airflow/example_dags/example_kubernetes_executor.py
[2025-01-25T16:35:47.499+0000] {logging_mixin.py:190} INFO - [2025-01-25T16:35:47.499+0000] {dag.py:3239} INFO - Sync 1 DAGs
[2025-01-25T16:35:47.511+0000] {logging_mixin.py:190} INFO - [2025-01-25T16:35:47.511+0000] {dag.py:4180} INFO - Setting next_dagrun for example_kubernetes_executor to None, run_after=None
[2025-01-25T16:35:48.144+0000] {processor.py:208} INFO - Processing /home/airflow/.local/lib/python3.12/site-packages/airflow/example_dags/example_kubernetes_executor.py took 0.685 seconds
[2025-01-25T16:36:18.383+0000] {processor.py:186} INFO - Started process (PID=966) to work on /home/airflow/.local/lib/python3.12/site-packages/airflow/example_dags/example_kubernetes_executor.py
[2025-01-25T16:36:18.384+0000] {processor.py:914} INFO - Processing file /home/airflow/.local/lib/python3.12/site-packages/airflow/example_dags/example_kubernetes_executor.py for tasks to queue
[2025-01-25T16:36:18.386+0000] {logging_mixin.py:190} INFO - [2025-01-25T16:36:18.386+0000] {dagbag.py:588} INFO - Filling up the DagBag from /home/airflow/.local/lib/python3.12/site-packages/airflow/example_dags/example_kubernetes_executor.py
[2025-01-25T16:36:18.398+0000] {processor.py:925} INFO - DAG(s) 'example_kubernetes_executor' retrieved from /home/airflow/.local/lib/python3.12/site-packages/airflow/example_dags/example_kubernetes_executor.py
[2025-01-25T16:36:18.423+0000] {logging_mixin.py:190} INFO - [2025-01-25T16:36:18.423+0000] {dag.py:3239} INFO - Sync 1 DAGs
[2025-01-25T16:36:18.437+0000] {logging_mixin.py:190} INFO - [2025-01-25T16:36:18.437+0000] {dag.py:4180} INFO - Setting next_dagrun for example_kubernetes_executor to None, run_after=None
[2025-01-25T16:36:18.554+0000] {processor.py:208} INFO - Processing /home/airflow/.local/lib/python3.12/site-packages/airflow/example_dags/example_kubernetes_executor.py took 0.176 seconds
[2025-01-25T16:36:49.474+0000] {processor.py:186} INFO - Started process (PID=1029) to work on /home/airflow/.local/lib/python3.12/site-packages/airflow/example_dags/example_kubernetes_executor.py
[2025-01-25T16:36:49.475+0000] {processor.py:914} INFO - Processing file /home/airflow/.local/lib/python3.12/site-packages/airflow/example_dags/example_kubernetes_executor.py for tasks to queue
[2025-01-25T16:36:49.477+0000] {logging_mixin.py:190} INFO - [2025-01-25T16:36:49.476+0000] {dagbag.py:588} INFO - Filling up the DagBag from /home/airflow/.local/lib/python3.12/site-packages/airflow/example_dags/example_kubernetes_executor.py
[2025-01-25T16:36:49.488+0000] {processor.py:925} INFO - DAG(s) 'example_kubernetes_executor' retrieved from /home/airflow/.local/lib/python3.12/site-packages/airflow/example_dags/example_kubernetes_executor.py
[2025-01-25T16:36:49.511+0000] {logging_mixin.py:190} INFO - [2025-01-25T16:36:49.510+0000] {dag.py:3239} INFO - Sync 1 DAGs
[2025-01-25T16:36:49.523+0000] {logging_mixin.py:190} INFO - [2025-01-25T16:36:49.523+0000] {dag.py:4180} INFO - Setting next_dagrun for example_kubernetes_executor to None, run_after=None
[2025-01-25T16:36:49.615+0000] {processor.py:208} INFO - Processing /home/airflow/.local/lib/python3.12/site-packages/airflow/example_dags/example_kubernetes_executor.py took 0.146 seconds
[2025-01-25T16:37:20.583+0000] {processor.py:186} INFO - Started process (PID=1092) to work on /home/airflow/.local/lib/python3.12/site-packages/airflow/example_dags/example_kubernetes_executor.py
[2025-01-25T16:37:20.584+0000] {processor.py:914} INFO - Processing file /home/airflow/.local/lib/python3.12/site-packages/airflow/example_dags/example_kubernetes_executor.py for tasks to queue
[2025-01-25T16:37:20.586+0000] {logging_mixin.py:190} INFO - [2025-01-25T16:37:20.586+0000] {dagbag.py:588} INFO - Filling up the DagBag from /home/airflow/.local/lib/python3.12/site-packages/airflow/example_dags/example_kubernetes_executor.py
[2025-01-25T16:37:20.599+0000] {processor.py:925} INFO - DAG(s) 'example_kubernetes_executor' retrieved from /home/airflow/.local/lib/python3.12/site-packages/airflow/example_dags/example_kubernetes_executor.py
[2025-01-25T16:37:20.623+0000] {logging_mixin.py:190} INFO - [2025-01-25T16:37:20.623+0000] {dag.py:3239} INFO - Sync 1 DAGs
[2025-01-25T16:37:20.637+0000] {logging_mixin.py:190} INFO - [2025-01-25T16:37:20.637+0000] {dag.py:4180} INFO - Setting next_dagrun for example_kubernetes_executor to None, run_after=None
[2025-01-25T16:37:20.807+0000] {processor.py:208} INFO - Processing /home/airflow/.local/lib/python3.12/site-packages/airflow/example_dags/example_kubernetes_executor.py took 0.230 seconds
