[2025-01-25T16:28:49.069+0000] {processor.py:186} INFO - Started process (PID=40) to work on /home/airflow/.local/lib/python3.12/site-packages/airflow/example_dags/example_short_circuit_operator.py
[2025-01-25T16:28:49.070+0000] {processor.py:914} INFO - Processing file /home/airflow/.local/lib/python3.12/site-packages/airflow/example_dags/example_short_circuit_operator.py for tasks to queue
[2025-01-25T16:28:49.072+0000] {logging_mixin.py:190} INFO - [2025-01-25T16:28:49.072+0000] {dagbag.py:588} INFO - Filling up the DagBag from /home/airflow/.local/lib/python3.12/site-packages/airflow/example_dags/example_short_circuit_operator.py
[2025-01-25T16:28:49.083+0000] {processor.py:925} INFO - DAG(s) 'example_short_circuit_operator' retrieved from /home/airflow/.local/lib/python3.12/site-packages/airflow/example_dags/example_short_circuit_operator.py
[2025-01-25T16:28:49.193+0000] {logging_mixin.py:190} INFO - [2025-01-25T16:28:49.192+0000] {override.py:1911} INFO - Created Permission View: can delete on DAG:example_short_circuit_operator
[2025-01-25T16:28:49.209+0000] {logging_mixin.py:190} INFO - [2025-01-25T16:28:49.209+0000] {override.py:1911} INFO - Created Permission View: can read on DAG:example_short_circuit_operator
[2025-01-25T16:28:49.225+0000] {logging_mixin.py:190} INFO - [2025-01-25T16:28:49.225+0000] {override.py:1911} INFO - Created Permission View: can edit on DAG:example_short_circuit_operator
[2025-01-25T16:28:49.241+0000] {logging_mixin.py:190} INFO - [2025-01-25T16:28:49.241+0000] {override.py:1911} INFO - Created Permission View: can delete on DAG Run:example_short_circuit_operator
[2025-01-25T16:28:49.256+0000] {logging_mixin.py:190} INFO - [2025-01-25T16:28:49.255+0000] {override.py:1911} INFO - Created Permission View: can create on DAG Run:example_short_circuit_operator
[2025-01-25T16:28:49.279+0000] {logging_mixin.py:190} INFO - [2025-01-25T16:28:49.279+0000] {override.py:1911} INFO - Created Permission View: menu access on DAG Run:example_short_circuit_operator
[2025-01-25T16:28:49.297+0000] {logging_mixin.py:190} INFO - [2025-01-25T16:28:49.297+0000] {override.py:1911} INFO - Created Permission View: can read on DAG Run:example_short_circuit_operator
[2025-01-25T16:28:49.298+0000] {logging_mixin.py:190} INFO - [2025-01-25T16:28:49.298+0000] {dag.py:3239} INFO - Sync 1 DAGs
[2025-01-25T16:28:49.310+0000] {logging_mixin.py:190} INFO - [2025-01-25T16:28:49.310+0000] {dag.py:3262} INFO - Creating ORM DAG for example_short_circuit_operator
[2025-01-25T16:28:49.312+0000] {logging_mixin.py:190} INFO - [2025-01-25T16:28:49.311+0000] {dag.py:4180} INFO - Setting next_dagrun for example_short_circuit_operator to None, run_after=None
[2025-01-25T16:28:49.340+0000] {processor.py:208} INFO - Processing /home/airflow/.local/lib/python3.12/site-packages/airflow/example_dags/example_short_circuit_operator.py took 0.276 seconds
[2025-01-25T16:29:19.970+0000] {processor.py:186} INFO - Started process (PID=103) to work on /home/airflow/.local/lib/python3.12/site-packages/airflow/example_dags/example_short_circuit_operator.py
[2025-01-25T16:29:19.972+0000] {processor.py:914} INFO - Processing file /home/airflow/.local/lib/python3.12/site-packages/airflow/example_dags/example_short_circuit_operator.py for tasks to queue
[2025-01-25T16:29:19.974+0000] {logging_mixin.py:190} INFO - [2025-01-25T16:29:19.974+0000] {dagbag.py:588} INFO - Filling up the DagBag from /home/airflow/.local/lib/python3.12/site-packages/airflow/example_dags/example_short_circuit_operator.py
[2025-01-25T16:29:19.988+0000] {processor.py:925} INFO - DAG(s) 'example_short_circuit_operator' retrieved from /home/airflow/.local/lib/python3.12/site-packages/airflow/example_dags/example_short_circuit_operator.py
[2025-01-25T16:29:20.022+0000] {logging_mixin.py:190} INFO - [2025-01-25T16:29:20.021+0000] {dag.py:3239} INFO - Sync 1 DAGs
[2025-01-25T16:29:20.042+0000] {logging_mixin.py:190} INFO - [2025-01-25T16:29:20.042+0000] {dag.py:4180} INFO - Setting next_dagrun for example_short_circuit_operator to None, run_after=None
[2025-01-25T16:29:20.072+0000] {processor.py:208} INFO - Processing /home/airflow/.local/lib/python3.12/site-packages/airflow/example_dags/example_short_circuit_operator.py took 0.108 seconds
[2025-01-25T16:29:50.958+0000] {processor.py:186} INFO - Started process (PID=166) to work on /home/airflow/.local/lib/python3.12/site-packages/airflow/example_dags/example_short_circuit_operator.py
[2025-01-25T16:29:50.959+0000] {processor.py:914} INFO - Processing file /home/airflow/.local/lib/python3.12/site-packages/airflow/example_dags/example_short_circuit_operator.py for tasks to queue
[2025-01-25T16:29:50.962+0000] {logging_mixin.py:190} INFO - [2025-01-25T16:29:50.961+0000] {dagbag.py:588} INFO - Filling up the DagBag from /home/airflow/.local/lib/python3.12/site-packages/airflow/example_dags/example_short_circuit_operator.py
[2025-01-25T16:29:50.969+0000] {processor.py:925} INFO - DAG(s) 'example_short_circuit_operator' retrieved from /home/airflow/.local/lib/python3.12/site-packages/airflow/example_dags/example_short_circuit_operator.py
[2025-01-25T16:29:50.991+0000] {logging_mixin.py:190} INFO - [2025-01-25T16:29:50.991+0000] {dag.py:3239} INFO - Sync 1 DAGs
[2025-01-25T16:29:51.006+0000] {logging_mixin.py:190} INFO - [2025-01-25T16:29:51.005+0000] {dag.py:4180} INFO - Setting next_dagrun for example_short_circuit_operator to None, run_after=None
[2025-01-25T16:29:51.030+0000] {processor.py:208} INFO - Processing /home/airflow/.local/lib/python3.12/site-packages/airflow/example_dags/example_short_circuit_operator.py took 0.077 seconds
[2025-01-25T16:30:21.523+0000] {processor.py:186} INFO - Started process (PID=235) to work on /home/airflow/.local/lib/python3.12/site-packages/airflow/example_dags/example_short_circuit_operator.py
[2025-01-25T16:30:21.524+0000] {processor.py:914} INFO - Processing file /home/airflow/.local/lib/python3.12/site-packages/airflow/example_dags/example_short_circuit_operator.py for tasks to queue
[2025-01-25T16:30:21.527+0000] {logging_mixin.py:190} INFO - [2025-01-25T16:30:21.527+0000] {dagbag.py:588} INFO - Filling up the DagBag from /home/airflow/.local/lib/python3.12/site-packages/airflow/example_dags/example_short_circuit_operator.py
[2025-01-25T16:30:21.534+0000] {processor.py:925} INFO - DAG(s) 'example_short_circuit_operator' retrieved from /home/airflow/.local/lib/python3.12/site-packages/airflow/example_dags/example_short_circuit_operator.py
[2025-01-25T16:30:21.557+0000] {logging_mixin.py:190} INFO - [2025-01-25T16:30:21.557+0000] {dag.py:3239} INFO - Sync 1 DAGs
[2025-01-25T16:30:21.572+0000] {logging_mixin.py:190} INFO - [2025-01-25T16:30:21.572+0000] {dag.py:4180} INFO - Setting next_dagrun for example_short_circuit_operator to None, run_after=None
[2025-01-25T16:30:21.649+0000] {processor.py:208} INFO - Processing /home/airflow/.local/lib/python3.12/site-packages/airflow/example_dags/example_short_circuit_operator.py took 0.131 seconds
[2025-01-25T16:30:52.293+0000] {processor.py:186} INFO - Started process (PID=298) to work on /home/airflow/.local/lib/python3.12/site-packages/airflow/example_dags/example_short_circuit_operator.py
[2025-01-25T16:30:52.294+0000] {processor.py:914} INFO - Processing file /home/airflow/.local/lib/python3.12/site-packages/airflow/example_dags/example_short_circuit_operator.py for tasks to queue
[2025-01-25T16:30:52.296+0000] {logging_mixin.py:190} INFO - [2025-01-25T16:30:52.296+0000] {dagbag.py:588} INFO - Filling up the DagBag from /home/airflow/.local/lib/python3.12/site-packages/airflow/example_dags/example_short_circuit_operator.py
[2025-01-25T16:30:52.303+0000] {processor.py:925} INFO - DAG(s) 'example_short_circuit_operator' retrieved from /home/airflow/.local/lib/python3.12/site-packages/airflow/example_dags/example_short_circuit_operator.py
[2025-01-25T16:30:52.326+0000] {logging_mixin.py:190} INFO - [2025-01-25T16:30:52.326+0000] {dag.py:3239} INFO - Sync 1 DAGs
[2025-01-25T16:30:52.343+0000] {logging_mixin.py:190} INFO - [2025-01-25T16:30:52.343+0000] {dag.py:4180} INFO - Setting next_dagrun for example_short_circuit_operator to None, run_after=None
[2025-01-25T16:30:52.563+0000] {processor.py:208} INFO - Processing /home/airflow/.local/lib/python3.12/site-packages/airflow/example_dags/example_short_circuit_operator.py took 0.275 seconds
[2025-01-25T16:31:23.147+0000] {processor.py:186} INFO - Started process (PID=362) to work on /home/airflow/.local/lib/python3.12/site-packages/airflow/example_dags/example_short_circuit_operator.py
[2025-01-25T16:31:23.149+0000] {processor.py:914} INFO - Processing file /home/airflow/.local/lib/python3.12/site-packages/airflow/example_dags/example_short_circuit_operator.py for tasks to queue
[2025-01-25T16:31:23.151+0000] {logging_mixin.py:190} INFO - [2025-01-25T16:31:23.151+0000] {dagbag.py:588} INFO - Filling up the DagBag from /home/airflow/.local/lib/python3.12/site-packages/airflow/example_dags/example_short_circuit_operator.py
[2025-01-25T16:31:23.164+0000] {processor.py:925} INFO - DAG(s) 'example_short_circuit_operator' retrieved from /home/airflow/.local/lib/python3.12/site-packages/airflow/example_dags/example_short_circuit_operator.py
[2025-01-25T16:31:23.191+0000] {logging_mixin.py:190} INFO - [2025-01-25T16:31:23.190+0000] {dag.py:3239} INFO - Sync 1 DAGs
[2025-01-25T16:31:23.211+0000] {logging_mixin.py:190} INFO - [2025-01-25T16:31:23.211+0000] {dag.py:4180} INFO - Setting next_dagrun for example_short_circuit_operator to None, run_after=None
[2025-01-25T16:31:23.246+0000] {processor.py:208} INFO - Processing /home/airflow/.local/lib/python3.12/site-packages/airflow/example_dags/example_short_circuit_operator.py took 0.106 seconds
[2025-01-25T16:31:54.169+0000] {processor.py:186} INFO - Started process (PID=425) to work on /home/airflow/.local/lib/python3.12/site-packages/airflow/example_dags/example_short_circuit_operator.py
[2025-01-25T16:31:54.171+0000] {processor.py:914} INFO - Processing file /home/airflow/.local/lib/python3.12/site-packages/airflow/example_dags/example_short_circuit_operator.py for tasks to queue
[2025-01-25T16:31:54.176+0000] {logging_mixin.py:190} INFO - [2025-01-25T16:31:54.175+0000] {dagbag.py:588} INFO - Filling up the DagBag from /home/airflow/.local/lib/python3.12/site-packages/airflow/example_dags/example_short_circuit_operator.py
[2025-01-25T16:31:54.186+0000] {processor.py:925} INFO - DAG(s) 'example_short_circuit_operator' retrieved from /home/airflow/.local/lib/python3.12/site-packages/airflow/example_dags/example_short_circuit_operator.py
[2025-01-25T16:31:54.213+0000] {logging_mixin.py:190} INFO - [2025-01-25T16:31:54.213+0000] {dag.py:3239} INFO - Sync 1 DAGs
[2025-01-25T16:31:54.230+0000] {logging_mixin.py:190} INFO - [2025-01-25T16:31:54.230+0000] {dag.py:4180} INFO - Setting next_dagrun for example_short_circuit_operator to None, run_after=None
[2025-01-25T16:31:54.282+0000] {processor.py:208} INFO - Processing /home/airflow/.local/lib/python3.12/site-packages/airflow/example_dags/example_short_circuit_operator.py took 0.130 seconds
[2025-01-25T16:32:26.415+0000] {processor.py:186} INFO - Started process (PID=488) to work on /home/airflow/.local/lib/python3.12/site-packages/airflow/example_dags/example_short_circuit_operator.py
[2025-01-25T16:32:26.416+0000] {processor.py:914} INFO - Processing file /home/airflow/.local/lib/python3.12/site-packages/airflow/example_dags/example_short_circuit_operator.py for tasks to queue
[2025-01-25T16:32:26.418+0000] {logging_mixin.py:190} INFO - [2025-01-25T16:32:26.417+0000] {dagbag.py:588} INFO - Filling up the DagBag from /home/airflow/.local/lib/python3.12/site-packages/airflow/example_dags/example_short_circuit_operator.py
[2025-01-25T16:32:26.424+0000] {processor.py:925} INFO - DAG(s) 'example_short_circuit_operator' retrieved from /home/airflow/.local/lib/python3.12/site-packages/airflow/example_dags/example_short_circuit_operator.py
[2025-01-25T16:32:26.443+0000] {logging_mixin.py:190} INFO - [2025-01-25T16:32:26.443+0000] {dag.py:3239} INFO - Sync 1 DAGs
[2025-01-25T16:32:26.455+0000] {logging_mixin.py:190} INFO - [2025-01-25T16:32:26.455+0000] {dag.py:4180} INFO - Setting next_dagrun for example_short_circuit_operator to None, run_after=None
[2025-01-25T16:32:26.592+0000] {processor.py:208} INFO - Processing /home/airflow/.local/lib/python3.12/site-packages/airflow/example_dags/example_short_circuit_operator.py took 0.182 seconds
[2025-01-25T16:32:57.313+0000] {processor.py:186} INFO - Started process (PID=551) to work on /home/airflow/.local/lib/python3.12/site-packages/airflow/example_dags/example_short_circuit_operator.py
[2025-01-25T16:32:57.314+0000] {processor.py:914} INFO - Processing file /home/airflow/.local/lib/python3.12/site-packages/airflow/example_dags/example_short_circuit_operator.py for tasks to queue
[2025-01-25T16:32:57.317+0000] {logging_mixin.py:190} INFO - [2025-01-25T16:32:57.316+0000] {dagbag.py:588} INFO - Filling up the DagBag from /home/airflow/.local/lib/python3.12/site-packages/airflow/example_dags/example_short_circuit_operator.py
[2025-01-25T16:32:57.325+0000] {processor.py:925} INFO - DAG(s) 'example_short_circuit_operator' retrieved from /home/airflow/.local/lib/python3.12/site-packages/airflow/example_dags/example_short_circuit_operator.py
[2025-01-25T16:32:57.345+0000] {logging_mixin.py:190} INFO - [2025-01-25T16:32:57.345+0000] {dag.py:3239} INFO - Sync 1 DAGs
[2025-01-25T16:32:57.357+0000] {logging_mixin.py:190} INFO - [2025-01-25T16:32:57.357+0000] {dag.py:4180} INFO - Setting next_dagrun for example_short_circuit_operator to None, run_after=None
[2025-01-25T16:32:57.872+0000] {processor.py:208} INFO - Processing /home/airflow/.local/lib/python3.12/site-packages/airflow/example_dags/example_short_circuit_operator.py took 0.565 seconds
[2025-01-25T16:33:28.508+0000] {processor.py:186} INFO - Started process (PID=614) to work on /home/airflow/.local/lib/python3.12/site-packages/airflow/example_dags/example_short_circuit_operator.py
[2025-01-25T16:33:28.509+0000] {processor.py:914} INFO - Processing file /home/airflow/.local/lib/python3.12/site-packages/airflow/example_dags/example_short_circuit_operator.py for tasks to queue
[2025-01-25T16:33:28.511+0000] {logging_mixin.py:190} INFO - [2025-01-25T16:33:28.511+0000] {dagbag.py:588} INFO - Filling up the DagBag from /home/airflow/.local/lib/python3.12/site-packages/airflow/example_dags/example_short_circuit_operator.py
[2025-01-25T16:33:28.519+0000] {processor.py:925} INFO - DAG(s) 'example_short_circuit_operator' retrieved from /home/airflow/.local/lib/python3.12/site-packages/airflow/example_dags/example_short_circuit_operator.py
[2025-01-25T16:33:28.540+0000] {logging_mixin.py:190} INFO - [2025-01-25T16:33:28.539+0000] {dag.py:3239} INFO - Sync 1 DAGs
[2025-01-25T16:33:28.552+0000] {logging_mixin.py:190} INFO - [2025-01-25T16:33:28.552+0000] {dag.py:4180} INFO - Setting next_dagrun for example_short_circuit_operator to None, run_after=None
[2025-01-25T16:33:29.007+0000] {processor.py:208} INFO - Processing /home/airflow/.local/lib/python3.12/site-packages/airflow/example_dags/example_short_circuit_operator.py took 0.504 seconds
[2025-01-25T16:33:59.318+0000] {processor.py:186} INFO - Started process (PID=677) to work on /home/airflow/.local/lib/python3.12/site-packages/airflow/example_dags/example_short_circuit_operator.py
[2025-01-25T16:33:59.319+0000] {processor.py:914} INFO - Processing file /home/airflow/.local/lib/python3.12/site-packages/airflow/example_dags/example_short_circuit_operator.py for tasks to queue
[2025-01-25T16:33:59.321+0000] {logging_mixin.py:190} INFO - [2025-01-25T16:33:59.321+0000] {dagbag.py:588} INFO - Filling up the DagBag from /home/airflow/.local/lib/python3.12/site-packages/airflow/example_dags/example_short_circuit_operator.py
[2025-01-25T16:33:59.328+0000] {processor.py:925} INFO - DAG(s) 'example_short_circuit_operator' retrieved from /home/airflow/.local/lib/python3.12/site-packages/airflow/example_dags/example_short_circuit_operator.py
[2025-01-25T16:33:59.352+0000] {logging_mixin.py:190} INFO - [2025-01-25T16:33:59.352+0000] {dag.py:3239} INFO - Sync 1 DAGs
[2025-01-25T16:33:59.365+0000] {logging_mixin.py:190} INFO - [2025-01-25T16:33:59.364+0000] {dag.py:4180} INFO - Setting next_dagrun for example_short_circuit_operator to None, run_after=None
[2025-01-25T16:33:59.472+0000] {processor.py:208} INFO - Processing /home/airflow/.local/lib/python3.12/site-packages/airflow/example_dags/example_short_circuit_operator.py took 0.159 seconds
[2025-01-25T16:34:29.816+0000] {processor.py:186} INFO - Started process (PID=740) to work on /home/airflow/.local/lib/python3.12/site-packages/airflow/example_dags/example_short_circuit_operator.py
[2025-01-25T16:34:29.817+0000] {processor.py:914} INFO - Processing file /home/airflow/.local/lib/python3.12/site-packages/airflow/example_dags/example_short_circuit_operator.py for tasks to queue
[2025-01-25T16:34:29.819+0000] {logging_mixin.py:190} INFO - [2025-01-25T16:34:29.819+0000] {dagbag.py:588} INFO - Filling up the DagBag from /home/airflow/.local/lib/python3.12/site-packages/airflow/example_dags/example_short_circuit_operator.py
[2025-01-25T16:34:29.826+0000] {processor.py:925} INFO - DAG(s) 'example_short_circuit_operator' retrieved from /home/airflow/.local/lib/python3.12/site-packages/airflow/example_dags/example_short_circuit_operator.py
[2025-01-25T16:34:29.847+0000] {logging_mixin.py:190} INFO - [2025-01-25T16:34:29.847+0000] {dag.py:3239} INFO - Sync 1 DAGs
[2025-01-25T16:34:29.861+0000] {logging_mixin.py:190} INFO - [2025-01-25T16:34:29.861+0000] {dag.py:4180} INFO - Setting next_dagrun for example_short_circuit_operator to None, run_after=None
[2025-01-25T16:34:29.883+0000] {processor.py:208} INFO - Processing /home/airflow/.local/lib/python3.12/site-packages/airflow/example_dags/example_short_circuit_operator.py took 0.072 seconds
[2025-01-25T16:35:00.500+0000] {processor.py:186} INFO - Started process (PID=803) to work on /home/airflow/.local/lib/python3.12/site-packages/airflow/example_dags/example_short_circuit_operator.py
[2025-01-25T16:35:00.501+0000] {processor.py:914} INFO - Processing file /home/airflow/.local/lib/python3.12/site-packages/airflow/example_dags/example_short_circuit_operator.py for tasks to queue
[2025-01-25T16:35:00.503+0000] {logging_mixin.py:190} INFO - [2025-01-25T16:35:00.503+0000] {dagbag.py:588} INFO - Filling up the DagBag from /home/airflow/.local/lib/python3.12/site-packages/airflow/example_dags/example_short_circuit_operator.py
[2025-01-25T16:35:00.511+0000] {processor.py:925} INFO - DAG(s) 'example_short_circuit_operator' retrieved from /home/airflow/.local/lib/python3.12/site-packages/airflow/example_dags/example_short_circuit_operator.py
[2025-01-25T16:35:00.533+0000] {logging_mixin.py:190} INFO - [2025-01-25T16:35:00.533+0000] {dag.py:3239} INFO - Sync 1 DAGs
[2025-01-25T16:35:00.546+0000] {logging_mixin.py:190} INFO - [2025-01-25T16:35:00.546+0000] {dag.py:4180} INFO - Setting next_dagrun for example_short_circuit_operator to None, run_after=None
[2025-01-25T16:35:00.669+0000] {processor.py:208} INFO - Processing /home/airflow/.local/lib/python3.12/site-packages/airflow/example_dags/example_short_circuit_operator.py took 0.174 seconds
[2025-01-25T16:35:31.447+0000] {processor.py:186} INFO - Started process (PID=866) to work on /home/airflow/.local/lib/python3.12/site-packages/airflow/example_dags/example_short_circuit_operator.py
[2025-01-25T16:35:31.448+0000] {processor.py:914} INFO - Processing file /home/airflow/.local/lib/python3.12/site-packages/airflow/example_dags/example_short_circuit_operator.py for tasks to queue
[2025-01-25T16:35:31.450+0000] {logging_mixin.py:190} INFO - [2025-01-25T16:35:31.450+0000] {dagbag.py:588} INFO - Filling up the DagBag from /home/airflow/.local/lib/python3.12/site-packages/airflow/example_dags/example_short_circuit_operator.py
[2025-01-25T16:35:31.457+0000] {processor.py:925} INFO - DAG(s) 'example_short_circuit_operator' retrieved from /home/airflow/.local/lib/python3.12/site-packages/airflow/example_dags/example_short_circuit_operator.py
[2025-01-25T16:35:31.480+0000] {logging_mixin.py:190} INFO - [2025-01-25T16:35:31.479+0000] {dag.py:3239} INFO - Sync 1 DAGs
[2025-01-25T16:35:31.493+0000] {logging_mixin.py:190} INFO - [2025-01-25T16:35:31.493+0000] {dag.py:4180} INFO - Setting next_dagrun for example_short_circuit_operator to None, run_after=None
[2025-01-25T16:35:31.609+0000] {processor.py:208} INFO - Processing /home/airflow/.local/lib/python3.12/site-packages/airflow/example_dags/example_short_circuit_operator.py took 0.166 seconds
[2025-01-25T16:36:02.585+0000] {processor.py:186} INFO - Started process (PID=929) to work on /home/airflow/.local/lib/python3.12/site-packages/airflow/example_dags/example_short_circuit_operator.py
[2025-01-25T16:36:02.586+0000] {processor.py:914} INFO - Processing file /home/airflow/.local/lib/python3.12/site-packages/airflow/example_dags/example_short_circuit_operator.py for tasks to queue
[2025-01-25T16:36:02.588+0000] {logging_mixin.py:190} INFO - [2025-01-25T16:36:02.588+0000] {dagbag.py:588} INFO - Filling up the DagBag from /home/airflow/.local/lib/python3.12/site-packages/airflow/example_dags/example_short_circuit_operator.py
[2025-01-25T16:36:02.595+0000] {processor.py:925} INFO - DAG(s) 'example_short_circuit_operator' retrieved from /home/airflow/.local/lib/python3.12/site-packages/airflow/example_dags/example_short_circuit_operator.py
[2025-01-25T16:36:02.616+0000] {logging_mixin.py:190} INFO - [2025-01-25T16:36:02.615+0000] {dag.py:3239} INFO - Sync 1 DAGs
[2025-01-25T16:36:02.628+0000] {logging_mixin.py:190} INFO - [2025-01-25T16:36:02.628+0000] {dag.py:4180} INFO - Setting next_dagrun for example_short_circuit_operator to None, run_after=None
[2025-01-25T16:36:02.748+0000] {processor.py:208} INFO - Processing /home/airflow/.local/lib/python3.12/site-packages/airflow/example_dags/example_short_circuit_operator.py took 0.167 seconds
[2025-01-25T16:36:32.905+0000] {processor.py:186} INFO - Started process (PID=992) to work on /home/airflow/.local/lib/python3.12/site-packages/airflow/example_dags/example_short_circuit_operator.py
[2025-01-25T16:36:32.906+0000] {processor.py:914} INFO - Processing file /home/airflow/.local/lib/python3.12/site-packages/airflow/example_dags/example_short_circuit_operator.py for tasks to queue
[2025-01-25T16:36:32.909+0000] {logging_mixin.py:190} INFO - [2025-01-25T16:36:32.908+0000] {dagbag.py:588} INFO - Filling up the DagBag from /home/airflow/.local/lib/python3.12/site-packages/airflow/example_dags/example_short_circuit_operator.py
[2025-01-25T16:36:32.917+0000] {processor.py:925} INFO - DAG(s) 'example_short_circuit_operator' retrieved from /home/airflow/.local/lib/python3.12/site-packages/airflow/example_dags/example_short_circuit_operator.py
[2025-01-25T16:36:32.939+0000] {logging_mixin.py:190} INFO - [2025-01-25T16:36:32.939+0000] {dag.py:3239} INFO - Sync 1 DAGs
[2025-01-25T16:36:32.953+0000] {logging_mixin.py:190} INFO - [2025-01-25T16:36:32.953+0000] {dag.py:4180} INFO - Setting next_dagrun for example_short_circuit_operator to None, run_after=None
[2025-01-25T16:36:32.981+0000] {processor.py:208} INFO - Processing /home/airflow/.local/lib/python3.12/site-packages/airflow/example_dags/example_short_circuit_operator.py took 0.081 seconds
[2025-01-25T16:37:03.051+0000] {processor.py:186} INFO - Started process (PID=1055) to work on /home/airflow/.local/lib/python3.12/site-packages/airflow/example_dags/example_short_circuit_operator.py
[2025-01-25T16:37:03.052+0000] {processor.py:914} INFO - Processing file /home/airflow/.local/lib/python3.12/site-packages/airflow/example_dags/example_short_circuit_operator.py for tasks to queue
[2025-01-25T16:37:03.054+0000] {logging_mixin.py:190} INFO - [2025-01-25T16:37:03.054+0000] {dagbag.py:588} INFO - Filling up the DagBag from /home/airflow/.local/lib/python3.12/site-packages/airflow/example_dags/example_short_circuit_operator.py
[2025-01-25T16:37:03.062+0000] {processor.py:925} INFO - DAG(s) 'example_short_circuit_operator' retrieved from /home/airflow/.local/lib/python3.12/site-packages/airflow/example_dags/example_short_circuit_operator.py
[2025-01-25T16:37:03.082+0000] {logging_mixin.py:190} INFO - [2025-01-25T16:37:03.082+0000] {dag.py:3239} INFO - Sync 1 DAGs
[2025-01-25T16:37:03.095+0000] {logging_mixin.py:190} INFO - [2025-01-25T16:37:03.094+0000] {dag.py:4180} INFO - Setting next_dagrun for example_short_circuit_operator to None, run_after=None
[2025-01-25T16:37:03.312+0000] {processor.py:208} INFO - Processing /home/airflow/.local/lib/python3.12/site-packages/airflow/example_dags/example_short_circuit_operator.py took 0.266 seconds
[2025-01-25T16:37:33.484+0000] {processor.py:186} INFO - Started process (PID=1118) to work on /home/airflow/.local/lib/python3.12/site-packages/airflow/example_dags/example_short_circuit_operator.py
[2025-01-25T16:37:33.486+0000] {processor.py:914} INFO - Processing file /home/airflow/.local/lib/python3.12/site-packages/airflow/example_dags/example_short_circuit_operator.py for tasks to queue
[2025-01-25T16:37:33.489+0000] {logging_mixin.py:190} INFO - [2025-01-25T16:37:33.488+0000] {dagbag.py:588} INFO - Filling up the DagBag from /home/airflow/.local/lib/python3.12/site-packages/airflow/example_dags/example_short_circuit_operator.py
[2025-01-25T16:37:33.499+0000] {processor.py:925} INFO - DAG(s) 'example_short_circuit_operator' retrieved from /home/airflow/.local/lib/python3.12/site-packages/airflow/example_dags/example_short_circuit_operator.py
[2025-01-25T16:37:33.529+0000] {logging_mixin.py:190} INFO - [2025-01-25T16:37:33.529+0000] {dag.py:3239} INFO - Sync 1 DAGs
[2025-01-25T16:37:33.544+0000] {logging_mixin.py:190} INFO - [2025-01-25T16:37:33.544+0000] {dag.py:4180} INFO - Setting next_dagrun for example_short_circuit_operator to None, run_after=None
[2025-01-25T16:37:33.751+0000] {processor.py:208} INFO - Processing /home/airflow/.local/lib/python3.12/site-packages/airflow/example_dags/example_short_circuit_operator.py took 0.274 seconds
