[2025-01-25T16:28:58.863+0000] {processor.py:186} INFO - Started process (PID=81) to work on /home/airflow/.local/lib/python3.12/site-packages/airflow/example_dags/example_subdag_operator.py
[2025-01-25T16:28:58.863+0000] {processor.py:914} INFO - Processing file /home/airflow/.local/lib/python3.12/site-packages/airflow/example_dags/example_subdag_operator.py for tasks to queue
[2025-01-25T16:28:58.866+0000] {logging_mixin.py:190} INFO - [2025-01-25T16:28:58.866+0000] {dagbag.py:588} INFO - Filling up the DagBag from /home/airflow/.local/lib/python3.12/site-packages/airflow/example_dags/example_subdag_operator.py
[2025-01-25T16:28:58.893+0000] {processor.py:925} INFO - DAG(s) 'example_subdag_operator.section-1', 'example_subdag_operator.section-2', 'example_subdag_operator' retrieved from /home/airflow/.local/lib/python3.12/site-packages/airflow/example_dags/example_subdag_operator.py
[2025-01-25T16:28:59.012+0000] {logging_mixin.py:190} INFO - [2025-01-25T16:28:59.011+0000] {override.py:1911} INFO - Created Permission View: can delete on DAG:example_subdag_operator
[2025-01-25T16:28:59.028+0000] {logging_mixin.py:190} INFO - [2025-01-25T16:28:59.027+0000] {override.py:1911} INFO - Created Permission View: can read on DAG:example_subdag_operator
[2025-01-25T16:28:59.042+0000] {logging_mixin.py:190} INFO - [2025-01-25T16:28:59.041+0000] {override.py:1911} INFO - Created Permission View: can edit on DAG:example_subdag_operator
[2025-01-25T16:28:59.058+0000] {logging_mixin.py:190} INFO - [2025-01-25T16:28:59.057+0000] {override.py:1911} INFO - Created Permission View: can delete on DAG Run:example_subdag_operator
[2025-01-25T16:28:59.072+0000] {logging_mixin.py:190} INFO - [2025-01-25T16:28:59.072+0000] {override.py:1911} INFO - Created Permission View: can create on DAG Run:example_subdag_operator
[2025-01-25T16:28:59.086+0000] {logging_mixin.py:190} INFO - [2025-01-25T16:28:59.086+0000] {override.py:1911} INFO - Created Permission View: menu access on DAG Run:example_subdag_operator
[2025-01-25T16:28:59.099+0000] {logging_mixin.py:190} INFO - [2025-01-25T16:28:59.098+0000] {override.py:1911} INFO - Created Permission View: can read on DAG Run:example_subdag_operator
[2025-01-25T16:28:59.100+0000] {logging_mixin.py:190} INFO - [2025-01-25T16:28:59.099+0000] {dag.py:3239} INFO - Sync 3 DAGs
[2025-01-25T16:28:59.119+0000] {logging_mixin.py:190} INFO - [2025-01-25T16:28:59.119+0000] {dag.py:3262} INFO - Creating ORM DAG for example_subdag_operator
[2025-01-25T16:28:59.120+0000] {logging_mixin.py:190} INFO - [2025-01-25T16:28:59.120+0000] {dag.py:3262} INFO - Creating ORM DAG for example_subdag_operator.section-1
[2025-01-25T16:28:59.121+0000] {logging_mixin.py:190} INFO - [2025-01-25T16:28:59.121+0000] {dag.py:3262} INFO - Creating ORM DAG for example_subdag_operator.section-2
[2025-01-25T16:28:59.130+0000] {logging_mixin.py:190} INFO - [2025-01-25T16:28:59.129+0000] {dag.py:4180} INFO - Setting next_dagrun for example_subdag_operator to 2022-01-01 00:00:00+00:00, run_after=2022-01-01 00:00:00+00:00
[2025-01-25T16:28:59.131+0000] {logging_mixin.py:190} INFO - [2025-01-25T16:28:59.130+0000] {dag.py:4180} INFO - Setting next_dagrun for example_subdag_operator.section-1 to None, run_after=None
[2025-01-25T16:28:59.131+0000] {logging_mixin.py:190} INFO - [2025-01-25T16:28:59.131+0000] {dag.py:4180} INFO - Setting next_dagrun for example_subdag_operator.section-2 to None, run_after=None
[2025-01-25T16:28:59.141+0000] {logging_mixin.py:190} INFO - [2025-01-25T16:28:59.141+0000] {dag.py:3239} INFO - Sync 2 DAGs
[2025-01-25T16:28:59.149+0000] {logging_mixin.py:190} INFO - [2025-01-25T16:28:59.148+0000] {dag.py:4180} INFO - Setting next_dagrun for example_subdag_operator.section-1 to None, run_after=None
[2025-01-25T16:28:59.165+0000] {logging_mixin.py:190} INFO - [2025-01-25T16:28:59.164+0000] {dag.py:4180} INFO - Setting next_dagrun for example_subdag_operator.section-2 to None, run_after=None
[2025-01-25T16:28:59.186+0000] {processor.py:208} INFO - Processing /home/airflow/.local/lib/python3.12/site-packages/airflow/example_dags/example_subdag_operator.py took 0.329 seconds
[2025-01-25T16:29:29.768+0000] {processor.py:186} INFO - Started process (PID=144) to work on /home/airflow/.local/lib/python3.12/site-packages/airflow/example_dags/example_subdag_operator.py
[2025-01-25T16:29:29.770+0000] {processor.py:914} INFO - Processing file /home/airflow/.local/lib/python3.12/site-packages/airflow/example_dags/example_subdag_operator.py for tasks to queue
[2025-01-25T16:29:29.772+0000] {logging_mixin.py:190} INFO - [2025-01-25T16:29:29.772+0000] {dagbag.py:588} INFO - Filling up the DagBag from /home/airflow/.local/lib/python3.12/site-packages/airflow/example_dags/example_subdag_operator.py
[2025-01-25T16:29:29.797+0000] {processor.py:925} INFO - DAG(s) 'example_subdag_operator.section-1', 'example_subdag_operator.section-2', 'example_subdag_operator' retrieved from /home/airflow/.local/lib/python3.12/site-packages/airflow/example_dags/example_subdag_operator.py
[2025-01-25T16:29:29.817+0000] {logging_mixin.py:190} INFO - [2025-01-25T16:29:29.816+0000] {dag.py:3239} INFO - Sync 3 DAGs
[2025-01-25T16:29:29.848+0000] {logging_mixin.py:190} INFO - [2025-01-25T16:29:29.848+0000] {dag.py:4180} INFO - Setting next_dagrun for example_subdag_operator to 2022-01-01 00:00:00+00:00, run_after=2022-01-01 00:00:00+00:00
[2025-01-25T16:29:29.854+0000] {logging_mixin.py:190} INFO - [2025-01-25T16:29:29.854+0000] {dag.py:4180} INFO - Setting next_dagrun for example_subdag_operator.section-1 to None, run_after=None
[2025-01-25T16:29:29.857+0000] {logging_mixin.py:190} INFO - [2025-01-25T16:29:29.857+0000] {dag.py:4180} INFO - Setting next_dagrun for example_subdag_operator.section-2 to None, run_after=None
[2025-01-25T16:29:29.866+0000] {logging_mixin.py:190} INFO - [2025-01-25T16:29:29.865+0000] {dag.py:3239} INFO - Sync 2 DAGs
[2025-01-25T16:29:29.875+0000] {logging_mixin.py:190} INFO - [2025-01-25T16:29:29.874+0000] {dag.py:4180} INFO - Setting next_dagrun for example_subdag_operator.section-1 to None, run_after=None
[2025-01-25T16:29:29.876+0000] {logging_mixin.py:190} INFO - [2025-01-25T16:29:29.875+0000] {dag.py:4180} INFO - Setting next_dagrun for example_subdag_operator.section-2 to None, run_after=None
[2025-01-25T16:29:29.894+0000] {processor.py:208} INFO - Processing /home/airflow/.local/lib/python3.12/site-packages/airflow/example_dags/example_subdag_operator.py took 0.132 seconds
[2025-01-25T16:30:01.036+0000] {processor.py:186} INFO - Started process (PID=207) to work on /home/airflow/.local/lib/python3.12/site-packages/airflow/example_dags/example_subdag_operator.py
[2025-01-25T16:30:01.036+0000] {processor.py:914} INFO - Processing file /home/airflow/.local/lib/python3.12/site-packages/airflow/example_dags/example_subdag_operator.py for tasks to queue
[2025-01-25T16:30:01.039+0000] {logging_mixin.py:190} INFO - [2025-01-25T16:30:01.039+0000] {dagbag.py:588} INFO - Filling up the DagBag from /home/airflow/.local/lib/python3.12/site-packages/airflow/example_dags/example_subdag_operator.py
[2025-01-25T16:30:01.067+0000] {processor.py:925} INFO - DAG(s) 'example_subdag_operator.section-1', 'example_subdag_operator.section-2', 'example_subdag_operator' retrieved from /home/airflow/.local/lib/python3.12/site-packages/airflow/example_dags/example_subdag_operator.py
[2025-01-25T16:30:01.085+0000] {logging_mixin.py:190} INFO - [2025-01-25T16:30:01.085+0000] {dag.py:3239} INFO - Sync 3 DAGs
[2025-01-25T16:30:01.108+0000] {logging_mixin.py:190} INFO - [2025-01-25T16:30:01.107+0000] {dag.py:4180} INFO - Setting next_dagrun for example_subdag_operator to 2022-01-01 00:00:00+00:00, run_after=2022-01-01 00:00:00+00:00
[2025-01-25T16:30:01.112+0000] {logging_mixin.py:190} INFO - [2025-01-25T16:30:01.112+0000] {dag.py:4180} INFO - Setting next_dagrun for example_subdag_operator.section-1 to None, run_after=None
[2025-01-25T16:30:01.114+0000] {logging_mixin.py:190} INFO - [2025-01-25T16:30:01.114+0000] {dag.py:4180} INFO - Setting next_dagrun for example_subdag_operator.section-2 to None, run_after=None
[2025-01-25T16:30:01.124+0000] {logging_mixin.py:190} INFO - [2025-01-25T16:30:01.124+0000] {dag.py:3239} INFO - Sync 2 DAGs
[2025-01-25T16:30:01.133+0000] {logging_mixin.py:190} INFO - [2025-01-25T16:30:01.133+0000] {dag.py:4180} INFO - Setting next_dagrun for example_subdag_operator.section-1 to None, run_after=None
[2025-01-25T16:30:01.134+0000] {logging_mixin.py:190} INFO - [2025-01-25T16:30:01.134+0000] {dag.py:4180} INFO - Setting next_dagrun for example_subdag_operator.section-2 to None, run_after=None
[2025-01-25T16:30:01.701+0000] {processor.py:208} INFO - Processing /home/airflow/.local/lib/python3.12/site-packages/airflow/example_dags/example_subdag_operator.py took 0.670 seconds
[2025-01-25T16:30:36.168+0000] {processor.py:186} INFO - Started process (PID=270) to work on /home/airflow/.local/lib/python3.12/site-packages/airflow/example_dags/example_subdag_operator.py
[2025-01-25T16:30:36.169+0000] {processor.py:914} INFO - Processing file /home/airflow/.local/lib/python3.12/site-packages/airflow/example_dags/example_subdag_operator.py for tasks to queue
[2025-01-25T16:30:36.171+0000] {logging_mixin.py:190} INFO - [2025-01-25T16:30:36.171+0000] {dagbag.py:588} INFO - Filling up the DagBag from /home/airflow/.local/lib/python3.12/site-packages/airflow/example_dags/example_subdag_operator.py
[2025-01-25T16:30:36.198+0000] {processor.py:925} INFO - DAG(s) 'example_subdag_operator.section-1', 'example_subdag_operator.section-2', 'example_subdag_operator' retrieved from /home/airflow/.local/lib/python3.12/site-packages/airflow/example_dags/example_subdag_operator.py
[2025-01-25T16:30:36.213+0000] {logging_mixin.py:190} INFO - [2025-01-25T16:30:36.213+0000] {dag.py:3239} INFO - Sync 3 DAGs
[2025-01-25T16:30:36.235+0000] {logging_mixin.py:190} INFO - [2025-01-25T16:30:36.235+0000] {dag.py:4180} INFO - Setting next_dagrun for example_subdag_operator to 2022-01-01 00:00:00+00:00, run_after=2022-01-01 00:00:00+00:00
[2025-01-25T16:30:36.240+0000] {logging_mixin.py:190} INFO - [2025-01-25T16:30:36.239+0000] {dag.py:4180} INFO - Setting next_dagrun for example_subdag_operator.section-1 to None, run_after=None
[2025-01-25T16:30:36.242+0000] {logging_mixin.py:190} INFO - [2025-01-25T16:30:36.241+0000] {dag.py:4180} INFO - Setting next_dagrun for example_subdag_operator.section-2 to None, run_after=None
[2025-01-25T16:30:36.250+0000] {logging_mixin.py:190} INFO - [2025-01-25T16:30:36.250+0000] {dag.py:3239} INFO - Sync 2 DAGs
[2025-01-25T16:30:36.258+0000] {logging_mixin.py:190} INFO - [2025-01-25T16:30:36.258+0000] {dag.py:4180} INFO - Setting next_dagrun for example_subdag_operator.section-1 to None, run_after=None
[2025-01-25T16:30:36.259+0000] {logging_mixin.py:190} INFO - [2025-01-25T16:30:36.259+0000] {dag.py:4180} INFO - Setting next_dagrun for example_subdag_operator.section-2 to None, run_after=None
[2025-01-25T16:30:36.971+0000] {processor.py:208} INFO - Processing /home/airflow/.local/lib/python3.12/site-packages/airflow/example_dags/example_subdag_operator.py took 0.808 seconds
[2025-01-25T16:31:07.280+0000] {processor.py:186} INFO - Started process (PID=333) to work on /home/airflow/.local/lib/python3.12/site-packages/airflow/example_dags/example_subdag_operator.py
[2025-01-25T16:31:07.281+0000] {processor.py:914} INFO - Processing file /home/airflow/.local/lib/python3.12/site-packages/airflow/example_dags/example_subdag_operator.py for tasks to queue
[2025-01-25T16:31:07.284+0000] {logging_mixin.py:190} INFO - [2025-01-25T16:31:07.283+0000] {dagbag.py:588} INFO - Filling up the DagBag from /home/airflow/.local/lib/python3.12/site-packages/airflow/example_dags/example_subdag_operator.py
[2025-01-25T16:31:07.315+0000] {processor.py:925} INFO - DAG(s) 'example_subdag_operator.section-1', 'example_subdag_operator.section-2', 'example_subdag_operator' retrieved from /home/airflow/.local/lib/python3.12/site-packages/airflow/example_dags/example_subdag_operator.py
[2025-01-25T16:31:07.332+0000] {logging_mixin.py:190} INFO - [2025-01-25T16:31:07.332+0000] {dag.py:3239} INFO - Sync 3 DAGs
[2025-01-25T16:31:07.358+0000] {logging_mixin.py:190} INFO - [2025-01-25T16:31:07.357+0000] {dag.py:4180} INFO - Setting next_dagrun for example_subdag_operator to 2022-01-01 00:00:00+00:00, run_after=2022-01-01 00:00:00+00:00
[2025-01-25T16:31:07.362+0000] {logging_mixin.py:190} INFO - [2025-01-25T16:31:07.362+0000] {dag.py:4180} INFO - Setting next_dagrun for example_subdag_operator.section-1 to None, run_after=None
[2025-01-25T16:31:07.365+0000] {logging_mixin.py:190} INFO - [2025-01-25T16:31:07.365+0000] {dag.py:4180} INFO - Setting next_dagrun for example_subdag_operator.section-2 to None, run_after=None
[2025-01-25T16:31:07.374+0000] {logging_mixin.py:190} INFO - [2025-01-25T16:31:07.374+0000] {dag.py:3239} INFO - Sync 2 DAGs
[2025-01-25T16:31:07.382+0000] {logging_mixin.py:190} INFO - [2025-01-25T16:31:07.382+0000] {dag.py:4180} INFO - Setting next_dagrun for example_subdag_operator.section-1 to None, run_after=None
[2025-01-25T16:31:07.383+0000] {logging_mixin.py:190} INFO - [2025-01-25T16:31:07.383+0000] {dag.py:4180} INFO - Setting next_dagrun for example_subdag_operator.section-2 to None, run_after=None
[2025-01-25T16:31:07.401+0000] {processor.py:208} INFO - Processing /home/airflow/.local/lib/python3.12/site-packages/airflow/example_dags/example_subdag_operator.py took 0.127 seconds
[2025-01-25T16:31:37.642+0000] {processor.py:186} INFO - Started process (PID=397) to work on /home/airflow/.local/lib/python3.12/site-packages/airflow/example_dags/example_subdag_operator.py
[2025-01-25T16:31:37.643+0000] {processor.py:914} INFO - Processing file /home/airflow/.local/lib/python3.12/site-packages/airflow/example_dags/example_subdag_operator.py for tasks to queue
[2025-01-25T16:31:37.645+0000] {logging_mixin.py:190} INFO - [2025-01-25T16:31:37.645+0000] {dagbag.py:588} INFO - Filling up the DagBag from /home/airflow/.local/lib/python3.12/site-packages/airflow/example_dags/example_subdag_operator.py
[2025-01-25T16:31:37.670+0000] {processor.py:925} INFO - DAG(s) 'example_subdag_operator.section-1', 'example_subdag_operator.section-2', 'example_subdag_operator' retrieved from /home/airflow/.local/lib/python3.12/site-packages/airflow/example_dags/example_subdag_operator.py
[2025-01-25T16:31:37.685+0000] {logging_mixin.py:190} INFO - [2025-01-25T16:31:37.685+0000] {dag.py:3239} INFO - Sync 3 DAGs
[2025-01-25T16:31:37.717+0000] {logging_mixin.py:190} INFO - [2025-01-25T16:31:37.717+0000] {dag.py:4180} INFO - Setting next_dagrun for example_subdag_operator to 2022-01-01 00:00:00+00:00, run_after=2022-01-01 00:00:00+00:00
[2025-01-25T16:31:37.722+0000] {logging_mixin.py:190} INFO - [2025-01-25T16:31:37.722+0000] {dag.py:4180} INFO - Setting next_dagrun for example_subdag_operator.section-1 to None, run_after=None
[2025-01-25T16:31:37.724+0000] {logging_mixin.py:190} INFO - [2025-01-25T16:31:37.724+0000] {dag.py:4180} INFO - Setting next_dagrun for example_subdag_operator.section-2 to None, run_after=None
[2025-01-25T16:31:37.732+0000] {logging_mixin.py:190} INFO - [2025-01-25T16:31:37.732+0000] {dag.py:3239} INFO - Sync 2 DAGs
[2025-01-25T16:31:37.739+0000] {logging_mixin.py:190} INFO - [2025-01-25T16:31:37.738+0000] {dag.py:4180} INFO - Setting next_dagrun for example_subdag_operator.section-1 to None, run_after=None
[2025-01-25T16:31:37.739+0000] {logging_mixin.py:190} INFO - [2025-01-25T16:31:37.739+0000] {dag.py:4180} INFO - Setting next_dagrun for example_subdag_operator.section-2 to None, run_after=None
[2025-01-25T16:31:37.753+0000] {processor.py:208} INFO - Processing /home/airflow/.local/lib/python3.12/site-packages/airflow/example_dags/example_subdag_operator.py took 0.116 seconds
[2025-01-25T16:32:08.199+0000] {processor.py:186} INFO - Started process (PID=460) to work on /home/airflow/.local/lib/python3.12/site-packages/airflow/example_dags/example_subdag_operator.py
[2025-01-25T16:32:08.200+0000] {processor.py:914} INFO - Processing file /home/airflow/.local/lib/python3.12/site-packages/airflow/example_dags/example_subdag_operator.py for tasks to queue
[2025-01-25T16:32:08.202+0000] {logging_mixin.py:190} INFO - [2025-01-25T16:32:08.202+0000] {dagbag.py:588} INFO - Filling up the DagBag from /home/airflow/.local/lib/python3.12/site-packages/airflow/example_dags/example_subdag_operator.py
[2025-01-25T16:32:08.225+0000] {processor.py:925} INFO - DAG(s) 'example_subdag_operator.section-1', 'example_subdag_operator.section-2', 'example_subdag_operator' retrieved from /home/airflow/.local/lib/python3.12/site-packages/airflow/example_dags/example_subdag_operator.py
[2025-01-25T16:32:08.238+0000] {logging_mixin.py:190} INFO - [2025-01-25T16:32:08.238+0000] {dag.py:3239} INFO - Sync 3 DAGs
[2025-01-25T16:32:08.259+0000] {logging_mixin.py:190} INFO - [2025-01-25T16:32:08.258+0000] {dag.py:4180} INFO - Setting next_dagrun for example_subdag_operator to 2022-01-01 00:00:00+00:00, run_after=2022-01-01 00:00:00+00:00
[2025-01-25T16:32:08.262+0000] {logging_mixin.py:190} INFO - [2025-01-25T16:32:08.262+0000] {dag.py:4180} INFO - Setting next_dagrun for example_subdag_operator.section-1 to None, run_after=None
[2025-01-25T16:32:08.264+0000] {logging_mixin.py:190} INFO - [2025-01-25T16:32:08.264+0000] {dag.py:4180} INFO - Setting next_dagrun for example_subdag_operator.section-2 to None, run_after=None
[2025-01-25T16:32:08.271+0000] {logging_mixin.py:190} INFO - [2025-01-25T16:32:08.271+0000] {dag.py:3239} INFO - Sync 2 DAGs
[2025-01-25T16:32:08.278+0000] {logging_mixin.py:190} INFO - [2025-01-25T16:32:08.278+0000] {dag.py:4180} INFO - Setting next_dagrun for example_subdag_operator.section-1 to None, run_after=None
[2025-01-25T16:32:08.278+0000] {logging_mixin.py:190} INFO - [2025-01-25T16:32:08.278+0000] {dag.py:4180} INFO - Setting next_dagrun for example_subdag_operator.section-2 to None, run_after=None
[2025-01-25T16:32:08.320+0000] {processor.py:208} INFO - Processing /home/airflow/.local/lib/python3.12/site-packages/airflow/example_dags/example_subdag_operator.py took 0.125 seconds
[2025-01-25T16:32:38.666+0000] {processor.py:186} INFO - Started process (PID=523) to work on /home/airflow/.local/lib/python3.12/site-packages/airflow/example_dags/example_subdag_operator.py
[2025-01-25T16:32:38.667+0000] {processor.py:914} INFO - Processing file /home/airflow/.local/lib/python3.12/site-packages/airflow/example_dags/example_subdag_operator.py for tasks to queue
[2025-01-25T16:32:38.669+0000] {logging_mixin.py:190} INFO - [2025-01-25T16:32:38.669+0000] {dagbag.py:588} INFO - Filling up the DagBag from /home/airflow/.local/lib/python3.12/site-packages/airflow/example_dags/example_subdag_operator.py
[2025-01-25T16:32:38.691+0000] {processor.py:925} INFO - DAG(s) 'example_subdag_operator.section-1', 'example_subdag_operator.section-2', 'example_subdag_operator' retrieved from /home/airflow/.local/lib/python3.12/site-packages/airflow/example_dags/example_subdag_operator.py
[2025-01-25T16:32:38.704+0000] {logging_mixin.py:190} INFO - [2025-01-25T16:32:38.704+0000] {dag.py:3239} INFO - Sync 3 DAGs
[2025-01-25T16:32:38.724+0000] {logging_mixin.py:190} INFO - [2025-01-25T16:32:38.724+0000] {dag.py:4180} INFO - Setting next_dagrun for example_subdag_operator to 2022-01-01 00:00:00+00:00, run_after=2022-01-01 00:00:00+00:00
[2025-01-25T16:32:38.727+0000] {logging_mixin.py:190} INFO - [2025-01-25T16:32:38.727+0000] {dag.py:4180} INFO - Setting next_dagrun for example_subdag_operator.section-1 to None, run_after=None
[2025-01-25T16:32:38.729+0000] {logging_mixin.py:190} INFO - [2025-01-25T16:32:38.729+0000] {dag.py:4180} INFO - Setting next_dagrun for example_subdag_operator.section-2 to None, run_after=None
[2025-01-25T16:32:38.735+0000] {logging_mixin.py:190} INFO - [2025-01-25T16:32:38.735+0000] {dag.py:3239} INFO - Sync 2 DAGs
[2025-01-25T16:32:38.741+0000] {logging_mixin.py:190} INFO - [2025-01-25T16:32:38.741+0000] {dag.py:4180} INFO - Setting next_dagrun for example_subdag_operator.section-1 to None, run_after=None
[2025-01-25T16:32:38.741+0000] {logging_mixin.py:190} INFO - [2025-01-25T16:32:38.741+0000] {dag.py:4180} INFO - Setting next_dagrun for example_subdag_operator.section-2 to None, run_after=None
[2025-01-25T16:32:38.811+0000] {processor.py:208} INFO - Processing /home/airflow/.local/lib/python3.12/site-packages/airflow/example_dags/example_subdag_operator.py took 0.149 seconds
[2025-01-25T16:33:09.855+0000] {processor.py:186} INFO - Started process (PID=586) to work on /home/airflow/.local/lib/python3.12/site-packages/airflow/example_dags/example_subdag_operator.py
[2025-01-25T16:33:09.857+0000] {processor.py:914} INFO - Processing file /home/airflow/.local/lib/python3.12/site-packages/airflow/example_dags/example_subdag_operator.py for tasks to queue
[2025-01-25T16:33:09.859+0000] {logging_mixin.py:190} INFO - [2025-01-25T16:33:09.859+0000] {dagbag.py:588} INFO - Filling up the DagBag from /home/airflow/.local/lib/python3.12/site-packages/airflow/example_dags/example_subdag_operator.py
[2025-01-25T16:33:09.881+0000] {processor.py:925} INFO - DAG(s) 'example_subdag_operator.section-1', 'example_subdag_operator.section-2', 'example_subdag_operator' retrieved from /home/airflow/.local/lib/python3.12/site-packages/airflow/example_dags/example_subdag_operator.py
[2025-01-25T16:33:09.895+0000] {logging_mixin.py:190} INFO - [2025-01-25T16:33:09.894+0000] {dag.py:3239} INFO - Sync 3 DAGs
[2025-01-25T16:33:09.916+0000] {logging_mixin.py:190} INFO - [2025-01-25T16:33:09.915+0000] {dag.py:4180} INFO - Setting next_dagrun for example_subdag_operator to 2022-01-01 00:00:00+00:00, run_after=2022-01-01 00:00:00+00:00
[2025-01-25T16:33:09.919+0000] {logging_mixin.py:190} INFO - [2025-01-25T16:33:09.919+0000] {dag.py:4180} INFO - Setting next_dagrun for example_subdag_operator.section-1 to None, run_after=None
[2025-01-25T16:33:09.922+0000] {logging_mixin.py:190} INFO - [2025-01-25T16:33:09.921+0000] {dag.py:4180} INFO - Setting next_dagrun for example_subdag_operator.section-2 to None, run_after=None
[2025-01-25T16:33:09.929+0000] {logging_mixin.py:190} INFO - [2025-01-25T16:33:09.928+0000] {dag.py:3239} INFO - Sync 2 DAGs
[2025-01-25T16:33:09.935+0000] {logging_mixin.py:190} INFO - [2025-01-25T16:33:09.934+0000] {dag.py:4180} INFO - Setting next_dagrun for example_subdag_operator.section-1 to None, run_after=None
[2025-01-25T16:33:09.935+0000] {logging_mixin.py:190} INFO - [2025-01-25T16:33:09.935+0000] {dag.py:4180} INFO - Setting next_dagrun for example_subdag_operator.section-2 to None, run_after=None
[2025-01-25T16:33:10.475+0000] {processor.py:208} INFO - Processing /home/airflow/.local/lib/python3.12/site-packages/airflow/example_dags/example_subdag_operator.py took 0.624 seconds
[2025-01-25T16:33:42.134+0000] {processor.py:186} INFO - Started process (PID=649) to work on /home/airflow/.local/lib/python3.12/site-packages/airflow/example_dags/example_subdag_operator.py
[2025-01-25T16:33:42.135+0000] {processor.py:914} INFO - Processing file /home/airflow/.local/lib/python3.12/site-packages/airflow/example_dags/example_subdag_operator.py for tasks to queue
[2025-01-25T16:33:42.137+0000] {logging_mixin.py:190} INFO - [2025-01-25T16:33:42.136+0000] {dagbag.py:588} INFO - Filling up the DagBag from /home/airflow/.local/lib/python3.12/site-packages/airflow/example_dags/example_subdag_operator.py
[2025-01-25T16:33:42.160+0000] {processor.py:925} INFO - DAG(s) 'example_subdag_operator.section-1', 'example_subdag_operator.section-2', 'example_subdag_operator' retrieved from /home/airflow/.local/lib/python3.12/site-packages/airflow/example_dags/example_subdag_operator.py
[2025-01-25T16:33:42.173+0000] {logging_mixin.py:190} INFO - [2025-01-25T16:33:42.173+0000] {dag.py:3239} INFO - Sync 3 DAGs
[2025-01-25T16:33:42.194+0000] {logging_mixin.py:190} INFO - [2025-01-25T16:33:42.194+0000] {dag.py:4180} INFO - Setting next_dagrun for example_subdag_operator to 2022-01-01 00:00:00+00:00, run_after=2022-01-01 00:00:00+00:00
[2025-01-25T16:33:42.198+0000] {logging_mixin.py:190} INFO - [2025-01-25T16:33:42.197+0000] {dag.py:4180} INFO - Setting next_dagrun for example_subdag_operator.section-1 to None, run_after=None
[2025-01-25T16:33:42.200+0000] {logging_mixin.py:190} INFO - [2025-01-25T16:33:42.199+0000] {dag.py:4180} INFO - Setting next_dagrun for example_subdag_operator.section-2 to None, run_after=None
[2025-01-25T16:33:42.206+0000] {logging_mixin.py:190} INFO - [2025-01-25T16:33:42.206+0000] {dag.py:3239} INFO - Sync 2 DAGs
[2025-01-25T16:33:42.212+0000] {logging_mixin.py:190} INFO - [2025-01-25T16:33:42.212+0000] {dag.py:4180} INFO - Setting next_dagrun for example_subdag_operator.section-1 to None, run_after=None
[2025-01-25T16:33:42.213+0000] {logging_mixin.py:190} INFO - [2025-01-25T16:33:42.213+0000] {dag.py:4180} INFO - Setting next_dagrun for example_subdag_operator.section-2 to None, run_after=None
[2025-01-25T16:33:42.683+0000] {processor.py:208} INFO - Processing /home/airflow/.local/lib/python3.12/site-packages/airflow/example_dags/example_subdag_operator.py took 0.554 seconds
[2025-01-25T16:34:13.087+0000] {processor.py:186} INFO - Started process (PID=712) to work on /home/airflow/.local/lib/python3.12/site-packages/airflow/example_dags/example_subdag_operator.py
[2025-01-25T16:34:13.088+0000] {processor.py:914} INFO - Processing file /home/airflow/.local/lib/python3.12/site-packages/airflow/example_dags/example_subdag_operator.py for tasks to queue
[2025-01-25T16:34:13.090+0000] {logging_mixin.py:190} INFO - [2025-01-25T16:34:13.090+0000] {dagbag.py:588} INFO - Filling up the DagBag from /home/airflow/.local/lib/python3.12/site-packages/airflow/example_dags/example_subdag_operator.py
[2025-01-25T16:34:13.114+0000] {processor.py:925} INFO - DAG(s) 'example_subdag_operator.section-1', 'example_subdag_operator.section-2', 'example_subdag_operator' retrieved from /home/airflow/.local/lib/python3.12/site-packages/airflow/example_dags/example_subdag_operator.py
[2025-01-25T16:34:13.128+0000] {logging_mixin.py:190} INFO - [2025-01-25T16:34:13.128+0000] {dag.py:3239} INFO - Sync 3 DAGs
[2025-01-25T16:34:13.149+0000] {logging_mixin.py:190} INFO - [2025-01-25T16:34:13.149+0000] {dag.py:4180} INFO - Setting next_dagrun for example_subdag_operator to 2022-01-01 00:00:00+00:00, run_after=2022-01-01 00:00:00+00:00
[2025-01-25T16:34:13.153+0000] {logging_mixin.py:190} INFO - [2025-01-25T16:34:13.152+0000] {dag.py:4180} INFO - Setting next_dagrun for example_subdag_operator.section-1 to None, run_after=None
[2025-01-25T16:34:13.154+0000] {logging_mixin.py:190} INFO - [2025-01-25T16:34:13.154+0000] {dag.py:4180} INFO - Setting next_dagrun for example_subdag_operator.section-2 to None, run_after=None
[2025-01-25T16:34:13.161+0000] {logging_mixin.py:190} INFO - [2025-01-25T16:34:13.161+0000] {dag.py:3239} INFO - Sync 2 DAGs
[2025-01-25T16:34:13.167+0000] {logging_mixin.py:190} INFO - [2025-01-25T16:34:13.167+0000] {dag.py:4180} INFO - Setting next_dagrun for example_subdag_operator.section-1 to None, run_after=None
[2025-01-25T16:34:13.168+0000] {logging_mixin.py:190} INFO - [2025-01-25T16:34:13.167+0000] {dag.py:4180} INFO - Setting next_dagrun for example_subdag_operator.section-2 to None, run_after=None
[2025-01-25T16:34:13.272+0000] {processor.py:208} INFO - Processing /home/airflow/.local/lib/python3.12/site-packages/airflow/example_dags/example_subdag_operator.py took 0.190 seconds
[2025-01-25T16:34:43.334+0000] {processor.py:186} INFO - Started process (PID=775) to work on /home/airflow/.local/lib/python3.12/site-packages/airflow/example_dags/example_subdag_operator.py
[2025-01-25T16:34:43.335+0000] {processor.py:914} INFO - Processing file /home/airflow/.local/lib/python3.12/site-packages/airflow/example_dags/example_subdag_operator.py for tasks to queue
[2025-01-25T16:34:43.337+0000] {logging_mixin.py:190} INFO - [2025-01-25T16:34:43.337+0000] {dagbag.py:588} INFO - Filling up the DagBag from /home/airflow/.local/lib/python3.12/site-packages/airflow/example_dags/example_subdag_operator.py
[2025-01-25T16:34:43.359+0000] {processor.py:925} INFO - DAG(s) 'example_subdag_operator.section-1', 'example_subdag_operator.section-2', 'example_subdag_operator' retrieved from /home/airflow/.local/lib/python3.12/site-packages/airflow/example_dags/example_subdag_operator.py
[2025-01-25T16:34:43.373+0000] {logging_mixin.py:190} INFO - [2025-01-25T16:34:43.373+0000] {dag.py:3239} INFO - Sync 3 DAGs
[2025-01-25T16:34:43.393+0000] {logging_mixin.py:190} INFO - [2025-01-25T16:34:43.393+0000] {dag.py:4180} INFO - Setting next_dagrun for example_subdag_operator to 2022-01-01 00:00:00+00:00, run_after=2022-01-01 00:00:00+00:00
[2025-01-25T16:34:43.397+0000] {logging_mixin.py:190} INFO - [2025-01-25T16:34:43.397+0000] {dag.py:4180} INFO - Setting next_dagrun for example_subdag_operator.section-1 to None, run_after=None
[2025-01-25T16:34:43.399+0000] {logging_mixin.py:190} INFO - [2025-01-25T16:34:43.399+0000] {dag.py:4180} INFO - Setting next_dagrun for example_subdag_operator.section-2 to None, run_after=None
[2025-01-25T16:34:43.407+0000] {logging_mixin.py:190} INFO - [2025-01-25T16:34:43.406+0000] {dag.py:3239} INFO - Sync 2 DAGs
[2025-01-25T16:34:43.413+0000] {logging_mixin.py:190} INFO - [2025-01-25T16:34:43.413+0000] {dag.py:4180} INFO - Setting next_dagrun for example_subdag_operator.section-1 to None, run_after=None
[2025-01-25T16:34:43.414+0000] {logging_mixin.py:190} INFO - [2025-01-25T16:34:43.414+0000] {dag.py:4180} INFO - Setting next_dagrun for example_subdag_operator.section-2 to None, run_after=None
[2025-01-25T16:34:43.428+0000] {processor.py:208} INFO - Processing /home/airflow/.local/lib/python3.12/site-packages/airflow/example_dags/example_subdag_operator.py took 0.099 seconds
[2025-01-25T16:35:14.757+0000] {processor.py:186} INFO - Started process (PID=838) to work on /home/airflow/.local/lib/python3.12/site-packages/airflow/example_dags/example_subdag_operator.py
[2025-01-25T16:35:14.758+0000] {processor.py:914} INFO - Processing file /home/airflow/.local/lib/python3.12/site-packages/airflow/example_dags/example_subdag_operator.py for tasks to queue
[2025-01-25T16:35:14.760+0000] {logging_mixin.py:190} INFO - [2025-01-25T16:35:14.760+0000] {dagbag.py:588} INFO - Filling up the DagBag from /home/airflow/.local/lib/python3.12/site-packages/airflow/example_dags/example_subdag_operator.py
[2025-01-25T16:35:14.783+0000] {processor.py:925} INFO - DAG(s) 'example_subdag_operator.section-1', 'example_subdag_operator.section-2', 'example_subdag_operator' retrieved from /home/airflow/.local/lib/python3.12/site-packages/airflow/example_dags/example_subdag_operator.py
[2025-01-25T16:35:14.797+0000] {logging_mixin.py:190} INFO - [2025-01-25T16:35:14.796+0000] {dag.py:3239} INFO - Sync 3 DAGs
[2025-01-25T16:35:14.818+0000] {logging_mixin.py:190} INFO - [2025-01-25T16:35:14.818+0000] {dag.py:4180} INFO - Setting next_dagrun for example_subdag_operator to 2022-01-01 00:00:00+00:00, run_after=2022-01-01 00:00:00+00:00
[2025-01-25T16:35:14.822+0000] {logging_mixin.py:190} INFO - [2025-01-25T16:35:14.822+0000] {dag.py:4180} INFO - Setting next_dagrun for example_subdag_operator.section-1 to None, run_after=None
[2025-01-25T16:35:14.824+0000] {logging_mixin.py:190} INFO - [2025-01-25T16:35:14.824+0000] {dag.py:4180} INFO - Setting next_dagrun for example_subdag_operator.section-2 to None, run_after=None
[2025-01-25T16:35:14.831+0000] {logging_mixin.py:190} INFO - [2025-01-25T16:35:14.831+0000] {dag.py:3239} INFO - Sync 2 DAGs
[2025-01-25T16:35:14.837+0000] {logging_mixin.py:190} INFO - [2025-01-25T16:35:14.837+0000] {dag.py:4180} INFO - Setting next_dagrun for example_subdag_operator.section-1 to None, run_after=None
[2025-01-25T16:35:14.838+0000] {logging_mixin.py:190} INFO - [2025-01-25T16:35:14.837+0000] {dag.py:4180} INFO - Setting next_dagrun for example_subdag_operator.section-2 to None, run_after=None
[2025-01-25T16:35:14.914+0000] {processor.py:208} INFO - Processing /home/airflow/.local/lib/python3.12/site-packages/airflow/example_dags/example_subdag_operator.py took 0.162 seconds
[2025-01-25T16:35:46.818+0000] {processor.py:186} INFO - Started process (PID=901) to work on /home/airflow/.local/lib/python3.12/site-packages/airflow/example_dags/example_subdag_operator.py
[2025-01-25T16:35:46.819+0000] {processor.py:914} INFO - Processing file /home/airflow/.local/lib/python3.12/site-packages/airflow/example_dags/example_subdag_operator.py for tasks to queue
[2025-01-25T16:35:46.821+0000] {logging_mixin.py:190} INFO - [2025-01-25T16:35:46.821+0000] {dagbag.py:588} INFO - Filling up the DagBag from /home/airflow/.local/lib/python3.12/site-packages/airflow/example_dags/example_subdag_operator.py
[2025-01-25T16:35:46.845+0000] {processor.py:925} INFO - DAG(s) 'example_subdag_operator.section-1', 'example_subdag_operator.section-2', 'example_subdag_operator' retrieved from /home/airflow/.local/lib/python3.12/site-packages/airflow/example_dags/example_subdag_operator.py
[2025-01-25T16:35:46.860+0000] {logging_mixin.py:190} INFO - [2025-01-25T16:35:46.859+0000] {dag.py:3239} INFO - Sync 3 DAGs
[2025-01-25T16:35:46.881+0000] {logging_mixin.py:190} INFO - [2025-01-25T16:35:46.880+0000] {dag.py:4180} INFO - Setting next_dagrun for example_subdag_operator to 2022-01-01 00:00:00+00:00, run_after=2022-01-01 00:00:00+00:00
[2025-01-25T16:35:46.884+0000] {logging_mixin.py:190} INFO - [2025-01-25T16:35:46.884+0000] {dag.py:4180} INFO - Setting next_dagrun for example_subdag_operator.section-1 to None, run_after=None
[2025-01-25T16:35:46.886+0000] {logging_mixin.py:190} INFO - [2025-01-25T16:35:46.886+0000] {dag.py:4180} INFO - Setting next_dagrun for example_subdag_operator.section-2 to None, run_after=None
[2025-01-25T16:35:46.893+0000] {logging_mixin.py:190} INFO - [2025-01-25T16:35:46.893+0000] {dag.py:3239} INFO - Sync 2 DAGs
[2025-01-25T16:35:46.899+0000] {logging_mixin.py:190} INFO - [2025-01-25T16:35:46.898+0000] {dag.py:4180} INFO - Setting next_dagrun for example_subdag_operator.section-1 to None, run_after=None
[2025-01-25T16:35:46.899+0000] {logging_mixin.py:190} INFO - [2025-01-25T16:35:46.899+0000] {dag.py:4180} INFO - Setting next_dagrun for example_subdag_operator.section-2 to None, run_after=None
[2025-01-25T16:35:47.422+0000] {processor.py:208} INFO - Processing /home/airflow/.local/lib/python3.12/site-packages/airflow/example_dags/example_subdag_operator.py took 0.609 seconds
[2025-01-25T16:36:17.825+0000] {processor.py:186} INFO - Started process (PID=964) to work on /home/airflow/.local/lib/python3.12/site-packages/airflow/example_dags/example_subdag_operator.py
[2025-01-25T16:36:17.826+0000] {processor.py:914} INFO - Processing file /home/airflow/.local/lib/python3.12/site-packages/airflow/example_dags/example_subdag_operator.py for tasks to queue
[2025-01-25T16:36:17.828+0000] {logging_mixin.py:190} INFO - [2025-01-25T16:36:17.828+0000] {dagbag.py:588} INFO - Filling up the DagBag from /home/airflow/.local/lib/python3.12/site-packages/airflow/example_dags/example_subdag_operator.py
[2025-01-25T16:36:17.851+0000] {processor.py:925} INFO - DAG(s) 'example_subdag_operator.section-1', 'example_subdag_operator.section-2', 'example_subdag_operator' retrieved from /home/airflow/.local/lib/python3.12/site-packages/airflow/example_dags/example_subdag_operator.py
[2025-01-25T16:36:17.865+0000] {logging_mixin.py:190} INFO - [2025-01-25T16:36:17.864+0000] {dag.py:3239} INFO - Sync 3 DAGs
[2025-01-25T16:36:17.887+0000] {logging_mixin.py:190} INFO - [2025-01-25T16:36:17.887+0000] {dag.py:4180} INFO - Setting next_dagrun for example_subdag_operator to 2022-01-01 00:00:00+00:00, run_after=2022-01-01 00:00:00+00:00
[2025-01-25T16:36:17.891+0000] {logging_mixin.py:190} INFO - [2025-01-25T16:36:17.891+0000] {dag.py:4180} INFO - Setting next_dagrun for example_subdag_operator.section-1 to None, run_after=None
[2025-01-25T16:36:17.893+0000] {logging_mixin.py:190} INFO - [2025-01-25T16:36:17.892+0000] {dag.py:4180} INFO - Setting next_dagrun for example_subdag_operator.section-2 to None, run_after=None
[2025-01-25T16:36:17.899+0000] {logging_mixin.py:190} INFO - [2025-01-25T16:36:17.899+0000] {dag.py:3239} INFO - Sync 2 DAGs
[2025-01-25T16:36:17.904+0000] {logging_mixin.py:190} INFO - [2025-01-25T16:36:17.904+0000] {dag.py:4180} INFO - Setting next_dagrun for example_subdag_operator.section-1 to None, run_after=None
[2025-01-25T16:36:17.905+0000] {logging_mixin.py:190} INFO - [2025-01-25T16:36:17.904+0000] {dag.py:4180} INFO - Setting next_dagrun for example_subdag_operator.section-2 to None, run_after=None
[2025-01-25T16:36:18.345+0000] {processor.py:208} INFO - Processing /home/airflow/.local/lib/python3.12/site-packages/airflow/example_dags/example_subdag_operator.py took 0.525 seconds
[2025-01-25T16:36:48.917+0000] {processor.py:186} INFO - Started process (PID=1027) to work on /home/airflow/.local/lib/python3.12/site-packages/airflow/example_dags/example_subdag_operator.py
[2025-01-25T16:36:48.918+0000] {processor.py:914} INFO - Processing file /home/airflow/.local/lib/python3.12/site-packages/airflow/example_dags/example_subdag_operator.py for tasks to queue
[2025-01-25T16:36:48.920+0000] {logging_mixin.py:190} INFO - [2025-01-25T16:36:48.920+0000] {dagbag.py:588} INFO - Filling up the DagBag from /home/airflow/.local/lib/python3.12/site-packages/airflow/example_dags/example_subdag_operator.py
[2025-01-25T16:36:48.945+0000] {processor.py:925} INFO - DAG(s) 'example_subdag_operator.section-1', 'example_subdag_operator.section-2', 'example_subdag_operator' retrieved from /home/airflow/.local/lib/python3.12/site-packages/airflow/example_dags/example_subdag_operator.py
[2025-01-25T16:36:48.959+0000] {logging_mixin.py:190} INFO - [2025-01-25T16:36:48.959+0000] {dag.py:3239} INFO - Sync 3 DAGs
[2025-01-25T16:36:48.981+0000] {logging_mixin.py:190} INFO - [2025-01-25T16:36:48.981+0000] {dag.py:4180} INFO - Setting next_dagrun for example_subdag_operator to 2022-01-01 00:00:00+00:00, run_after=2022-01-01 00:00:00+00:00
[2025-01-25T16:36:48.985+0000] {logging_mixin.py:190} INFO - [2025-01-25T16:36:48.985+0000] {dag.py:4180} INFO - Setting next_dagrun for example_subdag_operator.section-1 to None, run_after=None
[2025-01-25T16:36:48.987+0000] {logging_mixin.py:190} INFO - [2025-01-25T16:36:48.987+0000] {dag.py:4180} INFO - Setting next_dagrun for example_subdag_operator.section-2 to None, run_after=None
[2025-01-25T16:36:48.995+0000] {logging_mixin.py:190} INFO - [2025-01-25T16:36:48.994+0000] {dag.py:3239} INFO - Sync 2 DAGs
[2025-01-25T16:36:49.002+0000] {logging_mixin.py:190} INFO - [2025-01-25T16:36:49.002+0000] {dag.py:4180} INFO - Setting next_dagrun for example_subdag_operator.section-1 to None, run_after=None
[2025-01-25T16:36:49.003+0000] {logging_mixin.py:190} INFO - [2025-01-25T16:36:49.003+0000] {dag.py:4180} INFO - Setting next_dagrun for example_subdag_operator.section-2 to None, run_after=None
[2025-01-25T16:36:49.435+0000] {processor.py:208} INFO - Processing /home/airflow/.local/lib/python3.12/site-packages/airflow/example_dags/example_subdag_operator.py took 0.522 seconds
[2025-01-25T16:37:19.986+0000] {processor.py:186} INFO - Started process (PID=1090) to work on /home/airflow/.local/lib/python3.12/site-packages/airflow/example_dags/example_subdag_operator.py
[2025-01-25T16:37:19.987+0000] {processor.py:914} INFO - Processing file /home/airflow/.local/lib/python3.12/site-packages/airflow/example_dags/example_subdag_operator.py for tasks to queue
[2025-01-25T16:37:19.989+0000] {logging_mixin.py:190} INFO - [2025-01-25T16:37:19.989+0000] {dagbag.py:588} INFO - Filling up the DagBag from /home/airflow/.local/lib/python3.12/site-packages/airflow/example_dags/example_subdag_operator.py
[2025-01-25T16:37:20.012+0000] {processor.py:925} INFO - DAG(s) 'example_subdag_operator.section-1', 'example_subdag_operator.section-2', 'example_subdag_operator' retrieved from /home/airflow/.local/lib/python3.12/site-packages/airflow/example_dags/example_subdag_operator.py
[2025-01-25T16:37:20.025+0000] {logging_mixin.py:190} INFO - [2025-01-25T16:37:20.025+0000] {dag.py:3239} INFO - Sync 3 DAGs
[2025-01-25T16:37:20.047+0000] {logging_mixin.py:190} INFO - [2025-01-25T16:37:20.046+0000] {dag.py:4180} INFO - Setting next_dagrun for example_subdag_operator to 2022-01-01 00:00:00+00:00, run_after=2022-01-01 00:00:00+00:00
[2025-01-25T16:37:20.051+0000] {logging_mixin.py:190} INFO - [2025-01-25T16:37:20.050+0000] {dag.py:4180} INFO - Setting next_dagrun for example_subdag_operator.section-1 to None, run_after=None
[2025-01-25T16:37:20.052+0000] {logging_mixin.py:190} INFO - [2025-01-25T16:37:20.052+0000] {dag.py:4180} INFO - Setting next_dagrun for example_subdag_operator.section-2 to None, run_after=None
[2025-01-25T16:37:20.058+0000] {logging_mixin.py:190} INFO - [2025-01-25T16:37:20.058+0000] {dag.py:3239} INFO - Sync 2 DAGs
[2025-01-25T16:37:20.064+0000] {logging_mixin.py:190} INFO - [2025-01-25T16:37:20.064+0000] {dag.py:4180} INFO - Setting next_dagrun for example_subdag_operator.section-1 to None, run_after=None
[2025-01-25T16:37:20.064+0000] {logging_mixin.py:190} INFO - [2025-01-25T16:37:20.064+0000] {dag.py:4180} INFO - Setting next_dagrun for example_subdag_operator.section-2 to None, run_after=None
[2025-01-25T16:37:20.544+0000] {processor.py:208} INFO - Processing /home/airflow/.local/lib/python3.12/site-packages/airflow/example_dags/example_subdag_operator.py took 0.563 seconds
