[2025-01-25T16:28:48.947+0000] {processor.py:186} INFO - Started process (PID=39) to work on /home/airflow/.local/lib/python3.12/site-packages/airflow/example_dags/example_branch_python_dop_operator_3.py
[2025-01-25T16:28:48.948+0000] {processor.py:914} INFO - Processing file /home/airflow/.local/lib/python3.12/site-packages/airflow/example_dags/example_branch_python_dop_operator_3.py for tasks to queue
[2025-01-25T16:28:48.950+0000] {logging_mixin.py:190} INFO - [2025-01-25T16:28:48.950+0000] {dagbag.py:588} INFO - Filling up the DagBag from /home/airflow/.local/lib/python3.12/site-packages/airflow/example_dags/example_branch_python_dop_operator_3.py
[2025-01-25T16:28:48.961+0000] {processor.py:925} INFO - DAG(s) 'example_branch_dop_operator_v3' retrieved from /home/airflow/.local/lib/python3.12/site-packages/airflow/example_dags/example_branch_python_dop_operator_3.py
[2025-01-25T16:28:49.071+0000] {logging_mixin.py:190} INFO - [2025-01-25T16:28:49.070+0000] {override.py:1911} INFO - Created Permission View: can delete on DAG:example_branch_dop_operator_v3
[2025-01-25T16:28:49.086+0000] {logging_mixin.py:190} INFO - [2025-01-25T16:28:49.086+0000] {override.py:1911} INFO - Created Permission View: can read on DAG:example_branch_dop_operator_v3
[2025-01-25T16:28:49.098+0000] {logging_mixin.py:190} INFO - [2025-01-25T16:28:49.098+0000] {override.py:1911} INFO - Created Permission View: can edit on DAG:example_branch_dop_operator_v3
[2025-01-25T16:28:49.112+0000] {logging_mixin.py:190} INFO - [2025-01-25T16:28:49.112+0000] {override.py:1911} INFO - Created Permission View: can delete on DAG Run:example_branch_dop_operator_v3
[2025-01-25T16:28:49.124+0000] {logging_mixin.py:190} INFO - [2025-01-25T16:28:49.123+0000] {override.py:1911} INFO - Created Permission View: can create on DAG Run:example_branch_dop_operator_v3
[2025-01-25T16:28:49.134+0000] {logging_mixin.py:190} INFO - [2025-01-25T16:28:49.134+0000] {override.py:1911} INFO - Created Permission View: menu access on DAG Run:example_branch_dop_operator_v3
[2025-01-25T16:28:49.145+0000] {logging_mixin.py:190} INFO - [2025-01-25T16:28:49.145+0000] {override.py:1911} INFO - Created Permission View: can read on DAG Run:example_branch_dop_operator_v3
[2025-01-25T16:28:49.146+0000] {logging_mixin.py:190} INFO - [2025-01-25T16:28:49.146+0000] {dag.py:3239} INFO - Sync 1 DAGs
[2025-01-25T16:28:49.159+0000] {logging_mixin.py:190} INFO - [2025-01-25T16:28:49.159+0000] {dag.py:3262} INFO - Creating ORM DAG for example_branch_dop_operator_v3
[2025-01-25T16:28:49.172+0000] {logging_mixin.py:190} INFO - [2025-01-25T16:28:49.171+0000] {dag.py:4180} INFO - Setting next_dagrun for example_branch_dop_operator_v3 to 2025-01-25 16:27:00+00:00, run_after=2025-01-25 16:28:00+00:00
[2025-01-25T16:28:49.195+0000] {processor.py:208} INFO - Processing /home/airflow/.local/lib/python3.12/site-packages/airflow/example_dags/example_branch_python_dop_operator_3.py took 0.253 seconds
[2025-01-25T16:29:19.951+0000] {processor.py:186} INFO - Started process (PID=102) to work on /home/airflow/.local/lib/python3.12/site-packages/airflow/example_dags/example_branch_python_dop_operator_3.py
[2025-01-25T16:29:19.952+0000] {processor.py:914} INFO - Processing file /home/airflow/.local/lib/python3.12/site-packages/airflow/example_dags/example_branch_python_dop_operator_3.py for tasks to queue
[2025-01-25T16:29:19.954+0000] {logging_mixin.py:190} INFO - [2025-01-25T16:29:19.954+0000] {dagbag.py:588} INFO - Filling up the DagBag from /home/airflow/.local/lib/python3.12/site-packages/airflow/example_dags/example_branch_python_dop_operator_3.py
[2025-01-25T16:29:19.964+0000] {processor.py:925} INFO - DAG(s) 'example_branch_dop_operator_v3' retrieved from /home/airflow/.local/lib/python3.12/site-packages/airflow/example_dags/example_branch_python_dop_operator_3.py
[2025-01-25T16:29:19.990+0000] {logging_mixin.py:190} INFO - [2025-01-25T16:29:19.989+0000] {dag.py:3239} INFO - Sync 1 DAGs
[2025-01-25T16:29:20.027+0000] {logging_mixin.py:190} INFO - [2025-01-25T16:29:20.026+0000] {dag.py:4180} INFO - Setting next_dagrun for example_branch_dop_operator_v3 to 2025-01-25 16:28:00+00:00, run_after=2025-01-25 16:29:00+00:00
[2025-01-25T16:29:20.052+0000] {processor.py:208} INFO - Processing /home/airflow/.local/lib/python3.12/site-packages/airflow/example_dags/example_branch_python_dop_operator_3.py took 0.107 seconds
[2025-01-25T16:29:50.936+0000] {processor.py:186} INFO - Started process (PID=165) to work on /home/airflow/.local/lib/python3.12/site-packages/airflow/example_dags/example_branch_python_dop_operator_3.py
[2025-01-25T16:29:50.937+0000] {processor.py:914} INFO - Processing file /home/airflow/.local/lib/python3.12/site-packages/airflow/example_dags/example_branch_python_dop_operator_3.py for tasks to queue
[2025-01-25T16:29:50.939+0000] {logging_mixin.py:190} INFO - [2025-01-25T16:29:50.939+0000] {dagbag.py:588} INFO - Filling up the DagBag from /home/airflow/.local/lib/python3.12/site-packages/airflow/example_dags/example_branch_python_dop_operator_3.py
[2025-01-25T16:29:50.949+0000] {processor.py:925} INFO - DAG(s) 'example_branch_dop_operator_v3' retrieved from /home/airflow/.local/lib/python3.12/site-packages/airflow/example_dags/example_branch_python_dop_operator_3.py
[2025-01-25T16:29:50.968+0000] {logging_mixin.py:190} INFO - [2025-01-25T16:29:50.967+0000] {dag.py:3239} INFO - Sync 1 DAGs
[2025-01-25T16:29:50.995+0000] {logging_mixin.py:190} INFO - [2025-01-25T16:29:50.994+0000] {dag.py:4180} INFO - Setting next_dagrun for example_branch_dop_operator_v3 to 2025-01-25 16:28:00+00:00, run_after=2025-01-25 16:29:00+00:00
[2025-01-25T16:29:51.020+0000] {processor.py:208} INFO - Processing /home/airflow/.local/lib/python3.12/site-packages/airflow/example_dags/example_branch_python_dop_operator_3.py took 0.091 seconds
[2025-01-25T16:30:21.317+0000] {processor.py:186} INFO - Started process (PID=234) to work on /home/airflow/.local/lib/python3.12/site-packages/airflow/example_dags/example_branch_python_dop_operator_3.py
[2025-01-25T16:30:21.318+0000] {processor.py:914} INFO - Processing file /home/airflow/.local/lib/python3.12/site-packages/airflow/example_dags/example_branch_python_dop_operator_3.py for tasks to queue
[2025-01-25T16:30:21.321+0000] {logging_mixin.py:190} INFO - [2025-01-25T16:30:21.320+0000] {dagbag.py:588} INFO - Filling up the DagBag from /home/airflow/.local/lib/python3.12/site-packages/airflow/example_dags/example_branch_python_dop_operator_3.py
[2025-01-25T16:30:21.333+0000] {processor.py:925} INFO - DAG(s) 'example_branch_dop_operator_v3' retrieved from /home/airflow/.local/lib/python3.12/site-packages/airflow/example_dags/example_branch_python_dop_operator_3.py
[2025-01-25T16:30:21.355+0000] {logging_mixin.py:190} INFO - [2025-01-25T16:30:21.355+0000] {dag.py:3239} INFO - Sync 1 DAGs
[2025-01-25T16:30:21.382+0000] {logging_mixin.py:190} INFO - [2025-01-25T16:30:21.382+0000] {dag.py:4180} INFO - Setting next_dagrun for example_branch_dop_operator_v3 to 2025-01-25 16:29:00+00:00, run_after=2025-01-25 16:30:00+00:00
[2025-01-25T16:30:21.481+0000] {processor.py:208} INFO - Processing /home/airflow/.local/lib/python3.12/site-packages/airflow/example_dags/example_branch_python_dop_operator_3.py took 0.171 seconds
[2025-01-25T16:30:52.208+0000] {processor.py:186} INFO - Started process (PID=297) to work on /home/airflow/.local/lib/python3.12/site-packages/airflow/example_dags/example_branch_python_dop_operator_3.py
[2025-01-25T16:30:52.210+0000] {processor.py:914} INFO - Processing file /home/airflow/.local/lib/python3.12/site-packages/airflow/example_dags/example_branch_python_dop_operator_3.py for tasks to queue
[2025-01-25T16:30:52.212+0000] {logging_mixin.py:190} INFO - [2025-01-25T16:30:52.211+0000] {dagbag.py:588} INFO - Filling up the DagBag from /home/airflow/.local/lib/python3.12/site-packages/airflow/example_dags/example_branch_python_dop_operator_3.py
[2025-01-25T16:30:52.221+0000] {processor.py:925} INFO - DAG(s) 'example_branch_dop_operator_v3' retrieved from /home/airflow/.local/lib/python3.12/site-packages/airflow/example_dags/example_branch_python_dop_operator_3.py
[2025-01-25T16:30:52.240+0000] {logging_mixin.py:190} INFO - [2025-01-25T16:30:52.240+0000] {dag.py:3239} INFO - Sync 1 DAGs
[2025-01-25T16:30:52.269+0000] {logging_mixin.py:190} INFO - [2025-01-25T16:30:52.268+0000] {dag.py:4180} INFO - Setting next_dagrun for example_branch_dop_operator_v3 to 2025-01-25 16:29:00+00:00, run_after=2025-01-25 16:30:00+00:00
[2025-01-25T16:30:52.317+0000] {processor.py:208} INFO - Processing /home/airflow/.local/lib/python3.12/site-packages/airflow/example_dags/example_branch_python_dop_operator_3.py took 0.114 seconds
[2025-01-25T16:31:22.971+0000] {processor.py:186} INFO - Started process (PID=361) to work on /home/airflow/.local/lib/python3.12/site-packages/airflow/example_dags/example_branch_python_dop_operator_3.py
[2025-01-25T16:31:22.972+0000] {processor.py:914} INFO - Processing file /home/airflow/.local/lib/python3.12/site-packages/airflow/example_dags/example_branch_python_dop_operator_3.py for tasks to queue
[2025-01-25T16:31:22.975+0000] {logging_mixin.py:190} INFO - [2025-01-25T16:31:22.974+0000] {dagbag.py:588} INFO - Filling up the DagBag from /home/airflow/.local/lib/python3.12/site-packages/airflow/example_dags/example_branch_python_dop_operator_3.py
[2025-01-25T16:31:23.017+0000] {processor.py:925} INFO - DAG(s) 'example_branch_dop_operator_v3' retrieved from /home/airflow/.local/lib/python3.12/site-packages/airflow/example_dags/example_branch_python_dop_operator_3.py
[2025-01-25T16:31:23.047+0000] {logging_mixin.py:190} INFO - [2025-01-25T16:31:23.047+0000] {dag.py:3239} INFO - Sync 1 DAGs
[2025-01-25T16:31:23.084+0000] {logging_mixin.py:190} INFO - [2025-01-25T16:31:23.084+0000] {dag.py:4180} INFO - Setting next_dagrun for example_branch_dop_operator_v3 to 2025-01-25 16:30:00+00:00, run_after=2025-01-25 16:31:00+00:00
[2025-01-25T16:31:23.115+0000] {processor.py:208} INFO - Processing /home/airflow/.local/lib/python3.12/site-packages/airflow/example_dags/example_branch_python_dop_operator_3.py took 0.151 seconds
[2025-01-25T16:31:54.125+0000] {processor.py:186} INFO - Started process (PID=424) to work on /home/airflow/.local/lib/python3.12/site-packages/airflow/example_dags/example_branch_python_dop_operator_3.py
[2025-01-25T16:31:54.126+0000] {processor.py:914} INFO - Processing file /home/airflow/.local/lib/python3.12/site-packages/airflow/example_dags/example_branch_python_dop_operator_3.py for tasks to queue
[2025-01-25T16:31:54.128+0000] {logging_mixin.py:190} INFO - [2025-01-25T16:31:54.128+0000] {dagbag.py:588} INFO - Filling up the DagBag from /home/airflow/.local/lib/python3.12/site-packages/airflow/example_dags/example_branch_python_dop_operator_3.py
[2025-01-25T16:31:54.138+0000] {processor.py:925} INFO - DAG(s) 'example_branch_dop_operator_v3' retrieved from /home/airflow/.local/lib/python3.12/site-packages/airflow/example_dags/example_branch_python_dop_operator_3.py
[2025-01-25T16:31:54.176+0000] {logging_mixin.py:190} INFO - [2025-01-25T16:31:54.175+0000] {dag.py:3239} INFO - Sync 1 DAGs
[2025-01-25T16:31:54.210+0000] {logging_mixin.py:190} INFO - [2025-01-25T16:31:54.209+0000] {dag.py:4180} INFO - Setting next_dagrun for example_branch_dop_operator_v3 to 2025-01-25 16:30:00+00:00, run_after=2025-01-25 16:31:00+00:00
[2025-01-25T16:31:54.246+0000] {processor.py:208} INFO - Processing /home/airflow/.local/lib/python3.12/site-packages/airflow/example_dags/example_branch_python_dop_operator_3.py took 0.128 seconds
[2025-01-25T16:32:26.025+0000] {processor.py:186} INFO - Started process (PID=487) to work on /home/airflow/.local/lib/python3.12/site-packages/airflow/example_dags/example_branch_python_dop_operator_3.py
[2025-01-25T16:32:26.025+0000] {processor.py:914} INFO - Processing file /home/airflow/.local/lib/python3.12/site-packages/airflow/example_dags/example_branch_python_dop_operator_3.py for tasks to queue
[2025-01-25T16:32:26.027+0000] {logging_mixin.py:190} INFO - [2025-01-25T16:32:26.027+0000] {dagbag.py:588} INFO - Filling up the DagBag from /home/airflow/.local/lib/python3.12/site-packages/airflow/example_dags/example_branch_python_dop_operator_3.py
[2025-01-25T16:32:26.036+0000] {processor.py:925} INFO - DAG(s) 'example_branch_dop_operator_v3' retrieved from /home/airflow/.local/lib/python3.12/site-packages/airflow/example_dags/example_branch_python_dop_operator_3.py
[2025-01-25T16:32:26.053+0000] {logging_mixin.py:190} INFO - [2025-01-25T16:32:26.052+0000] {dag.py:3239} INFO - Sync 1 DAGs
[2025-01-25T16:32:26.075+0000] {logging_mixin.py:190} INFO - [2025-01-25T16:32:26.075+0000] {dag.py:4180} INFO - Setting next_dagrun for example_branch_dop_operator_v3 to 2025-01-25 16:31:00+00:00, run_after=2025-01-25 16:32:00+00:00
[2025-01-25T16:32:26.588+0000] {processor.py:208} INFO - Processing /home/airflow/.local/lib/python3.12/site-packages/airflow/example_dags/example_branch_python_dop_operator_3.py took 0.568 seconds
[2025-01-25T16:32:57.110+0000] {processor.py:186} INFO - Started process (PID=550) to work on /home/airflow/.local/lib/python3.12/site-packages/airflow/example_dags/example_branch_python_dop_operator_3.py
[2025-01-25T16:32:57.111+0000] {processor.py:914} INFO - Processing file /home/airflow/.local/lib/python3.12/site-packages/airflow/example_dags/example_branch_python_dop_operator_3.py for tasks to queue
[2025-01-25T16:32:57.113+0000] {logging_mixin.py:190} INFO - [2025-01-25T16:32:57.113+0000] {dagbag.py:588} INFO - Filling up the DagBag from /home/airflow/.local/lib/python3.12/site-packages/airflow/example_dags/example_branch_python_dop_operator_3.py
[2025-01-25T16:32:57.122+0000] {processor.py:925} INFO - DAG(s) 'example_branch_dop_operator_v3' retrieved from /home/airflow/.local/lib/python3.12/site-packages/airflow/example_dags/example_branch_python_dop_operator_3.py
[2025-01-25T16:32:57.141+0000] {logging_mixin.py:190} INFO - [2025-01-25T16:32:57.141+0000] {dag.py:3239} INFO - Sync 1 DAGs
[2025-01-25T16:32:57.165+0000] {logging_mixin.py:190} INFO - [2025-01-25T16:32:57.164+0000] {dag.py:4180} INFO - Setting next_dagrun for example_branch_dop_operator_v3 to 2025-01-25 16:31:00+00:00, run_after=2025-01-25 16:32:00+00:00
[2025-01-25T16:32:57.274+0000] {processor.py:208} INFO - Processing /home/airflow/.local/lib/python3.12/site-packages/airflow/example_dags/example_branch_python_dop_operator_3.py took 0.169 seconds
[2025-01-25T16:33:27.494+0000] {processor.py:186} INFO - Started process (PID=613) to work on /home/airflow/.local/lib/python3.12/site-packages/airflow/example_dags/example_branch_python_dop_operator_3.py
[2025-01-25T16:33:27.495+0000] {processor.py:914} INFO - Processing file /home/airflow/.local/lib/python3.12/site-packages/airflow/example_dags/example_branch_python_dop_operator_3.py for tasks to queue
[2025-01-25T16:33:27.498+0000] {logging_mixin.py:190} INFO - [2025-01-25T16:33:27.498+0000] {dagbag.py:588} INFO - Filling up the DagBag from /home/airflow/.local/lib/python3.12/site-packages/airflow/example_dags/example_branch_python_dop_operator_3.py
[2025-01-25T16:33:27.507+0000] {processor.py:925} INFO - DAG(s) 'example_branch_dop_operator_v3' retrieved from /home/airflow/.local/lib/python3.12/site-packages/airflow/example_dags/example_branch_python_dop_operator_3.py
[2025-01-25T16:33:27.525+0000] {logging_mixin.py:190} INFO - [2025-01-25T16:33:27.525+0000] {dag.py:3239} INFO - Sync 1 DAGs
[2025-01-25T16:33:27.547+0000] {logging_mixin.py:190} INFO - [2025-01-25T16:33:27.546+0000] {dag.py:4180} INFO - Setting next_dagrun for example_branch_dop_operator_v3 to 2025-01-25 16:32:00+00:00, run_after=2025-01-25 16:33:00+00:00
[2025-01-25T16:33:27.632+0000] {processor.py:208} INFO - Processing /home/airflow/.local/lib/python3.12/site-packages/airflow/example_dags/example_branch_python_dop_operator_3.py took 0.142 seconds
[2025-01-25T16:33:58.299+0000] {processor.py:186} INFO - Started process (PID=676) to work on /home/airflow/.local/lib/python3.12/site-packages/airflow/example_dags/example_branch_python_dop_operator_3.py
[2025-01-25T16:33:58.300+0000] {processor.py:914} INFO - Processing file /home/airflow/.local/lib/python3.12/site-packages/airflow/example_dags/example_branch_python_dop_operator_3.py for tasks to queue
[2025-01-25T16:33:58.302+0000] {logging_mixin.py:190} INFO - [2025-01-25T16:33:58.302+0000] {dagbag.py:588} INFO - Filling up the DagBag from /home/airflow/.local/lib/python3.12/site-packages/airflow/example_dags/example_branch_python_dop_operator_3.py
[2025-01-25T16:33:58.311+0000] {processor.py:925} INFO - DAG(s) 'example_branch_dop_operator_v3' retrieved from /home/airflow/.local/lib/python3.12/site-packages/airflow/example_dags/example_branch_python_dop_operator_3.py
[2025-01-25T16:33:58.330+0000] {logging_mixin.py:190} INFO - [2025-01-25T16:33:58.330+0000] {dag.py:3239} INFO - Sync 1 DAGs
[2025-01-25T16:33:58.353+0000] {logging_mixin.py:190} INFO - [2025-01-25T16:33:58.353+0000] {dag.py:4180} INFO - Setting next_dagrun for example_branch_dop_operator_v3 to 2025-01-25 16:32:00+00:00, run_after=2025-01-25 16:33:00+00:00
[2025-01-25T16:33:58.479+0000] {processor.py:208} INFO - Processing /home/airflow/.local/lib/python3.12/site-packages/airflow/example_dags/example_branch_python_dop_operator_3.py took 0.184 seconds
[2025-01-25T16:34:28.800+0000] {processor.py:186} INFO - Started process (PID=739) to work on /home/airflow/.local/lib/python3.12/site-packages/airflow/example_dags/example_branch_python_dop_operator_3.py
[2025-01-25T16:34:28.801+0000] {processor.py:914} INFO - Processing file /home/airflow/.local/lib/python3.12/site-packages/airflow/example_dags/example_branch_python_dop_operator_3.py for tasks to queue
[2025-01-25T16:34:28.804+0000] {logging_mixin.py:190} INFO - [2025-01-25T16:34:28.803+0000] {dagbag.py:588} INFO - Filling up the DagBag from /home/airflow/.local/lib/python3.12/site-packages/airflow/example_dags/example_branch_python_dop_operator_3.py
[2025-01-25T16:34:28.814+0000] {processor.py:925} INFO - DAG(s) 'example_branch_dop_operator_v3' retrieved from /home/airflow/.local/lib/python3.12/site-packages/airflow/example_dags/example_branch_python_dop_operator_3.py
[2025-01-25T16:34:28.832+0000] {logging_mixin.py:190} INFO - [2025-01-25T16:34:28.832+0000] {dag.py:3239} INFO - Sync 1 DAGs
[2025-01-25T16:34:28.856+0000] {logging_mixin.py:190} INFO - [2025-01-25T16:34:28.856+0000] {dag.py:4180} INFO - Setting next_dagrun for example_branch_dop_operator_v3 to 2025-01-25 16:33:00+00:00, run_after=2025-01-25 16:34:00+00:00
[2025-01-25T16:34:29.313+0000] {processor.py:208} INFO - Processing /home/airflow/.local/lib/python3.12/site-packages/airflow/example_dags/example_branch_python_dop_operator_3.py took 0.518 seconds
[2025-01-25T16:34:59.995+0000] {processor.py:186} INFO - Started process (PID=802) to work on /home/airflow/.local/lib/python3.12/site-packages/airflow/example_dags/example_branch_python_dop_operator_3.py
[2025-01-25T16:34:59.996+0000] {processor.py:914} INFO - Processing file /home/airflow/.local/lib/python3.12/site-packages/airflow/example_dags/example_branch_python_dop_operator_3.py for tasks to queue
[2025-01-25T16:34:59.998+0000] {logging_mixin.py:190} INFO - [2025-01-25T16:34:59.998+0000] {dagbag.py:588} INFO - Filling up the DagBag from /home/airflow/.local/lib/python3.12/site-packages/airflow/example_dags/example_branch_python_dop_operator_3.py
[2025-01-25T16:35:00.008+0000] {processor.py:925} INFO - DAG(s) 'example_branch_dop_operator_v3' retrieved from /home/airflow/.local/lib/python3.12/site-packages/airflow/example_dags/example_branch_python_dop_operator_3.py
[2025-01-25T16:35:00.029+0000] {logging_mixin.py:190} INFO - [2025-01-25T16:35:00.028+0000] {dag.py:3239} INFO - Sync 1 DAGs
[2025-01-25T16:35:00.054+0000] {logging_mixin.py:190} INFO - [2025-01-25T16:35:00.053+0000] {dag.py:4180} INFO - Setting next_dagrun for example_branch_dop_operator_v3 to 2025-01-25 16:34:00+00:00, run_after=2025-01-25 16:35:00+00:00
[2025-01-25T16:35:00.464+0000] {processor.py:208} INFO - Processing /home/airflow/.local/lib/python3.12/site-packages/airflow/example_dags/example_branch_python_dop_operator_3.py took 0.474 seconds
[2025-01-25T16:35:31.015+0000] {processor.py:186} INFO - Started process (PID=865) to work on /home/airflow/.local/lib/python3.12/site-packages/airflow/example_dags/example_branch_python_dop_operator_3.py
[2025-01-25T16:35:31.347+0000] {processor.py:914} INFO - Processing file /home/airflow/.local/lib/python3.12/site-packages/airflow/example_dags/example_branch_python_dop_operator_3.py for tasks to queue
[2025-01-25T16:35:31.349+0000] {logging_mixin.py:190} INFO - [2025-01-25T16:35:31.349+0000] {dagbag.py:588} INFO - Filling up the DagBag from /home/airflow/.local/lib/python3.12/site-packages/airflow/example_dags/example_branch_python_dop_operator_3.py
[2025-01-25T16:35:31.358+0000] {processor.py:925} INFO - DAG(s) 'example_branch_dop_operator_v3' retrieved from /home/airflow/.local/lib/python3.12/site-packages/airflow/example_dags/example_branch_python_dop_operator_3.py
[2025-01-25T16:35:31.376+0000] {logging_mixin.py:190} INFO - [2025-01-25T16:35:31.376+0000] {dag.py:3239} INFO - Sync 1 DAGs
[2025-01-25T16:35:31.401+0000] {logging_mixin.py:190} INFO - [2025-01-25T16:35:31.401+0000] {dag.py:4180} INFO - Setting next_dagrun for example_branch_dop_operator_v3 to 2025-01-25 16:34:00+00:00, run_after=2025-01-25 16:35:00+00:00
[2025-01-25T16:35:31.424+0000] {processor.py:208} INFO - Processing /home/airflow/.local/lib/python3.12/site-packages/airflow/example_dags/example_branch_python_dop_operator_3.py took 0.414 seconds
[2025-01-25T16:36:01.470+0000] {processor.py:186} INFO - Started process (PID=928) to work on /home/airflow/.local/lib/python3.12/site-packages/airflow/example_dags/example_branch_python_dop_operator_3.py
[2025-01-25T16:36:01.471+0000] {processor.py:914} INFO - Processing file /home/airflow/.local/lib/python3.12/site-packages/airflow/example_dags/example_branch_python_dop_operator_3.py for tasks to queue
[2025-01-25T16:36:01.474+0000] {logging_mixin.py:190} INFO - [2025-01-25T16:36:01.473+0000] {dagbag.py:588} INFO - Filling up the DagBag from /home/airflow/.local/lib/python3.12/site-packages/airflow/example_dags/example_branch_python_dop_operator_3.py
[2025-01-25T16:36:01.483+0000] {processor.py:925} INFO - DAG(s) 'example_branch_dop_operator_v3' retrieved from /home/airflow/.local/lib/python3.12/site-packages/airflow/example_dags/example_branch_python_dop_operator_3.py
[2025-01-25T16:36:01.503+0000] {logging_mixin.py:190} INFO - [2025-01-25T16:36:01.503+0000] {dag.py:3239} INFO - Sync 1 DAGs
[2025-01-25T16:36:01.529+0000] {logging_mixin.py:190} INFO - [2025-01-25T16:36:01.529+0000] {dag.py:4180} INFO - Setting next_dagrun for example_branch_dop_operator_v3 to 2025-01-25 16:35:00+00:00, run_after=2025-01-25 16:36:00+00:00
[2025-01-25T16:36:01.554+0000] {processor.py:208} INFO - Processing /home/airflow/.local/lib/python3.12/site-packages/airflow/example_dags/example_branch_python_dop_operator_3.py took 0.088 seconds
[2025-01-25T16:36:31.758+0000] {processor.py:186} INFO - Started process (PID=991) to work on /home/airflow/.local/lib/python3.12/site-packages/airflow/example_dags/example_branch_python_dop_operator_3.py
[2025-01-25T16:36:31.760+0000] {processor.py:914} INFO - Processing file /home/airflow/.local/lib/python3.12/site-packages/airflow/example_dags/example_branch_python_dop_operator_3.py for tasks to queue
[2025-01-25T16:36:31.763+0000] {logging_mixin.py:190} INFO - [2025-01-25T16:36:31.762+0000] {dagbag.py:588} INFO - Filling up the DagBag from /home/airflow/.local/lib/python3.12/site-packages/airflow/example_dags/example_branch_python_dop_operator_3.py
[2025-01-25T16:36:31.772+0000] {processor.py:925} INFO - DAG(s) 'example_branch_dop_operator_v3' retrieved from /home/airflow/.local/lib/python3.12/site-packages/airflow/example_dags/example_branch_python_dop_operator_3.py
[2025-01-25T16:36:31.793+0000] {logging_mixin.py:190} INFO - [2025-01-25T16:36:31.793+0000] {dag.py:3239} INFO - Sync 1 DAGs
[2025-01-25T16:36:31.819+0000] {logging_mixin.py:190} INFO - [2025-01-25T16:36:31.818+0000] {dag.py:4180} INFO - Setting next_dagrun for example_branch_dop_operator_v3 to 2025-01-25 16:35:00+00:00, run_after=2025-01-25 16:36:00+00:00
[2025-01-25T16:36:31.855+0000] {processor.py:208} INFO - Processing /home/airflow/.local/lib/python3.12/site-packages/airflow/example_dags/example_branch_python_dop_operator_3.py took 0.102 seconds
[2025-01-25T16:37:01.932+0000] {processor.py:186} INFO - Started process (PID=1054) to work on /home/airflow/.local/lib/python3.12/site-packages/airflow/example_dags/example_branch_python_dop_operator_3.py
[2025-01-25T16:37:01.933+0000] {processor.py:914} INFO - Processing file /home/airflow/.local/lib/python3.12/site-packages/airflow/example_dags/example_branch_python_dop_operator_3.py for tasks to queue
[2025-01-25T16:37:01.935+0000] {logging_mixin.py:190} INFO - [2025-01-25T16:37:01.935+0000] {dagbag.py:588} INFO - Filling up the DagBag from /home/airflow/.local/lib/python3.12/site-packages/airflow/example_dags/example_branch_python_dop_operator_3.py
[2025-01-25T16:37:01.944+0000] {processor.py:925} INFO - DAG(s) 'example_branch_dop_operator_v3' retrieved from /home/airflow/.local/lib/python3.12/site-packages/airflow/example_dags/example_branch_python_dop_operator_3.py
[2025-01-25T16:37:01.961+0000] {logging_mixin.py:190} INFO - [2025-01-25T16:37:01.961+0000] {dag.py:3239} INFO - Sync 1 DAGs
[2025-01-25T16:37:01.983+0000] {logging_mixin.py:190} INFO - [2025-01-25T16:37:01.983+0000] {dag.py:4180} INFO - Setting next_dagrun for example_branch_dop_operator_v3 to 2025-01-25 16:36:00+00:00, run_after=2025-01-25 16:37:00+00:00
[2025-01-25T16:37:02.005+0000] {processor.py:208} INFO - Processing /home/airflow/.local/lib/python3.12/site-packages/airflow/example_dags/example_branch_python_dop_operator_3.py took 0.078 seconds
[2025-01-25T16:37:32.603+0000] {processor.py:186} INFO - Started process (PID=1117) to work on /home/airflow/.local/lib/python3.12/site-packages/airflow/example_dags/example_branch_python_dop_operator_3.py
[2025-01-25T16:37:32.605+0000] {processor.py:914} INFO - Processing file /home/airflow/.local/lib/python3.12/site-packages/airflow/example_dags/example_branch_python_dop_operator_3.py for tasks to queue
[2025-01-25T16:37:32.607+0000] {logging_mixin.py:190} INFO - [2025-01-25T16:37:32.607+0000] {dagbag.py:588} INFO - Filling up the DagBag from /home/airflow/.local/lib/python3.12/site-packages/airflow/example_dags/example_branch_python_dop_operator_3.py
[2025-01-25T16:37:32.615+0000] {processor.py:925} INFO - DAG(s) 'example_branch_dop_operator_v3' retrieved from /home/airflow/.local/lib/python3.12/site-packages/airflow/example_dags/example_branch_python_dop_operator_3.py
[2025-01-25T16:37:32.633+0000] {logging_mixin.py:190} INFO - [2025-01-25T16:37:32.633+0000] {dag.py:3239} INFO - Sync 1 DAGs
[2025-01-25T16:37:32.656+0000] {logging_mixin.py:190} INFO - [2025-01-25T16:37:32.656+0000] {dag.py:4180} INFO - Setting next_dagrun for example_branch_dop_operator_v3 to 2025-01-25 16:36:00+00:00, run_after=2025-01-25 16:37:00+00:00
[2025-01-25T16:37:33.495+0000] {processor.py:208} INFO - Processing /home/airflow/.local/lib/python3.12/site-packages/airflow/example_dags/example_branch_python_dop_operator_3.py took 0.897 seconds
