[2025-01-25T16:28:52.307+0000] {processor.py:186} INFO - Started process (PID=57) to work on /home/airflow/.local/lib/python3.12/site-packages/airflow/example_dags/example_python_decorator.py
[2025-01-25T16:28:52.308+0000] {processor.py:914} INFO - Processing file /home/airflow/.local/lib/python3.12/site-packages/airflow/example_dags/example_python_decorator.py for tasks to queue
[2025-01-25T16:28:52.311+0000] {logging_mixin.py:190} INFO - [2025-01-25T16:28:52.310+0000] {dagbag.py:588} INFO - Filling up the DagBag from /home/airflow/.local/lib/python3.12/site-packages/airflow/example_dags/example_python_decorator.py
[2025-01-25T16:28:52.330+0000] {processor.py:925} INFO - DAG(s) 'example_python_decorator' retrieved from /home/airflow/.local/lib/python3.12/site-packages/airflow/example_dags/example_python_decorator.py
[2025-01-25T16:28:52.462+0000] {logging_mixin.py:190} INFO - [2025-01-25T16:28:52.461+0000] {override.py:1911} INFO - Created Permission View: can delete on DAG:example_python_decorator
[2025-01-25T16:28:52.479+0000] {logging_mixin.py:190} INFO - [2025-01-25T16:28:52.478+0000] {override.py:1911} INFO - Created Permission View: can read on DAG:example_python_decorator
[2025-01-25T16:28:52.493+0000] {logging_mixin.py:190} INFO - [2025-01-25T16:28:52.493+0000] {override.py:1911} INFO - Created Permission View: can edit on DAG:example_python_decorator
[2025-01-25T16:28:52.513+0000] {logging_mixin.py:190} INFO - [2025-01-25T16:28:52.513+0000] {override.py:1911} INFO - Created Permission View: can delete on DAG Run:example_python_decorator
[2025-01-25T16:28:52.529+0000] {logging_mixin.py:190} INFO - [2025-01-25T16:28:52.528+0000] {override.py:1911} INFO - Created Permission View: can create on DAG Run:example_python_decorator
[2025-01-25T16:28:52.543+0000] {logging_mixin.py:190} INFO - [2025-01-25T16:28:52.543+0000] {override.py:1911} INFO - Created Permission View: menu access on DAG Run:example_python_decorator
[2025-01-25T16:28:52.559+0000] {logging_mixin.py:190} INFO - [2025-01-25T16:28:52.558+0000] {override.py:1911} INFO - Created Permission View: can read on DAG Run:example_python_decorator
[2025-01-25T16:28:52.560+0000] {logging_mixin.py:190} INFO - [2025-01-25T16:28:52.560+0000] {dag.py:3239} INFO - Sync 1 DAGs
[2025-01-25T16:28:52.573+0000] {logging_mixin.py:190} INFO - [2025-01-25T16:28:52.573+0000] {dag.py:3262} INFO - Creating ORM DAG for example_python_decorator
[2025-01-25T16:28:52.574+0000] {logging_mixin.py:190} INFO - [2025-01-25T16:28:52.574+0000] {dag.py:4180} INFO - Setting next_dagrun for example_python_decorator to None, run_after=None
[2025-01-25T16:28:52.601+0000] {processor.py:208} INFO - Processing /home/airflow/.local/lib/python3.12/site-packages/airflow/example_dags/example_python_decorator.py took 0.299 seconds
[2025-01-25T16:29:23.483+0000] {processor.py:186} INFO - Started process (PID=120) to work on /home/airflow/.local/lib/python3.12/site-packages/airflow/example_dags/example_python_decorator.py
[2025-01-25T16:29:23.484+0000] {processor.py:914} INFO - Processing file /home/airflow/.local/lib/python3.12/site-packages/airflow/example_dags/example_python_decorator.py for tasks to queue
[2025-01-25T16:29:23.487+0000] {logging_mixin.py:190} INFO - [2025-01-25T16:29:23.486+0000] {dagbag.py:588} INFO - Filling up the DagBag from /home/airflow/.local/lib/python3.12/site-packages/airflow/example_dags/example_python_decorator.py
[2025-01-25T16:29:23.502+0000] {processor.py:925} INFO - DAG(s) 'example_python_decorator' retrieved from /home/airflow/.local/lib/python3.12/site-packages/airflow/example_dags/example_python_decorator.py
[2025-01-25T16:29:23.528+0000] {logging_mixin.py:190} INFO - [2025-01-25T16:29:23.528+0000] {dag.py:3239} INFO - Sync 1 DAGs
[2025-01-25T16:29:23.543+0000] {logging_mixin.py:190} INFO - [2025-01-25T16:29:23.542+0000] {dag.py:4180} INFO - Setting next_dagrun for example_python_decorator to None, run_after=None
[2025-01-25T16:29:23.567+0000] {processor.py:208} INFO - Processing /home/airflow/.local/lib/python3.12/site-packages/airflow/example_dags/example_python_decorator.py took 0.091 seconds
[2025-01-25T16:29:54.590+0000] {processor.py:186} INFO - Started process (PID=183) to work on /home/airflow/.local/lib/python3.12/site-packages/airflow/example_dags/example_python_decorator.py
[2025-01-25T16:29:54.592+0000] {processor.py:914} INFO - Processing file /home/airflow/.local/lib/python3.12/site-packages/airflow/example_dags/example_python_decorator.py for tasks to queue
[2025-01-25T16:29:54.594+0000] {logging_mixin.py:190} INFO - [2025-01-25T16:29:54.594+0000] {dagbag.py:588} INFO - Filling up the DagBag from /home/airflow/.local/lib/python3.12/site-packages/airflow/example_dags/example_python_decorator.py
[2025-01-25T16:29:54.610+0000] {processor.py:925} INFO - DAG(s) 'example_python_decorator' retrieved from /home/airflow/.local/lib/python3.12/site-packages/airflow/example_dags/example_python_decorator.py
[2025-01-25T16:29:54.638+0000] {logging_mixin.py:190} INFO - [2025-01-25T16:29:54.638+0000] {dag.py:3239} INFO - Sync 1 DAGs
[2025-01-25T16:29:54.654+0000] {logging_mixin.py:190} INFO - [2025-01-25T16:29:54.654+0000] {dag.py:4180} INFO - Setting next_dagrun for example_python_decorator to None, run_after=None
[2025-01-25T16:29:54.687+0000] {processor.py:208} INFO - Processing /home/airflow/.local/lib/python3.12/site-packages/airflow/example_dags/example_python_decorator.py took 0.104 seconds
[2025-01-25T16:30:26.297+0000] {processor.py:186} INFO - Started process (PID=246) to work on /home/airflow/.local/lib/python3.12/site-packages/airflow/example_dags/example_python_decorator.py
[2025-01-25T16:30:26.298+0000] {processor.py:914} INFO - Processing file /home/airflow/.local/lib/python3.12/site-packages/airflow/example_dags/example_python_decorator.py for tasks to queue
[2025-01-25T16:30:26.301+0000] {logging_mixin.py:190} INFO - [2025-01-25T16:30:26.300+0000] {dagbag.py:588} INFO - Filling up the DagBag from /home/airflow/.local/lib/python3.12/site-packages/airflow/example_dags/example_python_decorator.py
[2025-01-25T16:30:26.318+0000] {processor.py:925} INFO - DAG(s) 'example_python_decorator' retrieved from /home/airflow/.local/lib/python3.12/site-packages/airflow/example_dags/example_python_decorator.py
[2025-01-25T16:30:26.345+0000] {logging_mixin.py:190} INFO - [2025-01-25T16:30:26.345+0000] {dag.py:3239} INFO - Sync 1 DAGs
[2025-01-25T16:30:26.363+0000] {logging_mixin.py:190} INFO - [2025-01-25T16:30:26.362+0000] {dag.py:4180} INFO - Setting next_dagrun for example_python_decorator to None, run_after=None
[2025-01-25T16:30:26.402+0000] {processor.py:208} INFO - Processing /home/airflow/.local/lib/python3.12/site-packages/airflow/example_dags/example_python_decorator.py took 0.111 seconds
[2025-01-25T16:30:57.851+0000] {processor.py:186} INFO - Started process (PID=309) to work on /home/airflow/.local/lib/python3.12/site-packages/airflow/example_dags/example_python_decorator.py
[2025-01-25T16:30:57.852+0000] {processor.py:914} INFO - Processing file /home/airflow/.local/lib/python3.12/site-packages/airflow/example_dags/example_python_decorator.py for tasks to queue
[2025-01-25T16:30:57.855+0000] {logging_mixin.py:190} INFO - [2025-01-25T16:30:57.855+0000] {dagbag.py:588} INFO - Filling up the DagBag from /home/airflow/.local/lib/python3.12/site-packages/airflow/example_dags/example_python_decorator.py
[2025-01-25T16:30:57.869+0000] {processor.py:925} INFO - DAG(s) 'example_python_decorator' retrieved from /home/airflow/.local/lib/python3.12/site-packages/airflow/example_dags/example_python_decorator.py
[2025-01-25T16:30:57.895+0000] {logging_mixin.py:190} INFO - [2025-01-25T16:30:57.894+0000] {dag.py:3239} INFO - Sync 1 DAGs
[2025-01-25T16:30:57.910+0000] {logging_mixin.py:190} INFO - [2025-01-25T16:30:57.909+0000] {dag.py:4180} INFO - Setting next_dagrun for example_python_decorator to None, run_after=None
[2025-01-25T16:30:57.935+0000] {processor.py:208} INFO - Processing /home/airflow/.local/lib/python3.12/site-packages/airflow/example_dags/example_python_decorator.py took 0.089 seconds
[2025-01-25T16:31:29.026+0000] {processor.py:186} INFO - Started process (PID=373) to work on /home/airflow/.local/lib/python3.12/site-packages/airflow/example_dags/example_python_decorator.py
[2025-01-25T16:31:29.028+0000] {processor.py:914} INFO - Processing file /home/airflow/.local/lib/python3.12/site-packages/airflow/example_dags/example_python_decorator.py for tasks to queue
[2025-01-25T16:31:29.030+0000] {logging_mixin.py:190} INFO - [2025-01-25T16:31:29.030+0000] {dagbag.py:588} INFO - Filling up the DagBag from /home/airflow/.local/lib/python3.12/site-packages/airflow/example_dags/example_python_decorator.py
[2025-01-25T16:31:29.046+0000] {processor.py:925} INFO - DAG(s) 'example_python_decorator' retrieved from /home/airflow/.local/lib/python3.12/site-packages/airflow/example_dags/example_python_decorator.py
[2025-01-25T16:31:29.068+0000] {logging_mixin.py:190} INFO - [2025-01-25T16:31:29.067+0000] {dag.py:3239} INFO - Sync 1 DAGs
[2025-01-25T16:31:29.083+0000] {logging_mixin.py:190} INFO - [2025-01-25T16:31:29.083+0000] {dag.py:4180} INFO - Setting next_dagrun for example_python_decorator to None, run_after=None
[2025-01-25T16:31:29.109+0000] {processor.py:208} INFO - Processing /home/airflow/.local/lib/python3.12/site-packages/airflow/example_dags/example_python_decorator.py took 0.088 seconds
[2025-01-25T16:31:59.983+0000] {processor.py:186} INFO - Started process (PID=436) to work on /home/airflow/.local/lib/python3.12/site-packages/airflow/example_dags/example_python_decorator.py
[2025-01-25T16:31:59.984+0000] {processor.py:914} INFO - Processing file /home/airflow/.local/lib/python3.12/site-packages/airflow/example_dags/example_python_decorator.py for tasks to queue
[2025-01-25T16:31:59.987+0000] {logging_mixin.py:190} INFO - [2025-01-25T16:31:59.987+0000] {dagbag.py:588} INFO - Filling up the DagBag from /home/airflow/.local/lib/python3.12/site-packages/airflow/example_dags/example_python_decorator.py
[2025-01-25T16:31:59.999+0000] {processor.py:925} INFO - DAG(s) 'example_python_decorator' retrieved from /home/airflow/.local/lib/python3.12/site-packages/airflow/example_dags/example_python_decorator.py
[2025-01-25T16:32:00.021+0000] {logging_mixin.py:190} INFO - [2025-01-25T16:32:00.021+0000] {dag.py:3239} INFO - Sync 1 DAGs
[2025-01-25T16:32:00.035+0000] {logging_mixin.py:190} INFO - [2025-01-25T16:32:00.034+0000] {dag.py:4180} INFO - Setting next_dagrun for example_python_decorator to None, run_after=None
[2025-01-25T16:32:00.426+0000] {processor.py:208} INFO - Processing /home/airflow/.local/lib/python3.12/site-packages/airflow/example_dags/example_python_decorator.py took 0.448 seconds
[2025-01-25T16:32:30.734+0000] {processor.py:186} INFO - Started process (PID=499) to work on /home/airflow/.local/lib/python3.12/site-packages/airflow/example_dags/example_python_decorator.py
[2025-01-25T16:32:30.735+0000] {processor.py:914} INFO - Processing file /home/airflow/.local/lib/python3.12/site-packages/airflow/example_dags/example_python_decorator.py for tasks to queue
[2025-01-25T16:32:30.737+0000] {logging_mixin.py:190} INFO - [2025-01-25T16:32:30.737+0000] {dagbag.py:588} INFO - Filling up the DagBag from /home/airflow/.local/lib/python3.12/site-packages/airflow/example_dags/example_python_decorator.py
[2025-01-25T16:32:30.749+0000] {processor.py:925} INFO - DAG(s) 'example_python_decorator' retrieved from /home/airflow/.local/lib/python3.12/site-packages/airflow/example_dags/example_python_decorator.py
[2025-01-25T16:32:30.768+0000] {logging_mixin.py:190} INFO - [2025-01-25T16:32:30.768+0000] {dag.py:3239} INFO - Sync 1 DAGs
[2025-01-25T16:32:30.781+0000] {logging_mixin.py:190} INFO - [2025-01-25T16:32:30.781+0000] {dag.py:4180} INFO - Setting next_dagrun for example_python_decorator to None, run_after=None
[2025-01-25T16:32:31.297+0000] {processor.py:208} INFO - Processing /home/airflow/.local/lib/python3.12/site-packages/airflow/example_dags/example_python_decorator.py took 0.568 seconds
[2025-01-25T16:33:01.573+0000] {processor.py:186} INFO - Started process (PID=562) to work on /home/airflow/.local/lib/python3.12/site-packages/airflow/example_dags/example_python_decorator.py
[2025-01-25T16:33:01.574+0000] {processor.py:914} INFO - Processing file /home/airflow/.local/lib/python3.12/site-packages/airflow/example_dags/example_python_decorator.py for tasks to queue
[2025-01-25T16:33:01.576+0000] {logging_mixin.py:190} INFO - [2025-01-25T16:33:01.576+0000] {dagbag.py:588} INFO - Filling up the DagBag from /home/airflow/.local/lib/python3.12/site-packages/airflow/example_dags/example_python_decorator.py
[2025-01-25T16:33:01.588+0000] {processor.py:925} INFO - DAG(s) 'example_python_decorator' retrieved from /home/airflow/.local/lib/python3.12/site-packages/airflow/example_dags/example_python_decorator.py
[2025-01-25T16:33:01.608+0000] {logging_mixin.py:190} INFO - [2025-01-25T16:33:01.608+0000] {dag.py:3239} INFO - Sync 1 DAGs
[2025-01-25T16:33:01.621+0000] {logging_mixin.py:190} INFO - [2025-01-25T16:33:01.621+0000] {dag.py:4180} INFO - Setting next_dagrun for example_python_decorator to None, run_after=None
[2025-01-25T16:33:01.644+0000] {processor.py:208} INFO - Processing /home/airflow/.local/lib/python3.12/site-packages/airflow/example_dags/example_python_decorator.py took 0.076 seconds
[2025-01-25T16:33:33.196+0000] {processor.py:186} INFO - Started process (PID=625) to work on /home/airflow/.local/lib/python3.12/site-packages/airflow/example_dags/example_python_decorator.py
[2025-01-25T16:33:33.197+0000] {processor.py:914} INFO - Processing file /home/airflow/.local/lib/python3.12/site-packages/airflow/example_dags/example_python_decorator.py for tasks to queue
[2025-01-25T16:33:33.199+0000] {logging_mixin.py:190} INFO - [2025-01-25T16:33:33.198+0000] {dagbag.py:588} INFO - Filling up the DagBag from /home/airflow/.local/lib/python3.12/site-packages/airflow/example_dags/example_python_decorator.py
[2025-01-25T16:33:33.210+0000] {processor.py:925} INFO - DAG(s) 'example_python_decorator' retrieved from /home/airflow/.local/lib/python3.12/site-packages/airflow/example_dags/example_python_decorator.py
[2025-01-25T16:33:33.229+0000] {logging_mixin.py:190} INFO - [2025-01-25T16:33:33.229+0000] {dag.py:3239} INFO - Sync 1 DAGs
[2025-01-25T16:33:33.241+0000] {logging_mixin.py:190} INFO - [2025-01-25T16:33:33.241+0000] {dag.py:4180} INFO - Setting next_dagrun for example_python_decorator to None, run_after=None
[2025-01-25T16:33:33.331+0000] {processor.py:208} INFO - Processing /home/airflow/.local/lib/python3.12/site-packages/airflow/example_dags/example_python_decorator.py took 0.140 seconds
[2025-01-25T16:34:04.056+0000] {processor.py:186} INFO - Started process (PID=688) to work on /home/airflow/.local/lib/python3.12/site-packages/airflow/example_dags/example_python_decorator.py
[2025-01-25T16:34:04.057+0000] {processor.py:914} INFO - Processing file /home/airflow/.local/lib/python3.12/site-packages/airflow/example_dags/example_python_decorator.py for tasks to queue
[2025-01-25T16:34:04.059+0000] {logging_mixin.py:190} INFO - [2025-01-25T16:34:04.059+0000] {dagbag.py:588} INFO - Filling up the DagBag from /home/airflow/.local/lib/python3.12/site-packages/airflow/example_dags/example_python_decorator.py
[2025-01-25T16:34:04.071+0000] {processor.py:925} INFO - DAG(s) 'example_python_decorator' retrieved from /home/airflow/.local/lib/python3.12/site-packages/airflow/example_dags/example_python_decorator.py
[2025-01-25T16:34:04.091+0000] {logging_mixin.py:190} INFO - [2025-01-25T16:34:04.090+0000] {dag.py:3239} INFO - Sync 1 DAGs
[2025-01-25T16:34:04.103+0000] {logging_mixin.py:190} INFO - [2025-01-25T16:34:04.103+0000] {dag.py:4180} INFO - Setting next_dagrun for example_python_decorator to None, run_after=None
[2025-01-25T16:34:04.582+0000] {processor.py:208} INFO - Processing /home/airflow/.local/lib/python3.12/site-packages/airflow/example_dags/example_python_decorator.py took 0.531 seconds
[2025-01-25T16:34:34.921+0000] {processor.py:186} INFO - Started process (PID=751) to work on /home/airflow/.local/lib/python3.12/site-packages/airflow/example_dags/example_python_decorator.py
[2025-01-25T16:34:34.922+0000] {processor.py:914} INFO - Processing file /home/airflow/.local/lib/python3.12/site-packages/airflow/example_dags/example_python_decorator.py for tasks to queue
[2025-01-25T16:34:34.924+0000] {logging_mixin.py:190} INFO - [2025-01-25T16:34:34.924+0000] {dagbag.py:588} INFO - Filling up the DagBag from /home/airflow/.local/lib/python3.12/site-packages/airflow/example_dags/example_python_decorator.py
[2025-01-25T16:34:34.936+0000] {processor.py:925} INFO - DAG(s) 'example_python_decorator' retrieved from /home/airflow/.local/lib/python3.12/site-packages/airflow/example_dags/example_python_decorator.py
[2025-01-25T16:34:34.956+0000] {logging_mixin.py:190} INFO - [2025-01-25T16:34:34.956+0000] {dag.py:3239} INFO - Sync 1 DAGs
[2025-01-25T16:34:34.969+0000] {logging_mixin.py:190} INFO - [2025-01-25T16:34:34.969+0000] {dag.py:4180} INFO - Setting next_dagrun for example_python_decorator to None, run_after=None
[2025-01-25T16:34:35.090+0000] {processor.py:208} INFO - Processing /home/airflow/.local/lib/python3.12/site-packages/airflow/example_dags/example_python_decorator.py took 0.173 seconds
[2025-01-25T16:35:05.573+0000] {processor.py:186} INFO - Started process (PID=814) to work on /home/airflow/.local/lib/python3.12/site-packages/airflow/example_dags/example_python_decorator.py
[2025-01-25T16:35:05.574+0000] {processor.py:914} INFO - Processing file /home/airflow/.local/lib/python3.12/site-packages/airflow/example_dags/example_python_decorator.py for tasks to queue
[2025-01-25T16:35:05.577+0000] {logging_mixin.py:190} INFO - [2025-01-25T16:35:05.576+0000] {dagbag.py:588} INFO - Filling up the DagBag from /home/airflow/.local/lib/python3.12/site-packages/airflow/example_dags/example_python_decorator.py
[2025-01-25T16:35:05.589+0000] {processor.py:925} INFO - DAG(s) 'example_python_decorator' retrieved from /home/airflow/.local/lib/python3.12/site-packages/airflow/example_dags/example_python_decorator.py
[2025-01-25T16:35:05.609+0000] {logging_mixin.py:190} INFO - [2025-01-25T16:35:05.609+0000] {dag.py:3239} INFO - Sync 1 DAGs
[2025-01-25T16:35:05.623+0000] {logging_mixin.py:190} INFO - [2025-01-25T16:35:05.623+0000] {dag.py:4180} INFO - Setting next_dagrun for example_python_decorator to None, run_after=None
[2025-01-25T16:35:06.093+0000] {processor.py:208} INFO - Processing /home/airflow/.local/lib/python3.12/site-packages/airflow/example_dags/example_python_decorator.py took 0.525 seconds
[2025-01-25T16:35:36.527+0000] {processor.py:186} INFO - Started process (PID=877) to work on /home/airflow/.local/lib/python3.12/site-packages/airflow/example_dags/example_python_decorator.py
[2025-01-25T16:35:36.528+0000] {processor.py:914} INFO - Processing file /home/airflow/.local/lib/python3.12/site-packages/airflow/example_dags/example_python_decorator.py for tasks to queue
[2025-01-25T16:35:36.530+0000] {logging_mixin.py:190} INFO - [2025-01-25T16:35:36.529+0000] {dagbag.py:588} INFO - Filling up the DagBag from /home/airflow/.local/lib/python3.12/site-packages/airflow/example_dags/example_python_decorator.py
[2025-01-25T16:35:36.543+0000] {processor.py:925} INFO - DAG(s) 'example_python_decorator' retrieved from /home/airflow/.local/lib/python3.12/site-packages/airflow/example_dags/example_python_decorator.py
[2025-01-25T16:35:36.564+0000] {logging_mixin.py:190} INFO - [2025-01-25T16:35:36.563+0000] {dag.py:3239} INFO - Sync 1 DAGs
[2025-01-25T16:35:36.578+0000] {logging_mixin.py:190} INFO - [2025-01-25T16:35:36.578+0000] {dag.py:4180} INFO - Setting next_dagrun for example_python_decorator to None, run_after=None
[2025-01-25T16:35:36.611+0000] {processor.py:208} INFO - Processing /home/airflow/.local/lib/python3.12/site-packages/airflow/example_dags/example_python_decorator.py took 0.090 seconds
[2025-01-25T16:36:08.877+0000] {processor.py:186} INFO - Started process (PID=940) to work on /home/airflow/.local/lib/python3.12/site-packages/airflow/example_dags/example_python_decorator.py
[2025-01-25T16:36:08.878+0000] {processor.py:914} INFO - Processing file /home/airflow/.local/lib/python3.12/site-packages/airflow/example_dags/example_python_decorator.py for tasks to queue
[2025-01-25T16:36:08.881+0000] {logging_mixin.py:190} INFO - [2025-01-25T16:36:08.880+0000] {dagbag.py:588} INFO - Filling up the DagBag from /home/airflow/.local/lib/python3.12/site-packages/airflow/example_dags/example_python_decorator.py
[2025-01-25T16:36:08.897+0000] {processor.py:925} INFO - DAG(s) 'example_python_decorator' retrieved from /home/airflow/.local/lib/python3.12/site-packages/airflow/example_dags/example_python_decorator.py
[2025-01-25T16:36:08.925+0000] {logging_mixin.py:190} INFO - [2025-01-25T16:36:08.925+0000] {dag.py:3239} INFO - Sync 1 DAGs
[2025-01-25T16:36:08.938+0000] {logging_mixin.py:190} INFO - [2025-01-25T16:36:08.938+0000] {dag.py:4180} INFO - Setting next_dagrun for example_python_decorator to None, run_after=None
[2025-01-25T16:36:09.497+0000] {processor.py:208} INFO - Processing /home/airflow/.local/lib/python3.12/site-packages/airflow/example_dags/example_python_decorator.py took 0.627 seconds
[2025-01-25T16:36:39.579+0000] {processor.py:186} INFO - Started process (PID=1003) to work on /home/airflow/.local/lib/python3.12/site-packages/airflow/example_dags/example_python_decorator.py
[2025-01-25T16:36:39.581+0000] {processor.py:914} INFO - Processing file /home/airflow/.local/lib/python3.12/site-packages/airflow/example_dags/example_python_decorator.py for tasks to queue
[2025-01-25T16:36:39.583+0000] {logging_mixin.py:190} INFO - [2025-01-25T16:36:39.583+0000] {dagbag.py:588} INFO - Filling up the DagBag from /home/airflow/.local/lib/python3.12/site-packages/airflow/example_dags/example_python_decorator.py
[2025-01-25T16:36:39.599+0000] {processor.py:925} INFO - DAG(s) 'example_python_decorator' retrieved from /home/airflow/.local/lib/python3.12/site-packages/airflow/example_dags/example_python_decorator.py
[2025-01-25T16:36:39.627+0000] {logging_mixin.py:190} INFO - [2025-01-25T16:36:39.627+0000] {dag.py:3239} INFO - Sync 1 DAGs
[2025-01-25T16:36:39.641+0000] {logging_mixin.py:190} INFO - [2025-01-25T16:36:39.641+0000] {dag.py:4180} INFO - Setting next_dagrun for example_python_decorator to None, run_after=None
[2025-01-25T16:36:40.154+0000] {processor.py:208} INFO - Processing /home/airflow/.local/lib/python3.12/site-packages/airflow/example_dags/example_python_decorator.py took 0.580 seconds
[2025-01-25T16:37:10.374+0000] {processor.py:186} INFO - Started process (PID=1066) to work on /home/airflow/.local/lib/python3.12/site-packages/airflow/example_dags/example_python_decorator.py
[2025-01-25T16:37:10.375+0000] {processor.py:914} INFO - Processing file /home/airflow/.local/lib/python3.12/site-packages/airflow/example_dags/example_python_decorator.py for tasks to queue
[2025-01-25T16:37:10.377+0000] {logging_mixin.py:190} INFO - [2025-01-25T16:37:10.377+0000] {dagbag.py:588} INFO - Filling up the DagBag from /home/airflow/.local/lib/python3.12/site-packages/airflow/example_dags/example_python_decorator.py
[2025-01-25T16:37:10.390+0000] {processor.py:925} INFO - DAG(s) 'example_python_decorator' retrieved from /home/airflow/.local/lib/python3.12/site-packages/airflow/example_dags/example_python_decorator.py
[2025-01-25T16:37:10.410+0000] {logging_mixin.py:190} INFO - [2025-01-25T16:37:10.410+0000] {dag.py:3239} INFO - Sync 1 DAGs
[2025-01-25T16:37:10.422+0000] {logging_mixin.py:190} INFO - [2025-01-25T16:37:10.422+0000] {dag.py:4180} INFO - Setting next_dagrun for example_python_decorator to None, run_after=None
[2025-01-25T16:37:10.549+0000] {processor.py:208} INFO - Processing /home/airflow/.local/lib/python3.12/site-packages/airflow/example_dags/example_python_decorator.py took 0.180 seconds
[2025-01-25T16:37:41.780+0000] {processor.py:186} INFO - Started process (PID=1129) to work on /home/airflow/.local/lib/python3.12/site-packages/airflow/example_dags/example_python_decorator.py
[2025-01-25T16:37:41.781+0000] {processor.py:914} INFO - Processing file /home/airflow/.local/lib/python3.12/site-packages/airflow/example_dags/example_python_decorator.py for tasks to queue
[2025-01-25T16:37:41.783+0000] {logging_mixin.py:190} INFO - [2025-01-25T16:37:41.783+0000] {dagbag.py:588} INFO - Filling up the DagBag from /home/airflow/.local/lib/python3.12/site-packages/airflow/example_dags/example_python_decorator.py
[2025-01-25T16:37:41.795+0000] {processor.py:925} INFO - DAG(s) 'example_python_decorator' retrieved from /home/airflow/.local/lib/python3.12/site-packages/airflow/example_dags/example_python_decorator.py
[2025-01-25T16:37:41.816+0000] {logging_mixin.py:190} INFO - [2025-01-25T16:37:41.816+0000] {dag.py:3239} INFO - Sync 1 DAGs
[2025-01-25T16:37:41.829+0000] {logging_mixin.py:190} INFO - [2025-01-25T16:37:41.828+0000] {dag.py:4180} INFO - Setting next_dagrun for example_python_decorator to None, run_after=None
[2025-01-25T16:37:42.303+0000] {processor.py:208} INFO - Processing /home/airflow/.local/lib/python3.12/site-packages/airflow/example_dags/example_python_decorator.py took 0.528 seconds
