[2025-01-25T16:28:49.533+0000] {processor.py:186} INFO - Started process (PID=43) to work on /home/airflow/.local/lib/python3.12/site-packages/airflow/example_dags/example_display_name.py
[2025-01-25T16:28:49.534+0000] {processor.py:914} INFO - Processing file /home/airflow/.local/lib/python3.12/site-packages/airflow/example_dags/example_display_name.py for tasks to queue
[2025-01-25T16:28:49.537+0000] {logging_mixin.py:190} INFO - [2025-01-25T16:28:49.536+0000] {dagbag.py:588} INFO - Filling up the DagBag from /home/airflow/.local/lib/python3.12/site-packages/airflow/example_dags/example_display_name.py
[2025-01-25T16:28:49.544+0000] {processor.py:925} INFO - DAG(s) 'example_display_name' retrieved from /home/airflow/.local/lib/python3.12/site-packages/airflow/example_dags/example_display_name.py
[2025-01-25T16:28:49.652+0000] {logging_mixin.py:190} INFO - [2025-01-25T16:28:49.652+0000] {override.py:1911} INFO - Created Permission View: can delete on DAG:example_display_name
[2025-01-25T16:28:49.673+0000] {logging_mixin.py:190} INFO - [2025-01-25T16:28:49.673+0000] {override.py:1911} INFO - Created Permission View: can read on DAG:example_display_name
[2025-01-25T16:28:49.688+0000] {logging_mixin.py:190} INFO - [2025-01-25T16:28:49.688+0000] {override.py:1911} INFO - Created Permission View: can edit on DAG:example_display_name
[2025-01-25T16:28:49.703+0000] {logging_mixin.py:190} INFO - [2025-01-25T16:28:49.703+0000] {override.py:1911} INFO - Created Permission View: can delete on DAG Run:example_display_name
[2025-01-25T16:28:49.714+0000] {logging_mixin.py:190} INFO - [2025-01-25T16:28:49.714+0000] {override.py:1911} INFO - Created Permission View: can create on DAG Run:example_display_name
[2025-01-25T16:28:49.725+0000] {logging_mixin.py:190} INFO - [2025-01-25T16:28:49.725+0000] {override.py:1911} INFO - Created Permission View: menu access on DAG Run:example_display_name
[2025-01-25T16:28:49.736+0000] {logging_mixin.py:190} INFO - [2025-01-25T16:28:49.736+0000] {override.py:1911} INFO - Created Permission View: can read on DAG Run:example_display_name
[2025-01-25T16:28:49.737+0000] {logging_mixin.py:190} INFO - [2025-01-25T16:28:49.737+0000] {dag.py:3239} INFO - Sync 1 DAGs
[2025-01-25T16:28:49.749+0000] {logging_mixin.py:190} INFO - [2025-01-25T16:28:49.748+0000] {dag.py:3262} INFO - Creating ORM DAG for example_display_name
[2025-01-25T16:28:49.750+0000] {logging_mixin.py:190} INFO - [2025-01-25T16:28:49.749+0000] {dag.py:4180} INFO - Setting next_dagrun for example_display_name to None, run_after=None
[2025-01-25T16:28:49.770+0000] {processor.py:208} INFO - Processing /home/airflow/.local/lib/python3.12/site-packages/airflow/example_dags/example_display_name.py took 0.243 seconds
[2025-01-25T16:29:20.201+0000] {processor.py:186} INFO - Started process (PID=106) to work on /home/airflow/.local/lib/python3.12/site-packages/airflow/example_dags/example_display_name.py
[2025-01-25T16:29:20.203+0000] {processor.py:914} INFO - Processing file /home/airflow/.local/lib/python3.12/site-packages/airflow/example_dags/example_display_name.py for tasks to queue
[2025-01-25T16:29:20.206+0000] {logging_mixin.py:190} INFO - [2025-01-25T16:29:20.206+0000] {dagbag.py:588} INFO - Filling up the DagBag from /home/airflow/.local/lib/python3.12/site-packages/airflow/example_dags/example_display_name.py
[2025-01-25T16:29:20.214+0000] {processor.py:925} INFO - DAG(s) 'example_display_name' retrieved from /home/airflow/.local/lib/python3.12/site-packages/airflow/example_dags/example_display_name.py
[2025-01-25T16:29:20.244+0000] {logging_mixin.py:190} INFO - [2025-01-25T16:29:20.243+0000] {dag.py:3239} INFO - Sync 1 DAGs
[2025-01-25T16:29:20.259+0000] {logging_mixin.py:190} INFO - [2025-01-25T16:29:20.258+0000] {dag.py:4180} INFO - Setting next_dagrun for example_display_name to None, run_after=None
[2025-01-25T16:29:20.282+0000] {processor.py:208} INFO - Processing /home/airflow/.local/lib/python3.12/site-packages/airflow/example_dags/example_display_name.py took 0.086 seconds
[2025-01-25T16:29:51.269+0000] {processor.py:186} INFO - Started process (PID=175) to work on /home/airflow/.local/lib/python3.12/site-packages/airflow/example_dags/example_display_name.py
[2025-01-25T16:29:51.270+0000] {processor.py:914} INFO - Processing file /home/airflow/.local/lib/python3.12/site-packages/airflow/example_dags/example_display_name.py for tasks to queue
[2025-01-25T16:29:51.272+0000] {logging_mixin.py:190} INFO - [2025-01-25T16:29:51.272+0000] {dagbag.py:588} INFO - Filling up the DagBag from /home/airflow/.local/lib/python3.12/site-packages/airflow/example_dags/example_display_name.py
[2025-01-25T16:29:51.279+0000] {processor.py:925} INFO - DAG(s) 'example_display_name' retrieved from /home/airflow/.local/lib/python3.12/site-packages/airflow/example_dags/example_display_name.py
[2025-01-25T16:29:51.299+0000] {logging_mixin.py:190} INFO - [2025-01-25T16:29:51.298+0000] {dag.py:3239} INFO - Sync 1 DAGs
[2025-01-25T16:29:51.312+0000] {logging_mixin.py:190} INFO - [2025-01-25T16:29:51.312+0000] {dag.py:4180} INFO - Setting next_dagrun for example_display_name to None, run_after=None
[2025-01-25T16:29:51.442+0000] {processor.py:208} INFO - Processing /home/airflow/.local/lib/python3.12/site-packages/airflow/example_dags/example_display_name.py took 0.178 seconds
[2025-01-25T16:30:21.920+0000] {processor.py:186} INFO - Started process (PID=238) to work on /home/airflow/.local/lib/python3.12/site-packages/airflow/example_dags/example_display_name.py
[2025-01-25T16:30:21.921+0000] {processor.py:914} INFO - Processing file /home/airflow/.local/lib/python3.12/site-packages/airflow/example_dags/example_display_name.py for tasks to queue
[2025-01-25T16:30:21.936+0000] {logging_mixin.py:190} INFO - [2025-01-25T16:30:21.935+0000] {dagbag.py:588} INFO - Filling up the DagBag from /home/airflow/.local/lib/python3.12/site-packages/airflow/example_dags/example_display_name.py
[2025-01-25T16:30:21.943+0000] {processor.py:925} INFO - DAG(s) 'example_display_name' retrieved from /home/airflow/.local/lib/python3.12/site-packages/airflow/example_dags/example_display_name.py
[2025-01-25T16:30:21.964+0000] {logging_mixin.py:190} INFO - [2025-01-25T16:30:21.964+0000] {dag.py:3239} INFO - Sync 1 DAGs
[2025-01-25T16:30:21.977+0000] {logging_mixin.py:190} INFO - [2025-01-25T16:30:21.976+0000] {dag.py:4180} INFO - Setting next_dagrun for example_display_name to None, run_after=None
[2025-01-25T16:30:22.064+0000] {processor.py:208} INFO - Processing /home/airflow/.local/lib/python3.12/site-packages/airflow/example_dags/example_display_name.py took 0.150 seconds
[2025-01-25T16:30:52.726+0000] {processor.py:186} INFO - Started process (PID=301) to work on /home/airflow/.local/lib/python3.12/site-packages/airflow/example_dags/example_display_name.py
[2025-01-25T16:30:52.727+0000] {processor.py:914} INFO - Processing file /home/airflow/.local/lib/python3.12/site-packages/airflow/example_dags/example_display_name.py for tasks to queue
[2025-01-25T16:30:52.730+0000] {logging_mixin.py:190} INFO - [2025-01-25T16:30:52.729+0000] {dagbag.py:588} INFO - Filling up the DagBag from /home/airflow/.local/lib/python3.12/site-packages/airflow/example_dags/example_display_name.py
[2025-01-25T16:30:52.737+0000] {processor.py:925} INFO - DAG(s) 'example_display_name' retrieved from /home/airflow/.local/lib/python3.12/site-packages/airflow/example_dags/example_display_name.py
[2025-01-25T16:30:52.757+0000] {logging_mixin.py:190} INFO - [2025-01-25T16:30:52.757+0000] {dag.py:3239} INFO - Sync 1 DAGs
[2025-01-25T16:30:52.772+0000] {logging_mixin.py:190} INFO - [2025-01-25T16:30:52.772+0000] {dag.py:4180} INFO - Setting next_dagrun for example_display_name to None, run_after=None
[2025-01-25T16:30:52.796+0000] {processor.py:208} INFO - Processing /home/airflow/.local/lib/python3.12/site-packages/airflow/example_dags/example_display_name.py took 0.075 seconds
[2025-01-25T16:31:23.452+0000] {processor.py:186} INFO - Started process (PID=365) to work on /home/airflow/.local/lib/python3.12/site-packages/airflow/example_dags/example_display_name.py
[2025-01-25T16:31:23.453+0000] {processor.py:914} INFO - Processing file /home/airflow/.local/lib/python3.12/site-packages/airflow/example_dags/example_display_name.py for tasks to queue
[2025-01-25T16:31:23.455+0000] {logging_mixin.py:190} INFO - [2025-01-25T16:31:23.455+0000] {dagbag.py:588} INFO - Filling up the DagBag from /home/airflow/.local/lib/python3.12/site-packages/airflow/example_dags/example_display_name.py
[2025-01-25T16:31:23.464+0000] {processor.py:925} INFO - DAG(s) 'example_display_name' retrieved from /home/airflow/.local/lib/python3.12/site-packages/airflow/example_dags/example_display_name.py
[2025-01-25T16:31:23.491+0000] {logging_mixin.py:190} INFO - [2025-01-25T16:31:23.490+0000] {dag.py:3239} INFO - Sync 1 DAGs
[2025-01-25T16:31:23.507+0000] {logging_mixin.py:190} INFO - [2025-01-25T16:31:23.507+0000] {dag.py:4180} INFO - Setting next_dagrun for example_display_name to None, run_after=None
[2025-01-25T16:31:23.550+0000] {processor.py:208} INFO - Processing /home/airflow/.local/lib/python3.12/site-packages/airflow/example_dags/example_display_name.py took 0.105 seconds
[2025-01-25T16:31:54.412+0000] {processor.py:186} INFO - Started process (PID=428) to work on /home/airflow/.local/lib/python3.12/site-packages/airflow/example_dags/example_display_name.py
[2025-01-25T16:31:54.413+0000] {processor.py:914} INFO - Processing file /home/airflow/.local/lib/python3.12/site-packages/airflow/example_dags/example_display_name.py for tasks to queue
[2025-01-25T16:31:54.416+0000] {logging_mixin.py:190} INFO - [2025-01-25T16:31:54.415+0000] {dagbag.py:588} INFO - Filling up the DagBag from /home/airflow/.local/lib/python3.12/site-packages/airflow/example_dags/example_display_name.py
[2025-01-25T16:31:54.424+0000] {processor.py:925} INFO - DAG(s) 'example_display_name' retrieved from /home/airflow/.local/lib/python3.12/site-packages/airflow/example_dags/example_display_name.py
[2025-01-25T16:31:54.442+0000] {logging_mixin.py:190} INFO - [2025-01-25T16:31:54.442+0000] {dag.py:3239} INFO - Sync 1 DAGs
[2025-01-25T16:31:54.456+0000] {logging_mixin.py:190} INFO - [2025-01-25T16:31:54.456+0000] {dag.py:4180} INFO - Setting next_dagrun for example_display_name to None, run_after=None
[2025-01-25T16:31:54.478+0000] {processor.py:208} INFO - Processing /home/airflow/.local/lib/python3.12/site-packages/airflow/example_dags/example_display_name.py took 0.072 seconds
[2025-01-25T16:32:26.810+0000] {processor.py:186} INFO - Started process (PID=491) to work on /home/airflow/.local/lib/python3.12/site-packages/airflow/example_dags/example_display_name.py
[2025-01-25T16:32:26.811+0000] {processor.py:914} INFO - Processing file /home/airflow/.local/lib/python3.12/site-packages/airflow/example_dags/example_display_name.py for tasks to queue
[2025-01-25T16:32:26.813+0000] {logging_mixin.py:190} INFO - [2025-01-25T16:32:26.813+0000] {dagbag.py:588} INFO - Filling up the DagBag from /home/airflow/.local/lib/python3.12/site-packages/airflow/example_dags/example_display_name.py
[2025-01-25T16:32:26.820+0000] {processor.py:925} INFO - DAG(s) 'example_display_name' retrieved from /home/airflow/.local/lib/python3.12/site-packages/airflow/example_dags/example_display_name.py
[2025-01-25T16:32:26.838+0000] {logging_mixin.py:190} INFO - [2025-01-25T16:32:26.838+0000] {dag.py:3239} INFO - Sync 1 DAGs
[2025-01-25T16:32:26.851+0000] {logging_mixin.py:190} INFO - [2025-01-25T16:32:26.851+0000] {dag.py:4180} INFO - Setting next_dagrun for example_display_name to None, run_after=None
[2025-01-25T16:32:27.368+0000] {processor.py:208} INFO - Processing /home/airflow/.local/lib/python3.12/site-packages/airflow/example_dags/example_display_name.py took 0.562 seconds
[2025-01-25T16:32:58.118+0000] {processor.py:186} INFO - Started process (PID=554) to work on /home/airflow/.local/lib/python3.12/site-packages/airflow/example_dags/example_display_name.py
[2025-01-25T16:32:58.119+0000] {processor.py:914} INFO - Processing file /home/airflow/.local/lib/python3.12/site-packages/airflow/example_dags/example_display_name.py for tasks to queue
[2025-01-25T16:32:58.121+0000] {logging_mixin.py:190} INFO - [2025-01-25T16:32:58.121+0000] {dagbag.py:588} INFO - Filling up the DagBag from /home/airflow/.local/lib/python3.12/site-packages/airflow/example_dags/example_display_name.py
[2025-01-25T16:32:58.128+0000] {processor.py:925} INFO - DAG(s) 'example_display_name' retrieved from /home/airflow/.local/lib/python3.12/site-packages/airflow/example_dags/example_display_name.py
[2025-01-25T16:32:58.146+0000] {logging_mixin.py:190} INFO - [2025-01-25T16:32:58.146+0000] {dag.py:3239} INFO - Sync 1 DAGs
[2025-01-25T16:32:58.158+0000] {logging_mixin.py:190} INFO - [2025-01-25T16:32:58.158+0000] {dag.py:4180} INFO - Setting next_dagrun for example_display_name to None, run_after=None
[2025-01-25T16:32:58.300+0000] {processor.py:208} INFO - Processing /home/airflow/.local/lib/python3.12/site-packages/airflow/example_dags/example_display_name.py took 0.187 seconds
[2025-01-25T16:33:29.676+0000] {processor.py:186} INFO - Started process (PID=617) to work on /home/airflow/.local/lib/python3.12/site-packages/airflow/example_dags/example_display_name.py
[2025-01-25T16:33:29.677+0000] {processor.py:914} INFO - Processing file /home/airflow/.local/lib/python3.12/site-packages/airflow/example_dags/example_display_name.py for tasks to queue
[2025-01-25T16:33:29.680+0000] {logging_mixin.py:190} INFO - [2025-01-25T16:33:29.679+0000] {dagbag.py:588} INFO - Filling up the DagBag from /home/airflow/.local/lib/python3.12/site-packages/airflow/example_dags/example_display_name.py
[2025-01-25T16:33:29.685+0000] {processor.py:925} INFO - DAG(s) 'example_display_name' retrieved from /home/airflow/.local/lib/python3.12/site-packages/airflow/example_dags/example_display_name.py
[2025-01-25T16:33:29.702+0000] {logging_mixin.py:190} INFO - [2025-01-25T16:33:29.702+0000] {dag.py:3239} INFO - Sync 1 DAGs
[2025-01-25T16:33:29.714+0000] {logging_mixin.py:190} INFO - [2025-01-25T16:33:29.714+0000] {dag.py:4180} INFO - Setting next_dagrun for example_display_name to None, run_after=None
[2025-01-25T16:33:29.822+0000] {processor.py:208} INFO - Processing /home/airflow/.local/lib/python3.12/site-packages/airflow/example_dags/example_display_name.py took 0.150 seconds
[2025-01-25T16:34:00.335+0000] {processor.py:186} INFO - Started process (PID=680) to work on /home/airflow/.local/lib/python3.12/site-packages/airflow/example_dags/example_display_name.py
[2025-01-25T16:34:00.336+0000] {processor.py:914} INFO - Processing file /home/airflow/.local/lib/python3.12/site-packages/airflow/example_dags/example_display_name.py for tasks to queue
[2025-01-25T16:34:00.338+0000] {logging_mixin.py:190} INFO - [2025-01-25T16:34:00.338+0000] {dagbag.py:588} INFO - Filling up the DagBag from /home/airflow/.local/lib/python3.12/site-packages/airflow/example_dags/example_display_name.py
[2025-01-25T16:34:00.345+0000] {processor.py:925} INFO - DAG(s) 'example_display_name' retrieved from /home/airflow/.local/lib/python3.12/site-packages/airflow/example_dags/example_display_name.py
[2025-01-25T16:34:00.363+0000] {logging_mixin.py:190} INFO - [2025-01-25T16:34:00.362+0000] {dag.py:3239} INFO - Sync 1 DAGs
[2025-01-25T16:34:00.375+0000] {logging_mixin.py:190} INFO - [2025-01-25T16:34:00.375+0000] {dag.py:4180} INFO - Setting next_dagrun for example_display_name to None, run_after=None
[2025-01-25T16:34:00.520+0000] {processor.py:208} INFO - Processing /home/airflow/.local/lib/python3.12/site-packages/airflow/example_dags/example_display_name.py took 0.189 seconds
[2025-01-25T16:34:30.837+0000] {processor.py:186} INFO - Started process (PID=743) to work on /home/airflow/.local/lib/python3.12/site-packages/airflow/example_dags/example_display_name.py
[2025-01-25T16:34:30.838+0000] {processor.py:914} INFO - Processing file /home/airflow/.local/lib/python3.12/site-packages/airflow/example_dags/example_display_name.py for tasks to queue
[2025-01-25T16:34:30.840+0000] {logging_mixin.py:190} INFO - [2025-01-25T16:34:30.840+0000] {dagbag.py:588} INFO - Filling up the DagBag from /home/airflow/.local/lib/python3.12/site-packages/airflow/example_dags/example_display_name.py
[2025-01-25T16:34:30.846+0000] {processor.py:925} INFO - DAG(s) 'example_display_name' retrieved from /home/airflow/.local/lib/python3.12/site-packages/airflow/example_dags/example_display_name.py
[2025-01-25T16:34:30.864+0000] {logging_mixin.py:190} INFO - [2025-01-25T16:34:30.864+0000] {dag.py:3239} INFO - Sync 1 DAGs
[2025-01-25T16:34:30.877+0000] {logging_mixin.py:190} INFO - [2025-01-25T16:34:30.877+0000] {dag.py:4180} INFO - Setting next_dagrun for example_display_name to None, run_after=None
[2025-01-25T16:34:31.269+0000] {processor.py:208} INFO - Processing /home/airflow/.local/lib/python3.12/site-packages/airflow/example_dags/example_display_name.py took 0.437 seconds
[2025-01-25T16:35:01.723+0000] {processor.py:186} INFO - Started process (PID=806) to work on /home/airflow/.local/lib/python3.12/site-packages/airflow/example_dags/example_display_name.py
[2025-01-25T16:35:01.724+0000] {processor.py:914} INFO - Processing file /home/airflow/.local/lib/python3.12/site-packages/airflow/example_dags/example_display_name.py for tasks to queue
[2025-01-25T16:35:01.727+0000] {logging_mixin.py:190} INFO - [2025-01-25T16:35:01.726+0000] {dagbag.py:588} INFO - Filling up the DagBag from /home/airflow/.local/lib/python3.12/site-packages/airflow/example_dags/example_display_name.py
[2025-01-25T16:35:01.734+0000] {processor.py:925} INFO - DAG(s) 'example_display_name' retrieved from /home/airflow/.local/lib/python3.12/site-packages/airflow/example_dags/example_display_name.py
[2025-01-25T16:35:01.752+0000] {logging_mixin.py:190} INFO - [2025-01-25T16:35:01.752+0000] {dag.py:3239} INFO - Sync 1 DAGs
[2025-01-25T16:35:01.767+0000] {logging_mixin.py:190} INFO - [2025-01-25T16:35:01.766+0000] {dag.py:4180} INFO - Setting next_dagrun for example_display_name to None, run_after=None
[2025-01-25T16:35:01.884+0000] {processor.py:208} INFO - Processing /home/airflow/.local/lib/python3.12/site-packages/airflow/example_dags/example_display_name.py took 0.166 seconds
[2025-01-25T16:35:32.476+0000] {processor.py:186} INFO - Started process (PID=869) to work on /home/airflow/.local/lib/python3.12/site-packages/airflow/example_dags/example_display_name.py
[2025-01-25T16:35:32.477+0000] {processor.py:914} INFO - Processing file /home/airflow/.local/lib/python3.12/site-packages/airflow/example_dags/example_display_name.py for tasks to queue
[2025-01-25T16:35:32.480+0000] {logging_mixin.py:190} INFO - [2025-01-25T16:35:32.479+0000] {dagbag.py:588} INFO - Filling up the DagBag from /home/airflow/.local/lib/python3.12/site-packages/airflow/example_dags/example_display_name.py
[2025-01-25T16:35:32.486+0000] {processor.py:925} INFO - DAG(s) 'example_display_name' retrieved from /home/airflow/.local/lib/python3.12/site-packages/airflow/example_dags/example_display_name.py
[2025-01-25T16:35:32.504+0000] {logging_mixin.py:190} INFO - [2025-01-25T16:35:32.504+0000] {dag.py:3239} INFO - Sync 1 DAGs
[2025-01-25T16:35:32.517+0000] {logging_mixin.py:190} INFO - [2025-01-25T16:35:32.517+0000] {dag.py:4180} INFO - Setting next_dagrun for example_display_name to None, run_after=None
[2025-01-25T16:35:33.019+0000] {processor.py:208} INFO - Processing /home/airflow/.local/lib/python3.12/site-packages/airflow/example_dags/example_display_name.py took 0.548 seconds
[2025-01-25T16:36:03.612+0000] {processor.py:186} INFO - Started process (PID=932) to work on /home/airflow/.local/lib/python3.12/site-packages/airflow/example_dags/example_display_name.py
[2025-01-25T16:36:03.613+0000] {processor.py:914} INFO - Processing file /home/airflow/.local/lib/python3.12/site-packages/airflow/example_dags/example_display_name.py for tasks to queue
[2025-01-25T16:36:03.615+0000] {logging_mixin.py:190} INFO - [2025-01-25T16:36:03.615+0000] {dagbag.py:588} INFO - Filling up the DagBag from /home/airflow/.local/lib/python3.12/site-packages/airflow/example_dags/example_display_name.py
[2025-01-25T16:36:03.622+0000] {processor.py:925} INFO - DAG(s) 'example_display_name' retrieved from /home/airflow/.local/lib/python3.12/site-packages/airflow/example_dags/example_display_name.py
[2025-01-25T16:36:03.640+0000] {logging_mixin.py:190} INFO - [2025-01-25T16:36:03.640+0000] {dag.py:3239} INFO - Sync 1 DAGs
[2025-01-25T16:36:03.654+0000] {logging_mixin.py:190} INFO - [2025-01-25T16:36:03.653+0000] {dag.py:4180} INFO - Setting next_dagrun for example_display_name to None, run_after=None
[2025-01-25T16:36:03.697+0000] {processor.py:208} INFO - Processing /home/airflow/.local/lib/python3.12/site-packages/airflow/example_dags/example_display_name.py took 0.092 seconds
[2025-01-25T16:36:33.927+0000] {processor.py:186} INFO - Started process (PID=995) to work on /home/airflow/.local/lib/python3.12/site-packages/airflow/example_dags/example_display_name.py
[2025-01-25T16:36:33.928+0000] {processor.py:914} INFO - Processing file /home/airflow/.local/lib/python3.12/site-packages/airflow/example_dags/example_display_name.py for tasks to queue
[2025-01-25T16:36:33.930+0000] {logging_mixin.py:190} INFO - [2025-01-25T16:36:33.930+0000] {dagbag.py:588} INFO - Filling up the DagBag from /home/airflow/.local/lib/python3.12/site-packages/airflow/example_dags/example_display_name.py
[2025-01-25T16:36:33.937+0000] {processor.py:925} INFO - DAG(s) 'example_display_name' retrieved from /home/airflow/.local/lib/python3.12/site-packages/airflow/example_dags/example_display_name.py
[2025-01-25T16:36:33.957+0000] {logging_mixin.py:190} INFO - [2025-01-25T16:36:33.956+0000] {dag.py:3239} INFO - Sync 1 DAGs
[2025-01-25T16:36:33.970+0000] {logging_mixin.py:190} INFO - [2025-01-25T16:36:33.970+0000] {dag.py:4180} INFO - Setting next_dagrun for example_display_name to None, run_after=None
[2025-01-25T16:36:34.002+0000] {processor.py:208} INFO - Processing /home/airflow/.local/lib/python3.12/site-packages/airflow/example_dags/example_display_name.py took 0.081 seconds
[2025-01-25T16:37:04.076+0000] {processor.py:186} INFO - Started process (PID=1057) to work on /home/airflow/.local/lib/python3.12/site-packages/airflow/example_dags/example_display_name.py
[2025-01-25T16:37:04.077+0000] {processor.py:914} INFO - Processing file /home/airflow/.local/lib/python3.12/site-packages/airflow/example_dags/example_display_name.py for tasks to queue
[2025-01-25T16:37:04.080+0000] {logging_mixin.py:190} INFO - [2025-01-25T16:37:04.080+0000] {dagbag.py:588} INFO - Filling up the DagBag from /home/airflow/.local/lib/python3.12/site-packages/airflow/example_dags/example_display_name.py
[2025-01-25T16:37:04.087+0000] {processor.py:925} INFO - DAG(s) 'example_display_name' retrieved from /home/airflow/.local/lib/python3.12/site-packages/airflow/example_dags/example_display_name.py
[2025-01-25T16:37:04.111+0000] {logging_mixin.py:190} INFO - [2025-01-25T16:37:04.110+0000] {dag.py:3239} INFO - Sync 1 DAGs
[2025-01-25T16:37:04.128+0000] {logging_mixin.py:190} INFO - [2025-01-25T16:37:04.127+0000] {dag.py:4180} INFO - Setting next_dagrun for example_display_name to None, run_after=None
[2025-01-25T16:37:04.286+0000] {processor.py:208} INFO - Processing /home/airflow/.local/lib/python3.12/site-packages/airflow/example_dags/example_display_name.py took 0.215 seconds
[2025-01-25T16:37:34.557+0000] {processor.py:186} INFO - Started process (PID=1120) to work on /home/airflow/.local/lib/python3.12/site-packages/airflow/example_dags/example_display_name.py
[2025-01-25T16:37:34.558+0000] {processor.py:914} INFO - Processing file /home/airflow/.local/lib/python3.12/site-packages/airflow/example_dags/example_display_name.py for tasks to queue
[2025-01-25T16:37:34.562+0000] {logging_mixin.py:190} INFO - [2025-01-25T16:37:34.561+0000] {dagbag.py:588} INFO - Filling up the DagBag from /home/airflow/.local/lib/python3.12/site-packages/airflow/example_dags/example_display_name.py
[2025-01-25T16:37:34.570+0000] {processor.py:925} INFO - DAG(s) 'example_display_name' retrieved from /home/airflow/.local/lib/python3.12/site-packages/airflow/example_dags/example_display_name.py
[2025-01-25T16:37:34.592+0000] {logging_mixin.py:190} INFO - [2025-01-25T16:37:34.592+0000] {dag.py:3239} INFO - Sync 1 DAGs
[2025-01-25T16:37:34.609+0000] {logging_mixin.py:190} INFO - [2025-01-25T16:37:34.609+0000] {dag.py:4180} INFO - Setting next_dagrun for example_display_name to None, run_after=None
[2025-01-25T16:37:35.250+0000] {processor.py:208} INFO - Processing /home/airflow/.local/lib/python3.12/site-packages/airflow/example_dags/example_display_name.py took 0.699 seconds
