[2025-01-25T16:28:58.427+0000] {processor.py:186} INFO - Started process (PID=79) to work on /home/airflow/.local/lib/python3.12/site-packages/airflow/example_dags/example_external_task_marker_dag.py
[2025-01-25T16:28:58.428+0000] {processor.py:914} INFO - Processing file /home/airflow/.local/lib/python3.12/site-packages/airflow/example_dags/example_external_task_marker_dag.py for tasks to queue
[2025-01-25T16:28:58.431+0000] {logging_mixin.py:190} INFO - [2025-01-25T16:28:58.430+0000] {dagbag.py:588} INFO - Filling up the DagBag from /home/airflow/.local/lib/python3.12/site-packages/airflow/example_dags/example_external_task_marker_dag.py
[2025-01-25T16:28:58.440+0000] {processor.py:925} INFO - DAG(s) 'example_external_task_marker_child', 'example_external_task_marker_parent' retrieved from /home/airflow/.local/lib/python3.12/site-packages/airflow/example_dags/example_external_task_marker_dag.py
[2025-01-25T16:28:58.555+0000] {logging_mixin.py:190} INFO - [2025-01-25T16:28:58.553+0000] {override.py:1911} INFO - Created Permission View: can delete on DAG:example_external_task_marker_child
[2025-01-25T16:28:58.589+0000] {logging_mixin.py:190} INFO - [2025-01-25T16:28:58.588+0000] {override.py:1911} INFO - Created Permission View: can read on DAG:example_external_task_marker_child
[2025-01-25T16:28:58.602+0000] {logging_mixin.py:190} INFO - [2025-01-25T16:28:58.602+0000] {override.py:1911} INFO - Created Permission View: can edit on DAG:example_external_task_marker_child
[2025-01-25T16:28:58.624+0000] {logging_mixin.py:190} INFO - [2025-01-25T16:28:58.623+0000] {override.py:1911} INFO - Created Permission View: can delete on DAG Run:example_external_task_marker_child
[2025-01-25T16:28:58.638+0000] {logging_mixin.py:190} INFO - [2025-01-25T16:28:58.638+0000] {override.py:1911} INFO - Created Permission View: can create on DAG Run:example_external_task_marker_child
[2025-01-25T16:28:58.657+0000] {logging_mixin.py:190} INFO - [2025-01-25T16:28:58.657+0000] {override.py:1911} INFO - Created Permission View: menu access on DAG Run:example_external_task_marker_child
[2025-01-25T16:28:58.669+0000] {logging_mixin.py:190} INFO - [2025-01-25T16:28:58.669+0000] {override.py:1911} INFO - Created Permission View: can read on DAG Run:example_external_task_marker_child
[2025-01-25T16:28:58.693+0000] {logging_mixin.py:190} INFO - [2025-01-25T16:28:58.692+0000] {override.py:1911} INFO - Created Permission View: can delete on DAG:example_external_task_marker_parent
[2025-01-25T16:28:58.706+0000] {logging_mixin.py:190} INFO - [2025-01-25T16:28:58.705+0000] {override.py:1911} INFO - Created Permission View: can read on DAG:example_external_task_marker_parent
[2025-01-25T16:28:58.719+0000] {logging_mixin.py:190} INFO - [2025-01-25T16:28:58.719+0000] {override.py:1911} INFO - Created Permission View: can edit on DAG:example_external_task_marker_parent
[2025-01-25T16:28:58.735+0000] {logging_mixin.py:190} INFO - [2025-01-25T16:28:58.735+0000] {override.py:1911} INFO - Created Permission View: can delete on DAG Run:example_external_task_marker_parent
[2025-01-25T16:28:58.750+0000] {logging_mixin.py:190} INFO - [2025-01-25T16:28:58.749+0000] {override.py:1911} INFO - Created Permission View: can create on DAG Run:example_external_task_marker_parent
[2025-01-25T16:28:58.763+0000] {logging_mixin.py:190} INFO - [2025-01-25T16:28:58.762+0000] {override.py:1911} INFO - Created Permission View: menu access on DAG Run:example_external_task_marker_parent
[2025-01-25T16:28:58.777+0000] {logging_mixin.py:190} INFO - [2025-01-25T16:28:58.776+0000] {override.py:1911} INFO - Created Permission View: can read on DAG Run:example_external_task_marker_parent
[2025-01-25T16:28:58.778+0000] {logging_mixin.py:190} INFO - [2025-01-25T16:28:58.777+0000] {dag.py:3239} INFO - Sync 2 DAGs
[2025-01-25T16:28:58.795+0000] {logging_mixin.py:190} INFO - [2025-01-25T16:28:58.794+0000] {dag.py:3262} INFO - Creating ORM DAG for example_external_task_marker_parent
[2025-01-25T16:28:58.796+0000] {logging_mixin.py:190} INFO - [2025-01-25T16:28:58.796+0000] {dag.py:3262} INFO - Creating ORM DAG for example_external_task_marker_child
[2025-01-25T16:28:58.797+0000] {logging_mixin.py:190} INFO - [2025-01-25T16:28:58.796+0000] {dag.py:4180} INFO - Setting next_dagrun for example_external_task_marker_child to None, run_after=None
[2025-01-25T16:28:58.798+0000] {logging_mixin.py:190} INFO - [2025-01-25T16:28:58.797+0000] {dag.py:4180} INFO - Setting next_dagrun for example_external_task_marker_parent to None, run_after=None
[2025-01-25T16:28:58.820+0000] {processor.py:208} INFO - Processing /home/airflow/.local/lib/python3.12/site-packages/airflow/example_dags/example_external_task_marker_dag.py took 0.398 seconds
[2025-01-25T16:29:29.510+0000] {processor.py:186} INFO - Started process (PID=142) to work on /home/airflow/.local/lib/python3.12/site-packages/airflow/example_dags/example_external_task_marker_dag.py
[2025-01-25T16:29:29.511+0000] {processor.py:914} INFO - Processing file /home/airflow/.local/lib/python3.12/site-packages/airflow/example_dags/example_external_task_marker_dag.py for tasks to queue
[2025-01-25T16:29:29.514+0000] {logging_mixin.py:190} INFO - [2025-01-25T16:29:29.513+0000] {dagbag.py:588} INFO - Filling up the DagBag from /home/airflow/.local/lib/python3.12/site-packages/airflow/example_dags/example_external_task_marker_dag.py
[2025-01-25T16:29:29.522+0000] {processor.py:925} INFO - DAG(s) 'example_external_task_marker_child', 'example_external_task_marker_parent' retrieved from /home/airflow/.local/lib/python3.12/site-packages/airflow/example_dags/example_external_task_marker_dag.py
[2025-01-25T16:29:29.549+0000] {logging_mixin.py:190} INFO - [2025-01-25T16:29:29.549+0000] {dag.py:3239} INFO - Sync 2 DAGs
[2025-01-25T16:29:29.564+0000] {logging_mixin.py:190} INFO - [2025-01-25T16:29:29.563+0000] {dag.py:4180} INFO - Setting next_dagrun for example_external_task_marker_child to None, run_after=None
[2025-01-25T16:29:29.568+0000] {logging_mixin.py:190} INFO - [2025-01-25T16:29:29.568+0000] {dag.py:4180} INFO - Setting next_dagrun for example_external_task_marker_parent to None, run_after=None
[2025-01-25T16:29:29.595+0000] {processor.py:208} INFO - Processing /home/airflow/.local/lib/python3.12/site-packages/airflow/example_dags/example_external_task_marker_dag.py took 0.091 seconds
[2025-01-25T16:30:00.873+0000] {processor.py:186} INFO - Started process (PID=205) to work on /home/airflow/.local/lib/python3.12/site-packages/airflow/example_dags/example_external_task_marker_dag.py
[2025-01-25T16:30:00.874+0000] {processor.py:914} INFO - Processing file /home/airflow/.local/lib/python3.12/site-packages/airflow/example_dags/example_external_task_marker_dag.py for tasks to queue
[2025-01-25T16:30:00.876+0000] {logging_mixin.py:190} INFO - [2025-01-25T16:30:00.876+0000] {dagbag.py:588} INFO - Filling up the DagBag from /home/airflow/.local/lib/python3.12/site-packages/airflow/example_dags/example_external_task_marker_dag.py
[2025-01-25T16:30:00.884+0000] {processor.py:925} INFO - DAG(s) 'example_external_task_marker_parent', 'example_external_task_marker_child' retrieved from /home/airflow/.local/lib/python3.12/site-packages/airflow/example_dags/example_external_task_marker_dag.py
[2025-01-25T16:30:00.912+0000] {logging_mixin.py:190} INFO - [2025-01-25T16:30:00.912+0000] {dag.py:3239} INFO - Sync 2 DAGs
[2025-01-25T16:30:00.928+0000] {logging_mixin.py:190} INFO - [2025-01-25T16:30:00.928+0000] {dag.py:4180} INFO - Setting next_dagrun for example_external_task_marker_child to None, run_after=None
[2025-01-25T16:30:00.933+0000] {logging_mixin.py:190} INFO - [2025-01-25T16:30:00.932+0000] {dag.py:4180} INFO - Setting next_dagrun for example_external_task_marker_parent to None, run_after=None
[2025-01-25T16:30:00.992+0000] {processor.py:208} INFO - Processing /home/airflow/.local/lib/python3.12/site-packages/airflow/example_dags/example_external_task_marker_dag.py took 0.125 seconds
[2025-01-25T16:30:35.390+0000] {processor.py:186} INFO - Started process (PID=268) to work on /home/airflow/.local/lib/python3.12/site-packages/airflow/example_dags/example_external_task_marker_dag.py
[2025-01-25T16:30:35.391+0000] {processor.py:914} INFO - Processing file /home/airflow/.local/lib/python3.12/site-packages/airflow/example_dags/example_external_task_marker_dag.py for tasks to queue
[2025-01-25T16:30:35.393+0000] {logging_mixin.py:190} INFO - [2025-01-25T16:30:35.393+0000] {dagbag.py:588} INFO - Filling up the DagBag from /home/airflow/.local/lib/python3.12/site-packages/airflow/example_dags/example_external_task_marker_dag.py
[2025-01-25T16:30:35.401+0000] {processor.py:925} INFO - DAG(s) 'example_external_task_marker_parent', 'example_external_task_marker_child' retrieved from /home/airflow/.local/lib/python3.12/site-packages/airflow/example_dags/example_external_task_marker_dag.py
[2025-01-25T16:30:35.428+0000] {logging_mixin.py:190} INFO - [2025-01-25T16:30:35.428+0000] {dag.py:3239} INFO - Sync 2 DAGs
[2025-01-25T16:30:35.442+0000] {logging_mixin.py:190} INFO - [2025-01-25T16:30:35.442+0000] {dag.py:4180} INFO - Setting next_dagrun for example_external_task_marker_child to None, run_after=None
[2025-01-25T16:30:35.447+0000] {logging_mixin.py:190} INFO - [2025-01-25T16:30:35.446+0000] {dag.py:4180} INFO - Setting next_dagrun for example_external_task_marker_parent to None, run_after=None
[2025-01-25T16:30:36.133+0000] {processor.py:208} INFO - Processing /home/airflow/.local/lib/python3.12/site-packages/airflow/example_dags/example_external_task_marker_dag.py took 0.748 seconds
[2025-01-25T16:31:06.267+0000] {processor.py:186} INFO - Started process (PID=331) to work on /home/airflow/.local/lib/python3.12/site-packages/airflow/example_dags/example_external_task_marker_dag.py
[2025-01-25T16:31:06.268+0000] {processor.py:914} INFO - Processing file /home/airflow/.local/lib/python3.12/site-packages/airflow/example_dags/example_external_task_marker_dag.py for tasks to queue
[2025-01-25T16:31:06.271+0000] {logging_mixin.py:190} INFO - [2025-01-25T16:31:06.270+0000] {dagbag.py:588} INFO - Filling up the DagBag from /home/airflow/.local/lib/python3.12/site-packages/airflow/example_dags/example_external_task_marker_dag.py
[2025-01-25T16:31:06.278+0000] {processor.py:925} INFO - DAG(s) 'example_external_task_marker_child', 'example_external_task_marker_parent' retrieved from /home/airflow/.local/lib/python3.12/site-packages/airflow/example_dags/example_external_task_marker_dag.py
[2025-01-25T16:31:06.300+0000] {logging_mixin.py:190} INFO - [2025-01-25T16:31:06.300+0000] {dag.py:3239} INFO - Sync 2 DAGs
[2025-01-25T16:31:06.315+0000] {logging_mixin.py:190} INFO - [2025-01-25T16:31:06.315+0000] {dag.py:4180} INFO - Setting next_dagrun for example_external_task_marker_child to None, run_after=None
[2025-01-25T16:31:06.319+0000] {logging_mixin.py:190} INFO - [2025-01-25T16:31:06.319+0000] {dag.py:4180} INFO - Setting next_dagrun for example_external_task_marker_parent to None, run_after=None
[2025-01-25T16:31:06.343+0000] {processor.py:208} INFO - Processing /home/airflow/.local/lib/python3.12/site-packages/airflow/example_dags/example_external_task_marker_dag.py took 0.081 seconds
[2025-01-25T16:31:36.892+0000] {processor.py:186} INFO - Started process (PID=395) to work on /home/airflow/.local/lib/python3.12/site-packages/airflow/example_dags/example_external_task_marker_dag.py
[2025-01-25T16:31:36.894+0000] {processor.py:914} INFO - Processing file /home/airflow/.local/lib/python3.12/site-packages/airflow/example_dags/example_external_task_marker_dag.py for tasks to queue
[2025-01-25T16:31:36.896+0000] {logging_mixin.py:190} INFO - [2025-01-25T16:31:36.895+0000] {dagbag.py:588} INFO - Filling up the DagBag from /home/airflow/.local/lib/python3.12/site-packages/airflow/example_dags/example_external_task_marker_dag.py
[2025-01-25T16:31:36.902+0000] {processor.py:925} INFO - DAG(s) 'example_external_task_marker_parent', 'example_external_task_marker_child' retrieved from /home/airflow/.local/lib/python3.12/site-packages/airflow/example_dags/example_external_task_marker_dag.py
[2025-01-25T16:31:36.924+0000] {logging_mixin.py:190} INFO - [2025-01-25T16:31:36.924+0000] {dag.py:3239} INFO - Sync 2 DAGs
[2025-01-25T16:31:36.937+0000] {logging_mixin.py:190} INFO - [2025-01-25T16:31:36.937+0000] {dag.py:4180} INFO - Setting next_dagrun for example_external_task_marker_child to None, run_after=None
[2025-01-25T16:31:36.941+0000] {logging_mixin.py:190} INFO - [2025-01-25T16:31:36.941+0000] {dag.py:4180} INFO - Setting next_dagrun for example_external_task_marker_parent to None, run_after=None
[2025-01-25T16:31:37.602+0000] {processor.py:208} INFO - Processing /home/airflow/.local/lib/python3.12/site-packages/airflow/example_dags/example_external_task_marker_dag.py took 0.714 seconds
[2025-01-25T16:32:08.023+0000] {processor.py:186} INFO - Started process (PID=458) to work on /home/airflow/.local/lib/python3.12/site-packages/airflow/example_dags/example_external_task_marker_dag.py
[2025-01-25T16:32:08.024+0000] {processor.py:914} INFO - Processing file /home/airflow/.local/lib/python3.12/site-packages/airflow/example_dags/example_external_task_marker_dag.py for tasks to queue
[2025-01-25T16:32:08.026+0000] {logging_mixin.py:190} INFO - [2025-01-25T16:32:08.026+0000] {dagbag.py:588} INFO - Filling up the DagBag from /home/airflow/.local/lib/python3.12/site-packages/airflow/example_dags/example_external_task_marker_dag.py
[2025-01-25T16:32:08.033+0000] {processor.py:925} INFO - DAG(s) 'example_external_task_marker_child', 'example_external_task_marker_parent' retrieved from /home/airflow/.local/lib/python3.12/site-packages/airflow/example_dags/example_external_task_marker_dag.py
[2025-01-25T16:32:08.053+0000] {logging_mixin.py:190} INFO - [2025-01-25T16:32:08.053+0000] {dag.py:3239} INFO - Sync 2 DAGs
[2025-01-25T16:32:08.066+0000] {logging_mixin.py:190} INFO - [2025-01-25T16:32:08.066+0000] {dag.py:4180} INFO - Setting next_dagrun for example_external_task_marker_child to None, run_after=None
[2025-01-25T16:32:08.070+0000] {logging_mixin.py:190} INFO - [2025-01-25T16:32:08.069+0000] {dag.py:4180} INFO - Setting next_dagrun for example_external_task_marker_parent to None, run_after=None
[2025-01-25T16:32:08.166+0000] {processor.py:208} INFO - Processing /home/airflow/.local/lib/python3.12/site-packages/airflow/example_dags/example_external_task_marker_dag.py took 0.148 seconds
[2025-01-25T16:32:38.259+0000] {processor.py:186} INFO - Started process (PID=521) to work on /home/airflow/.local/lib/python3.12/site-packages/airflow/example_dags/example_external_task_marker_dag.py
[2025-01-25T16:32:38.260+0000] {processor.py:914} INFO - Processing file /home/airflow/.local/lib/python3.12/site-packages/airflow/example_dags/example_external_task_marker_dag.py for tasks to queue
[2025-01-25T16:32:38.262+0000] {logging_mixin.py:190} INFO - [2025-01-25T16:32:38.262+0000] {dagbag.py:588} INFO - Filling up the DagBag from /home/airflow/.local/lib/python3.12/site-packages/airflow/example_dags/example_external_task_marker_dag.py
[2025-01-25T16:32:38.269+0000] {processor.py:925} INFO - DAG(s) 'example_external_task_marker_parent', 'example_external_task_marker_child' retrieved from /home/airflow/.local/lib/python3.12/site-packages/airflow/example_dags/example_external_task_marker_dag.py
[2025-01-25T16:32:38.290+0000] {logging_mixin.py:190} INFO - [2025-01-25T16:32:38.290+0000] {dag.py:3239} INFO - Sync 2 DAGs
[2025-01-25T16:32:38.303+0000] {logging_mixin.py:190} INFO - [2025-01-25T16:32:38.303+0000] {dag.py:4180} INFO - Setting next_dagrun for example_external_task_marker_child to None, run_after=None
[2025-01-25T16:32:38.307+0000] {logging_mixin.py:190} INFO - [2025-01-25T16:32:38.306+0000] {dag.py:4180} INFO - Setting next_dagrun for example_external_task_marker_parent to None, run_after=None
[2025-01-25T16:32:38.416+0000] {processor.py:208} INFO - Processing /home/airflow/.local/lib/python3.12/site-packages/airflow/example_dags/example_external_task_marker_dag.py took 0.162 seconds
[2025-01-25T16:33:09.007+0000] {processor.py:186} INFO - Started process (PID=584) to work on /home/airflow/.local/lib/python3.12/site-packages/airflow/example_dags/example_external_task_marker_dag.py
[2025-01-25T16:33:09.008+0000] {processor.py:914} INFO - Processing file /home/airflow/.local/lib/python3.12/site-packages/airflow/example_dags/example_external_task_marker_dag.py for tasks to queue
[2025-01-25T16:33:09.010+0000] {logging_mixin.py:190} INFO - [2025-01-25T16:33:09.009+0000] {dagbag.py:588} INFO - Filling up the DagBag from /home/airflow/.local/lib/python3.12/site-packages/airflow/example_dags/example_external_task_marker_dag.py
[2025-01-25T16:33:09.016+0000] {processor.py:925} INFO - DAG(s) 'example_external_task_marker_parent', 'example_external_task_marker_child' retrieved from /home/airflow/.local/lib/python3.12/site-packages/airflow/example_dags/example_external_task_marker_dag.py
[2025-01-25T16:33:09.037+0000] {logging_mixin.py:190} INFO - [2025-01-25T16:33:09.037+0000] {dag.py:3239} INFO - Sync 2 DAGs
[2025-01-25T16:33:09.052+0000] {logging_mixin.py:190} INFO - [2025-01-25T16:33:09.052+0000] {dag.py:4180} INFO - Setting next_dagrun for example_external_task_marker_child to None, run_after=None
[2025-01-25T16:33:09.056+0000] {logging_mixin.py:190} INFO - [2025-01-25T16:33:09.056+0000] {dag.py:4180} INFO - Setting next_dagrun for example_external_task_marker_parent to None, run_after=None
[2025-01-25T16:33:09.182+0000] {processor.py:208} INFO - Processing /home/airflow/.local/lib/python3.12/site-packages/airflow/example_dags/example_external_task_marker_dag.py took 0.180 seconds
[2025-01-25T16:33:41.356+0000] {processor.py:186} INFO - Started process (PID=647) to work on /home/airflow/.local/lib/python3.12/site-packages/airflow/example_dags/example_external_task_marker_dag.py
[2025-01-25T16:33:41.357+0000] {processor.py:914} INFO - Processing file /home/airflow/.local/lib/python3.12/site-packages/airflow/example_dags/example_external_task_marker_dag.py for tasks to queue
[2025-01-25T16:33:41.359+0000] {logging_mixin.py:190} INFO - [2025-01-25T16:33:41.359+0000] {dagbag.py:588} INFO - Filling up the DagBag from /home/airflow/.local/lib/python3.12/site-packages/airflow/example_dags/example_external_task_marker_dag.py
[2025-01-25T16:33:41.366+0000] {processor.py:925} INFO - DAG(s) 'example_external_task_marker_parent', 'example_external_task_marker_child' retrieved from /home/airflow/.local/lib/python3.12/site-packages/airflow/example_dags/example_external_task_marker_dag.py
[2025-01-25T16:33:41.386+0000] {logging_mixin.py:190} INFO - [2025-01-25T16:33:41.386+0000] {dag.py:3239} INFO - Sync 2 DAGs
[2025-01-25T16:33:41.400+0000] {logging_mixin.py:190} INFO - [2025-01-25T16:33:41.399+0000] {dag.py:4180} INFO - Setting next_dagrun for example_external_task_marker_child to None, run_after=None
[2025-01-25T16:33:41.404+0000] {logging_mixin.py:190} INFO - [2025-01-25T16:33:41.403+0000] {dag.py:4180} INFO - Setting next_dagrun for example_external_task_marker_parent to None, run_after=None
[2025-01-25T16:33:41.901+0000] {processor.py:208} INFO - Processing /home/airflow/.local/lib/python3.12/site-packages/airflow/example_dags/example_external_task_marker_dag.py took 0.550 seconds
[2025-01-25T16:34:12.409+0000] {processor.py:186} INFO - Started process (PID=710) to work on /home/airflow/.local/lib/python3.12/site-packages/airflow/example_dags/example_external_task_marker_dag.py
[2025-01-25T16:34:12.410+0000] {processor.py:914} INFO - Processing file /home/airflow/.local/lib/python3.12/site-packages/airflow/example_dags/example_external_task_marker_dag.py for tasks to queue
[2025-01-25T16:34:12.412+0000] {logging_mixin.py:190} INFO - [2025-01-25T16:34:12.411+0000] {dagbag.py:588} INFO - Filling up the DagBag from /home/airflow/.local/lib/python3.12/site-packages/airflow/example_dags/example_external_task_marker_dag.py
[2025-01-25T16:34:12.418+0000] {processor.py:925} INFO - DAG(s) 'example_external_task_marker_child', 'example_external_task_marker_parent' retrieved from /home/airflow/.local/lib/python3.12/site-packages/airflow/example_dags/example_external_task_marker_dag.py
[2025-01-25T16:34:12.439+0000] {logging_mixin.py:190} INFO - [2025-01-25T16:34:12.439+0000] {dag.py:3239} INFO - Sync 2 DAGs
[2025-01-25T16:34:12.452+0000] {logging_mixin.py:190} INFO - [2025-01-25T16:34:12.452+0000] {dag.py:4180} INFO - Setting next_dagrun for example_external_task_marker_child to None, run_after=None
[2025-01-25T16:34:12.456+0000] {logging_mixin.py:190} INFO - [2025-01-25T16:34:12.455+0000] {dag.py:4180} INFO - Setting next_dagrun for example_external_task_marker_parent to None, run_after=None
[2025-01-25T16:34:13.047+0000] {processor.py:208} INFO - Processing /home/airflow/.local/lib/python3.12/site-packages/airflow/example_dags/example_external_task_marker_dag.py took 0.643 seconds
[2025-01-25T16:34:43.159+0000] {processor.py:186} INFO - Started process (PID=773) to work on /home/airflow/.local/lib/python3.12/site-packages/airflow/example_dags/example_external_task_marker_dag.py
[2025-01-25T16:34:43.160+0000] {processor.py:914} INFO - Processing file /home/airflow/.local/lib/python3.12/site-packages/airflow/example_dags/example_external_task_marker_dag.py for tasks to queue
[2025-01-25T16:34:43.162+0000] {logging_mixin.py:190} INFO - [2025-01-25T16:34:43.162+0000] {dagbag.py:588} INFO - Filling up the DagBag from /home/airflow/.local/lib/python3.12/site-packages/airflow/example_dags/example_external_task_marker_dag.py
[2025-01-25T16:34:43.168+0000] {processor.py:925} INFO - DAG(s) 'example_external_task_marker_child', 'example_external_task_marker_parent' retrieved from /home/airflow/.local/lib/python3.12/site-packages/airflow/example_dags/example_external_task_marker_dag.py
[2025-01-25T16:34:43.188+0000] {logging_mixin.py:190} INFO - [2025-01-25T16:34:43.188+0000] {dag.py:3239} INFO - Sync 2 DAGs
[2025-01-25T16:34:43.201+0000] {logging_mixin.py:190} INFO - [2025-01-25T16:34:43.200+0000] {dag.py:4180} INFO - Setting next_dagrun for example_external_task_marker_child to None, run_after=None
[2025-01-25T16:34:43.205+0000] {logging_mixin.py:190} INFO - [2025-01-25T16:34:43.204+0000] {dag.py:4180} INFO - Setting next_dagrun for example_external_task_marker_parent to None, run_after=None
[2025-01-25T16:34:43.296+0000] {processor.py:208} INFO - Processing /home/airflow/.local/lib/python3.12/site-packages/airflow/example_dags/example_external_task_marker_dag.py took 0.142 seconds
[2025-01-25T16:35:14.554+0000] {processor.py:186} INFO - Started process (PID=836) to work on /home/airflow/.local/lib/python3.12/site-packages/airflow/example_dags/example_external_task_marker_dag.py
[2025-01-25T16:35:14.555+0000] {processor.py:914} INFO - Processing file /home/airflow/.local/lib/python3.12/site-packages/airflow/example_dags/example_external_task_marker_dag.py for tasks to queue
[2025-01-25T16:35:14.557+0000] {logging_mixin.py:190} INFO - [2025-01-25T16:35:14.556+0000] {dagbag.py:588} INFO - Filling up the DagBag from /home/airflow/.local/lib/python3.12/site-packages/airflow/example_dags/example_external_task_marker_dag.py
[2025-01-25T16:35:14.563+0000] {processor.py:925} INFO - DAG(s) 'example_external_task_marker_child', 'example_external_task_marker_parent' retrieved from /home/airflow/.local/lib/python3.12/site-packages/airflow/example_dags/example_external_task_marker_dag.py
[2025-01-25T16:35:14.583+0000] {logging_mixin.py:190} INFO - [2025-01-25T16:35:14.583+0000] {dag.py:3239} INFO - Sync 2 DAGs
[2025-01-25T16:35:14.596+0000] {logging_mixin.py:190} INFO - [2025-01-25T16:35:14.595+0000] {dag.py:4180} INFO - Setting next_dagrun for example_external_task_marker_child to None, run_after=None
[2025-01-25T16:35:14.599+0000] {logging_mixin.py:190} INFO - [2025-01-25T16:35:14.599+0000] {dag.py:4180} INFO - Setting next_dagrun for example_external_task_marker_parent to None, run_after=None
[2025-01-25T16:35:14.720+0000] {processor.py:208} INFO - Processing /home/airflow/.local/lib/python3.12/site-packages/airflow/example_dags/example_external_task_marker_dag.py took 0.172 seconds
[2025-01-25T16:35:46.617+0000] {processor.py:186} INFO - Started process (PID=899) to work on /home/airflow/.local/lib/python3.12/site-packages/airflow/example_dags/example_external_task_marker_dag.py
[2025-01-25T16:35:46.618+0000] {processor.py:914} INFO - Processing file /home/airflow/.local/lib/python3.12/site-packages/airflow/example_dags/example_external_task_marker_dag.py for tasks to queue
[2025-01-25T16:35:46.620+0000] {logging_mixin.py:190} INFO - [2025-01-25T16:35:46.620+0000] {dagbag.py:588} INFO - Filling up the DagBag from /home/airflow/.local/lib/python3.12/site-packages/airflow/example_dags/example_external_task_marker_dag.py
[2025-01-25T16:35:46.627+0000] {processor.py:925} INFO - DAG(s) 'example_external_task_marker_parent', 'example_external_task_marker_child' retrieved from /home/airflow/.local/lib/python3.12/site-packages/airflow/example_dags/example_external_task_marker_dag.py
[2025-01-25T16:35:46.770+0000] {logging_mixin.py:190} INFO - [2025-01-25T16:35:46.770+0000] {dag.py:3239} INFO - Sync 2 DAGs
[2025-01-25T16:35:46.783+0000] {logging_mixin.py:190} INFO - [2025-01-25T16:35:46.783+0000] {dag.py:4180} INFO - Setting next_dagrun for example_external_task_marker_child to None, run_after=None
[2025-01-25T16:35:46.787+0000] {logging_mixin.py:190} INFO - [2025-01-25T16:35:46.787+0000] {dag.py:4180} INFO - Setting next_dagrun for example_external_task_marker_parent to None, run_after=None
[2025-01-25T16:35:46.807+0000] {processor.py:208} INFO - Processing /home/airflow/.local/lib/python3.12/site-packages/airflow/example_dags/example_external_task_marker_dag.py took 0.195 seconds
[2025-01-25T16:36:17.482+0000] {processor.py:186} INFO - Started process (PID=962) to work on /home/airflow/.local/lib/python3.12/site-packages/airflow/example_dags/example_external_task_marker_dag.py
[2025-01-25T16:36:17.483+0000] {processor.py:914} INFO - Processing file /home/airflow/.local/lib/python3.12/site-packages/airflow/example_dags/example_external_task_marker_dag.py for tasks to queue
[2025-01-25T16:36:17.485+0000] {logging_mixin.py:190} INFO - [2025-01-25T16:36:17.485+0000] {dagbag.py:588} INFO - Filling up the DagBag from /home/airflow/.local/lib/python3.12/site-packages/airflow/example_dags/example_external_task_marker_dag.py
[2025-01-25T16:36:17.492+0000] {processor.py:925} INFO - DAG(s) 'example_external_task_marker_child', 'example_external_task_marker_parent' retrieved from /home/airflow/.local/lib/python3.12/site-packages/airflow/example_dags/example_external_task_marker_dag.py
[2025-01-25T16:36:17.512+0000] {logging_mixin.py:190} INFO - [2025-01-25T16:36:17.512+0000] {dag.py:3239} INFO - Sync 2 DAGs
[2025-01-25T16:36:17.525+0000] {logging_mixin.py:190} INFO - [2025-01-25T16:36:17.524+0000] {dag.py:4180} INFO - Setting next_dagrun for example_external_task_marker_child to None, run_after=None
[2025-01-25T16:36:17.529+0000] {logging_mixin.py:190} INFO - [2025-01-25T16:36:17.528+0000] {dag.py:4180} INFO - Setting next_dagrun for example_external_task_marker_parent to None, run_after=None
[2025-01-25T16:36:17.617+0000] {processor.py:208} INFO - Processing /home/airflow/.local/lib/python3.12/site-packages/airflow/example_dags/example_external_task_marker_dag.py took 0.140 seconds
[2025-01-25T16:36:48.243+0000] {processor.py:186} INFO - Started process (PID=1025) to work on /home/airflow/.local/lib/python3.12/site-packages/airflow/example_dags/example_external_task_marker_dag.py
[2025-01-25T16:36:48.244+0000] {processor.py:914} INFO - Processing file /home/airflow/.local/lib/python3.12/site-packages/airflow/example_dags/example_external_task_marker_dag.py for tasks to queue
[2025-01-25T16:36:48.246+0000] {logging_mixin.py:190} INFO - [2025-01-25T16:36:48.246+0000] {dagbag.py:588} INFO - Filling up the DagBag from /home/airflow/.local/lib/python3.12/site-packages/airflow/example_dags/example_external_task_marker_dag.py
[2025-01-25T16:36:48.253+0000] {processor.py:925} INFO - DAG(s) 'example_external_task_marker_child', 'example_external_task_marker_parent' retrieved from /home/airflow/.local/lib/python3.12/site-packages/airflow/example_dags/example_external_task_marker_dag.py
[2025-01-25T16:36:48.280+0000] {logging_mixin.py:190} INFO - [2025-01-25T16:36:48.280+0000] {dag.py:3239} INFO - Sync 2 DAGs
[2025-01-25T16:36:48.297+0000] {logging_mixin.py:190} INFO - [2025-01-25T16:36:48.296+0000] {dag.py:4180} INFO - Setting next_dagrun for example_external_task_marker_child to None, run_after=None
[2025-01-25T16:36:48.301+0000] {logging_mixin.py:190} INFO - [2025-01-25T16:36:48.300+0000] {dag.py:4180} INFO - Setting next_dagrun for example_external_task_marker_parent to None, run_after=None
[2025-01-25T16:36:48.677+0000] {processor.py:208} INFO - Processing /home/airflow/.local/lib/python3.12/site-packages/airflow/example_dags/example_external_task_marker_dag.py took 0.440 seconds
[2025-01-25T16:37:19.276+0000] {processor.py:186} INFO - Started process (PID=1088) to work on /home/airflow/.local/lib/python3.12/site-packages/airflow/example_dags/example_external_task_marker_dag.py
[2025-01-25T16:37:19.277+0000] {processor.py:914} INFO - Processing file /home/airflow/.local/lib/python3.12/site-packages/airflow/example_dags/example_external_task_marker_dag.py for tasks to queue
[2025-01-25T16:37:19.279+0000] {logging_mixin.py:190} INFO - [2025-01-25T16:37:19.279+0000] {dagbag.py:588} INFO - Filling up the DagBag from /home/airflow/.local/lib/python3.12/site-packages/airflow/example_dags/example_external_task_marker_dag.py
[2025-01-25T16:37:19.286+0000] {processor.py:925} INFO - DAG(s) 'example_external_task_marker_parent', 'example_external_task_marker_child' retrieved from /home/airflow/.local/lib/python3.12/site-packages/airflow/example_dags/example_external_task_marker_dag.py
[2025-01-25T16:37:19.307+0000] {logging_mixin.py:190} INFO - [2025-01-25T16:37:19.306+0000] {dag.py:3239} INFO - Sync 2 DAGs
[2025-01-25T16:37:19.320+0000] {logging_mixin.py:190} INFO - [2025-01-25T16:37:19.320+0000] {dag.py:4180} INFO - Setting next_dagrun for example_external_task_marker_child to None, run_after=None
[2025-01-25T16:37:19.324+0000] {logging_mixin.py:190} INFO - [2025-01-25T16:37:19.324+0000] {dag.py:4180} INFO - Setting next_dagrun for example_external_task_marker_parent to None, run_after=None
[2025-01-25T16:37:19.749+0000] {processor.py:208} INFO - Processing /home/airflow/.local/lib/python3.12/site-packages/airflow/example_dags/example_external_task_marker_dag.py took 0.478 seconds
