[2025-01-25T16:29:00.606+0000] {processor.py:186} INFO - Started process (PID=88) to work on /home/airflow/.local/lib/python3.12/site-packages/airflow/example_dags/example_latest_only.py
[2025-01-25T16:29:00.607+0000] {processor.py:914} INFO - Processing file /home/airflow/.local/lib/python3.12/site-packages/airflow/example_dags/example_latest_only.py for tasks to queue
[2025-01-25T16:29:00.611+0000] {logging_mixin.py:190} INFO - [2025-01-25T16:29:00.610+0000] {dagbag.py:588} INFO - Filling up the DagBag from /home/airflow/.local/lib/python3.12/site-packages/airflow/example_dags/example_latest_only.py
[2025-01-25T16:29:00.621+0000] {processor.py:925} INFO - DAG(s) 'latest_only' retrieved from /home/airflow/.local/lib/python3.12/site-packages/airflow/example_dags/example_latest_only.py
[2025-01-25T16:29:00.752+0000] {logging_mixin.py:190} INFO - [2025-01-25T16:29:00.751+0000] {override.py:1911} INFO - Created Permission View: can delete on DAG:latest_only
[2025-01-25T16:29:00.773+0000] {logging_mixin.py:190} INFO - [2025-01-25T16:29:00.773+0000] {override.py:1911} INFO - Created Permission View: can read on DAG:latest_only
[2025-01-25T16:29:00.784+0000] {logging_mixin.py:190} INFO - [2025-01-25T16:29:00.784+0000] {override.py:1911} INFO - Created Permission View: can edit on DAG:latest_only
[2025-01-25T16:29:00.805+0000] {logging_mixin.py:190} INFO - [2025-01-25T16:29:00.804+0000] {override.py:1911} INFO - Created Permission View: can delete on DAG Run:latest_only
[2025-01-25T16:29:00.816+0000] {logging_mixin.py:190} INFO - [2025-01-25T16:29:00.816+0000] {override.py:1911} INFO - Created Permission View: can create on DAG Run:latest_only
[2025-01-25T16:29:00.831+0000] {logging_mixin.py:190} INFO - [2025-01-25T16:29:00.830+0000] {override.py:1911} INFO - Created Permission View: menu access on DAG Run:latest_only
[2025-01-25T16:29:00.843+0000] {logging_mixin.py:190} INFO - [2025-01-25T16:29:00.843+0000] {override.py:1911} INFO - Created Permission View: can read on DAG Run:latest_only
[2025-01-25T16:29:00.845+0000] {logging_mixin.py:190} INFO - [2025-01-25T16:29:00.844+0000] {dag.py:3239} INFO - Sync 1 DAGs
[2025-01-25T16:29:00.858+0000] {logging_mixin.py:190} INFO - [2025-01-25T16:29:00.858+0000] {dag.py:3262} INFO - Creating ORM DAG for latest_only
[2025-01-25T16:29:00.872+0000] {logging_mixin.py:190} INFO - [2025-01-25T16:29:00.872+0000] {dag.py:4180} INFO - Setting next_dagrun for latest_only to 2025-01-25 12:00:00+00:00, run_after=2025-01-25 16:00:00+00:00
[2025-01-25T16:29:00.898+0000] {processor.py:208} INFO - Processing /home/airflow/.local/lib/python3.12/site-packages/airflow/example_dags/example_latest_only.py took 0.297 seconds
[2025-01-25T16:29:31.806+0000] {processor.py:186} INFO - Started process (PID=151) to work on /home/airflow/.local/lib/python3.12/site-packages/airflow/example_dags/example_latest_only.py
[2025-01-25T16:29:31.807+0000] {processor.py:914} INFO - Processing file /home/airflow/.local/lib/python3.12/site-packages/airflow/example_dags/example_latest_only.py for tasks to queue
[2025-01-25T16:29:31.810+0000] {logging_mixin.py:190} INFO - [2025-01-25T16:29:31.809+0000] {dagbag.py:588} INFO - Filling up the DagBag from /home/airflow/.local/lib/python3.12/site-packages/airflow/example_dags/example_latest_only.py
[2025-01-25T16:29:31.816+0000] {processor.py:925} INFO - DAG(s) 'latest_only' retrieved from /home/airflow/.local/lib/python3.12/site-packages/airflow/example_dags/example_latest_only.py
[2025-01-25T16:29:31.835+0000] {logging_mixin.py:190} INFO - [2025-01-25T16:29:31.835+0000] {dag.py:3239} INFO - Sync 1 DAGs
[2025-01-25T16:29:31.856+0000] {logging_mixin.py:190} INFO - [2025-01-25T16:29:31.856+0000] {dag.py:4180} INFO - Setting next_dagrun for latest_only to 2025-01-25 12:00:00+00:00, run_after=2025-01-25 16:00:00+00:00
[2025-01-25T16:29:31.878+0000] {processor.py:208} INFO - Processing /home/airflow/.local/lib/python3.12/site-packages/airflow/example_dags/example_latest_only.py took 0.077 seconds
[2025-01-25T16:30:03.282+0000] {processor.py:186} INFO - Started process (PID=214) to work on /home/airflow/.local/lib/python3.12/site-packages/airflow/example_dags/example_latest_only.py
[2025-01-25T16:30:03.283+0000] {processor.py:914} INFO - Processing file /home/airflow/.local/lib/python3.12/site-packages/airflow/example_dags/example_latest_only.py for tasks to queue
[2025-01-25T16:30:03.285+0000] {logging_mixin.py:190} INFO - [2025-01-25T16:30:03.285+0000] {dagbag.py:588} INFO - Filling up the DagBag from /home/airflow/.local/lib/python3.12/site-packages/airflow/example_dags/example_latest_only.py
[2025-01-25T16:30:03.293+0000] {processor.py:925} INFO - DAG(s) 'latest_only' retrieved from /home/airflow/.local/lib/python3.12/site-packages/airflow/example_dags/example_latest_only.py
[2025-01-25T16:30:03.313+0000] {logging_mixin.py:190} INFO - [2025-01-25T16:30:03.313+0000] {dag.py:3239} INFO - Sync 1 DAGs
[2025-01-25T16:30:03.343+0000] {logging_mixin.py:190} INFO - [2025-01-25T16:30:03.343+0000] {dag.py:4180} INFO - Setting next_dagrun for latest_only to 2025-01-25 12:00:00+00:00, run_after=2025-01-25 16:00:00+00:00
[2025-01-25T16:30:03.790+0000] {processor.py:208} INFO - Processing /home/airflow/.local/lib/python3.12/site-packages/airflow/example_dags/example_latest_only.py took 0.514 seconds
[2025-01-25T16:30:42.044+0000] {processor.py:186} INFO - Started process (PID=277) to work on /home/airflow/.local/lib/python3.12/site-packages/airflow/example_dags/example_latest_only.py
[2025-01-25T16:30:42.045+0000] {processor.py:914} INFO - Processing file /home/airflow/.local/lib/python3.12/site-packages/airflow/example_dags/example_latest_only.py for tasks to queue
[2025-01-25T16:30:42.048+0000] {logging_mixin.py:190} INFO - [2025-01-25T16:30:42.048+0000] {dagbag.py:588} INFO - Filling up the DagBag from /home/airflow/.local/lib/python3.12/site-packages/airflow/example_dags/example_latest_only.py
[2025-01-25T16:30:42.054+0000] {processor.py:925} INFO - DAG(s) 'latest_only' retrieved from /home/airflow/.local/lib/python3.12/site-packages/airflow/example_dags/example_latest_only.py
[2025-01-25T16:30:42.072+0000] {logging_mixin.py:190} INFO - [2025-01-25T16:30:42.072+0000] {dag.py:3239} INFO - Sync 1 DAGs
[2025-01-25T16:30:42.094+0000] {logging_mixin.py:190} INFO - [2025-01-25T16:30:42.094+0000] {dag.py:4180} INFO - Setting next_dagrun for latest_only to 2025-01-25 12:00:00+00:00, run_after=2025-01-25 16:00:00+00:00
[2025-01-25T16:30:43.682+0000] {processor.py:208} INFO - Processing /home/airflow/.local/lib/python3.12/site-packages/airflow/example_dags/example_latest_only.py took 1.643 seconds
[2025-01-25T16:31:14.091+0000] {processor.py:186} INFO - Started process (PID=340) to work on /home/airflow/.local/lib/python3.12/site-packages/airflow/example_dags/example_latest_only.py
[2025-01-25T16:31:14.093+0000] {processor.py:914} INFO - Processing file /home/airflow/.local/lib/python3.12/site-packages/airflow/example_dags/example_latest_only.py for tasks to queue
[2025-01-25T16:31:14.100+0000] {logging_mixin.py:190} INFO - [2025-01-25T16:31:14.100+0000] {dagbag.py:588} INFO - Filling up the DagBag from /home/airflow/.local/lib/python3.12/site-packages/airflow/example_dags/example_latest_only.py
[2025-01-25T16:31:14.110+0000] {processor.py:925} INFO - DAG(s) 'latest_only' retrieved from /home/airflow/.local/lib/python3.12/site-packages/airflow/example_dags/example_latest_only.py
[2025-01-25T16:31:14.131+0000] {logging_mixin.py:190} INFO - [2025-01-25T16:31:14.131+0000] {dag.py:3239} INFO - Sync 1 DAGs
[2025-01-25T16:31:14.157+0000] {logging_mixin.py:190} INFO - [2025-01-25T16:31:14.157+0000] {dag.py:4180} INFO - Setting next_dagrun for latest_only to 2025-01-25 12:00:00+00:00, run_after=2025-01-25 16:00:00+00:00
[2025-01-25T16:31:14.314+0000] {processor.py:208} INFO - Processing /home/airflow/.local/lib/python3.12/site-packages/airflow/example_dags/example_latest_only.py took 0.231 seconds
[2025-01-25T16:31:44.371+0000] {processor.py:186} INFO - Started process (PID=404) to work on /home/airflow/.local/lib/python3.12/site-packages/airflow/example_dags/example_latest_only.py
[2025-01-25T16:31:44.372+0000] {processor.py:914} INFO - Processing file /home/airflow/.local/lib/python3.12/site-packages/airflow/example_dags/example_latest_only.py for tasks to queue
[2025-01-25T16:31:44.374+0000] {logging_mixin.py:190} INFO - [2025-01-25T16:31:44.374+0000] {dagbag.py:588} INFO - Filling up the DagBag from /home/airflow/.local/lib/python3.12/site-packages/airflow/example_dags/example_latest_only.py
[2025-01-25T16:31:44.380+0000] {processor.py:925} INFO - DAG(s) 'latest_only' retrieved from /home/airflow/.local/lib/python3.12/site-packages/airflow/example_dags/example_latest_only.py
[2025-01-25T16:31:44.398+0000] {logging_mixin.py:190} INFO - [2025-01-25T16:31:44.398+0000] {dag.py:3239} INFO - Sync 1 DAGs
[2025-01-25T16:31:44.419+0000] {logging_mixin.py:190} INFO - [2025-01-25T16:31:44.419+0000] {dag.py:4180} INFO - Setting next_dagrun for latest_only to 2025-01-25 12:00:00+00:00, run_after=2025-01-25 16:00:00+00:00
[2025-01-25T16:31:44.588+0000] {processor.py:208} INFO - Processing /home/airflow/.local/lib/python3.12/site-packages/airflow/example_dags/example_latest_only.py took 0.222 seconds
[2025-01-25T16:32:14.996+0000] {processor.py:186} INFO - Started process (PID=467) to work on /home/airflow/.local/lib/python3.12/site-packages/airflow/example_dags/example_latest_only.py
[2025-01-25T16:32:14.997+0000] {processor.py:914} INFO - Processing file /home/airflow/.local/lib/python3.12/site-packages/airflow/example_dags/example_latest_only.py for tasks to queue
[2025-01-25T16:32:15.000+0000] {logging_mixin.py:190} INFO - [2025-01-25T16:32:14.999+0000] {dagbag.py:588} INFO - Filling up the DagBag from /home/airflow/.local/lib/python3.12/site-packages/airflow/example_dags/example_latest_only.py
[2025-01-25T16:32:15.006+0000] {processor.py:925} INFO - DAG(s) 'latest_only' retrieved from /home/airflow/.local/lib/python3.12/site-packages/airflow/example_dags/example_latest_only.py
[2025-01-25T16:32:15.025+0000] {logging_mixin.py:190} INFO - [2025-01-25T16:32:15.024+0000] {dag.py:3239} INFO - Sync 1 DAGs
[2025-01-25T16:32:15.046+0000] {logging_mixin.py:190} INFO - [2025-01-25T16:32:15.046+0000] {dag.py:4180} INFO - Setting next_dagrun for latest_only to 2025-01-25 12:00:00+00:00, run_after=2025-01-25 16:00:00+00:00
[2025-01-25T16:32:15.202+0000] {processor.py:208} INFO - Processing /home/airflow/.local/lib/python3.12/site-packages/airflow/example_dags/example_latest_only.py took 0.211 seconds
[2025-01-25T16:32:45.489+0000] {processor.py:186} INFO - Started process (PID=530) to work on /home/airflow/.local/lib/python3.12/site-packages/airflow/example_dags/example_latest_only.py
[2025-01-25T16:32:45.490+0000] {processor.py:914} INFO - Processing file /home/airflow/.local/lib/python3.12/site-packages/airflow/example_dags/example_latest_only.py for tasks to queue
[2025-01-25T16:32:45.492+0000] {logging_mixin.py:190} INFO - [2025-01-25T16:32:45.492+0000] {dagbag.py:588} INFO - Filling up the DagBag from /home/airflow/.local/lib/python3.12/site-packages/airflow/example_dags/example_latest_only.py
[2025-01-25T16:32:45.498+0000] {processor.py:925} INFO - DAG(s) 'latest_only' retrieved from /home/airflow/.local/lib/python3.12/site-packages/airflow/example_dags/example_latest_only.py
[2025-01-25T16:32:45.519+0000] {logging_mixin.py:190} INFO - [2025-01-25T16:32:45.518+0000] {dag.py:3239} INFO - Sync 1 DAGs
[2025-01-25T16:32:45.540+0000] {logging_mixin.py:190} INFO - [2025-01-25T16:32:45.540+0000] {dag.py:4180} INFO - Setting next_dagrun for latest_only to 2025-01-25 12:00:00+00:00, run_after=2025-01-25 16:00:00+00:00
[2025-01-25T16:32:45.863+0000] {processor.py:208} INFO - Processing /home/airflow/.local/lib/python3.12/site-packages/airflow/example_dags/example_latest_only.py took 0.379 seconds
[2025-01-25T16:33:16.102+0000] {processor.py:186} INFO - Started process (PID=593) to work on /home/airflow/.local/lib/python3.12/site-packages/airflow/example_dags/example_latest_only.py
[2025-01-25T16:33:16.103+0000] {processor.py:914} INFO - Processing file /home/airflow/.local/lib/python3.12/site-packages/airflow/example_dags/example_latest_only.py for tasks to queue
[2025-01-25T16:33:16.106+0000] {logging_mixin.py:190} INFO - [2025-01-25T16:33:16.106+0000] {dagbag.py:588} INFO - Filling up the DagBag from /home/airflow/.local/lib/python3.12/site-packages/airflow/example_dags/example_latest_only.py
[2025-01-25T16:33:16.112+0000] {processor.py:925} INFO - DAG(s) 'latest_only' retrieved from /home/airflow/.local/lib/python3.12/site-packages/airflow/example_dags/example_latest_only.py
[2025-01-25T16:33:16.139+0000] {logging_mixin.py:190} INFO - [2025-01-25T16:33:16.139+0000] {dag.py:3239} INFO - Sync 1 DAGs
[2025-01-25T16:33:16.161+0000] {logging_mixin.py:190} INFO - [2025-01-25T16:33:16.161+0000] {dag.py:4180} INFO - Setting next_dagrun for latest_only to 2025-01-25 12:00:00+00:00, run_after=2025-01-25 16:00:00+00:00
[2025-01-25T16:33:16.291+0000] {processor.py:208} INFO - Processing /home/airflow/.local/lib/python3.12/site-packages/airflow/example_dags/example_latest_only.py took 0.194 seconds
[2025-01-25T16:33:46.558+0000] {processor.py:186} INFO - Started process (PID=656) to work on /home/airflow/.local/lib/python3.12/site-packages/airflow/example_dags/example_latest_only.py
[2025-01-25T16:33:46.559+0000] {processor.py:914} INFO - Processing file /home/airflow/.local/lib/python3.12/site-packages/airflow/example_dags/example_latest_only.py for tasks to queue
[2025-01-25T16:33:46.562+0000] {logging_mixin.py:190} INFO - [2025-01-25T16:33:46.561+0000] {dagbag.py:588} INFO - Filling up the DagBag from /home/airflow/.local/lib/python3.12/site-packages/airflow/example_dags/example_latest_only.py
[2025-01-25T16:33:46.569+0000] {processor.py:925} INFO - DAG(s) 'latest_only' retrieved from /home/airflow/.local/lib/python3.12/site-packages/airflow/example_dags/example_latest_only.py
[2025-01-25T16:33:46.589+0000] {logging_mixin.py:190} INFO - [2025-01-25T16:33:46.588+0000] {dag.py:3239} INFO - Sync 1 DAGs
[2025-01-25T16:33:46.612+0000] {logging_mixin.py:190} INFO - [2025-01-25T16:33:46.612+0000] {dag.py:4180} INFO - Setting next_dagrun for latest_only to 2025-01-25 12:00:00+00:00, run_after=2025-01-25 16:00:00+00:00
[2025-01-25T16:33:46.708+0000] {processor.py:208} INFO - Processing /home/airflow/.local/lib/python3.12/site-packages/airflow/example_dags/example_latest_only.py took 0.155 seconds
[2025-01-25T16:34:16.833+0000] {processor.py:186} INFO - Started process (PID=718) to work on /home/airflow/.local/lib/python3.12/site-packages/airflow/example_dags/example_latest_only.py
[2025-01-25T16:34:16.834+0000] {processor.py:914} INFO - Processing file /home/airflow/.local/lib/python3.12/site-packages/airflow/example_dags/example_latest_only.py for tasks to queue
[2025-01-25T16:34:16.836+0000] {logging_mixin.py:190} INFO - [2025-01-25T16:34:16.835+0000] {dagbag.py:588} INFO - Filling up the DagBag from /home/airflow/.local/lib/python3.12/site-packages/airflow/example_dags/example_latest_only.py
[2025-01-25T16:34:16.842+0000] {processor.py:925} INFO - DAG(s) 'latest_only' retrieved from /home/airflow/.local/lib/python3.12/site-packages/airflow/example_dags/example_latest_only.py
[2025-01-25T16:34:16.859+0000] {logging_mixin.py:190} INFO - [2025-01-25T16:34:16.859+0000] {dag.py:3239} INFO - Sync 1 DAGs
[2025-01-25T16:34:16.880+0000] {logging_mixin.py:190} INFO - [2025-01-25T16:34:16.880+0000] {dag.py:4180} INFO - Setting next_dagrun for latest_only to 2025-01-25 12:00:00+00:00, run_after=2025-01-25 16:00:00+00:00
[2025-01-25T16:34:16.975+0000] {processor.py:208} INFO - Processing /home/airflow/.local/lib/python3.12/site-packages/airflow/example_dags/example_latest_only.py took 0.147 seconds
[2025-01-25T16:34:47.326+0000] {processor.py:186} INFO - Started process (PID=781) to work on /home/airflow/.local/lib/python3.12/site-packages/airflow/example_dags/example_latest_only.py
[2025-01-25T16:34:47.327+0000] {processor.py:914} INFO - Processing file /home/airflow/.local/lib/python3.12/site-packages/airflow/example_dags/example_latest_only.py for tasks to queue
[2025-01-25T16:34:47.329+0000] {logging_mixin.py:190} INFO - [2025-01-25T16:34:47.328+0000] {dagbag.py:588} INFO - Filling up the DagBag from /home/airflow/.local/lib/python3.12/site-packages/airflow/example_dags/example_latest_only.py
[2025-01-25T16:34:47.335+0000] {processor.py:925} INFO - DAG(s) 'latest_only' retrieved from /home/airflow/.local/lib/python3.12/site-packages/airflow/example_dags/example_latest_only.py
[2025-01-25T16:34:47.353+0000] {logging_mixin.py:190} INFO - [2025-01-25T16:34:47.352+0000] {dag.py:3239} INFO - Sync 1 DAGs
[2025-01-25T16:34:47.373+0000] {logging_mixin.py:190} INFO - [2025-01-25T16:34:47.373+0000] {dag.py:4180} INFO - Setting next_dagrun for latest_only to 2025-01-25 12:00:00+00:00, run_after=2025-01-25 16:00:00+00:00
[2025-01-25T16:34:47.526+0000] {processor.py:208} INFO - Processing /home/airflow/.local/lib/python3.12/site-packages/airflow/example_dags/example_latest_only.py took 0.205 seconds
[2025-01-25T16:35:17.958+0000] {processor.py:186} INFO - Started process (PID=844) to work on /home/airflow/.local/lib/python3.12/site-packages/airflow/example_dags/example_latest_only.py
[2025-01-25T16:35:17.959+0000] {processor.py:914} INFO - Processing file /home/airflow/.local/lib/python3.12/site-packages/airflow/example_dags/example_latest_only.py for tasks to queue
[2025-01-25T16:35:17.962+0000] {logging_mixin.py:190} INFO - [2025-01-25T16:35:17.962+0000] {dagbag.py:588} INFO - Filling up the DagBag from /home/airflow/.local/lib/python3.12/site-packages/airflow/example_dags/example_latest_only.py
[2025-01-25T16:35:17.968+0000] {processor.py:925} INFO - DAG(s) 'latest_only' retrieved from /home/airflow/.local/lib/python3.12/site-packages/airflow/example_dags/example_latest_only.py
[2025-01-25T16:35:17.985+0000] {logging_mixin.py:190} INFO - [2025-01-25T16:35:17.985+0000] {dag.py:3239} INFO - Sync 1 DAGs
[2025-01-25T16:35:18.007+0000] {logging_mixin.py:190} INFO - [2025-01-25T16:35:18.006+0000] {dag.py:4180} INFO - Setting next_dagrun for latest_only to 2025-01-25 12:00:00+00:00, run_after=2025-01-25 16:00:00+00:00
[2025-01-25T16:35:18.524+0000] {processor.py:208} INFO - Processing /home/airflow/.local/lib/python3.12/site-packages/airflow/example_dags/example_latest_only.py took 0.571 seconds
[2025-01-25T16:35:48.721+0000] {processor.py:186} INFO - Started process (PID=907) to work on /home/airflow/.local/lib/python3.12/site-packages/airflow/example_dags/example_latest_only.py
[2025-01-25T16:35:48.722+0000] {processor.py:914} INFO - Processing file /home/airflow/.local/lib/python3.12/site-packages/airflow/example_dags/example_latest_only.py for tasks to queue
[2025-01-25T16:35:48.725+0000] {logging_mixin.py:190} INFO - [2025-01-25T16:35:48.724+0000] {dagbag.py:588} INFO - Filling up the DagBag from /home/airflow/.local/lib/python3.12/site-packages/airflow/example_dags/example_latest_only.py
[2025-01-25T16:35:48.730+0000] {processor.py:925} INFO - DAG(s) 'latest_only' retrieved from /home/airflow/.local/lib/python3.12/site-packages/airflow/example_dags/example_latest_only.py
[2025-01-25T16:35:48.747+0000] {logging_mixin.py:190} INFO - [2025-01-25T16:35:48.747+0000] {dag.py:3239} INFO - Sync 1 DAGs
[2025-01-25T16:35:48.767+0000] {logging_mixin.py:190} INFO - [2025-01-25T16:35:48.767+0000] {dag.py:4180} INFO - Setting next_dagrun for latest_only to 2025-01-25 12:00:00+00:00, run_after=2025-01-25 16:00:00+00:00
[2025-01-25T16:35:49.189+0000] {processor.py:208} INFO - Processing /home/airflow/.local/lib/python3.12/site-packages/airflow/example_dags/example_latest_only.py took 0.473 seconds
[2025-01-25T16:36:19.787+0000] {processor.py:186} INFO - Started process (PID=970) to work on /home/airflow/.local/lib/python3.12/site-packages/airflow/example_dags/example_latest_only.py
[2025-01-25T16:36:19.788+0000] {processor.py:914} INFO - Processing file /home/airflow/.local/lib/python3.12/site-packages/airflow/example_dags/example_latest_only.py for tasks to queue
[2025-01-25T16:36:19.791+0000] {logging_mixin.py:190} INFO - [2025-01-25T16:36:19.790+0000] {dagbag.py:588} INFO - Filling up the DagBag from /home/airflow/.local/lib/python3.12/site-packages/airflow/example_dags/example_latest_only.py
[2025-01-25T16:36:19.796+0000] {processor.py:925} INFO - DAG(s) 'latest_only' retrieved from /home/airflow/.local/lib/python3.12/site-packages/airflow/example_dags/example_latest_only.py
[2025-01-25T16:36:19.814+0000] {logging_mixin.py:190} INFO - [2025-01-25T16:36:19.814+0000] {dag.py:3239} INFO - Sync 1 DAGs
[2025-01-25T16:36:19.835+0000] {logging_mixin.py:190} INFO - [2025-01-25T16:36:19.835+0000] {dag.py:4180} INFO - Setting next_dagrun for latest_only to 2025-01-25 12:00:00+00:00, run_after=2025-01-25 16:00:00+00:00
[2025-01-25T16:36:19.937+0000] {processor.py:208} INFO - Processing /home/airflow/.local/lib/python3.12/site-packages/airflow/example_dags/example_latest_only.py took 0.154 seconds
[2025-01-25T16:36:50.042+0000] {processor.py:186} INFO - Started process (PID=1033) to work on /home/airflow/.local/lib/python3.12/site-packages/airflow/example_dags/example_latest_only.py
[2025-01-25T16:36:50.043+0000] {processor.py:914} INFO - Processing file /home/airflow/.local/lib/python3.12/site-packages/airflow/example_dags/example_latest_only.py for tasks to queue
[2025-01-25T16:36:50.046+0000] {logging_mixin.py:190} INFO - [2025-01-25T16:36:50.045+0000] {dagbag.py:588} INFO - Filling up the DagBag from /home/airflow/.local/lib/python3.12/site-packages/airflow/example_dags/example_latest_only.py
[2025-01-25T16:36:50.051+0000] {processor.py:925} INFO - DAG(s) 'latest_only' retrieved from /home/airflow/.local/lib/python3.12/site-packages/airflow/example_dags/example_latest_only.py
[2025-01-25T16:36:50.069+0000] {logging_mixin.py:190} INFO - [2025-01-25T16:36:50.069+0000] {dag.py:3239} INFO - Sync 1 DAGs
[2025-01-25T16:36:50.091+0000] {logging_mixin.py:190} INFO - [2025-01-25T16:36:50.091+0000] {dag.py:4180} INFO - Setting next_dagrun for latest_only to 2025-01-25 12:00:00+00:00, run_after=2025-01-25 16:00:00+00:00
[2025-01-25T16:36:50.642+0000] {processor.py:208} INFO - Processing /home/airflow/.local/lib/python3.12/site-packages/airflow/example_dags/example_latest_only.py took 0.605 seconds
[2025-01-25T16:37:21.208+0000] {processor.py:186} INFO - Started process (PID=1096) to work on /home/airflow/.local/lib/python3.12/site-packages/airflow/example_dags/example_latest_only.py
[2025-01-25T16:37:21.209+0000] {processor.py:914} INFO - Processing file /home/airflow/.local/lib/python3.12/site-packages/airflow/example_dags/example_latest_only.py for tasks to queue
[2025-01-25T16:37:21.211+0000] {logging_mixin.py:190} INFO - [2025-01-25T16:37:21.211+0000] {dagbag.py:588} INFO - Filling up the DagBag from /home/airflow/.local/lib/python3.12/site-packages/airflow/example_dags/example_latest_only.py
[2025-01-25T16:37:21.217+0000] {processor.py:925} INFO - DAG(s) 'latest_only' retrieved from /home/airflow/.local/lib/python3.12/site-packages/airflow/example_dags/example_latest_only.py
[2025-01-25T16:37:21.235+0000] {logging_mixin.py:190} INFO - [2025-01-25T16:37:21.235+0000] {dag.py:3239} INFO - Sync 1 DAGs
[2025-01-25T16:37:21.256+0000] {logging_mixin.py:190} INFO - [2025-01-25T16:37:21.256+0000] {dag.py:4180} INFO - Setting next_dagrun for latest_only to 2025-01-25 12:00:00+00:00, run_after=2025-01-25 16:00:00+00:00
[2025-01-25T16:37:21.614+0000] {processor.py:208} INFO - Processing /home/airflow/.local/lib/python3.12/site-packages/airflow/example_dags/example_latest_only.py took 0.410 seconds
