[2025-01-25T16:29:00.246+0000] {processor.py:186} INFO - Started process (PID=87) to work on /home/airflow/.local/lib/python3.12/site-packages/airflow/example_dags/example_task_group_decorator.py
[2025-01-25T16:29:00.247+0000] {processor.py:914} INFO - Processing file /home/airflow/.local/lib/python3.12/site-packages/airflow/example_dags/example_task_group_decorator.py for tasks to queue
[2025-01-25T16:29:00.249+0000] {logging_mixin.py:190} INFO - [2025-01-25T16:29:00.249+0000] {dagbag.py:588} INFO - Filling up the DagBag from /home/airflow/.local/lib/python3.12/site-packages/airflow/example_dags/example_task_group_decorator.py
[2025-01-25T16:29:00.267+0000] {processor.py:925} INFO - DAG(s) 'example_task_group_decorator' retrieved from /home/airflow/.local/lib/python3.12/site-packages/airflow/example_dags/example_task_group_decorator.py
[2025-01-25T16:29:00.389+0000] {logging_mixin.py:190} INFO - [2025-01-25T16:29:00.388+0000] {override.py:1911} INFO - Created Permission View: can delete on DAG:example_task_group_decorator
[2025-01-25T16:29:00.416+0000] {logging_mixin.py:190} INFO - [2025-01-25T16:29:00.415+0000] {override.py:1911} INFO - Created Permission View: can read on DAG:example_task_group_decorator
[2025-01-25T16:29:00.437+0000] {logging_mixin.py:190} INFO - [2025-01-25T16:29:00.436+0000] {override.py:1911} INFO - Created Permission View: can edit on DAG:example_task_group_decorator
[2025-01-25T16:29:00.455+0000] {logging_mixin.py:190} INFO - [2025-01-25T16:29:00.455+0000] {override.py:1911} INFO - Created Permission View: can delete on DAG Run:example_task_group_decorator
[2025-01-25T16:29:00.474+0000] {logging_mixin.py:190} INFO - [2025-01-25T16:29:00.474+0000] {override.py:1911} INFO - Created Permission View: can create on DAG Run:example_task_group_decorator
[2025-01-25T16:29:00.496+0000] {logging_mixin.py:190} INFO - [2025-01-25T16:29:00.496+0000] {override.py:1911} INFO - Created Permission View: menu access on DAG Run:example_task_group_decorator
[2025-01-25T16:29:00.517+0000] {logging_mixin.py:190} INFO - [2025-01-25T16:29:00.516+0000] {override.py:1911} INFO - Created Permission View: can read on DAG Run:example_task_group_decorator
[2025-01-25T16:29:00.519+0000] {logging_mixin.py:190} INFO - [2025-01-25T16:29:00.518+0000] {dag.py:3239} INFO - Sync 1 DAGs
[2025-01-25T16:29:00.534+0000] {logging_mixin.py:190} INFO - [2025-01-25T16:29:00.534+0000] {dag.py:3262} INFO - Creating ORM DAG for example_task_group_decorator
[2025-01-25T16:29:00.535+0000] {logging_mixin.py:190} INFO - [2025-01-25T16:29:00.535+0000] {dag.py:4180} INFO - Setting next_dagrun for example_task_group_decorator to None, run_after=None
[2025-01-25T16:29:00.560+0000] {processor.py:208} INFO - Processing /home/airflow/.local/lib/python3.12/site-packages/airflow/example_dags/example_task_group_decorator.py took 0.320 seconds
[2025-01-25T16:29:31.678+0000] {processor.py:186} INFO - Started process (PID=150) to work on /home/airflow/.local/lib/python3.12/site-packages/airflow/example_dags/example_task_group_decorator.py
[2025-01-25T16:29:31.680+0000] {processor.py:914} INFO - Processing file /home/airflow/.local/lib/python3.12/site-packages/airflow/example_dags/example_task_group_decorator.py for tasks to queue
[2025-01-25T16:29:31.684+0000] {logging_mixin.py:190} INFO - [2025-01-25T16:29:31.683+0000] {dagbag.py:588} INFO - Filling up the DagBag from /home/airflow/.local/lib/python3.12/site-packages/airflow/example_dags/example_task_group_decorator.py
[2025-01-25T16:29:31.704+0000] {processor.py:925} INFO - DAG(s) 'example_task_group_decorator' retrieved from /home/airflow/.local/lib/python3.12/site-packages/airflow/example_dags/example_task_group_decorator.py
[2025-01-25T16:29:31.735+0000] {logging_mixin.py:190} INFO - [2025-01-25T16:29:31.735+0000] {dag.py:3239} INFO - Sync 1 DAGs
[2025-01-25T16:29:31.749+0000] {logging_mixin.py:190} INFO - [2025-01-25T16:29:31.749+0000] {dag.py:4180} INFO - Setting next_dagrun for example_task_group_decorator to None, run_after=None
[2025-01-25T16:29:31.773+0000] {processor.py:208} INFO - Processing /home/airflow/.local/lib/python3.12/site-packages/airflow/example_dags/example_task_group_decorator.py took 0.106 seconds
[2025-01-25T16:30:03.095+0000] {processor.py:186} INFO - Started process (PID=213) to work on /home/airflow/.local/lib/python3.12/site-packages/airflow/example_dags/example_task_group_decorator.py
[2025-01-25T16:30:03.096+0000] {processor.py:914} INFO - Processing file /home/airflow/.local/lib/python3.12/site-packages/airflow/example_dags/example_task_group_decorator.py for tasks to queue
[2025-01-25T16:30:03.099+0000] {logging_mixin.py:190} INFO - [2025-01-25T16:30:03.099+0000] {dagbag.py:588} INFO - Filling up the DagBag from /home/airflow/.local/lib/python3.12/site-packages/airflow/example_dags/example_task_group_decorator.py
[2025-01-25T16:30:03.113+0000] {processor.py:925} INFO - DAG(s) 'example_task_group_decorator' retrieved from /home/airflow/.local/lib/python3.12/site-packages/airflow/example_dags/example_task_group_decorator.py
[2025-01-25T16:30:03.142+0000] {logging_mixin.py:190} INFO - [2025-01-25T16:30:03.142+0000] {dag.py:3239} INFO - Sync 1 DAGs
[2025-01-25T16:30:03.159+0000] {logging_mixin.py:190} INFO - [2025-01-25T16:30:03.159+0000] {dag.py:4180} INFO - Setting next_dagrun for example_task_group_decorator to None, run_after=None
[2025-01-25T16:30:03.231+0000] {processor.py:208} INFO - Processing /home/airflow/.local/lib/python3.12/site-packages/airflow/example_dags/example_task_group_decorator.py took 0.141 seconds
[2025-01-25T16:30:41.075+0000] {processor.py:186} INFO - Started process (PID=276) to work on /home/airflow/.local/lib/python3.12/site-packages/airflow/example_dags/example_task_group_decorator.py
[2025-01-25T16:30:41.076+0000] {processor.py:914} INFO - Processing file /home/airflow/.local/lib/python3.12/site-packages/airflow/example_dags/example_task_group_decorator.py for tasks to queue
[2025-01-25T16:30:41.078+0000] {logging_mixin.py:190} INFO - [2025-01-25T16:30:41.078+0000] {dagbag.py:588} INFO - Filling up the DagBag from /home/airflow/.local/lib/python3.12/site-packages/airflow/example_dags/example_task_group_decorator.py
[2025-01-25T16:30:41.091+0000] {processor.py:925} INFO - DAG(s) 'example_task_group_decorator' retrieved from /home/airflow/.local/lib/python3.12/site-packages/airflow/example_dags/example_task_group_decorator.py
[2025-01-25T16:30:41.112+0000] {logging_mixin.py:190} INFO - [2025-01-25T16:30:41.111+0000] {dag.py:3239} INFO - Sync 1 DAGs
[2025-01-25T16:30:41.124+0000] {logging_mixin.py:190} INFO - [2025-01-25T16:30:41.124+0000] {dag.py:4180} INFO - Setting next_dagrun for example_task_group_decorator to None, run_after=None
[2025-01-25T16:30:43.090+0000] {processor.py:208} INFO - Processing /home/airflow/.local/lib/python3.12/site-packages/airflow/example_dags/example_task_group_decorator.py took 2.019 seconds
[2025-01-25T16:31:13.422+0000] {processor.py:186} INFO - Started process (PID=339) to work on /home/airflow/.local/lib/python3.12/site-packages/airflow/example_dags/example_task_group_decorator.py
[2025-01-25T16:31:13.423+0000] {processor.py:914} INFO - Processing file /home/airflow/.local/lib/python3.12/site-packages/airflow/example_dags/example_task_group_decorator.py for tasks to queue
[2025-01-25T16:31:13.425+0000] {logging_mixin.py:190} INFO - [2025-01-25T16:31:13.425+0000] {dagbag.py:588} INFO - Filling up the DagBag from /home/airflow/.local/lib/python3.12/site-packages/airflow/example_dags/example_task_group_decorator.py
[2025-01-25T16:31:13.440+0000] {processor.py:925} INFO - DAG(s) 'example_task_group_decorator' retrieved from /home/airflow/.local/lib/python3.12/site-packages/airflow/example_dags/example_task_group_decorator.py
[2025-01-25T16:31:13.467+0000] {logging_mixin.py:190} INFO - [2025-01-25T16:31:13.467+0000] {dag.py:3239} INFO - Sync 1 DAGs
[2025-01-25T16:31:13.484+0000] {logging_mixin.py:190} INFO - [2025-01-25T16:31:13.483+0000] {dag.py:4180} INFO - Setting next_dagrun for example_task_group_decorator to None, run_after=None
[2025-01-25T16:31:14.034+0000] {processor.py:208} INFO - Processing /home/airflow/.local/lib/python3.12/site-packages/airflow/example_dags/example_task_group_decorator.py took 0.616 seconds
[2025-01-25T16:31:44.371+0000] {processor.py:186} INFO - Started process (PID=403) to work on /home/airflow/.local/lib/python3.12/site-packages/airflow/example_dags/example_task_group_decorator.py
[2025-01-25T16:31:44.372+0000] {processor.py:914} INFO - Processing file /home/airflow/.local/lib/python3.12/site-packages/airflow/example_dags/example_task_group_decorator.py for tasks to queue
[2025-01-25T16:31:44.375+0000] {logging_mixin.py:190} INFO - [2025-01-25T16:31:44.375+0000] {dagbag.py:588} INFO - Filling up the DagBag from /home/airflow/.local/lib/python3.12/site-packages/airflow/example_dags/example_task_group_decorator.py
[2025-01-25T16:31:44.389+0000] {processor.py:925} INFO - DAG(s) 'example_task_group_decorator' retrieved from /home/airflow/.local/lib/python3.12/site-packages/airflow/example_dags/example_task_group_decorator.py
[2025-01-25T16:31:44.411+0000] {logging_mixin.py:190} INFO - [2025-01-25T16:31:44.411+0000] {dag.py:3239} INFO - Sync 1 DAGs
[2025-01-25T16:31:44.423+0000] {logging_mixin.py:190} INFO - [2025-01-25T16:31:44.423+0000] {dag.py:4180} INFO - Setting next_dagrun for example_task_group_decorator to None, run_after=None
[2025-01-25T16:31:44.594+0000] {processor.py:208} INFO - Processing /home/airflow/.local/lib/python3.12/site-packages/airflow/example_dags/example_task_group_decorator.py took 0.229 seconds
[2025-01-25T16:32:14.996+0000] {processor.py:186} INFO - Started process (PID=466) to work on /home/airflow/.local/lib/python3.12/site-packages/airflow/example_dags/example_task_group_decorator.py
[2025-01-25T16:32:14.997+0000] {processor.py:914} INFO - Processing file /home/airflow/.local/lib/python3.12/site-packages/airflow/example_dags/example_task_group_decorator.py for tasks to queue
[2025-01-25T16:32:15.000+0000] {logging_mixin.py:190} INFO - [2025-01-25T16:32:14.999+0000] {dagbag.py:588} INFO - Filling up the DagBag from /home/airflow/.local/lib/python3.12/site-packages/airflow/example_dags/example_task_group_decorator.py
[2025-01-25T16:32:15.014+0000] {processor.py:925} INFO - DAG(s) 'example_task_group_decorator' retrieved from /home/airflow/.local/lib/python3.12/site-packages/airflow/example_dags/example_task_group_decorator.py
[2025-01-25T16:32:15.038+0000] {logging_mixin.py:190} INFO - [2025-01-25T16:32:15.038+0000] {dag.py:3239} INFO - Sync 1 DAGs
[2025-01-25T16:32:15.051+0000] {logging_mixin.py:190} INFO - [2025-01-25T16:32:15.051+0000] {dag.py:4180} INFO - Setting next_dagrun for example_task_group_decorator to None, run_after=None
[2025-01-25T16:32:15.207+0000] {processor.py:208} INFO - Processing /home/airflow/.local/lib/python3.12/site-packages/airflow/example_dags/example_task_group_decorator.py took 0.216 seconds
[2025-01-25T16:32:45.487+0000] {processor.py:186} INFO - Started process (PID=529) to work on /home/airflow/.local/lib/python3.12/site-packages/airflow/example_dags/example_task_group_decorator.py
[2025-01-25T16:32:45.488+0000] {processor.py:914} INFO - Processing file /home/airflow/.local/lib/python3.12/site-packages/airflow/example_dags/example_task_group_decorator.py for tasks to queue
[2025-01-25T16:32:45.491+0000] {logging_mixin.py:190} INFO - [2025-01-25T16:32:45.490+0000] {dagbag.py:588} INFO - Filling up the DagBag from /home/airflow/.local/lib/python3.12/site-packages/airflow/example_dags/example_task_group_decorator.py
[2025-01-25T16:32:45.504+0000] {processor.py:925} INFO - DAG(s) 'example_task_group_decorator' retrieved from /home/airflow/.local/lib/python3.12/site-packages/airflow/example_dags/example_task_group_decorator.py
[2025-01-25T16:32:45.527+0000] {logging_mixin.py:190} INFO - [2025-01-25T16:32:45.527+0000] {dag.py:3239} INFO - Sync 1 DAGs
[2025-01-25T16:32:45.540+0000] {logging_mixin.py:190} INFO - [2025-01-25T16:32:45.540+0000] {dag.py:4180} INFO - Setting next_dagrun for example_task_group_decorator to None, run_after=None
[2025-01-25T16:32:45.865+0000] {processor.py:208} INFO - Processing /home/airflow/.local/lib/python3.12/site-packages/airflow/example_dags/example_task_group_decorator.py took 0.383 seconds
[2025-01-25T16:33:16.040+0000] {processor.py:186} INFO - Started process (PID=592) to work on /home/airflow/.local/lib/python3.12/site-packages/airflow/example_dags/example_task_group_decorator.py
[2025-01-25T16:33:16.041+0000] {processor.py:914} INFO - Processing file /home/airflow/.local/lib/python3.12/site-packages/airflow/example_dags/example_task_group_decorator.py for tasks to queue
[2025-01-25T16:33:16.044+0000] {logging_mixin.py:190} INFO - [2025-01-25T16:33:16.044+0000] {dagbag.py:588} INFO - Filling up the DagBag from /home/airflow/.local/lib/python3.12/site-packages/airflow/example_dags/example_task_group_decorator.py
[2025-01-25T16:33:16.065+0000] {processor.py:925} INFO - DAG(s) 'example_task_group_decorator' retrieved from /home/airflow/.local/lib/python3.12/site-packages/airflow/example_dags/example_task_group_decorator.py
[2025-01-25T16:33:16.090+0000] {logging_mixin.py:190} INFO - [2025-01-25T16:33:16.089+0000] {dag.py:3239} INFO - Sync 1 DAGs
[2025-01-25T16:33:16.104+0000] {logging_mixin.py:190} INFO - [2025-01-25T16:33:16.104+0000] {dag.py:4180} INFO - Setting next_dagrun for example_task_group_decorator to None, run_after=None
[2025-01-25T16:33:16.287+0000] {processor.py:208} INFO - Processing /home/airflow/.local/lib/python3.12/site-packages/airflow/example_dags/example_task_group_decorator.py took 0.253 seconds
[2025-01-25T16:33:46.428+0000] {processor.py:186} INFO - Started process (PID=655) to work on /home/airflow/.local/lib/python3.12/site-packages/airflow/example_dags/example_task_group_decorator.py
[2025-01-25T16:33:46.430+0000] {processor.py:914} INFO - Processing file /home/airflow/.local/lib/python3.12/site-packages/airflow/example_dags/example_task_group_decorator.py for tasks to queue
[2025-01-25T16:33:46.432+0000] {logging_mixin.py:190} INFO - [2025-01-25T16:33:46.432+0000] {dagbag.py:588} INFO - Filling up the DagBag from /home/airflow/.local/lib/python3.12/site-packages/airflow/example_dags/example_task_group_decorator.py
[2025-01-25T16:33:46.444+0000] {processor.py:925} INFO - DAG(s) 'example_task_group_decorator' retrieved from /home/airflow/.local/lib/python3.12/site-packages/airflow/example_dags/example_task_group_decorator.py
[2025-01-25T16:33:46.471+0000] {logging_mixin.py:190} INFO - [2025-01-25T16:33:46.471+0000] {dag.py:3239} INFO - Sync 1 DAGs
[2025-01-25T16:33:46.483+0000] {logging_mixin.py:190} INFO - [2025-01-25T16:33:46.483+0000] {dag.py:4180} INFO - Setting next_dagrun for example_task_group_decorator to None, run_after=None
[2025-01-25T16:33:46.523+0000] {processor.py:208} INFO - Processing /home/airflow/.local/lib/python3.12/site-packages/airflow/example_dags/example_task_group_decorator.py took 0.100 seconds
[2025-01-25T16:34:16.657+0000] {processor.py:186} INFO - Started process (PID=717) to work on /home/airflow/.local/lib/python3.12/site-packages/airflow/example_dags/example_task_group_decorator.py
[2025-01-25T16:34:16.659+0000] {processor.py:914} INFO - Processing file /home/airflow/.local/lib/python3.12/site-packages/airflow/example_dags/example_task_group_decorator.py for tasks to queue
[2025-01-25T16:34:16.661+0000] {logging_mixin.py:190} INFO - [2025-01-25T16:34:16.661+0000] {dagbag.py:588} INFO - Filling up the DagBag from /home/airflow/.local/lib/python3.12/site-packages/airflow/example_dags/example_task_group_decorator.py
[2025-01-25T16:34:16.675+0000] {processor.py:925} INFO - DAG(s) 'example_task_group_decorator' retrieved from /home/airflow/.local/lib/python3.12/site-packages/airflow/example_dags/example_task_group_decorator.py
[2025-01-25T16:34:16.697+0000] {logging_mixin.py:190} INFO - [2025-01-25T16:34:16.697+0000] {dag.py:3239} INFO - Sync 1 DAGs
[2025-01-25T16:34:16.710+0000] {logging_mixin.py:190} INFO - [2025-01-25T16:34:16.710+0000] {dag.py:4180} INFO - Setting next_dagrun for example_task_group_decorator to None, run_after=None
[2025-01-25T16:34:16.793+0000] {processor.py:208} INFO - Processing /home/airflow/.local/lib/python3.12/site-packages/airflow/example_dags/example_task_group_decorator.py took 0.142 seconds
[2025-01-25T16:34:46.910+0000] {processor.py:186} INFO - Started process (PID=780) to work on /home/airflow/.local/lib/python3.12/site-packages/airflow/example_dags/example_task_group_decorator.py
[2025-01-25T16:34:46.911+0000] {processor.py:914} INFO - Processing file /home/airflow/.local/lib/python3.12/site-packages/airflow/example_dags/example_task_group_decorator.py for tasks to queue
[2025-01-25T16:34:46.913+0000] {logging_mixin.py:190} INFO - [2025-01-25T16:34:46.913+0000] {dagbag.py:588} INFO - Filling up the DagBag from /home/airflow/.local/lib/python3.12/site-packages/airflow/example_dags/example_task_group_decorator.py
[2025-01-25T16:34:46.925+0000] {processor.py:925} INFO - DAG(s) 'example_task_group_decorator' retrieved from /home/airflow/.local/lib/python3.12/site-packages/airflow/example_dags/example_task_group_decorator.py
[2025-01-25T16:34:46.947+0000] {logging_mixin.py:190} INFO - [2025-01-25T16:34:46.947+0000] {dag.py:3239} INFO - Sync 1 DAGs
[2025-01-25T16:34:46.959+0000] {logging_mixin.py:190} INFO - [2025-01-25T16:34:46.959+0000] {dag.py:4180} INFO - Setting next_dagrun for example_task_group_decorator to None, run_after=None
[2025-01-25T16:34:47.287+0000] {processor.py:208} INFO - Processing /home/airflow/.local/lib/python3.12/site-packages/airflow/example_dags/example_task_group_decorator.py took 0.382 seconds
[2025-01-25T16:35:17.712+0000] {processor.py:186} INFO - Started process (PID=843) to work on /home/airflow/.local/lib/python3.12/site-packages/airflow/example_dags/example_task_group_decorator.py
[2025-01-25T16:35:17.713+0000] {processor.py:914} INFO - Processing file /home/airflow/.local/lib/python3.12/site-packages/airflow/example_dags/example_task_group_decorator.py for tasks to queue
[2025-01-25T16:35:17.716+0000] {logging_mixin.py:190} INFO - [2025-01-25T16:35:17.715+0000] {dagbag.py:588} INFO - Filling up the DagBag from /home/airflow/.local/lib/python3.12/site-packages/airflow/example_dags/example_task_group_decorator.py
[2025-01-25T16:35:17.732+0000] {processor.py:925} INFO - DAG(s) 'example_task_group_decorator' retrieved from /home/airflow/.local/lib/python3.12/site-packages/airflow/example_dags/example_task_group_decorator.py
[2025-01-25T16:35:17.756+0000] {logging_mixin.py:190} INFO - [2025-01-25T16:35:17.756+0000] {dag.py:3239} INFO - Sync 1 DAGs
[2025-01-25T16:35:17.770+0000] {logging_mixin.py:190} INFO - [2025-01-25T16:35:17.770+0000] {dag.py:4180} INFO - Setting next_dagrun for example_task_group_decorator to None, run_after=None
[2025-01-25T16:35:17.921+0000] {processor.py:208} INFO - Processing /home/airflow/.local/lib/python3.12/site-packages/airflow/example_dags/example_task_group_decorator.py took 0.214 seconds
[2025-01-25T16:35:48.453+0000] {processor.py:186} INFO - Started process (PID=906) to work on /home/airflow/.local/lib/python3.12/site-packages/airflow/example_dags/example_task_group_decorator.py
[2025-01-25T16:35:48.454+0000] {processor.py:914} INFO - Processing file /home/airflow/.local/lib/python3.12/site-packages/airflow/example_dags/example_task_group_decorator.py for tasks to queue
[2025-01-25T16:35:48.457+0000] {logging_mixin.py:190} INFO - [2025-01-25T16:35:48.456+0000] {dagbag.py:588} INFO - Filling up the DagBag from /home/airflow/.local/lib/python3.12/site-packages/airflow/example_dags/example_task_group_decorator.py
[2025-01-25T16:35:48.470+0000] {processor.py:925} INFO - DAG(s) 'example_task_group_decorator' retrieved from /home/airflow/.local/lib/python3.12/site-packages/airflow/example_dags/example_task_group_decorator.py
[2025-01-25T16:35:48.492+0000] {logging_mixin.py:190} INFO - [2025-01-25T16:35:48.492+0000] {dag.py:3239} INFO - Sync 1 DAGs
[2025-01-25T16:35:48.505+0000] {logging_mixin.py:190} INFO - [2025-01-25T16:35:48.505+0000] {dag.py:4180} INFO - Setting next_dagrun for example_task_group_decorator to None, run_after=None
[2025-01-25T16:35:48.682+0000] {processor.py:208} INFO - Processing /home/airflow/.local/lib/python3.12/site-packages/airflow/example_dags/example_task_group_decorator.py took 0.234 seconds
[2025-01-25T16:36:19.207+0000] {processor.py:186} INFO - Started process (PID=969) to work on /home/airflow/.local/lib/python3.12/site-packages/airflow/example_dags/example_task_group_decorator.py
[2025-01-25T16:36:19.208+0000] {processor.py:914} INFO - Processing file /home/airflow/.local/lib/python3.12/site-packages/airflow/example_dags/example_task_group_decorator.py for tasks to queue
[2025-01-25T16:36:19.211+0000] {logging_mixin.py:190} INFO - [2025-01-25T16:36:19.210+0000] {dagbag.py:588} INFO - Filling up the DagBag from /home/airflow/.local/lib/python3.12/site-packages/airflow/example_dags/example_task_group_decorator.py
[2025-01-25T16:36:19.224+0000] {processor.py:925} INFO - DAG(s) 'example_task_group_decorator' retrieved from /home/airflow/.local/lib/python3.12/site-packages/airflow/example_dags/example_task_group_decorator.py
[2025-01-25T16:36:19.247+0000] {logging_mixin.py:190} INFO - [2025-01-25T16:36:19.247+0000] {dag.py:3239} INFO - Sync 1 DAGs
[2025-01-25T16:36:19.261+0000] {logging_mixin.py:190} INFO - [2025-01-25T16:36:19.260+0000] {dag.py:4180} INFO - Setting next_dagrun for example_task_group_decorator to None, run_after=None
[2025-01-25T16:36:19.754+0000] {processor.py:208} INFO - Processing /home/airflow/.local/lib/python3.12/site-packages/airflow/example_dags/example_task_group_decorator.py took 0.551 seconds
[2025-01-25T16:36:49.839+0000] {processor.py:186} INFO - Started process (PID=1032) to work on /home/airflow/.local/lib/python3.12/site-packages/airflow/example_dags/example_task_group_decorator.py
[2025-01-25T16:36:49.840+0000] {processor.py:914} INFO - Processing file /home/airflow/.local/lib/python3.12/site-packages/airflow/example_dags/example_task_group_decorator.py for tasks to queue
[2025-01-25T16:36:49.843+0000] {logging_mixin.py:190} INFO - [2025-01-25T16:36:49.842+0000] {dagbag.py:588} INFO - Filling up the DagBag from /home/airflow/.local/lib/python3.12/site-packages/airflow/example_dags/example_task_group_decorator.py
[2025-01-25T16:36:49.856+0000] {processor.py:925} INFO - DAG(s) 'example_task_group_decorator' retrieved from /home/airflow/.local/lib/python3.12/site-packages/airflow/example_dags/example_task_group_decorator.py
[2025-01-25T16:36:49.880+0000] {logging_mixin.py:190} INFO - [2025-01-25T16:36:49.880+0000] {dag.py:3239} INFO - Sync 1 DAGs
[2025-01-25T16:36:49.893+0000] {logging_mixin.py:190} INFO - [2025-01-25T16:36:49.893+0000] {dag.py:4180} INFO - Setting next_dagrun for example_task_group_decorator to None, run_after=None
[2025-01-25T16:36:50.005+0000] {processor.py:208} INFO - Processing /home/airflow/.local/lib/python3.12/site-packages/airflow/example_dags/example_task_group_decorator.py took 0.171 seconds
[2025-01-25T16:37:21.096+0000] {processor.py:186} INFO - Started process (PID=1095) to work on /home/airflow/.local/lib/python3.12/site-packages/airflow/example_dags/example_task_group_decorator.py
[2025-01-25T16:37:21.097+0000] {processor.py:914} INFO - Processing file /home/airflow/.local/lib/python3.12/site-packages/airflow/example_dags/example_task_group_decorator.py for tasks to queue
[2025-01-25T16:37:21.099+0000] {logging_mixin.py:190} INFO - [2025-01-25T16:37:21.099+0000] {dagbag.py:588} INFO - Filling up the DagBag from /home/airflow/.local/lib/python3.12/site-packages/airflow/example_dags/example_task_group_decorator.py
[2025-01-25T16:37:21.112+0000] {processor.py:925} INFO - DAG(s) 'example_task_group_decorator' retrieved from /home/airflow/.local/lib/python3.12/site-packages/airflow/example_dags/example_task_group_decorator.py
[2025-01-25T16:37:21.134+0000] {logging_mixin.py:190} INFO - [2025-01-25T16:37:21.134+0000] {dag.py:3239} INFO - Sync 1 DAGs
[2025-01-25T16:37:21.147+0000] {logging_mixin.py:190} INFO - [2025-01-25T16:37:21.147+0000] {dag.py:4180} INFO - Setting next_dagrun for example_task_group_decorator to None, run_after=None
[2025-01-25T16:37:21.168+0000] {processor.py:208} INFO - Processing /home/airflow/.local/lib/python3.12/site-packages/airflow/example_dags/example_task_group_decorator.py took 0.076 seconds
