[2025-01-25T16:28:55.123+0000] {processor.py:186} INFO - Started process (PID=66) to work on /home/airflow/.local/lib/python3.12/site-packages/airflow/example_dags/example_dataset_alias_with_no_taskflow.py
[2025-01-25T16:28:55.124+0000] {processor.py:914} INFO - Processing file /home/airflow/.local/lib/python3.12/site-packages/airflow/example_dags/example_dataset_alias_with_no_taskflow.py for tasks to queue
[2025-01-25T16:28:55.126+0000] {logging_mixin.py:190} INFO - [2025-01-25T16:28:55.126+0000] {dagbag.py:588} INFO - Filling up the DagBag from /home/airflow/.local/lib/python3.12/site-packages/airflow/example_dags/example_dataset_alias_with_no_taskflow.py
[2025-01-25T16:28:55.882+0000] {processor.py:925} INFO - DAG(s) 'dataset_s3_bucket_consumer_with_no_taskflow', 'dataset_s3_bucket_producer_with_no_taskflow', 'dataset_alias_example_alias_producer_with_no_taskflow', 'dataset_alias_example_alias_consumer_with_no_taskflow' retrieved from /home/airflow/.local/lib/python3.12/site-packages/airflow/example_dags/example_dataset_alias_with_no_taskflow.py
[2025-01-25T16:28:55.996+0000] {logging_mixin.py:190} INFO - [2025-01-25T16:28:55.995+0000] {override.py:1911} INFO - Created Permission View: can delete on DAG:dataset_s3_bucket_consumer_with_no_taskflow
[2025-01-25T16:28:56.013+0000] {logging_mixin.py:190} INFO - [2025-01-25T16:28:56.012+0000] {override.py:1911} INFO - Created Permission View: can read on DAG:dataset_s3_bucket_consumer_with_no_taskflow
[2025-01-25T16:28:56.027+0000] {logging_mixin.py:190} INFO - [2025-01-25T16:28:56.026+0000] {override.py:1911} INFO - Created Permission View: can edit on DAG:dataset_s3_bucket_consumer_with_no_taskflow
[2025-01-25T16:28:56.045+0000] {logging_mixin.py:190} INFO - [2025-01-25T16:28:56.044+0000] {override.py:1911} INFO - Created Permission View: can delete on DAG Run:dataset_s3_bucket_consumer_with_no_taskflow
[2025-01-25T16:28:56.058+0000] {logging_mixin.py:190} INFO - [2025-01-25T16:28:56.058+0000] {override.py:1911} INFO - Created Permission View: can create on DAG Run:dataset_s3_bucket_consumer_with_no_taskflow
[2025-01-25T16:28:56.073+0000] {logging_mixin.py:190} INFO - [2025-01-25T16:28:56.072+0000] {override.py:1911} INFO - Created Permission View: menu access on DAG Run:dataset_s3_bucket_consumer_with_no_taskflow
[2025-01-25T16:28:56.086+0000] {logging_mixin.py:190} INFO - [2025-01-25T16:28:56.086+0000] {override.py:1911} INFO - Created Permission View: can read on DAG Run:dataset_s3_bucket_consumer_with_no_taskflow
[2025-01-25T16:28:56.113+0000] {logging_mixin.py:190} INFO - [2025-01-25T16:28:56.112+0000] {override.py:1911} INFO - Created Permission View: can delete on DAG:dataset_s3_bucket_producer_with_no_taskflow
[2025-01-25T16:28:56.126+0000] {logging_mixin.py:190} INFO - [2025-01-25T16:28:56.125+0000] {override.py:1911} INFO - Created Permission View: can read on DAG:dataset_s3_bucket_producer_with_no_taskflow
[2025-01-25T16:28:56.139+0000] {logging_mixin.py:190} INFO - [2025-01-25T16:28:56.138+0000] {override.py:1911} INFO - Created Permission View: can edit on DAG:dataset_s3_bucket_producer_with_no_taskflow
[2025-01-25T16:28:56.157+0000] {logging_mixin.py:190} INFO - [2025-01-25T16:28:56.157+0000] {override.py:1911} INFO - Created Permission View: can delete on DAG Run:dataset_s3_bucket_producer_with_no_taskflow
[2025-01-25T16:28:56.173+0000] {logging_mixin.py:190} INFO - [2025-01-25T16:28:56.172+0000] {override.py:1911} INFO - Created Permission View: can create on DAG Run:dataset_s3_bucket_producer_with_no_taskflow
[2025-01-25T16:28:56.187+0000] {logging_mixin.py:190} INFO - [2025-01-25T16:28:56.187+0000] {override.py:1911} INFO - Created Permission View: menu access on DAG Run:dataset_s3_bucket_producer_with_no_taskflow
[2025-01-25T16:28:56.200+0000] {logging_mixin.py:190} INFO - [2025-01-25T16:28:56.200+0000] {override.py:1911} INFO - Created Permission View: can read on DAG Run:dataset_s3_bucket_producer_with_no_taskflow
[2025-01-25T16:28:56.228+0000] {logging_mixin.py:190} INFO - [2025-01-25T16:28:56.227+0000] {override.py:1911} INFO - Created Permission View: can delete on DAG:dataset_alias_example_alias_producer_with_no_taskflow
[2025-01-25T16:28:56.241+0000] {logging_mixin.py:190} INFO - [2025-01-25T16:28:56.241+0000] {override.py:1911} INFO - Created Permission View: can read on DAG:dataset_alias_example_alias_producer_with_no_taskflow
[2025-01-25T16:28:56.258+0000] {logging_mixin.py:190} INFO - [2025-01-25T16:28:56.258+0000] {override.py:1911} INFO - Created Permission View: can edit on DAG:dataset_alias_example_alias_producer_with_no_taskflow
[2025-01-25T16:28:56.275+0000] {logging_mixin.py:190} INFO - [2025-01-25T16:28:56.274+0000] {override.py:1911} INFO - Created Permission View: can delete on DAG Run:dataset_alias_example_alias_producer_with_no_taskflow
[2025-01-25T16:28:56.288+0000] {logging_mixin.py:190} INFO - [2025-01-25T16:28:56.287+0000] {override.py:1911} INFO - Created Permission View: can create on DAG Run:dataset_alias_example_alias_producer_with_no_taskflow
[2025-01-25T16:28:56.304+0000] {logging_mixin.py:190} INFO - [2025-01-25T16:28:56.303+0000] {override.py:1911} INFO - Created Permission View: menu access on DAG Run:dataset_alias_example_alias_producer_with_no_taskflow
[2025-01-25T16:28:56.317+0000] {logging_mixin.py:190} INFO - [2025-01-25T16:28:56.316+0000] {override.py:1911} INFO - Created Permission View: can read on DAG Run:dataset_alias_example_alias_producer_with_no_taskflow
[2025-01-25T16:28:56.338+0000] {logging_mixin.py:190} INFO - [2025-01-25T16:28:56.338+0000] {override.py:1911} INFO - Created Permission View: can delete on DAG:dataset_alias_example_alias_consumer_with_no_taskflow
[2025-01-25T16:28:56.352+0000] {logging_mixin.py:190} INFO - [2025-01-25T16:28:56.351+0000] {override.py:1911} INFO - Created Permission View: can read on DAG:dataset_alias_example_alias_consumer_with_no_taskflow
[2025-01-25T16:28:56.363+0000] {logging_mixin.py:190} INFO - [2025-01-25T16:28:56.363+0000] {override.py:1911} INFO - Created Permission View: can edit on DAG:dataset_alias_example_alias_consumer_with_no_taskflow
[2025-01-25T16:28:56.379+0000] {logging_mixin.py:190} INFO - [2025-01-25T16:28:56.378+0000] {override.py:1911} INFO - Created Permission View: can delete on DAG Run:dataset_alias_example_alias_consumer_with_no_taskflow
[2025-01-25T16:28:56.391+0000] {logging_mixin.py:190} INFO - [2025-01-25T16:28:56.390+0000] {override.py:1911} INFO - Created Permission View: can create on DAG Run:dataset_alias_example_alias_consumer_with_no_taskflow
[2025-01-25T16:28:56.405+0000] {logging_mixin.py:190} INFO - [2025-01-25T16:28:56.404+0000] {override.py:1911} INFO - Created Permission View: menu access on DAG Run:dataset_alias_example_alias_consumer_with_no_taskflow
[2025-01-25T16:28:56.417+0000] {logging_mixin.py:190} INFO - [2025-01-25T16:28:56.417+0000] {override.py:1911} INFO - Created Permission View: can read on DAG Run:dataset_alias_example_alias_consumer_with_no_taskflow
[2025-01-25T16:28:56.419+0000] {logging_mixin.py:190} INFO - [2025-01-25T16:28:56.418+0000] {dag.py:3239} INFO - Sync 4 DAGs
[2025-01-25T16:28:56.433+0000] {logging_mixin.py:190} INFO - [2025-01-25T16:28:56.432+0000] {dag.py:3262} INFO - Creating ORM DAG for dataset_alias_example_alias_consumer_with_no_taskflow
[2025-01-25T16:28:56.434+0000] {logging_mixin.py:190} INFO - [2025-01-25T16:28:56.434+0000] {dag.py:3262} INFO - Creating ORM DAG for dataset_s3_bucket_producer_with_no_taskflow
[2025-01-25T16:28:56.435+0000] {logging_mixin.py:190} INFO - [2025-01-25T16:28:56.435+0000] {dag.py:3262} INFO - Creating ORM DAG for dataset_alias_example_alias_producer_with_no_taskflow
[2025-01-25T16:28:56.436+0000] {logging_mixin.py:190} INFO - [2025-01-25T16:28:56.436+0000] {dag.py:3262} INFO - Creating ORM DAG for dataset_s3_bucket_consumer_with_no_taskflow
[2025-01-25T16:28:56.447+0000] {logging_mixin.py:190} INFO - [2025-01-25T16:28:56.447+0000] {dag.py:4180} INFO - Setting next_dagrun for dataset_alias_example_alias_consumer_with_no_taskflow to None, run_after=None
[2025-01-25T16:28:56.448+0000] {logging_mixin.py:190} INFO - [2025-01-25T16:28:56.448+0000] {dag.py:4180} INFO - Setting next_dagrun for dataset_alias_example_alias_producer_with_no_taskflow to None, run_after=None
[2025-01-25T16:28:56.449+0000] {logging_mixin.py:190} INFO - [2025-01-25T16:28:56.449+0000] {dag.py:4180} INFO - Setting next_dagrun for dataset_s3_bucket_consumer_with_no_taskflow to None, run_after=None
[2025-01-25T16:28:56.450+0000] {logging_mixin.py:190} INFO - [2025-01-25T16:28:56.450+0000] {dag.py:4180} INFO - Setting next_dagrun for dataset_s3_bucket_producer_with_no_taskflow to None, run_after=None
[2025-01-25T16:28:56.494+0000] {processor.py:208} INFO - Processing /home/airflow/.local/lib/python3.12/site-packages/airflow/example_dags/example_dataset_alias_with_no_taskflow.py took 1.376 seconds
[2025-01-25T16:29:27.140+0000] {processor.py:186} INFO - Started process (PID=129) to work on /home/airflow/.local/lib/python3.12/site-packages/airflow/example_dags/example_dataset_alias_with_no_taskflow.py
[2025-01-25T16:29:27.141+0000] {processor.py:914} INFO - Processing file /home/airflow/.local/lib/python3.12/site-packages/airflow/example_dags/example_dataset_alias_with_no_taskflow.py for tasks to queue
[2025-01-25T16:29:27.144+0000] {logging_mixin.py:190} INFO - [2025-01-25T16:29:27.144+0000] {dagbag.py:588} INFO - Filling up the DagBag from /home/airflow/.local/lib/python3.12/site-packages/airflow/example_dags/example_dataset_alias_with_no_taskflow.py
[2025-01-25T16:29:27.934+0000] {processor.py:925} INFO - DAG(s) 'dataset_alias_example_alias_consumer_with_no_taskflow', 'dataset_s3_bucket_producer_with_no_taskflow', 'dataset_s3_bucket_consumer_with_no_taskflow', 'dataset_alias_example_alias_producer_with_no_taskflow' retrieved from /home/airflow/.local/lib/python3.12/site-packages/airflow/example_dags/example_dataset_alias_with_no_taskflow.py
[2025-01-25T16:29:27.967+0000] {logging_mixin.py:190} INFO - [2025-01-25T16:29:27.966+0000] {dag.py:3239} INFO - Sync 4 DAGs
[2025-01-25T16:29:27.992+0000] {logging_mixin.py:190} INFO - [2025-01-25T16:29:27.992+0000] {dag.py:4180} INFO - Setting next_dagrun for dataset_alias_example_alias_consumer_with_no_taskflow to None, run_after=None
[2025-01-25T16:29:27.996+0000] {logging_mixin.py:190} INFO - [2025-01-25T16:29:27.996+0000] {dag.py:4180} INFO - Setting next_dagrun for dataset_alias_example_alias_producer_with_no_taskflow to None, run_after=None
[2025-01-25T16:29:27.999+0000] {logging_mixin.py:190} INFO - [2025-01-25T16:29:27.999+0000] {dag.py:4180} INFO - Setting next_dagrun for dataset_s3_bucket_consumer_with_no_taskflow to None, run_after=None
[2025-01-25T16:29:28.002+0000] {logging_mixin.py:190} INFO - [2025-01-25T16:29:28.002+0000] {dag.py:4180} INFO - Setting next_dagrun for dataset_s3_bucket_producer_with_no_taskflow to None, run_after=None
[2025-01-25T16:29:28.034+0000] {processor.py:208} INFO - Processing /home/airflow/.local/lib/python3.12/site-packages/airflow/example_dags/example_dataset_alias_with_no_taskflow.py took 0.901 seconds
[2025-01-25T16:29:58.542+0000] {processor.py:186} INFO - Started process (PID=195) to work on /home/airflow/.local/lib/python3.12/site-packages/airflow/example_dags/example_dataset_alias_with_no_taskflow.py
[2025-01-25T16:29:58.543+0000] {processor.py:914} INFO - Processing file /home/airflow/.local/lib/python3.12/site-packages/airflow/example_dags/example_dataset_alias_with_no_taskflow.py for tasks to queue
[2025-01-25T16:29:58.546+0000] {logging_mixin.py:190} INFO - [2025-01-25T16:29:58.545+0000] {dagbag.py:588} INFO - Filling up the DagBag from /home/airflow/.local/lib/python3.12/site-packages/airflow/example_dags/example_dataset_alias_with_no_taskflow.py
[2025-01-25T16:29:59.241+0000] {processor.py:925} INFO - DAG(s) 'dataset_alias_example_alias_consumer_with_no_taskflow', 'dataset_s3_bucket_producer_with_no_taskflow', 'dataset_s3_bucket_consumer_with_no_taskflow', 'dataset_alias_example_alias_producer_with_no_taskflow' retrieved from /home/airflow/.local/lib/python3.12/site-packages/airflow/example_dags/example_dataset_alias_with_no_taskflow.py
[2025-01-25T16:29:59.271+0000] {logging_mixin.py:190} INFO - [2025-01-25T16:29:59.270+0000] {dag.py:3239} INFO - Sync 4 DAGs
[2025-01-25T16:29:59.297+0000] {logging_mixin.py:190} INFO - [2025-01-25T16:29:59.297+0000] {dag.py:4180} INFO - Setting next_dagrun for dataset_alias_example_alias_consumer_with_no_taskflow to None, run_after=None
[2025-01-25T16:29:59.302+0000] {logging_mixin.py:190} INFO - [2025-01-25T16:29:59.302+0000] {dag.py:4180} INFO - Setting next_dagrun for dataset_alias_example_alias_producer_with_no_taskflow to None, run_after=None
[2025-01-25T16:29:59.305+0000] {logging_mixin.py:190} INFO - [2025-01-25T16:29:59.305+0000] {dag.py:4180} INFO - Setting next_dagrun for dataset_s3_bucket_consumer_with_no_taskflow to None, run_after=None
[2025-01-25T16:29:59.308+0000] {logging_mixin.py:190} INFO - [2025-01-25T16:29:59.307+0000] {dag.py:4180} INFO - Setting next_dagrun for dataset_s3_bucket_producer_with_no_taskflow to None, run_after=None
[2025-01-25T16:29:59.462+0000] {processor.py:208} INFO - Processing /home/airflow/.local/lib/python3.12/site-packages/airflow/example_dags/example_dataset_alias_with_no_taskflow.py took 0.926 seconds
[2025-01-25T16:30:29.931+0000] {processor.py:186} INFO - Started process (PID=258) to work on /home/airflow/.local/lib/python3.12/site-packages/airflow/example_dags/example_dataset_alias_with_no_taskflow.py
[2025-01-25T16:30:29.932+0000] {processor.py:914} INFO - Processing file /home/airflow/.local/lib/python3.12/site-packages/airflow/example_dags/example_dataset_alias_with_no_taskflow.py for tasks to queue
[2025-01-25T16:30:29.935+0000] {logging_mixin.py:190} INFO - [2025-01-25T16:30:29.934+0000] {dagbag.py:588} INFO - Filling up the DagBag from /home/airflow/.local/lib/python3.12/site-packages/airflow/example_dags/example_dataset_alias_with_no_taskflow.py
[2025-01-25T16:30:30.509+0000] {processor.py:925} INFO - DAG(s) 'dataset_s3_bucket_producer_with_no_taskflow', 'dataset_alias_example_alias_consumer_with_no_taskflow', 'dataset_alias_example_alias_producer_with_no_taskflow', 'dataset_s3_bucket_consumer_with_no_taskflow' retrieved from /home/airflow/.local/lib/python3.12/site-packages/airflow/example_dags/example_dataset_alias_with_no_taskflow.py
[2025-01-25T16:30:30.540+0000] {logging_mixin.py:190} INFO - [2025-01-25T16:30:30.539+0000] {dag.py:3239} INFO - Sync 4 DAGs
[2025-01-25T16:30:30.564+0000] {logging_mixin.py:190} INFO - [2025-01-25T16:30:30.563+0000] {dag.py:4180} INFO - Setting next_dagrun for dataset_alias_example_alias_consumer_with_no_taskflow to None, run_after=None
[2025-01-25T16:30:30.567+0000] {logging_mixin.py:190} INFO - [2025-01-25T16:30:30.567+0000] {dag.py:4180} INFO - Setting next_dagrun for dataset_alias_example_alias_producer_with_no_taskflow to None, run_after=None
[2025-01-25T16:30:30.569+0000] {logging_mixin.py:190} INFO - [2025-01-25T16:30:30.569+0000] {dag.py:4180} INFO - Setting next_dagrun for dataset_s3_bucket_consumer_with_no_taskflow to None, run_after=None
[2025-01-25T16:30:30.571+0000] {logging_mixin.py:190} INFO - [2025-01-25T16:30:30.571+0000] {dag.py:4180} INFO - Setting next_dagrun for dataset_s3_bucket_producer_with_no_taskflow to None, run_after=None
[2025-01-25T16:30:30.884+0000] {processor.py:208} INFO - Processing /home/airflow/.local/lib/python3.12/site-packages/airflow/example_dags/example_dataset_alias_with_no_taskflow.py took 0.958 seconds
[2025-01-25T16:31:00.955+0000] {processor.py:186} INFO - Started process (PID=322) to work on /home/airflow/.local/lib/python3.12/site-packages/airflow/example_dags/example_dataset_alias_with_no_taskflow.py
[2025-01-25T16:31:00.957+0000] {processor.py:914} INFO - Processing file /home/airflow/.local/lib/python3.12/site-packages/airflow/example_dags/example_dataset_alias_with_no_taskflow.py for tasks to queue
[2025-01-25T16:31:00.960+0000] {logging_mixin.py:190} INFO - [2025-01-25T16:31:00.959+0000] {dagbag.py:588} INFO - Filling up the DagBag from /home/airflow/.local/lib/python3.12/site-packages/airflow/example_dags/example_dataset_alias_with_no_taskflow.py
[2025-01-25T16:31:01.602+0000] {processor.py:925} INFO - DAG(s) 'dataset_alias_example_alias_producer_with_no_taskflow', 'dataset_s3_bucket_consumer_with_no_taskflow', 'dataset_s3_bucket_producer_with_no_taskflow', 'dataset_alias_example_alias_consumer_with_no_taskflow' retrieved from /home/airflow/.local/lib/python3.12/site-packages/airflow/example_dags/example_dataset_alias_with_no_taskflow.py
[2025-01-25T16:31:01.629+0000] {logging_mixin.py:190} INFO - [2025-01-25T16:31:01.628+0000] {dag.py:3239} INFO - Sync 4 DAGs
[2025-01-25T16:31:01.656+0000] {logging_mixin.py:190} INFO - [2025-01-25T16:31:01.656+0000] {dag.py:4180} INFO - Setting next_dagrun for dataset_alias_example_alias_consumer_with_no_taskflow to None, run_after=None
[2025-01-25T16:31:01.660+0000] {logging_mixin.py:190} INFO - [2025-01-25T16:31:01.660+0000] {dag.py:4180} INFO - Setting next_dagrun for dataset_alias_example_alias_producer_with_no_taskflow to None, run_after=None
[2025-01-25T16:31:01.662+0000] {logging_mixin.py:190} INFO - [2025-01-25T16:31:01.662+0000] {dag.py:4180} INFO - Setting next_dagrun for dataset_s3_bucket_consumer_with_no_taskflow to None, run_after=None
[2025-01-25T16:31:01.664+0000] {logging_mixin.py:190} INFO - [2025-01-25T16:31:01.664+0000] {dag.py:4180} INFO - Setting next_dagrun for dataset_s3_bucket_producer_with_no_taskflow to None, run_after=None
[2025-01-25T16:31:01.733+0000] {processor.py:208} INFO - Processing /home/airflow/.local/lib/python3.12/site-packages/airflow/example_dags/example_dataset_alias_with_no_taskflow.py took 0.785 seconds
[2025-01-25T16:31:32.623+0000] {processor.py:186} INFO - Started process (PID=386) to work on /home/airflow/.local/lib/python3.12/site-packages/airflow/example_dags/example_dataset_alias_with_no_taskflow.py
[2025-01-25T16:31:32.624+0000] {processor.py:914} INFO - Processing file /home/airflow/.local/lib/python3.12/site-packages/airflow/example_dags/example_dataset_alias_with_no_taskflow.py for tasks to queue
[2025-01-25T16:31:32.626+0000] {logging_mixin.py:190} INFO - [2025-01-25T16:31:32.626+0000] {dagbag.py:588} INFO - Filling up the DagBag from /home/airflow/.local/lib/python3.12/site-packages/airflow/example_dags/example_dataset_alias_with_no_taskflow.py
[2025-01-25T16:31:33.161+0000] {processor.py:925} INFO - DAG(s) 'dataset_alias_example_alias_consumer_with_no_taskflow', 'dataset_s3_bucket_producer_with_no_taskflow', 'dataset_s3_bucket_consumer_with_no_taskflow', 'dataset_alias_example_alias_producer_with_no_taskflow' retrieved from /home/airflow/.local/lib/python3.12/site-packages/airflow/example_dags/example_dataset_alias_with_no_taskflow.py
[2025-01-25T16:31:33.185+0000] {logging_mixin.py:190} INFO - [2025-01-25T16:31:33.185+0000] {dag.py:3239} INFO - Sync 4 DAGs
[2025-01-25T16:31:33.208+0000] {logging_mixin.py:190} INFO - [2025-01-25T16:31:33.208+0000] {dag.py:4180} INFO - Setting next_dagrun for dataset_alias_example_alias_consumer_with_no_taskflow to None, run_after=None
[2025-01-25T16:31:33.211+0000] {logging_mixin.py:190} INFO - [2025-01-25T16:31:33.211+0000] {dag.py:4180} INFO - Setting next_dagrun for dataset_alias_example_alias_producer_with_no_taskflow to None, run_after=None
[2025-01-25T16:31:33.213+0000] {logging_mixin.py:190} INFO - [2025-01-25T16:31:33.213+0000] {dag.py:4180} INFO - Setting next_dagrun for dataset_s3_bucket_consumer_with_no_taskflow to None, run_after=None
[2025-01-25T16:31:33.215+0000] {logging_mixin.py:190} INFO - [2025-01-25T16:31:33.215+0000] {dag.py:4180} INFO - Setting next_dagrun for dataset_s3_bucket_producer_with_no_taskflow to None, run_after=None
[2025-01-25T16:31:33.241+0000] {processor.py:208} INFO - Processing /home/airflow/.local/lib/python3.12/site-packages/airflow/example_dags/example_dataset_alias_with_no_taskflow.py took 0.626 seconds
[2025-01-25T16:32:04.116+0000] {processor.py:186} INFO - Started process (PID=449) to work on /home/airflow/.local/lib/python3.12/site-packages/airflow/example_dags/example_dataset_alias_with_no_taskflow.py
[2025-01-25T16:32:04.117+0000] {processor.py:914} INFO - Processing file /home/airflow/.local/lib/python3.12/site-packages/airflow/example_dags/example_dataset_alias_with_no_taskflow.py for tasks to queue
[2025-01-25T16:32:04.119+0000] {logging_mixin.py:190} INFO - [2025-01-25T16:32:04.119+0000] {dagbag.py:588} INFO - Filling up the DagBag from /home/airflow/.local/lib/python3.12/site-packages/airflow/example_dags/example_dataset_alias_with_no_taskflow.py
[2025-01-25T16:32:04.670+0000] {processor.py:925} INFO - DAG(s) 'dataset_s3_bucket_consumer_with_no_taskflow', 'dataset_alias_example_alias_producer_with_no_taskflow', 'dataset_s3_bucket_producer_with_no_taskflow', 'dataset_alias_example_alias_consumer_with_no_taskflow' retrieved from /home/airflow/.local/lib/python3.12/site-packages/airflow/example_dags/example_dataset_alias_with_no_taskflow.py
[2025-01-25T16:32:04.700+0000] {logging_mixin.py:190} INFO - [2025-01-25T16:32:04.700+0000] {dag.py:3239} INFO - Sync 4 DAGs
[2025-01-25T16:32:04.723+0000] {logging_mixin.py:190} INFO - [2025-01-25T16:32:04.723+0000] {dag.py:4180} INFO - Setting next_dagrun for dataset_alias_example_alias_consumer_with_no_taskflow to None, run_after=None
[2025-01-25T16:32:04.726+0000] {logging_mixin.py:190} INFO - [2025-01-25T16:32:04.726+0000] {dag.py:4180} INFO - Setting next_dagrun for dataset_alias_example_alias_producer_with_no_taskflow to None, run_after=None
[2025-01-25T16:32:04.729+0000] {logging_mixin.py:190} INFO - [2025-01-25T16:32:04.728+0000] {dag.py:4180} INFO - Setting next_dagrun for dataset_s3_bucket_consumer_with_no_taskflow to None, run_after=None
[2025-01-25T16:32:04.730+0000] {logging_mixin.py:190} INFO - [2025-01-25T16:32:04.730+0000] {dag.py:4180} INFO - Setting next_dagrun for dataset_s3_bucket_producer_with_no_taskflow to None, run_after=None
[2025-01-25T16:32:05.035+0000] {processor.py:208} INFO - Processing /home/airflow/.local/lib/python3.12/site-packages/airflow/example_dags/example_dataset_alias_with_no_taskflow.py took 0.923 seconds
[2025-01-25T16:32:35.617+0000] {processor.py:186} INFO - Started process (PID=512) to work on /home/airflow/.local/lib/python3.12/site-packages/airflow/example_dags/example_dataset_alias_with_no_taskflow.py
[2025-01-25T16:32:35.618+0000] {processor.py:914} INFO - Processing file /home/airflow/.local/lib/python3.12/site-packages/airflow/example_dags/example_dataset_alias_with_no_taskflow.py for tasks to queue
[2025-01-25T16:32:35.620+0000] {logging_mixin.py:190} INFO - [2025-01-25T16:32:35.619+0000] {dagbag.py:588} INFO - Filling up the DagBag from /home/airflow/.local/lib/python3.12/site-packages/airflow/example_dags/example_dataset_alias_with_no_taskflow.py
[2025-01-25T16:32:36.158+0000] {processor.py:925} INFO - DAG(s) 'dataset_alias_example_alias_consumer_with_no_taskflow', 'dataset_s3_bucket_consumer_with_no_taskflow', 'dataset_s3_bucket_producer_with_no_taskflow', 'dataset_alias_example_alias_producer_with_no_taskflow' retrieved from /home/airflow/.local/lib/python3.12/site-packages/airflow/example_dags/example_dataset_alias_with_no_taskflow.py
[2025-01-25T16:32:36.182+0000] {logging_mixin.py:190} INFO - [2025-01-25T16:32:36.181+0000] {dag.py:3239} INFO - Sync 4 DAGs
[2025-01-25T16:32:36.209+0000] {logging_mixin.py:190} INFO - [2025-01-25T16:32:36.208+0000] {dag.py:4180} INFO - Setting next_dagrun for dataset_alias_example_alias_consumer_with_no_taskflow to None, run_after=None
[2025-01-25T16:32:36.212+0000] {logging_mixin.py:190} INFO - [2025-01-25T16:32:36.212+0000] {dag.py:4180} INFO - Setting next_dagrun for dataset_alias_example_alias_producer_with_no_taskflow to None, run_after=None
[2025-01-25T16:32:36.215+0000] {logging_mixin.py:190} INFO - [2025-01-25T16:32:36.215+0000] {dag.py:4180} INFO - Setting next_dagrun for dataset_s3_bucket_consumer_with_no_taskflow to None, run_after=None
[2025-01-25T16:32:36.217+0000] {logging_mixin.py:190} INFO - [2025-01-25T16:32:36.217+0000] {dag.py:4180} INFO - Setting next_dagrun for dataset_s3_bucket_producer_with_no_taskflow to None, run_after=None
[2025-01-25T16:32:36.243+0000] {processor.py:208} INFO - Processing /home/airflow/.local/lib/python3.12/site-packages/airflow/example_dags/example_dataset_alias_with_no_taskflow.py took 0.631 seconds
[2025-01-25T16:33:06.863+0000] {processor.py:186} INFO - Started process (PID=575) to work on /home/airflow/.local/lib/python3.12/site-packages/airflow/example_dags/example_dataset_alias_with_no_taskflow.py
[2025-01-25T16:33:06.864+0000] {processor.py:914} INFO - Processing file /home/airflow/.local/lib/python3.12/site-packages/airflow/example_dags/example_dataset_alias_with_no_taskflow.py for tasks to queue
[2025-01-25T16:33:06.867+0000] {logging_mixin.py:190} INFO - [2025-01-25T16:33:06.866+0000] {dagbag.py:588} INFO - Filling up the DagBag from /home/airflow/.local/lib/python3.12/site-packages/airflow/example_dags/example_dataset_alias_with_no_taskflow.py
[2025-01-25T16:33:07.413+0000] {processor.py:925} INFO - DAG(s) 'dataset_s3_bucket_consumer_with_no_taskflow', 'dataset_s3_bucket_producer_with_no_taskflow', 'dataset_alias_example_alias_consumer_with_no_taskflow', 'dataset_alias_example_alias_producer_with_no_taskflow' retrieved from /home/airflow/.local/lib/python3.12/site-packages/airflow/example_dags/example_dataset_alias_with_no_taskflow.py
[2025-01-25T16:33:07.436+0000] {logging_mixin.py:190} INFO - [2025-01-25T16:33:07.435+0000] {dag.py:3239} INFO - Sync 4 DAGs
[2025-01-25T16:33:07.456+0000] {logging_mixin.py:190} INFO - [2025-01-25T16:33:07.456+0000] {dag.py:4180} INFO - Setting next_dagrun for dataset_alias_example_alias_consumer_with_no_taskflow to None, run_after=None
[2025-01-25T16:33:07.459+0000] {logging_mixin.py:190} INFO - [2025-01-25T16:33:07.459+0000] {dag.py:4180} INFO - Setting next_dagrun for dataset_alias_example_alias_producer_with_no_taskflow to None, run_after=None
[2025-01-25T16:33:07.462+0000] {logging_mixin.py:190} INFO - [2025-01-25T16:33:07.462+0000] {dag.py:4180} INFO - Setting next_dagrun for dataset_s3_bucket_consumer_with_no_taskflow to None, run_after=None
[2025-01-25T16:33:07.464+0000] {logging_mixin.py:190} INFO - [2025-01-25T16:33:07.464+0000] {dag.py:4180} INFO - Setting next_dagrun for dataset_s3_bucket_producer_with_no_taskflow to None, run_after=None
[2025-01-25T16:33:07.961+0000] {processor.py:208} INFO - Processing /home/airflow/.local/lib/python3.12/site-packages/airflow/example_dags/example_dataset_alias_with_no_taskflow.py took 1.102 seconds
[2025-01-25T16:33:38.084+0000] {processor.py:186} INFO - Started process (PID=638) to work on /home/airflow/.local/lib/python3.12/site-packages/airflow/example_dags/example_dataset_alias_with_no_taskflow.py
[2025-01-25T16:33:38.085+0000] {processor.py:914} INFO - Processing file /home/airflow/.local/lib/python3.12/site-packages/airflow/example_dags/example_dataset_alias_with_no_taskflow.py for tasks to queue
[2025-01-25T16:33:38.087+0000] {logging_mixin.py:190} INFO - [2025-01-25T16:33:38.087+0000] {dagbag.py:588} INFO - Filling up the DagBag from /home/airflow/.local/lib/python3.12/site-packages/airflow/example_dags/example_dataset_alias_with_no_taskflow.py
[2025-01-25T16:33:38.604+0000] {processor.py:925} INFO - DAG(s) 'dataset_s3_bucket_consumer_with_no_taskflow', 'dataset_alias_example_alias_consumer_with_no_taskflow', 'dataset_s3_bucket_producer_with_no_taskflow', 'dataset_alias_example_alias_producer_with_no_taskflow' retrieved from /home/airflow/.local/lib/python3.12/site-packages/airflow/example_dags/example_dataset_alias_with_no_taskflow.py
[2025-01-25T16:33:38.627+0000] {logging_mixin.py:190} INFO - [2025-01-25T16:33:38.626+0000] {dag.py:3239} INFO - Sync 4 DAGs
[2025-01-25T16:33:38.647+0000] {logging_mixin.py:190} INFO - [2025-01-25T16:33:38.647+0000] {dag.py:4180} INFO - Setting next_dagrun for dataset_alias_example_alias_consumer_with_no_taskflow to None, run_after=None
[2025-01-25T16:33:38.650+0000] {logging_mixin.py:190} INFO - [2025-01-25T16:33:38.650+0000] {dag.py:4180} INFO - Setting next_dagrun for dataset_alias_example_alias_producer_with_no_taskflow to None, run_after=None
[2025-01-25T16:33:38.652+0000] {logging_mixin.py:190} INFO - [2025-01-25T16:33:38.652+0000] {dag.py:4180} INFO - Setting next_dagrun for dataset_s3_bucket_consumer_with_no_taskflow to None, run_after=None
[2025-01-25T16:33:38.654+0000] {logging_mixin.py:190} INFO - [2025-01-25T16:33:38.654+0000] {dag.py:4180} INFO - Setting next_dagrun for dataset_s3_bucket_producer_with_no_taskflow to None, run_after=None
[2025-01-25T16:33:38.697+0000] {processor.py:208} INFO - Processing /home/airflow/.local/lib/python3.12/site-packages/airflow/example_dags/example_dataset_alias_with_no_taskflow.py took 0.617 seconds
[2025-01-25T16:34:08.860+0000] {processor.py:186} INFO - Started process (PID=701) to work on /home/airflow/.local/lib/python3.12/site-packages/airflow/example_dags/example_dataset_alias_with_no_taskflow.py
[2025-01-25T16:34:08.861+0000] {processor.py:914} INFO - Processing file /home/airflow/.local/lib/python3.12/site-packages/airflow/example_dags/example_dataset_alias_with_no_taskflow.py for tasks to queue
[2025-01-25T16:34:08.863+0000] {logging_mixin.py:190} INFO - [2025-01-25T16:34:08.863+0000] {dagbag.py:588} INFO - Filling up the DagBag from /home/airflow/.local/lib/python3.12/site-packages/airflow/example_dags/example_dataset_alias_with_no_taskflow.py
[2025-01-25T16:34:09.380+0000] {processor.py:925} INFO - DAG(s) 'dataset_s3_bucket_consumer_with_no_taskflow', 'dataset_s3_bucket_producer_with_no_taskflow', 'dataset_alias_example_alias_producer_with_no_taskflow', 'dataset_alias_example_alias_consumer_with_no_taskflow' retrieved from /home/airflow/.local/lib/python3.12/site-packages/airflow/example_dags/example_dataset_alias_with_no_taskflow.py
[2025-01-25T16:34:09.402+0000] {logging_mixin.py:190} INFO - [2025-01-25T16:34:09.401+0000] {dag.py:3239} INFO - Sync 4 DAGs
[2025-01-25T16:34:09.423+0000] {logging_mixin.py:190} INFO - [2025-01-25T16:34:09.422+0000] {dag.py:4180} INFO - Setting next_dagrun for dataset_alias_example_alias_consumer_with_no_taskflow to None, run_after=None
[2025-01-25T16:34:09.426+0000] {logging_mixin.py:190} INFO - [2025-01-25T16:34:09.425+0000] {dag.py:4180} INFO - Setting next_dagrun for dataset_alias_example_alias_producer_with_no_taskflow to None, run_after=None
[2025-01-25T16:34:09.428+0000] {logging_mixin.py:190} INFO - [2025-01-25T16:34:09.427+0000] {dag.py:4180} INFO - Setting next_dagrun for dataset_s3_bucket_consumer_with_no_taskflow to None, run_after=None
[2025-01-25T16:34:09.430+0000] {logging_mixin.py:190} INFO - [2025-01-25T16:34:09.429+0000] {dag.py:4180} INFO - Setting next_dagrun for dataset_s3_bucket_producer_with_no_taskflow to None, run_after=None
[2025-01-25T16:34:09.600+0000] {processor.py:208} INFO - Processing /home/airflow/.local/lib/python3.12/site-packages/airflow/example_dags/example_dataset_alias_with_no_taskflow.py took 0.744 seconds
[2025-01-25T16:34:40.014+0000] {processor.py:186} INFO - Started process (PID=764) to work on /home/airflow/.local/lib/python3.12/site-packages/airflow/example_dags/example_dataset_alias_with_no_taskflow.py
[2025-01-25T16:34:40.015+0000] {processor.py:914} INFO - Processing file /home/airflow/.local/lib/python3.12/site-packages/airflow/example_dags/example_dataset_alias_with_no_taskflow.py for tasks to queue
[2025-01-25T16:34:40.018+0000] {logging_mixin.py:190} INFO - [2025-01-25T16:34:40.017+0000] {dagbag.py:588} INFO - Filling up the DagBag from /home/airflow/.local/lib/python3.12/site-packages/airflow/example_dags/example_dataset_alias_with_no_taskflow.py
[2025-01-25T16:34:40.546+0000] {processor.py:925} INFO - DAG(s) 'dataset_s3_bucket_producer_with_no_taskflow', 'dataset_alias_example_alias_consumer_with_no_taskflow', 'dataset_alias_example_alias_producer_with_no_taskflow', 'dataset_s3_bucket_consumer_with_no_taskflow' retrieved from /home/airflow/.local/lib/python3.12/site-packages/airflow/example_dags/example_dataset_alias_with_no_taskflow.py
[2025-01-25T16:34:40.568+0000] {logging_mixin.py:190} INFO - [2025-01-25T16:34:40.568+0000] {dag.py:3239} INFO - Sync 4 DAGs
[2025-01-25T16:34:40.592+0000] {logging_mixin.py:190} INFO - [2025-01-25T16:34:40.591+0000] {dag.py:4180} INFO - Setting next_dagrun for dataset_alias_example_alias_consumer_with_no_taskflow to None, run_after=None
[2025-01-25T16:34:40.595+0000] {logging_mixin.py:190} INFO - [2025-01-25T16:34:40.594+0000] {dag.py:4180} INFO - Setting next_dagrun for dataset_alias_example_alias_producer_with_no_taskflow to None, run_after=None
[2025-01-25T16:34:40.596+0000] {logging_mixin.py:190} INFO - [2025-01-25T16:34:40.596+0000] {dag.py:4180} INFO - Setting next_dagrun for dataset_s3_bucket_consumer_with_no_taskflow to None, run_after=None
[2025-01-25T16:34:40.598+0000] {logging_mixin.py:190} INFO - [2025-01-25T16:34:40.598+0000] {dag.py:4180} INFO - Setting next_dagrun for dataset_s3_bucket_producer_with_no_taskflow to None, run_after=None
[2025-01-25T16:34:40.628+0000] {processor.py:208} INFO - Processing /home/airflow/.local/lib/python3.12/site-packages/airflow/example_dags/example_dataset_alias_with_no_taskflow.py took 0.618 seconds
[2025-01-25T16:35:11.301+0000] {processor.py:186} INFO - Started process (PID=827) to work on /home/airflow/.local/lib/python3.12/site-packages/airflow/example_dags/example_dataset_alias_with_no_taskflow.py
[2025-01-25T16:35:11.302+0000] {processor.py:914} INFO - Processing file /home/airflow/.local/lib/python3.12/site-packages/airflow/example_dags/example_dataset_alias_with_no_taskflow.py for tasks to queue
[2025-01-25T16:35:11.304+0000] {logging_mixin.py:190} INFO - [2025-01-25T16:35:11.303+0000] {dagbag.py:588} INFO - Filling up the DagBag from /home/airflow/.local/lib/python3.12/site-packages/airflow/example_dags/example_dataset_alias_with_no_taskflow.py
[2025-01-25T16:35:11.811+0000] {processor.py:925} INFO - DAG(s) 'dataset_alias_example_alias_consumer_with_no_taskflow', 'dataset_s3_bucket_consumer_with_no_taskflow', 'dataset_alias_example_alias_producer_with_no_taskflow', 'dataset_s3_bucket_producer_with_no_taskflow' retrieved from /home/airflow/.local/lib/python3.12/site-packages/airflow/example_dags/example_dataset_alias_with_no_taskflow.py
[2025-01-25T16:35:11.835+0000] {logging_mixin.py:190} INFO - [2025-01-25T16:35:11.834+0000] {dag.py:3239} INFO - Sync 4 DAGs
[2025-01-25T16:35:11.857+0000] {logging_mixin.py:190} INFO - [2025-01-25T16:35:11.857+0000] {dag.py:4180} INFO - Setting next_dagrun for dataset_alias_example_alias_consumer_with_no_taskflow to None, run_after=None
[2025-01-25T16:35:11.861+0000] {logging_mixin.py:190} INFO - [2025-01-25T16:35:11.861+0000] {dag.py:4180} INFO - Setting next_dagrun for dataset_alias_example_alias_producer_with_no_taskflow to None, run_after=None
[2025-01-25T16:35:11.863+0000] {logging_mixin.py:190} INFO - [2025-01-25T16:35:11.863+0000] {dag.py:4180} INFO - Setting next_dagrun for dataset_s3_bucket_consumer_with_no_taskflow to None, run_after=None
[2025-01-25T16:35:11.865+0000] {logging_mixin.py:190} INFO - [2025-01-25T16:35:11.865+0000] {dag.py:4180} INFO - Setting next_dagrun for dataset_s3_bucket_producer_with_no_taskflow to None, run_after=None
[2025-01-25T16:35:12.338+0000] {processor.py:208} INFO - Processing /home/airflow/.local/lib/python3.12/site-packages/airflow/example_dags/example_dataset_alias_with_no_taskflow.py took 1.042 seconds
[2025-01-25T16:35:42.617+0000] {processor.py:186} INFO - Started process (PID=890) to work on /home/airflow/.local/lib/python3.12/site-packages/airflow/example_dags/example_dataset_alias_with_no_taskflow.py
[2025-01-25T16:35:42.618+0000] {processor.py:914} INFO - Processing file /home/airflow/.local/lib/python3.12/site-packages/airflow/example_dags/example_dataset_alias_with_no_taskflow.py for tasks to queue
[2025-01-25T16:35:42.620+0000] {logging_mixin.py:190} INFO - [2025-01-25T16:35:42.620+0000] {dagbag.py:588} INFO - Filling up the DagBag from /home/airflow/.local/lib/python3.12/site-packages/airflow/example_dags/example_dataset_alias_with_no_taskflow.py
[2025-01-25T16:35:43.130+0000] {processor.py:925} INFO - DAG(s) 'dataset_s3_bucket_consumer_with_no_taskflow', 'dataset_s3_bucket_producer_with_no_taskflow', 'dataset_alias_example_alias_consumer_with_no_taskflow', 'dataset_alias_example_alias_producer_with_no_taskflow' retrieved from /home/airflow/.local/lib/python3.12/site-packages/airflow/example_dags/example_dataset_alias_with_no_taskflow.py
[2025-01-25T16:35:43.153+0000] {logging_mixin.py:190} INFO - [2025-01-25T16:35:43.152+0000] {dag.py:3239} INFO - Sync 4 DAGs
[2025-01-25T16:35:43.173+0000] {logging_mixin.py:190} INFO - [2025-01-25T16:35:43.172+0000] {dag.py:4180} INFO - Setting next_dagrun for dataset_alias_example_alias_consumer_with_no_taskflow to None, run_after=None
[2025-01-25T16:35:43.176+0000] {logging_mixin.py:190} INFO - [2025-01-25T16:35:43.176+0000] {dag.py:4180} INFO - Setting next_dagrun for dataset_alias_example_alias_producer_with_no_taskflow to None, run_after=None
[2025-01-25T16:35:43.179+0000] {logging_mixin.py:190} INFO - [2025-01-25T16:35:43.179+0000] {dag.py:4180} INFO - Setting next_dagrun for dataset_s3_bucket_consumer_with_no_taskflow to None, run_after=None
[2025-01-25T16:35:43.181+0000] {logging_mixin.py:190} INFO - [2025-01-25T16:35:43.181+0000] {dag.py:4180} INFO - Setting next_dagrun for dataset_s3_bucket_producer_with_no_taskflow to None, run_after=None
[2025-01-25T16:35:43.556+0000] {processor.py:208} INFO - Processing /home/airflow/.local/lib/python3.12/site-packages/airflow/example_dags/example_dataset_alias_with_no_taskflow.py took 0.944 seconds
[2025-01-25T16:36:13.891+0000] {processor.py:186} INFO - Started process (PID=953) to work on /home/airflow/.local/lib/python3.12/site-packages/airflow/example_dags/example_dataset_alias_with_no_taskflow.py
[2025-01-25T16:36:13.892+0000] {processor.py:914} INFO - Processing file /home/airflow/.local/lib/python3.12/site-packages/airflow/example_dags/example_dataset_alias_with_no_taskflow.py for tasks to queue
[2025-01-25T16:36:13.894+0000] {logging_mixin.py:190} INFO - [2025-01-25T16:36:13.893+0000] {dagbag.py:588} INFO - Filling up the DagBag from /home/airflow/.local/lib/python3.12/site-packages/airflow/example_dags/example_dataset_alias_with_no_taskflow.py
[2025-01-25T16:36:14.452+0000] {processor.py:925} INFO - DAG(s) 'dataset_s3_bucket_consumer_with_no_taskflow', 'dataset_alias_example_alias_producer_with_no_taskflow', 'dataset_alias_example_alias_consumer_with_no_taskflow', 'dataset_s3_bucket_producer_with_no_taskflow' retrieved from /home/airflow/.local/lib/python3.12/site-packages/airflow/example_dags/example_dataset_alias_with_no_taskflow.py
[2025-01-25T16:36:14.478+0000] {logging_mixin.py:190} INFO - [2025-01-25T16:36:14.477+0000] {dag.py:3239} INFO - Sync 4 DAGs
[2025-01-25T16:36:14.501+0000] {logging_mixin.py:190} INFO - [2025-01-25T16:36:14.501+0000] {dag.py:4180} INFO - Setting next_dagrun for dataset_alias_example_alias_consumer_with_no_taskflow to None, run_after=None
[2025-01-25T16:36:14.505+0000] {logging_mixin.py:190} INFO - [2025-01-25T16:36:14.504+0000] {dag.py:4180} INFO - Setting next_dagrun for dataset_alias_example_alias_producer_with_no_taskflow to None, run_after=None
[2025-01-25T16:36:14.507+0000] {logging_mixin.py:190} INFO - [2025-01-25T16:36:14.506+0000] {dag.py:4180} INFO - Setting next_dagrun for dataset_s3_bucket_consumer_with_no_taskflow to None, run_after=None
[2025-01-25T16:36:14.509+0000] {logging_mixin.py:190} INFO - [2025-01-25T16:36:14.508+0000] {dag.py:4180} INFO - Setting next_dagrun for dataset_s3_bucket_producer_with_no_taskflow to None, run_after=None
[2025-01-25T16:36:14.633+0000] {processor.py:208} INFO - Processing /home/airflow/.local/lib/python3.12/site-packages/airflow/example_dags/example_dataset_alias_with_no_taskflow.py took 0.747 seconds
[2025-01-25T16:36:45.587+0000] {processor.py:186} INFO - Started process (PID=1016) to work on /home/airflow/.local/lib/python3.12/site-packages/airflow/example_dags/example_dataset_alias_with_no_taskflow.py
[2025-01-25T16:36:45.589+0000] {processor.py:914} INFO - Processing file /home/airflow/.local/lib/python3.12/site-packages/airflow/example_dags/example_dataset_alias_with_no_taskflow.py for tasks to queue
[2025-01-25T16:36:45.591+0000] {logging_mixin.py:190} INFO - [2025-01-25T16:36:45.591+0000] {dagbag.py:588} INFO - Filling up the DagBag from /home/airflow/.local/lib/python3.12/site-packages/airflow/example_dags/example_dataset_alias_with_no_taskflow.py
[2025-01-25T16:36:46.114+0000] {processor.py:925} INFO - DAG(s) 'dataset_alias_example_alias_consumer_with_no_taskflow', 'dataset_s3_bucket_consumer_with_no_taskflow', 'dataset_s3_bucket_producer_with_no_taskflow', 'dataset_alias_example_alias_producer_with_no_taskflow' retrieved from /home/airflow/.local/lib/python3.12/site-packages/airflow/example_dags/example_dataset_alias_with_no_taskflow.py
[2025-01-25T16:36:46.137+0000] {logging_mixin.py:190} INFO - [2025-01-25T16:36:46.136+0000] {dag.py:3239} INFO - Sync 4 DAGs
[2025-01-25T16:36:46.158+0000] {logging_mixin.py:190} INFO - [2025-01-25T16:36:46.158+0000] {dag.py:4180} INFO - Setting next_dagrun for dataset_alias_example_alias_consumer_with_no_taskflow to None, run_after=None
[2025-01-25T16:36:46.162+0000] {logging_mixin.py:190} INFO - [2025-01-25T16:36:46.161+0000] {dag.py:4180} INFO - Setting next_dagrun for dataset_alias_example_alias_producer_with_no_taskflow to None, run_after=None
[2025-01-25T16:36:46.164+0000] {logging_mixin.py:190} INFO - [2025-01-25T16:36:46.163+0000] {dag.py:4180} INFO - Setting next_dagrun for dataset_s3_bucket_consumer_with_no_taskflow to None, run_after=None
[2025-01-25T16:36:46.166+0000] {logging_mixin.py:190} INFO - [2025-01-25T16:36:46.165+0000] {dag.py:4180} INFO - Setting next_dagrun for dataset_s3_bucket_producer_with_no_taskflow to None, run_after=None
[2025-01-25T16:36:46.233+0000] {processor.py:208} INFO - Processing /home/airflow/.local/lib/python3.12/site-packages/airflow/example_dags/example_dataset_alias_with_no_taskflow.py took 0.651 seconds
[2025-01-25T16:37:16.299+0000] {processor.py:186} INFO - Started process (PID=1078) to work on /home/airflow/.local/lib/python3.12/site-packages/airflow/example_dags/example_dataset_alias_with_no_taskflow.py
[2025-01-25T16:37:16.301+0000] {processor.py:914} INFO - Processing file /home/airflow/.local/lib/python3.12/site-packages/airflow/example_dags/example_dataset_alias_with_no_taskflow.py for tasks to queue
[2025-01-25T16:37:16.304+0000] {logging_mixin.py:190} INFO - [2025-01-25T16:37:16.303+0000] {dagbag.py:588} INFO - Filling up the DagBag from /home/airflow/.local/lib/python3.12/site-packages/airflow/example_dags/example_dataset_alias_with_no_taskflow.py
[2025-01-25T16:37:16.825+0000] {processor.py:925} INFO - DAG(s) 'dataset_alias_example_alias_consumer_with_no_taskflow', 'dataset_s3_bucket_consumer_with_no_taskflow', 'dataset_alias_example_alias_producer_with_no_taskflow', 'dataset_s3_bucket_producer_with_no_taskflow' retrieved from /home/airflow/.local/lib/python3.12/site-packages/airflow/example_dags/example_dataset_alias_with_no_taskflow.py
[2025-01-25T16:37:16.849+0000] {logging_mixin.py:190} INFO - [2025-01-25T16:37:16.848+0000] {dag.py:3239} INFO - Sync 4 DAGs
[2025-01-25T16:37:16.870+0000] {logging_mixin.py:190} INFO - [2025-01-25T16:37:16.870+0000] {dag.py:4180} INFO - Setting next_dagrun for dataset_alias_example_alias_consumer_with_no_taskflow to None, run_after=None
[2025-01-25T16:37:16.873+0000] {logging_mixin.py:190} INFO - [2025-01-25T16:37:16.873+0000] {dag.py:4180} INFO - Setting next_dagrun for dataset_alias_example_alias_producer_with_no_taskflow to None, run_after=None
[2025-01-25T16:37:16.875+0000] {logging_mixin.py:190} INFO - [2025-01-25T16:37:16.875+0000] {dag.py:4180} INFO - Setting next_dagrun for dataset_s3_bucket_consumer_with_no_taskflow to None, run_after=None
[2025-01-25T16:37:16.877+0000] {logging_mixin.py:190} INFO - [2025-01-25T16:37:16.877+0000] {dag.py:4180} INFO - Setting next_dagrun for dataset_s3_bucket_producer_with_no_taskflow to None, run_after=None
[2025-01-25T16:37:16.911+0000] {processor.py:208} INFO - Processing /home/airflow/.local/lib/python3.12/site-packages/airflow/example_dags/example_dataset_alias_with_no_taskflow.py took 0.617 seconds
