[2025-01-25T16:28:57.024+0000] {processor.py:186} INFO - Started process (PID=71) to work on /home/airflow/.local/lib/python3.12/site-packages/airflow/example_dags/example_latest_only_with_trigger.py
[2025-01-25T16:28:57.025+0000] {processor.py:914} INFO - Processing file /home/airflow/.local/lib/python3.12/site-packages/airflow/example_dags/example_latest_only_with_trigger.py for tasks to queue
[2025-01-25T16:28:57.028+0000] {logging_mixin.py:190} INFO - [2025-01-25T16:28:57.027+0000] {dagbag.py:588} INFO - Filling up the DagBag from /home/airflow/.local/lib/python3.12/site-packages/airflow/example_dags/example_latest_only_with_trigger.py
[2025-01-25T16:28:57.038+0000] {processor.py:925} INFO - DAG(s) 'latest_only_with_trigger' retrieved from /home/airflow/.local/lib/python3.12/site-packages/airflow/example_dags/example_latest_only_with_trigger.py
[2025-01-25T16:28:57.158+0000] {logging_mixin.py:190} INFO - [2025-01-25T16:28:57.158+0000] {override.py:1911} INFO - Created Permission View: can delete on DAG:latest_only_with_trigger
[2025-01-25T16:28:57.174+0000] {logging_mixin.py:190} INFO - [2025-01-25T16:28:57.174+0000] {override.py:1911} INFO - Created Permission View: can read on DAG:latest_only_with_trigger
[2025-01-25T16:28:57.190+0000] {logging_mixin.py:190} INFO - [2025-01-25T16:28:57.189+0000] {override.py:1911} INFO - Created Permission View: can edit on DAG:latest_only_with_trigger
[2025-01-25T16:28:57.212+0000] {logging_mixin.py:190} INFO - [2025-01-25T16:28:57.212+0000] {override.py:1911} INFO - Created Permission View: can delete on DAG Run:latest_only_with_trigger
[2025-01-25T16:28:57.227+0000] {logging_mixin.py:190} INFO - [2025-01-25T16:28:57.226+0000] {override.py:1911} INFO - Created Permission View: can create on DAG Run:latest_only_with_trigger
[2025-01-25T16:28:57.241+0000] {logging_mixin.py:190} INFO - [2025-01-25T16:28:57.240+0000] {override.py:1911} INFO - Created Permission View: menu access on DAG Run:latest_only_with_trigger
[2025-01-25T16:28:57.257+0000] {logging_mixin.py:190} INFO - [2025-01-25T16:28:57.256+0000] {override.py:1911} INFO - Created Permission View: can read on DAG Run:latest_only_with_trigger
[2025-01-25T16:28:57.258+0000] {logging_mixin.py:190} INFO - [2025-01-25T16:28:57.258+0000] {dag.py:3239} INFO - Sync 1 DAGs
[2025-01-25T16:28:57.272+0000] {logging_mixin.py:190} INFO - [2025-01-25T16:28:57.272+0000] {dag.py:3262} INFO - Creating ORM DAG for latest_only_with_trigger
[2025-01-25T16:28:57.286+0000] {logging_mixin.py:190} INFO - [2025-01-25T16:28:57.286+0000] {dag.py:4180} INFO - Setting next_dagrun for latest_only_with_trigger to 2025-01-25 12:00:00+00:00, run_after=2025-01-25 16:00:00+00:00
[2025-01-25T16:28:57.335+0000] {processor.py:208} INFO - Processing /home/airflow/.local/lib/python3.12/site-packages/airflow/example_dags/example_latest_only_with_trigger.py took 0.317 seconds
[2025-01-25T16:29:27.807+0000] {processor.py:186} INFO - Started process (PID=134) to work on /home/airflow/.local/lib/python3.12/site-packages/airflow/example_dags/example_latest_only_with_trigger.py
[2025-01-25T16:29:27.809+0000] {processor.py:914} INFO - Processing file /home/airflow/.local/lib/python3.12/site-packages/airflow/example_dags/example_latest_only_with_trigger.py for tasks to queue
[2025-01-25T16:29:27.812+0000] {logging_mixin.py:190} INFO - [2025-01-25T16:29:27.811+0000] {dagbag.py:588} INFO - Filling up the DagBag from /home/airflow/.local/lib/python3.12/site-packages/airflow/example_dags/example_latest_only_with_trigger.py
[2025-01-25T16:29:27.821+0000] {processor.py:925} INFO - DAG(s) 'latest_only_with_trigger' retrieved from /home/airflow/.local/lib/python3.12/site-packages/airflow/example_dags/example_latest_only_with_trigger.py
[2025-01-25T16:29:27.845+0000] {logging_mixin.py:190} INFO - [2025-01-25T16:29:27.845+0000] {dag.py:3239} INFO - Sync 1 DAGs
[2025-01-25T16:29:27.876+0000] {logging_mixin.py:190} INFO - [2025-01-25T16:29:27.875+0000] {dag.py:4180} INFO - Setting next_dagrun for latest_only_with_trigger to 2025-01-25 12:00:00+00:00, run_after=2025-01-25 16:00:00+00:00
[2025-01-25T16:29:27.907+0000] {processor.py:208} INFO - Processing /home/airflow/.local/lib/python3.12/site-packages/airflow/example_dags/example_latest_only_with_trigger.py took 0.107 seconds
[2025-01-25T16:29:59.498+0000] {processor.py:186} INFO - Started process (PID=197) to work on /home/airflow/.local/lib/python3.12/site-packages/airflow/example_dags/example_latest_only_with_trigger.py
[2025-01-25T16:29:59.499+0000] {processor.py:914} INFO - Processing file /home/airflow/.local/lib/python3.12/site-packages/airflow/example_dags/example_latest_only_with_trigger.py for tasks to queue
[2025-01-25T16:29:59.502+0000] {logging_mixin.py:190} INFO - [2025-01-25T16:29:59.501+0000] {dagbag.py:588} INFO - Filling up the DagBag from /home/airflow/.local/lib/python3.12/site-packages/airflow/example_dags/example_latest_only_with_trigger.py
[2025-01-25T16:29:59.510+0000] {processor.py:925} INFO - DAG(s) 'latest_only_with_trigger' retrieved from /home/airflow/.local/lib/python3.12/site-packages/airflow/example_dags/example_latest_only_with_trigger.py
[2025-01-25T16:29:59.531+0000] {logging_mixin.py:190} INFO - [2025-01-25T16:29:59.530+0000] {dag.py:3239} INFO - Sync 1 DAGs
[2025-01-25T16:29:59.561+0000] {logging_mixin.py:190} INFO - [2025-01-25T16:29:59.560+0000] {dag.py:4180} INFO - Setting next_dagrun for latest_only_with_trigger to 2025-01-25 12:00:00+00:00, run_after=2025-01-25 16:00:00+00:00
[2025-01-25T16:29:59.600+0000] {processor.py:208} INFO - Processing /home/airflow/.local/lib/python3.12/site-packages/airflow/example_dags/example_latest_only_with_trigger.py took 0.107 seconds
[2025-01-25T16:30:30.560+0000] {processor.py:186} INFO - Started process (PID=260) to work on /home/airflow/.local/lib/python3.12/site-packages/airflow/example_dags/example_latest_only_with_trigger.py
[2025-01-25T16:30:30.561+0000] {processor.py:914} INFO - Processing file /home/airflow/.local/lib/python3.12/site-packages/airflow/example_dags/example_latest_only_with_trigger.py for tasks to queue
[2025-01-25T16:30:30.563+0000] {logging_mixin.py:190} INFO - [2025-01-25T16:30:30.563+0000] {dagbag.py:588} INFO - Filling up the DagBag from /home/airflow/.local/lib/python3.12/site-packages/airflow/example_dags/example_latest_only_with_trigger.py
[2025-01-25T16:30:30.571+0000] {processor.py:925} INFO - DAG(s) 'latest_only_with_trigger' retrieved from /home/airflow/.local/lib/python3.12/site-packages/airflow/example_dags/example_latest_only_with_trigger.py
[2025-01-25T16:30:30.590+0000] {logging_mixin.py:190} INFO - [2025-01-25T16:30:30.590+0000] {dag.py:3239} INFO - Sync 1 DAGs
[2025-01-25T16:30:30.611+0000] {logging_mixin.py:190} INFO - [2025-01-25T16:30:30.611+0000] {dag.py:4180} INFO - Setting next_dagrun for latest_only_with_trigger to 2025-01-25 12:00:00+00:00, run_after=2025-01-25 16:00:00+00:00
[2025-01-25T16:30:31.127+0000] {processor.py:208} INFO - Processing /home/airflow/.local/lib/python3.12/site-packages/airflow/example_dags/example_latest_only_with_trigger.py took 0.572 seconds
[2025-01-25T16:31:01.668+0000] {processor.py:186} INFO - Started process (PID=323) to work on /home/airflow/.local/lib/python3.12/site-packages/airflow/example_dags/example_latest_only_with_trigger.py
[2025-01-25T16:31:01.669+0000] {processor.py:914} INFO - Processing file /home/airflow/.local/lib/python3.12/site-packages/airflow/example_dags/example_latest_only_with_trigger.py for tasks to queue
[2025-01-25T16:31:01.672+0000] {logging_mixin.py:190} INFO - [2025-01-25T16:31:01.671+0000] {dagbag.py:588} INFO - Filling up the DagBag from /home/airflow/.local/lib/python3.12/site-packages/airflow/example_dags/example_latest_only_with_trigger.py
[2025-01-25T16:31:01.679+0000] {processor.py:925} INFO - DAG(s) 'latest_only_with_trigger' retrieved from /home/airflow/.local/lib/python3.12/site-packages/airflow/example_dags/example_latest_only_with_trigger.py
[2025-01-25T16:31:01.700+0000] {logging_mixin.py:190} INFO - [2025-01-25T16:31:01.699+0000] {dag.py:3239} INFO - Sync 1 DAGs
[2025-01-25T16:31:01.723+0000] {logging_mixin.py:190} INFO - [2025-01-25T16:31:01.723+0000] {dag.py:4180} INFO - Setting next_dagrun for latest_only_with_trigger to 2025-01-25 12:00:00+00:00, run_after=2025-01-25 16:00:00+00:00
[2025-01-25T16:31:01.782+0000] {processor.py:208} INFO - Processing /home/airflow/.local/lib/python3.12/site-packages/airflow/example_dags/example_latest_only_with_trigger.py took 0.119 seconds
[2025-01-25T16:31:33.285+0000] {processor.py:186} INFO - Started process (PID=387) to work on /home/airflow/.local/lib/python3.12/site-packages/airflow/example_dags/example_latest_only_with_trigger.py
[2025-01-25T16:31:33.286+0000] {processor.py:914} INFO - Processing file /home/airflow/.local/lib/python3.12/site-packages/airflow/example_dags/example_latest_only_with_trigger.py for tasks to queue
[2025-01-25T16:31:33.288+0000] {logging_mixin.py:190} INFO - [2025-01-25T16:31:33.288+0000] {dagbag.py:588} INFO - Filling up the DagBag from /home/airflow/.local/lib/python3.12/site-packages/airflow/example_dags/example_latest_only_with_trigger.py
[2025-01-25T16:31:33.295+0000] {processor.py:925} INFO - DAG(s) 'latest_only_with_trigger' retrieved from /home/airflow/.local/lib/python3.12/site-packages/airflow/example_dags/example_latest_only_with_trigger.py
[2025-01-25T16:31:33.314+0000] {logging_mixin.py:190} INFO - [2025-01-25T16:31:33.314+0000] {dag.py:3239} INFO - Sync 1 DAGs
[2025-01-25T16:31:33.337+0000] {logging_mixin.py:190} INFO - [2025-01-25T16:31:33.337+0000] {dag.py:4180} INFO - Setting next_dagrun for latest_only_with_trigger to 2025-01-25 12:00:00+00:00, run_after=2025-01-25 16:00:00+00:00
[2025-01-25T16:31:33.363+0000] {processor.py:208} INFO - Processing /home/airflow/.local/lib/python3.12/site-packages/airflow/example_dags/example_latest_only_with_trigger.py took 0.083 seconds
[2025-01-25T16:32:05.084+0000] {processor.py:186} INFO - Started process (PID=450) to work on /home/airflow/.local/lib/python3.12/site-packages/airflow/example_dags/example_latest_only_with_trigger.py
[2025-01-25T16:32:05.085+0000] {processor.py:914} INFO - Processing file /home/airflow/.local/lib/python3.12/site-packages/airflow/example_dags/example_latest_only_with_trigger.py for tasks to queue
[2025-01-25T16:32:05.087+0000] {logging_mixin.py:190} INFO - [2025-01-25T16:32:05.086+0000] {dagbag.py:588} INFO - Filling up the DagBag from /home/airflow/.local/lib/python3.12/site-packages/airflow/example_dags/example_latest_only_with_trigger.py
[2025-01-25T16:32:05.093+0000] {processor.py:925} INFO - DAG(s) 'latest_only_with_trigger' retrieved from /home/airflow/.local/lib/python3.12/site-packages/airflow/example_dags/example_latest_only_with_trigger.py
[2025-01-25T16:32:05.111+0000] {logging_mixin.py:190} INFO - [2025-01-25T16:32:05.111+0000] {dag.py:3239} INFO - Sync 1 DAGs
[2025-01-25T16:32:05.132+0000] {logging_mixin.py:190} INFO - [2025-01-25T16:32:05.132+0000] {dag.py:4180} INFO - Setting next_dagrun for latest_only_with_trigger to 2025-01-25 12:00:00+00:00, run_after=2025-01-25 16:00:00+00:00
[2025-01-25T16:32:05.232+0000] {processor.py:208} INFO - Processing /home/airflow/.local/lib/python3.12/site-packages/airflow/example_dags/example_latest_only_with_trigger.py took 0.153 seconds
[2025-01-25T16:32:36.285+0000] {processor.py:186} INFO - Started process (PID=513) to work on /home/airflow/.local/lib/python3.12/site-packages/airflow/example_dags/example_latest_only_with_trigger.py
[2025-01-25T16:32:36.286+0000] {processor.py:914} INFO - Processing file /home/airflow/.local/lib/python3.12/site-packages/airflow/example_dags/example_latest_only_with_trigger.py for tasks to queue
[2025-01-25T16:32:36.288+0000] {logging_mixin.py:190} INFO - [2025-01-25T16:32:36.288+0000] {dagbag.py:588} INFO - Filling up the DagBag from /home/airflow/.local/lib/python3.12/site-packages/airflow/example_dags/example_latest_only_with_trigger.py
[2025-01-25T16:32:36.295+0000] {processor.py:925} INFO - DAG(s) 'latest_only_with_trigger' retrieved from /home/airflow/.local/lib/python3.12/site-packages/airflow/example_dags/example_latest_only_with_trigger.py
[2025-01-25T16:32:36.316+0000] {logging_mixin.py:190} INFO - [2025-01-25T16:32:36.315+0000] {dag.py:3239} INFO - Sync 1 DAGs
[2025-01-25T16:32:36.338+0000] {logging_mixin.py:190} INFO - [2025-01-25T16:32:36.338+0000] {dag.py:4180} INFO - Setting next_dagrun for latest_only_with_trigger to 2025-01-25 12:00:00+00:00, run_after=2025-01-25 16:00:00+00:00
[2025-01-25T16:32:36.465+0000] {processor.py:208} INFO - Processing /home/airflow/.local/lib/python3.12/site-packages/airflow/example_dags/example_latest_only_with_trigger.py took 0.185 seconds
[2025-01-25T16:33:08.010+0000] {processor.py:186} INFO - Started process (PID=576) to work on /home/airflow/.local/lib/python3.12/site-packages/airflow/example_dags/example_latest_only_with_trigger.py
[2025-01-25T16:33:08.011+0000] {processor.py:914} INFO - Processing file /home/airflow/.local/lib/python3.12/site-packages/airflow/example_dags/example_latest_only_with_trigger.py for tasks to queue
[2025-01-25T16:33:08.013+0000] {logging_mixin.py:190} INFO - [2025-01-25T16:33:08.013+0000] {dagbag.py:588} INFO - Filling up the DagBag from /home/airflow/.local/lib/python3.12/site-packages/airflow/example_dags/example_latest_only_with_trigger.py
[2025-01-25T16:33:08.019+0000] {processor.py:925} INFO - DAG(s) 'latest_only_with_trigger' retrieved from /home/airflow/.local/lib/python3.12/site-packages/airflow/example_dags/example_latest_only_with_trigger.py
[2025-01-25T16:33:08.038+0000] {logging_mixin.py:190} INFO - [2025-01-25T16:33:08.038+0000] {dag.py:3239} INFO - Sync 1 DAGs
[2025-01-25T16:33:08.063+0000] {logging_mixin.py:190} INFO - [2025-01-25T16:33:08.063+0000] {dag.py:4180} INFO - Setting next_dagrun for latest_only_with_trigger to 2025-01-25 12:00:00+00:00, run_after=2025-01-25 16:00:00+00:00
[2025-01-25T16:33:08.212+0000] {processor.py:208} INFO - Processing /home/airflow/.local/lib/python3.12/site-packages/airflow/example_dags/example_latest_only_with_trigger.py took 0.206 seconds
[2025-01-25T16:33:38.744+0000] {processor.py:186} INFO - Started process (PID=639) to work on /home/airflow/.local/lib/python3.12/site-packages/airflow/example_dags/example_latest_only_with_trigger.py
[2025-01-25T16:33:38.745+0000] {processor.py:914} INFO - Processing file /home/airflow/.local/lib/python3.12/site-packages/airflow/example_dags/example_latest_only_with_trigger.py for tasks to queue
[2025-01-25T16:33:38.747+0000] {logging_mixin.py:190} INFO - [2025-01-25T16:33:38.747+0000] {dagbag.py:588} INFO - Filling up the DagBag from /home/airflow/.local/lib/python3.12/site-packages/airflow/example_dags/example_latest_only_with_trigger.py
[2025-01-25T16:33:38.754+0000] {processor.py:925} INFO - DAG(s) 'latest_only_with_trigger' retrieved from /home/airflow/.local/lib/python3.12/site-packages/airflow/example_dags/example_latest_only_with_trigger.py
[2025-01-25T16:33:38.772+0000] {logging_mixin.py:190} INFO - [2025-01-25T16:33:38.772+0000] {dag.py:3239} INFO - Sync 1 DAGs
[2025-01-25T16:33:38.794+0000] {logging_mixin.py:190} INFO - [2025-01-25T16:33:38.794+0000] {dag.py:4180} INFO - Setting next_dagrun for latest_only_with_trigger to 2025-01-25 12:00:00+00:00, run_after=2025-01-25 16:00:00+00:00
[2025-01-25T16:33:39.306+0000] {processor.py:208} INFO - Processing /home/airflow/.local/lib/python3.12/site-packages/airflow/example_dags/example_latest_only_with_trigger.py took 0.568 seconds
[2025-01-25T16:34:09.648+0000] {processor.py:186} INFO - Started process (PID=702) to work on /home/airflow/.local/lib/python3.12/site-packages/airflow/example_dags/example_latest_only_with_trigger.py
[2025-01-25T16:34:09.649+0000] {processor.py:914} INFO - Processing file /home/airflow/.local/lib/python3.12/site-packages/airflow/example_dags/example_latest_only_with_trigger.py for tasks to queue
[2025-01-25T16:34:09.651+0000] {logging_mixin.py:190} INFO - [2025-01-25T16:34:09.650+0000] {dagbag.py:588} INFO - Filling up the DagBag from /home/airflow/.local/lib/python3.12/site-packages/airflow/example_dags/example_latest_only_with_trigger.py
[2025-01-25T16:34:09.657+0000] {processor.py:925} INFO - DAG(s) 'latest_only_with_trigger' retrieved from /home/airflow/.local/lib/python3.12/site-packages/airflow/example_dags/example_latest_only_with_trigger.py
[2025-01-25T16:34:09.674+0000] {logging_mixin.py:190} INFO - [2025-01-25T16:34:09.674+0000] {dag.py:3239} INFO - Sync 1 DAGs
[2025-01-25T16:34:09.694+0000] {logging_mixin.py:190} INFO - [2025-01-25T16:34:09.694+0000] {dag.py:4180} INFO - Setting next_dagrun for latest_only_with_trigger to 2025-01-25 12:00:00+00:00, run_after=2025-01-25 16:00:00+00:00
[2025-01-25T16:34:09.809+0000] {processor.py:208} INFO - Processing /home/airflow/.local/lib/python3.12/site-packages/airflow/example_dags/example_latest_only_with_trigger.py took 0.166 seconds
[2025-01-25T16:34:40.669+0000] {processor.py:186} INFO - Started process (PID=765) to work on /home/airflow/.local/lib/python3.12/site-packages/airflow/example_dags/example_latest_only_with_trigger.py
[2025-01-25T16:34:40.670+0000] {processor.py:914} INFO - Processing file /home/airflow/.local/lib/python3.12/site-packages/airflow/example_dags/example_latest_only_with_trigger.py for tasks to queue
[2025-01-25T16:34:40.672+0000] {logging_mixin.py:190} INFO - [2025-01-25T16:34:40.672+0000] {dagbag.py:588} INFO - Filling up the DagBag from /home/airflow/.local/lib/python3.12/site-packages/airflow/example_dags/example_latest_only_with_trigger.py
[2025-01-25T16:34:40.679+0000] {processor.py:925} INFO - DAG(s) 'latest_only_with_trigger' retrieved from /home/airflow/.local/lib/python3.12/site-packages/airflow/example_dags/example_latest_only_with_trigger.py
[2025-01-25T16:34:40.698+0000] {logging_mixin.py:190} INFO - [2025-01-25T16:34:40.697+0000] {dag.py:3239} INFO - Sync 1 DAGs
[2025-01-25T16:34:40.720+0000] {logging_mixin.py:190} INFO - [2025-01-25T16:34:40.720+0000] {dag.py:4180} INFO - Setting next_dagrun for latest_only_with_trigger to 2025-01-25 12:00:00+00:00, run_after=2025-01-25 16:00:00+00:00
[2025-01-25T16:34:40.756+0000] {processor.py:208} INFO - Processing /home/airflow/.local/lib/python3.12/site-packages/airflow/example_dags/example_latest_only_with_trigger.py took 0.092 seconds
[2025-01-25T16:35:12.387+0000] {processor.py:186} INFO - Started process (PID=828) to work on /home/airflow/.local/lib/python3.12/site-packages/airflow/example_dags/example_latest_only_with_trigger.py
[2025-01-25T16:35:12.388+0000] {processor.py:914} INFO - Processing file /home/airflow/.local/lib/python3.12/site-packages/airflow/example_dags/example_latest_only_with_trigger.py for tasks to queue
[2025-01-25T16:35:12.390+0000] {logging_mixin.py:190} INFO - [2025-01-25T16:35:12.390+0000] {dagbag.py:588} INFO - Filling up the DagBag from /home/airflow/.local/lib/python3.12/site-packages/airflow/example_dags/example_latest_only_with_trigger.py
[2025-01-25T16:35:12.397+0000] {processor.py:925} INFO - DAG(s) 'latest_only_with_trigger' retrieved from /home/airflow/.local/lib/python3.12/site-packages/airflow/example_dags/example_latest_only_with_trigger.py
[2025-01-25T16:35:12.417+0000] {logging_mixin.py:190} INFO - [2025-01-25T16:35:12.416+0000] {dag.py:3239} INFO - Sync 1 DAGs
[2025-01-25T16:35:12.437+0000] {logging_mixin.py:190} INFO - [2025-01-25T16:35:12.437+0000] {dag.py:4180} INFO - Setting next_dagrun for latest_only_with_trigger to 2025-01-25 12:00:00+00:00, run_after=2025-01-25 16:00:00+00:00
[2025-01-25T16:35:12.572+0000] {processor.py:208} INFO - Processing /home/airflow/.local/lib/python3.12/site-packages/airflow/example_dags/example_latest_only_with_trigger.py took 0.190 seconds
[2025-01-25T16:35:43.603+0000] {processor.py:186} INFO - Started process (PID=891) to work on /home/airflow/.local/lib/python3.12/site-packages/airflow/example_dags/example_latest_only_with_trigger.py
[2025-01-25T16:35:43.604+0000] {processor.py:914} INFO - Processing file /home/airflow/.local/lib/python3.12/site-packages/airflow/example_dags/example_latest_only_with_trigger.py for tasks to queue
[2025-01-25T16:35:43.607+0000] {logging_mixin.py:190} INFO - [2025-01-25T16:35:43.606+0000] {dagbag.py:588} INFO - Filling up the DagBag from /home/airflow/.local/lib/python3.12/site-packages/airflow/example_dags/example_latest_only_with_trigger.py
[2025-01-25T16:35:43.613+0000] {processor.py:925} INFO - DAG(s) 'latest_only_with_trigger' retrieved from /home/airflow/.local/lib/python3.12/site-packages/airflow/example_dags/example_latest_only_with_trigger.py
[2025-01-25T16:35:43.632+0000] {logging_mixin.py:190} INFO - [2025-01-25T16:35:43.632+0000] {dag.py:3239} INFO - Sync 1 DAGs
[2025-01-25T16:35:43.654+0000] {logging_mixin.py:190} INFO - [2025-01-25T16:35:43.654+0000] {dag.py:4180} INFO - Setting next_dagrun for latest_only_with_trigger to 2025-01-25 12:00:00+00:00, run_after=2025-01-25 16:00:00+00:00
[2025-01-25T16:35:44.162+0000] {processor.py:208} INFO - Processing /home/airflow/.local/lib/python3.12/site-packages/airflow/example_dags/example_latest_only_with_trigger.py took 0.564 seconds
[2025-01-25T16:36:14.685+0000] {processor.py:186} INFO - Started process (PID=954) to work on /home/airflow/.local/lib/python3.12/site-packages/airflow/example_dags/example_latest_only_with_trigger.py
[2025-01-25T16:36:14.687+0000] {processor.py:914} INFO - Processing file /home/airflow/.local/lib/python3.12/site-packages/airflow/example_dags/example_latest_only_with_trigger.py for tasks to queue
[2025-01-25T16:36:14.689+0000] {logging_mixin.py:190} INFO - [2025-01-25T16:36:14.689+0000] {dagbag.py:588} INFO - Filling up the DagBag from /home/airflow/.local/lib/python3.12/site-packages/airflow/example_dags/example_latest_only_with_trigger.py
[2025-01-25T16:36:14.696+0000] {processor.py:925} INFO - DAG(s) 'latest_only_with_trigger' retrieved from /home/airflow/.local/lib/python3.12/site-packages/airflow/example_dags/example_latest_only_with_trigger.py
[2025-01-25T16:36:14.717+0000] {logging_mixin.py:190} INFO - [2025-01-25T16:36:14.717+0000] {dag.py:3239} INFO - Sync 1 DAGs
[2025-01-25T16:36:14.739+0000] {logging_mixin.py:190} INFO - [2025-01-25T16:36:14.739+0000] {dag.py:4180} INFO - Setting next_dagrun for latest_only_with_trigger to 2025-01-25 12:00:00+00:00, run_after=2025-01-25 16:00:00+00:00
[2025-01-25T16:36:14.763+0000] {processor.py:208} INFO - Processing /home/airflow/.local/lib/python3.12/site-packages/airflow/example_dags/example_latest_only_with_trigger.py took 0.083 seconds
[2025-01-25T16:36:46.274+0000] {processor.py:186} INFO - Started process (PID=1017) to work on /home/airflow/.local/lib/python3.12/site-packages/airflow/example_dags/example_latest_only_with_trigger.py
[2025-01-25T16:36:46.275+0000] {processor.py:914} INFO - Processing file /home/airflow/.local/lib/python3.12/site-packages/airflow/example_dags/example_latest_only_with_trigger.py for tasks to queue
[2025-01-25T16:36:46.277+0000] {logging_mixin.py:190} INFO - [2025-01-25T16:36:46.277+0000] {dagbag.py:588} INFO - Filling up the DagBag from /home/airflow/.local/lib/python3.12/site-packages/airflow/example_dags/example_latest_only_with_trigger.py
[2025-01-25T16:36:46.284+0000] {processor.py:925} INFO - DAG(s) 'latest_only_with_trigger' retrieved from /home/airflow/.local/lib/python3.12/site-packages/airflow/example_dags/example_latest_only_with_trigger.py
[2025-01-25T16:36:46.303+0000] {logging_mixin.py:190} INFO - [2025-01-25T16:36:46.303+0000] {dag.py:3239} INFO - Sync 1 DAGs
[2025-01-25T16:36:46.325+0000] {logging_mixin.py:190} INFO - [2025-01-25T16:36:46.325+0000] {dag.py:4180} INFO - Setting next_dagrun for latest_only_with_trigger to 2025-01-25 12:00:00+00:00, run_after=2025-01-25 16:00:00+00:00
[2025-01-25T16:36:46.804+0000] {processor.py:208} INFO - Processing /home/airflow/.local/lib/python3.12/site-packages/airflow/example_dags/example_latest_only_with_trigger.py took 0.535 seconds
[2025-01-25T16:37:16.953+0000] {processor.py:186} INFO - Started process (PID=1080) to work on /home/airflow/.local/lib/python3.12/site-packages/airflow/example_dags/example_latest_only_with_trigger.py
[2025-01-25T16:37:16.954+0000] {processor.py:914} INFO - Processing file /home/airflow/.local/lib/python3.12/site-packages/airflow/example_dags/example_latest_only_with_trigger.py for tasks to queue
[2025-01-25T16:37:16.956+0000] {logging_mixin.py:190} INFO - [2025-01-25T16:37:16.955+0000] {dagbag.py:588} INFO - Filling up the DagBag from /home/airflow/.local/lib/python3.12/site-packages/airflow/example_dags/example_latest_only_with_trigger.py
[2025-01-25T16:37:16.962+0000] {processor.py:925} INFO - DAG(s) 'latest_only_with_trigger' retrieved from /home/airflow/.local/lib/python3.12/site-packages/airflow/example_dags/example_latest_only_with_trigger.py
[2025-01-25T16:37:16.981+0000] {logging_mixin.py:190} INFO - [2025-01-25T16:37:16.981+0000] {dag.py:3239} INFO - Sync 1 DAGs
[2025-01-25T16:37:17.002+0000] {logging_mixin.py:190} INFO - [2025-01-25T16:37:17.001+0000] {dag.py:4180} INFO - Setting next_dagrun for latest_only_with_trigger to 2025-01-25 12:00:00+00:00, run_after=2025-01-25 16:00:00+00:00
[2025-01-25T16:37:17.092+0000] {processor.py:208} INFO - Processing /home/airflow/.local/lib/python3.12/site-packages/airflow/example_dags/example_latest_only_with_trigger.py took 0.144 seconds
