[2025-01-25T16:28:53.689+0000] {processor.py:186} INFO - Started process (PID=64) to work on /home/airflow/.local/lib/python3.12/site-packages/airflow/example_dags/example_skip_dag.py
[2025-01-25T16:28:53.690+0000] {processor.py:914} INFO - Processing file /home/airflow/.local/lib/python3.12/site-packages/airflow/example_dags/example_skip_dag.py for tasks to queue
[2025-01-25T16:28:53.693+0000] {logging_mixin.py:190} INFO - [2025-01-25T16:28:53.692+0000] {dagbag.py:588} INFO - Filling up the DagBag from /home/airflow/.local/lib/python3.12/site-packages/airflow/example_dags/example_skip_dag.py
[2025-01-25T16:28:53.703+0000] {processor.py:925} INFO - DAG(s) 'example_skip_dag' retrieved from /home/airflow/.local/lib/python3.12/site-packages/airflow/example_dags/example_skip_dag.py
[2025-01-25T16:28:54.026+0000] {logging_mixin.py:190} INFO - [2025-01-25T16:28:54.025+0000] {override.py:1911} INFO - Created Permission View: can delete on DAG:example_skip_dag
[2025-01-25T16:28:54.118+0000] {logging_mixin.py:190} INFO - [2025-01-25T16:28:54.117+0000] {override.py:1911} INFO - Created Permission View: can read on DAG:example_skip_dag
[2025-01-25T16:28:54.202+0000] {logging_mixin.py:190} INFO - [2025-01-25T16:28:54.202+0000] {override.py:1911} INFO - Created Permission View: can edit on DAG:example_skip_dag
[2025-01-25T16:28:54.371+0000] {logging_mixin.py:190} INFO - [2025-01-25T16:28:54.371+0000] {override.py:1911} INFO - Created Permission View: can delete on DAG Run:example_skip_dag
[2025-01-25T16:28:54.452+0000] {logging_mixin.py:190} INFO - [2025-01-25T16:28:54.452+0000] {override.py:1911} INFO - Created Permission View: can create on DAG Run:example_skip_dag
[2025-01-25T16:28:54.573+0000] {logging_mixin.py:190} INFO - [2025-01-25T16:28:54.573+0000] {override.py:1911} INFO - Created Permission View: menu access on DAG Run:example_skip_dag
[2025-01-25T16:28:54.662+0000] {logging_mixin.py:190} INFO - [2025-01-25T16:28:54.661+0000] {override.py:1911} INFO - Created Permission View: can read on DAG Run:example_skip_dag
[2025-01-25T16:28:54.663+0000] {logging_mixin.py:190} INFO - [2025-01-25T16:28:54.662+0000] {dag.py:3239} INFO - Sync 1 DAGs
[2025-01-25T16:28:54.683+0000] {logging_mixin.py:190} INFO - [2025-01-25T16:28:54.683+0000] {dag.py:3262} INFO - Creating ORM DAG for example_skip_dag
[2025-01-25T16:28:54.693+0000] {logging_mixin.py:190} INFO - [2025-01-25T16:28:54.693+0000] {dag.py:4180} INFO - Setting next_dagrun for example_skip_dag to 2025-01-24 00:00:00+00:00, run_after=2025-01-25 00:00:00+00:00
[2025-01-25T16:28:54.753+0000] {processor.py:208} INFO - Processing /home/airflow/.local/lib/python3.12/site-packages/airflow/example_dags/example_skip_dag.py took 1.070 seconds
[2025-01-25T16:29:24.900+0000] {processor.py:186} INFO - Started process (PID=126) to work on /home/airflow/.local/lib/python3.12/site-packages/airflow/example_dags/example_skip_dag.py
[2025-01-25T16:29:24.901+0000] {processor.py:914} INFO - Processing file /home/airflow/.local/lib/python3.12/site-packages/airflow/example_dags/example_skip_dag.py for tasks to queue
[2025-01-25T16:29:24.903+0000] {logging_mixin.py:190} INFO - [2025-01-25T16:29:24.903+0000] {dagbag.py:588} INFO - Filling up the DagBag from /home/airflow/.local/lib/python3.12/site-packages/airflow/example_dags/example_skip_dag.py
[2025-01-25T16:29:24.992+0000] {processor.py:925} INFO - DAG(s) 'example_skip_dag' retrieved from /home/airflow/.local/lib/python3.12/site-packages/airflow/example_dags/example_skip_dag.py
[2025-01-25T16:29:25.011+0000] {logging_mixin.py:190} INFO - [2025-01-25T16:29:25.011+0000] {dag.py:3239} INFO - Sync 1 DAGs
[2025-01-25T16:29:25.031+0000] {logging_mixin.py:190} INFO - [2025-01-25T16:29:25.031+0000] {dag.py:4180} INFO - Setting next_dagrun for example_skip_dag to 2025-01-24 00:00:00+00:00, run_after=2025-01-25 00:00:00+00:00
[2025-01-25T16:29:25.110+0000] {processor.py:208} INFO - Processing /home/airflow/.local/lib/python3.12/site-packages/airflow/example_dags/example_skip_dag.py took 0.215 seconds
[2025-01-25T16:29:55.208+0000] {processor.py:186} INFO - Started process (PID=189) to work on /home/airflow/.local/lib/python3.12/site-packages/airflow/example_dags/example_skip_dag.py
[2025-01-25T16:29:55.209+0000] {processor.py:914} INFO - Processing file /home/airflow/.local/lib/python3.12/site-packages/airflow/example_dags/example_skip_dag.py for tasks to queue
[2025-01-25T16:29:55.211+0000] {logging_mixin.py:190} INFO - [2025-01-25T16:29:55.211+0000] {dagbag.py:588} INFO - Filling up the DagBag from /home/airflow/.local/lib/python3.12/site-packages/airflow/example_dags/example_skip_dag.py
[2025-01-25T16:29:55.218+0000] {processor.py:925} INFO - DAG(s) 'example_skip_dag' retrieved from /home/airflow/.local/lib/python3.12/site-packages/airflow/example_dags/example_skip_dag.py
[2025-01-25T16:29:55.237+0000] {logging_mixin.py:190} INFO - [2025-01-25T16:29:55.237+0000] {dag.py:3239} INFO - Sync 1 DAGs
[2025-01-25T16:29:55.260+0000] {logging_mixin.py:190} INFO - [2025-01-25T16:29:55.260+0000] {dag.py:4180} INFO - Setting next_dagrun for example_skip_dag to 2025-01-24 00:00:00+00:00, run_after=2025-01-25 00:00:00+00:00
[2025-01-25T16:29:55.286+0000] {processor.py:208} INFO - Processing /home/airflow/.local/lib/python3.12/site-packages/airflow/example_dags/example_skip_dag.py took 0.083 seconds
[2025-01-25T16:30:26.764+0000] {processor.py:186} INFO - Started process (PID=252) to work on /home/airflow/.local/lib/python3.12/site-packages/airflow/example_dags/example_skip_dag.py
[2025-01-25T16:30:26.765+0000] {processor.py:914} INFO - Processing file /home/airflow/.local/lib/python3.12/site-packages/airflow/example_dags/example_skip_dag.py for tasks to queue
[2025-01-25T16:30:26.768+0000] {logging_mixin.py:190} INFO - [2025-01-25T16:30:26.767+0000] {dagbag.py:588} INFO - Filling up the DagBag from /home/airflow/.local/lib/python3.12/site-packages/airflow/example_dags/example_skip_dag.py
[2025-01-25T16:30:26.778+0000] {processor.py:925} INFO - DAG(s) 'example_skip_dag' retrieved from /home/airflow/.local/lib/python3.12/site-packages/airflow/example_dags/example_skip_dag.py
[2025-01-25T16:30:26.800+0000] {logging_mixin.py:190} INFO - [2025-01-25T16:30:26.799+0000] {dag.py:3239} INFO - Sync 1 DAGs
[2025-01-25T16:30:26.827+0000] {logging_mixin.py:190} INFO - [2025-01-25T16:30:26.827+0000] {dag.py:4180} INFO - Setting next_dagrun for example_skip_dag to 2025-01-24 00:00:00+00:00, run_after=2025-01-25 00:00:00+00:00
[2025-01-25T16:30:26.860+0000] {processor.py:208} INFO - Processing /home/airflow/.local/lib/python3.12/site-packages/airflow/example_dags/example_skip_dag.py took 0.101 seconds
[2025-01-25T16:30:58.340+0000] {processor.py:186} INFO - Started process (PID=315) to work on /home/airflow/.local/lib/python3.12/site-packages/airflow/example_dags/example_skip_dag.py
[2025-01-25T16:30:58.341+0000] {processor.py:914} INFO - Processing file /home/airflow/.local/lib/python3.12/site-packages/airflow/example_dags/example_skip_dag.py for tasks to queue
[2025-01-25T16:30:58.343+0000] {logging_mixin.py:190} INFO - [2025-01-25T16:30:58.343+0000] {dagbag.py:588} INFO - Filling up the DagBag from /home/airflow/.local/lib/python3.12/site-packages/airflow/example_dags/example_skip_dag.py
[2025-01-25T16:30:58.351+0000] {processor.py:925} INFO - DAG(s) 'example_skip_dag' retrieved from /home/airflow/.local/lib/python3.12/site-packages/airflow/example_dags/example_skip_dag.py
[2025-01-25T16:30:58.372+0000] {logging_mixin.py:190} INFO - [2025-01-25T16:30:58.372+0000] {dag.py:3239} INFO - Sync 1 DAGs
[2025-01-25T16:30:58.396+0000] {logging_mixin.py:190} INFO - [2025-01-25T16:30:58.396+0000] {dag.py:4180} INFO - Setting next_dagrun for example_skip_dag to 2025-01-24 00:00:00+00:00, run_after=2025-01-25 00:00:00+00:00
[2025-01-25T16:30:58.438+0000] {processor.py:208} INFO - Processing /home/airflow/.local/lib/python3.12/site-packages/airflow/example_dags/example_skip_dag.py took 0.107 seconds
[2025-01-25T16:31:29.498+0000] {processor.py:186} INFO - Started process (PID=379) to work on /home/airflow/.local/lib/python3.12/site-packages/airflow/example_dags/example_skip_dag.py
[2025-01-25T16:31:29.498+0000] {processor.py:914} INFO - Processing file /home/airflow/.local/lib/python3.12/site-packages/airflow/example_dags/example_skip_dag.py for tasks to queue
[2025-01-25T16:31:29.501+0000] {logging_mixin.py:190} INFO - [2025-01-25T16:31:29.501+0000] {dagbag.py:588} INFO - Filling up the DagBag from /home/airflow/.local/lib/python3.12/site-packages/airflow/example_dags/example_skip_dag.py
[2025-01-25T16:31:29.509+0000] {processor.py:925} INFO - DAG(s) 'example_skip_dag' retrieved from /home/airflow/.local/lib/python3.12/site-packages/airflow/example_dags/example_skip_dag.py
[2025-01-25T16:31:29.531+0000] {logging_mixin.py:190} INFO - [2025-01-25T16:31:29.530+0000] {dag.py:3239} INFO - Sync 1 DAGs
[2025-01-25T16:31:29.555+0000] {logging_mixin.py:190} INFO - [2025-01-25T16:31:29.555+0000] {dag.py:4180} INFO - Setting next_dagrun for example_skip_dag to 2025-01-24 00:00:00+00:00, run_after=2025-01-25 00:00:00+00:00
[2025-01-25T16:31:29.676+0000] {processor.py:208} INFO - Processing /home/airflow/.local/lib/python3.12/site-packages/airflow/example_dags/example_skip_dag.py took 0.184 seconds
[2025-01-25T16:32:01.728+0000] {processor.py:186} INFO - Started process (PID=442) to work on /home/airflow/.local/lib/python3.12/site-packages/airflow/example_dags/example_skip_dag.py
[2025-01-25T16:32:01.729+0000] {processor.py:914} INFO - Processing file /home/airflow/.local/lib/python3.12/site-packages/airflow/example_dags/example_skip_dag.py for tasks to queue
[2025-01-25T16:32:01.731+0000] {logging_mixin.py:190} INFO - [2025-01-25T16:32:01.731+0000] {dagbag.py:588} INFO - Filling up the DagBag from /home/airflow/.local/lib/python3.12/site-packages/airflow/example_dags/example_skip_dag.py
[2025-01-25T16:32:01.737+0000] {processor.py:925} INFO - DAG(s) 'example_skip_dag' retrieved from /home/airflow/.local/lib/python3.12/site-packages/airflow/example_dags/example_skip_dag.py
[2025-01-25T16:32:01.756+0000] {logging_mixin.py:190} INFO - [2025-01-25T16:32:01.756+0000] {dag.py:3239} INFO - Sync 1 DAGs
[2025-01-25T16:32:01.777+0000] {logging_mixin.py:190} INFO - [2025-01-25T16:32:01.777+0000] {dag.py:4180} INFO - Setting next_dagrun for example_skip_dag to 2025-01-24 00:00:00+00:00, run_after=2025-01-25 00:00:00+00:00
[2025-01-25T16:32:02.232+0000] {processor.py:208} INFO - Processing /home/airflow/.local/lib/python3.12/site-packages/airflow/example_dags/example_skip_dag.py took 0.509 seconds
[2025-01-25T16:32:33.020+0000] {processor.py:186} INFO - Started process (PID=505) to work on /home/airflow/.local/lib/python3.12/site-packages/airflow/example_dags/example_skip_dag.py
[2025-01-25T16:32:33.021+0000] {processor.py:914} INFO - Processing file /home/airflow/.local/lib/python3.12/site-packages/airflow/example_dags/example_skip_dag.py for tasks to queue
[2025-01-25T16:32:33.023+0000] {logging_mixin.py:190} INFO - [2025-01-25T16:32:33.023+0000] {dagbag.py:588} INFO - Filling up the DagBag from /home/airflow/.local/lib/python3.12/site-packages/airflow/example_dags/example_skip_dag.py
[2025-01-25T16:32:33.032+0000] {processor.py:925} INFO - DAG(s) 'example_skip_dag' retrieved from /home/airflow/.local/lib/python3.12/site-packages/airflow/example_dags/example_skip_dag.py
[2025-01-25T16:32:33.052+0000] {logging_mixin.py:190} INFO - [2025-01-25T16:32:33.052+0000] {dag.py:3239} INFO - Sync 1 DAGs
[2025-01-25T16:32:33.075+0000] {logging_mixin.py:190} INFO - [2025-01-25T16:32:33.074+0000] {dag.py:4180} INFO - Setting next_dagrun for example_skip_dag to 2025-01-24 00:00:00+00:00, run_after=2025-01-25 00:00:00+00:00
[2025-01-25T16:32:33.210+0000] {processor.py:208} INFO - Processing /home/airflow/.local/lib/python3.12/site-packages/airflow/example_dags/example_skip_dag.py took 0.195 seconds
[2025-01-25T16:33:03.914+0000] {processor.py:186} INFO - Started process (PID=568) to work on /home/airflow/.local/lib/python3.12/site-packages/airflow/example_dags/example_skip_dag.py
[2025-01-25T16:33:03.915+0000] {processor.py:914} INFO - Processing file /home/airflow/.local/lib/python3.12/site-packages/airflow/example_dags/example_skip_dag.py for tasks to queue
[2025-01-25T16:33:03.918+0000] {logging_mixin.py:190} INFO - [2025-01-25T16:33:03.917+0000] {dagbag.py:588} INFO - Filling up the DagBag from /home/airflow/.local/lib/python3.12/site-packages/airflow/example_dags/example_skip_dag.py
[2025-01-25T16:33:03.925+0000] {processor.py:925} INFO - DAG(s) 'example_skip_dag' retrieved from /home/airflow/.local/lib/python3.12/site-packages/airflow/example_dags/example_skip_dag.py
[2025-01-25T16:33:03.943+0000] {logging_mixin.py:190} INFO - [2025-01-25T16:33:03.943+0000] {dag.py:3239} INFO - Sync 1 DAGs
[2025-01-25T16:33:03.964+0000] {logging_mixin.py:190} INFO - [2025-01-25T16:33:03.964+0000] {dag.py:4180} INFO - Setting next_dagrun for example_skip_dag to 2025-01-24 00:00:00+00:00, run_after=2025-01-25 00:00:00+00:00
[2025-01-25T16:33:04.073+0000] {processor.py:208} INFO - Processing /home/airflow/.local/lib/python3.12/site-packages/airflow/example_dags/example_skip_dag.py took 0.163 seconds
[2025-01-25T16:33:34.795+0000] {processor.py:186} INFO - Started process (PID=631) to work on /home/airflow/.local/lib/python3.12/site-packages/airflow/example_dags/example_skip_dag.py
[2025-01-25T16:33:34.796+0000] {processor.py:914} INFO - Processing file /home/airflow/.local/lib/python3.12/site-packages/airflow/example_dags/example_skip_dag.py for tasks to queue
[2025-01-25T16:33:34.798+0000] {logging_mixin.py:190} INFO - [2025-01-25T16:33:34.797+0000] {dagbag.py:588} INFO - Filling up the DagBag from /home/airflow/.local/lib/python3.12/site-packages/airflow/example_dags/example_skip_dag.py
[2025-01-25T16:33:34.804+0000] {processor.py:925} INFO - DAG(s) 'example_skip_dag' retrieved from /home/airflow/.local/lib/python3.12/site-packages/airflow/example_dags/example_skip_dag.py
[2025-01-25T16:33:34.823+0000] {logging_mixin.py:190} INFO - [2025-01-25T16:33:34.822+0000] {dag.py:3239} INFO - Sync 1 DAGs
[2025-01-25T16:33:34.842+0000] {logging_mixin.py:190} INFO - [2025-01-25T16:33:34.842+0000] {dag.py:4180} INFO - Setting next_dagrun for example_skip_dag to 2025-01-24 00:00:00+00:00, run_after=2025-01-25 00:00:00+00:00
[2025-01-25T16:33:34.974+0000] {processor.py:208} INFO - Processing /home/airflow/.local/lib/python3.12/site-packages/airflow/example_dags/example_skip_dag.py took 0.183 seconds
[2025-01-25T16:34:05.831+0000] {processor.py:186} INFO - Started process (PID=694) to work on /home/airflow/.local/lib/python3.12/site-packages/airflow/example_dags/example_skip_dag.py
[2025-01-25T16:34:05.832+0000] {processor.py:914} INFO - Processing file /home/airflow/.local/lib/python3.12/site-packages/airflow/example_dags/example_skip_dag.py for tasks to queue
[2025-01-25T16:34:05.834+0000] {logging_mixin.py:190} INFO - [2025-01-25T16:34:05.834+0000] {dagbag.py:588} INFO - Filling up the DagBag from /home/airflow/.local/lib/python3.12/site-packages/airflow/example_dags/example_skip_dag.py
[2025-01-25T16:34:05.841+0000] {processor.py:925} INFO - DAG(s) 'example_skip_dag' retrieved from /home/airflow/.local/lib/python3.12/site-packages/airflow/example_dags/example_skip_dag.py
[2025-01-25T16:34:05.859+0000] {logging_mixin.py:190} INFO - [2025-01-25T16:34:05.859+0000] {dag.py:3239} INFO - Sync 1 DAGs
[2025-01-25T16:34:05.880+0000] {logging_mixin.py:190} INFO - [2025-01-25T16:34:05.880+0000] {dag.py:4180} INFO - Setting next_dagrun for example_skip_dag to 2025-01-24 00:00:00+00:00, run_after=2025-01-25 00:00:00+00:00
[2025-01-25T16:34:06.348+0000] {processor.py:208} INFO - Processing /home/airflow/.local/lib/python3.12/site-packages/airflow/example_dags/example_skip_dag.py took 0.522 seconds
[2025-01-25T16:34:36.878+0000] {processor.py:186} INFO - Started process (PID=757) to work on /home/airflow/.local/lib/python3.12/site-packages/airflow/example_dags/example_skip_dag.py
[2025-01-25T16:34:36.879+0000] {processor.py:914} INFO - Processing file /home/airflow/.local/lib/python3.12/site-packages/airflow/example_dags/example_skip_dag.py for tasks to queue
[2025-01-25T16:34:36.882+0000] {logging_mixin.py:190} INFO - [2025-01-25T16:34:36.881+0000] {dagbag.py:588} INFO - Filling up the DagBag from /home/airflow/.local/lib/python3.12/site-packages/airflow/example_dags/example_skip_dag.py
[2025-01-25T16:34:36.889+0000] {processor.py:925} INFO - DAG(s) 'example_skip_dag' retrieved from /home/airflow/.local/lib/python3.12/site-packages/airflow/example_dags/example_skip_dag.py
[2025-01-25T16:34:36.908+0000] {logging_mixin.py:190} INFO - [2025-01-25T16:34:36.907+0000] {dag.py:3239} INFO - Sync 1 DAGs
[2025-01-25T16:34:36.929+0000] {logging_mixin.py:190} INFO - [2025-01-25T16:34:36.928+0000] {dag.py:4180} INFO - Setting next_dagrun for example_skip_dag to 2025-01-24 00:00:00+00:00, run_after=2025-01-25 00:00:00+00:00
[2025-01-25T16:34:37.163+0000] {processor.py:208} INFO - Processing /home/airflow/.local/lib/python3.12/site-packages/airflow/example_dags/example_skip_dag.py took 0.290 seconds
[2025-01-25T16:35:07.566+0000] {processor.py:186} INFO - Started process (PID=820) to work on /home/airflow/.local/lib/python3.12/site-packages/airflow/example_dags/example_skip_dag.py
[2025-01-25T16:35:07.567+0000] {processor.py:914} INFO - Processing file /home/airflow/.local/lib/python3.12/site-packages/airflow/example_dags/example_skip_dag.py for tasks to queue
[2025-01-25T16:35:07.569+0000] {logging_mixin.py:190} INFO - [2025-01-25T16:35:07.569+0000] {dagbag.py:588} INFO - Filling up the DagBag from /home/airflow/.local/lib/python3.12/site-packages/airflow/example_dags/example_skip_dag.py
[2025-01-25T16:35:07.576+0000] {processor.py:925} INFO - DAG(s) 'example_skip_dag' retrieved from /home/airflow/.local/lib/python3.12/site-packages/airflow/example_dags/example_skip_dag.py
[2025-01-25T16:35:07.596+0000] {logging_mixin.py:190} INFO - [2025-01-25T16:35:07.596+0000] {dag.py:3239} INFO - Sync 1 DAGs
[2025-01-25T16:35:07.617+0000] {logging_mixin.py:190} INFO - [2025-01-25T16:35:07.617+0000] {dag.py:4180} INFO - Setting next_dagrun for example_skip_dag to 2025-01-24 00:00:00+00:00, run_after=2025-01-25 00:00:00+00:00
[2025-01-25T16:35:07.637+0000] {processor.py:208} INFO - Processing /home/airflow/.local/lib/python3.12/site-packages/airflow/example_dags/example_skip_dag.py took 0.076 seconds
[2025-01-25T16:35:38.113+0000] {processor.py:186} INFO - Started process (PID=883) to work on /home/airflow/.local/lib/python3.12/site-packages/airflow/example_dags/example_skip_dag.py
[2025-01-25T16:35:38.114+0000] {processor.py:914} INFO - Processing file /home/airflow/.local/lib/python3.12/site-packages/airflow/example_dags/example_skip_dag.py for tasks to queue
[2025-01-25T16:35:38.117+0000] {logging_mixin.py:190} INFO - [2025-01-25T16:35:38.116+0000] {dagbag.py:588} INFO - Filling up the DagBag from /home/airflow/.local/lib/python3.12/site-packages/airflow/example_dags/example_skip_dag.py
[2025-01-25T16:35:38.124+0000] {processor.py:925} INFO - DAG(s) 'example_skip_dag' retrieved from /home/airflow/.local/lib/python3.12/site-packages/airflow/example_dags/example_skip_dag.py
[2025-01-25T16:35:38.144+0000] {logging_mixin.py:190} INFO - [2025-01-25T16:35:38.144+0000] {dag.py:3239} INFO - Sync 1 DAGs
[2025-01-25T16:35:38.166+0000] {logging_mixin.py:190} INFO - [2025-01-25T16:35:38.166+0000] {dag.py:4180} INFO - Setting next_dagrun for example_skip_dag to 2025-01-24 00:00:00+00:00, run_after=2025-01-25 00:00:00+00:00
[2025-01-25T16:35:38.190+0000] {processor.py:208} INFO - Processing /home/airflow/.local/lib/python3.12/site-packages/airflow/example_dags/example_skip_dag.py took 0.082 seconds
[2025-01-25T16:36:10.491+0000] {processor.py:186} INFO - Started process (PID=946) to work on /home/airflow/.local/lib/python3.12/site-packages/airflow/example_dags/example_skip_dag.py
[2025-01-25T16:36:10.492+0000] {processor.py:914} INFO - Processing file /home/airflow/.local/lib/python3.12/site-packages/airflow/example_dags/example_skip_dag.py for tasks to queue
[2025-01-25T16:36:10.494+0000] {logging_mixin.py:190} INFO - [2025-01-25T16:36:10.494+0000] {dagbag.py:588} INFO - Filling up the DagBag from /home/airflow/.local/lib/python3.12/site-packages/airflow/example_dags/example_skip_dag.py
[2025-01-25T16:36:10.502+0000] {processor.py:925} INFO - DAG(s) 'example_skip_dag' retrieved from /home/airflow/.local/lib/python3.12/site-packages/airflow/example_dags/example_skip_dag.py
[2025-01-25T16:36:10.522+0000] {logging_mixin.py:190} INFO - [2025-01-25T16:36:10.522+0000] {dag.py:3239} INFO - Sync 1 DAGs
[2025-01-25T16:36:10.543+0000] {logging_mixin.py:190} INFO - [2025-01-25T16:36:10.543+0000] {dag.py:4180} INFO - Setting next_dagrun for example_skip_dag to 2025-01-24 00:00:00+00:00, run_after=2025-01-25 00:00:00+00:00
[2025-01-25T16:36:10.725+0000] {processor.py:208} INFO - Processing /home/airflow/.local/lib/python3.12/site-packages/airflow/example_dags/example_skip_dag.py took 0.239 seconds
[2025-01-25T16:36:41.423+0000] {processor.py:186} INFO - Started process (PID=1009) to work on /home/airflow/.local/lib/python3.12/site-packages/airflow/example_dags/example_skip_dag.py
[2025-01-25T16:36:41.424+0000] {processor.py:914} INFO - Processing file /home/airflow/.local/lib/python3.12/site-packages/airflow/example_dags/example_skip_dag.py for tasks to queue
[2025-01-25T16:36:41.427+0000] {logging_mixin.py:190} INFO - [2025-01-25T16:36:41.426+0000] {dagbag.py:588} INFO - Filling up the DagBag from /home/airflow/.local/lib/python3.12/site-packages/airflow/example_dags/example_skip_dag.py
[2025-01-25T16:36:41.434+0000] {processor.py:925} INFO - DAG(s) 'example_skip_dag' retrieved from /home/airflow/.local/lib/python3.12/site-packages/airflow/example_dags/example_skip_dag.py
[2025-01-25T16:36:41.455+0000] {logging_mixin.py:190} INFO - [2025-01-25T16:36:41.455+0000] {dag.py:3239} INFO - Sync 1 DAGs
[2025-01-25T16:36:41.484+0000] {logging_mixin.py:190} INFO - [2025-01-25T16:36:41.484+0000] {dag.py:4180} INFO - Setting next_dagrun for example_skip_dag to 2025-01-24 00:00:00+00:00, run_after=2025-01-25 00:00:00+00:00
[2025-01-25T16:36:41.581+0000] {processor.py:208} INFO - Processing /home/airflow/.local/lib/python3.12/site-packages/airflow/example_dags/example_skip_dag.py took 0.164 seconds
[2025-01-25T16:37:12.781+0000] {processor.py:186} INFO - Started process (PID=1072) to work on /home/airflow/.local/lib/python3.12/site-packages/airflow/example_dags/example_skip_dag.py
[2025-01-25T16:37:12.782+0000] {processor.py:914} INFO - Processing file /home/airflow/.local/lib/python3.12/site-packages/airflow/example_dags/example_skip_dag.py for tasks to queue
[2025-01-25T16:37:12.784+0000] {logging_mixin.py:190} INFO - [2025-01-25T16:37:12.784+0000] {dagbag.py:588} INFO - Filling up the DagBag from /home/airflow/.local/lib/python3.12/site-packages/airflow/example_dags/example_skip_dag.py
[2025-01-25T16:37:12.792+0000] {processor.py:925} INFO - DAG(s) 'example_skip_dag' retrieved from /home/airflow/.local/lib/python3.12/site-packages/airflow/example_dags/example_skip_dag.py
[2025-01-25T16:37:12.811+0000] {logging_mixin.py:190} INFO - [2025-01-25T16:37:12.811+0000] {dag.py:3239} INFO - Sync 1 DAGs
[2025-01-25T16:37:12.832+0000] {logging_mixin.py:190} INFO - [2025-01-25T16:37:12.832+0000] {dag.py:4180} INFO - Setting next_dagrun for example_skip_dag to 2025-01-24 00:00:00+00:00, run_after=2025-01-25 00:00:00+00:00
[2025-01-25T16:37:13.492+0000] {processor.py:208} INFO - Processing /home/airflow/.local/lib/python3.12/site-packages/airflow/example_dags/example_skip_dag.py took 0.717 seconds
[2025-01-25T16:37:44.234+0000] {processor.py:186} INFO - Started process (PID=1135) to work on /home/airflow/.local/lib/python3.12/site-packages/airflow/example_dags/example_skip_dag.py
[2025-01-25T16:37:44.235+0000] {processor.py:914} INFO - Processing file /home/airflow/.local/lib/python3.12/site-packages/airflow/example_dags/example_skip_dag.py for tasks to queue
[2025-01-25T16:37:44.237+0000] {logging_mixin.py:190} INFO - [2025-01-25T16:37:44.237+0000] {dagbag.py:588} INFO - Filling up the DagBag from /home/airflow/.local/lib/python3.12/site-packages/airflow/example_dags/example_skip_dag.py
[2025-01-25T16:37:44.244+0000] {processor.py:925} INFO - DAG(s) 'example_skip_dag' retrieved from /home/airflow/.local/lib/python3.12/site-packages/airflow/example_dags/example_skip_dag.py
[2025-01-25T16:37:44.265+0000] {logging_mixin.py:190} INFO - [2025-01-25T16:37:44.265+0000] {dag.py:3239} INFO - Sync 1 DAGs
[2025-01-25T16:37:44.287+0000] {logging_mixin.py:190} INFO - [2025-01-25T16:37:44.286+0000] {dag.py:4180} INFO - Setting next_dagrun for example_skip_dag to 2025-01-24 00:00:00+00:00, run_after=2025-01-25 00:00:00+00:00
[2025-01-25T16:37:44.318+0000] {processor.py:208} INFO - Processing /home/airflow/.local/lib/python3.12/site-packages/airflow/example_dags/example_skip_dag.py took 0.089 seconds
