[2025-01-25T16:28:49.387+0000] {processor.py:186} INFO - Started process (PID=42) to work on /home/airflow/.local/lib/python3.12/site-packages/airflow/example_dags/example_dag_decorator.py
[2025-01-25T16:28:49.388+0000] {processor.py:914} INFO - Processing file /home/airflow/.local/lib/python3.12/site-packages/airflow/example_dags/example_dag_decorator.py for tasks to queue
[2025-01-25T16:28:49.392+0000] {logging_mixin.py:190} INFO - [2025-01-25T16:28:49.392+0000] {dagbag.py:588} INFO - Filling up the DagBag from /home/airflow/.local/lib/python3.12/site-packages/airflow/example_dags/example_dag_decorator.py
[2025-01-25T16:28:49.415+0000] {processor.py:925} INFO - DAG(s) 'example_dag_decorator' retrieved from /home/airflow/.local/lib/python3.12/site-packages/airflow/example_dags/example_dag_decorator.py
[2025-01-25T16:28:49.533+0000] {logging_mixin.py:190} INFO - [2025-01-25T16:28:49.533+0000] {override.py:1911} INFO - Created Permission View: can delete on DAG:example_dag_decorator
[2025-01-25T16:28:49.548+0000] {logging_mixin.py:190} INFO - [2025-01-25T16:28:49.547+0000] {override.py:1911} INFO - Created Permission View: can read on DAG:example_dag_decorator
[2025-01-25T16:28:49.560+0000] {logging_mixin.py:190} INFO - [2025-01-25T16:28:49.560+0000] {override.py:1911} INFO - Created Permission View: can edit on DAG:example_dag_decorator
[2025-01-25T16:28:49.578+0000] {logging_mixin.py:190} INFO - [2025-01-25T16:28:49.577+0000] {override.py:1911} INFO - Created Permission View: can delete on DAG Run:example_dag_decorator
[2025-01-25T16:28:49.594+0000] {logging_mixin.py:190} INFO - [2025-01-25T16:28:49.593+0000] {override.py:1911} INFO - Created Permission View: can create on DAG Run:example_dag_decorator
[2025-01-25T16:28:49.606+0000] {logging_mixin.py:190} INFO - [2025-01-25T16:28:49.606+0000] {override.py:1911} INFO - Created Permission View: menu access on DAG Run:example_dag_decorator
[2025-01-25T16:28:49.616+0000] {logging_mixin.py:190} INFO - [2025-01-25T16:28:49.615+0000] {override.py:1911} INFO - Created Permission View: can read on DAG Run:example_dag_decorator
[2025-01-25T16:28:49.616+0000] {logging_mixin.py:190} INFO - [2025-01-25T16:28:49.616+0000] {dag.py:3239} INFO - Sync 1 DAGs
[2025-01-25T16:28:49.627+0000] {logging_mixin.py:190} INFO - [2025-01-25T16:28:49.627+0000] {dag.py:3262} INFO - Creating ORM DAG for example_dag_decorator
[2025-01-25T16:28:49.628+0000] {logging_mixin.py:190} INFO - [2025-01-25T16:28:49.628+0000] {dag.py:4180} INFO - Setting next_dagrun for example_dag_decorator to None, run_after=None
[2025-01-25T16:28:49.647+0000] {processor.py:208} INFO - Processing /home/airflow/.local/lib/python3.12/site-packages/airflow/example_dags/example_dag_decorator.py took 0.265 seconds
[2025-01-25T16:29:20.111+0000] {processor.py:186} INFO - Started process (PID=105) to work on /home/airflow/.local/lib/python3.12/site-packages/airflow/example_dags/example_dag_decorator.py
[2025-01-25T16:29:20.112+0000] {processor.py:914} INFO - Processing file /home/airflow/.local/lib/python3.12/site-packages/airflow/example_dags/example_dag_decorator.py for tasks to queue
[2025-01-25T16:29:20.116+0000] {logging_mixin.py:190} INFO - [2025-01-25T16:29:20.114+0000] {dagbag.py:588} INFO - Filling up the DagBag from /home/airflow/.local/lib/python3.12/site-packages/airflow/example_dags/example_dag_decorator.py
[2025-01-25T16:29:20.126+0000] {processor.py:925} INFO - DAG(s) 'example_dag_decorator' retrieved from /home/airflow/.local/lib/python3.12/site-packages/airflow/example_dags/example_dag_decorator.py
[2025-01-25T16:29:20.157+0000] {logging_mixin.py:190} INFO - [2025-01-25T16:29:20.157+0000] {dag.py:3239} INFO - Sync 1 DAGs
[2025-01-25T16:29:20.173+0000] {logging_mixin.py:190} INFO - [2025-01-25T16:29:20.173+0000] {dag.py:4180} INFO - Setting next_dagrun for example_dag_decorator to None, run_after=None
[2025-01-25T16:29:20.200+0000] {processor.py:208} INFO - Processing /home/airflow/.local/lib/python3.12/site-packages/airflow/example_dags/example_dag_decorator.py took 0.094 seconds
[2025-01-25T16:29:51.269+0000] {processor.py:186} INFO - Started process (PID=174) to work on /home/airflow/.local/lib/python3.12/site-packages/airflow/example_dags/example_dag_decorator.py
[2025-01-25T16:29:51.270+0000] {processor.py:914} INFO - Processing file /home/airflow/.local/lib/python3.12/site-packages/airflow/example_dags/example_dag_decorator.py for tasks to queue
[2025-01-25T16:29:51.272+0000] {logging_mixin.py:190} INFO - [2025-01-25T16:29:51.272+0000] {dagbag.py:588} INFO - Filling up the DagBag from /home/airflow/.local/lib/python3.12/site-packages/airflow/example_dags/example_dag_decorator.py
[2025-01-25T16:29:51.283+0000] {processor.py:925} INFO - DAG(s) 'example_dag_decorator' retrieved from /home/airflow/.local/lib/python3.12/site-packages/airflow/example_dags/example_dag_decorator.py
[2025-01-25T16:29:51.307+0000] {logging_mixin.py:190} INFO - [2025-01-25T16:29:51.306+0000] {dag.py:3239} INFO - Sync 1 DAGs
[2025-01-25T16:29:51.321+0000] {logging_mixin.py:190} INFO - [2025-01-25T16:29:51.321+0000] {dag.py:4180} INFO - Setting next_dagrun for example_dag_decorator to None, run_after=None
[2025-01-25T16:29:51.445+0000] {processor.py:208} INFO - Processing /home/airflow/.local/lib/python3.12/site-packages/airflow/example_dags/example_dag_decorator.py took 0.181 seconds
[2025-01-25T16:30:21.692+0000] {processor.py:186} INFO - Started process (PID=237) to work on /home/airflow/.local/lib/python3.12/site-packages/airflow/example_dags/example_dag_decorator.py
[2025-01-25T16:30:21.693+0000] {processor.py:914} INFO - Processing file /home/airflow/.local/lib/python3.12/site-packages/airflow/example_dags/example_dag_decorator.py for tasks to queue
[2025-01-25T16:30:21.695+0000] {logging_mixin.py:190} INFO - [2025-01-25T16:30:21.695+0000] {dagbag.py:588} INFO - Filling up the DagBag from /home/airflow/.local/lib/python3.12/site-packages/airflow/example_dags/example_dag_decorator.py
[2025-01-25T16:30:21.707+0000] {processor.py:925} INFO - DAG(s) 'example_dag_decorator' retrieved from /home/airflow/.local/lib/python3.12/site-packages/airflow/example_dags/example_dag_decorator.py
[2025-01-25T16:30:21.733+0000] {logging_mixin.py:190} INFO - [2025-01-25T16:30:21.733+0000] {dag.py:3239} INFO - Sync 1 DAGs
[2025-01-25T16:30:21.772+0000] {logging_mixin.py:190} INFO - [2025-01-25T16:30:21.772+0000] {dag.py:4180} INFO - Setting next_dagrun for example_dag_decorator to None, run_after=None
[2025-01-25T16:30:21.938+0000] {processor.py:208} INFO - Processing /home/airflow/.local/lib/python3.12/site-packages/airflow/example_dags/example_dag_decorator.py took 0.251 seconds
[2025-01-25T16:30:52.606+0000] {processor.py:186} INFO - Started process (PID=300) to work on /home/airflow/.local/lib/python3.12/site-packages/airflow/example_dags/example_dag_decorator.py
[2025-01-25T16:30:52.607+0000] {processor.py:914} INFO - Processing file /home/airflow/.local/lib/python3.12/site-packages/airflow/example_dags/example_dag_decorator.py for tasks to queue
[2025-01-25T16:30:52.609+0000] {logging_mixin.py:190} INFO - [2025-01-25T16:30:52.609+0000] {dagbag.py:588} INFO - Filling up the DagBag from /home/airflow/.local/lib/python3.12/site-packages/airflow/example_dags/example_dag_decorator.py
[2025-01-25T16:30:52.619+0000] {processor.py:925} INFO - DAG(s) 'example_dag_decorator' retrieved from /home/airflow/.local/lib/python3.12/site-packages/airflow/example_dags/example_dag_decorator.py
[2025-01-25T16:30:52.642+0000] {logging_mixin.py:190} INFO - [2025-01-25T16:30:52.642+0000] {dag.py:3239} INFO - Sync 1 DAGs
[2025-01-25T16:30:52.655+0000] {logging_mixin.py:190} INFO - [2025-01-25T16:30:52.655+0000] {dag.py:4180} INFO - Setting next_dagrun for example_dag_decorator to None, run_after=None
[2025-01-25T16:30:52.682+0000] {processor.py:208} INFO - Processing /home/airflow/.local/lib/python3.12/site-packages/airflow/example_dags/example_dag_decorator.py took 0.081 seconds
[2025-01-25T16:31:23.297+0000] {processor.py:186} INFO - Started process (PID=364) to work on /home/airflow/.local/lib/python3.12/site-packages/airflow/example_dags/example_dag_decorator.py
[2025-01-25T16:31:23.298+0000] {processor.py:914} INFO - Processing file /home/airflow/.local/lib/python3.12/site-packages/airflow/example_dags/example_dag_decorator.py for tasks to queue
[2025-01-25T16:31:23.301+0000] {logging_mixin.py:190} INFO - [2025-01-25T16:31:23.300+0000] {dagbag.py:588} INFO - Filling up the DagBag from /home/airflow/.local/lib/python3.12/site-packages/airflow/example_dags/example_dag_decorator.py
[2025-01-25T16:31:23.319+0000] {processor.py:925} INFO - DAG(s) 'example_dag_decorator' retrieved from /home/airflow/.local/lib/python3.12/site-packages/airflow/example_dags/example_dag_decorator.py
[2025-01-25T16:31:23.347+0000] {logging_mixin.py:190} INFO - [2025-01-25T16:31:23.347+0000] {dag.py:3239} INFO - Sync 1 DAGs
[2025-01-25T16:31:23.366+0000] {logging_mixin.py:190} INFO - [2025-01-25T16:31:23.366+0000] {dag.py:4180} INFO - Setting next_dagrun for example_dag_decorator to None, run_after=None
[2025-01-25T16:31:23.401+0000] {processor.py:208} INFO - Processing /home/airflow/.local/lib/python3.12/site-packages/airflow/example_dags/example_dag_decorator.py took 0.110 seconds
[2025-01-25T16:31:54.327+0000] {processor.py:186} INFO - Started process (PID=427) to work on /home/airflow/.local/lib/python3.12/site-packages/airflow/example_dags/example_dag_decorator.py
[2025-01-25T16:31:54.329+0000] {processor.py:914} INFO - Processing file /home/airflow/.local/lib/python3.12/site-packages/airflow/example_dags/example_dag_decorator.py for tasks to queue
[2025-01-25T16:31:54.332+0000] {logging_mixin.py:190} INFO - [2025-01-25T16:31:54.332+0000] {dagbag.py:588} INFO - Filling up the DagBag from /home/airflow/.local/lib/python3.12/site-packages/airflow/example_dags/example_dag_decorator.py
[2025-01-25T16:31:54.347+0000] {processor.py:925} INFO - DAG(s) 'example_dag_decorator' retrieved from /home/airflow/.local/lib/python3.12/site-packages/airflow/example_dags/example_dag_decorator.py
[2025-01-25T16:31:54.469+0000] {logging_mixin.py:190} INFO - [2025-01-25T16:31:54.469+0000] {dag.py:3239} INFO - Sync 1 DAGs
[2025-01-25T16:31:54.482+0000] {logging_mixin.py:190} INFO - [2025-01-25T16:31:54.482+0000] {dag.py:4180} INFO - Setting next_dagrun for example_dag_decorator to None, run_after=None
[2025-01-25T16:31:54.506+0000] {processor.py:208} INFO - Processing /home/airflow/.local/lib/python3.12/site-packages/airflow/example_dags/example_dag_decorator.py took 0.185 seconds
[2025-01-25T16:32:26.810+0000] {processor.py:186} INFO - Started process (PID=490) to work on /home/airflow/.local/lib/python3.12/site-packages/airflow/example_dags/example_dag_decorator.py
[2025-01-25T16:32:26.811+0000] {processor.py:914} INFO - Processing file /home/airflow/.local/lib/python3.12/site-packages/airflow/example_dags/example_dag_decorator.py for tasks to queue
[2025-01-25T16:32:26.813+0000] {logging_mixin.py:190} INFO - [2025-01-25T16:32:26.813+0000] {dagbag.py:588} INFO - Filling up the DagBag from /home/airflow/.local/lib/python3.12/site-packages/airflow/example_dags/example_dag_decorator.py
[2025-01-25T16:32:26.823+0000] {processor.py:925} INFO - DAG(s) 'example_dag_decorator' retrieved from /home/airflow/.local/lib/python3.12/site-packages/airflow/example_dags/example_dag_decorator.py
[2025-01-25T16:32:26.927+0000] {logging_mixin.py:190} INFO - [2025-01-25T16:32:26.927+0000] {dag.py:3239} INFO - Sync 1 DAGs
[2025-01-25T16:32:26.941+0000] {logging_mixin.py:190} INFO - [2025-01-25T16:32:26.940+0000] {dag.py:4180} INFO - Setting next_dagrun for example_dag_decorator to None, run_after=None
[2025-01-25T16:32:27.377+0000] {processor.py:208} INFO - Processing /home/airflow/.local/lib/python3.12/site-packages/airflow/example_dags/example_dag_decorator.py took 0.571 seconds
[2025-01-25T16:32:57.911+0000] {processor.py:186} INFO - Started process (PID=553) to work on /home/airflow/.local/lib/python3.12/site-packages/airflow/example_dags/example_dag_decorator.py
[2025-01-25T16:32:57.911+0000] {processor.py:914} INFO - Processing file /home/airflow/.local/lib/python3.12/site-packages/airflow/example_dags/example_dag_decorator.py for tasks to queue
[2025-01-25T16:32:57.914+0000] {logging_mixin.py:190} INFO - [2025-01-25T16:32:57.913+0000] {dagbag.py:588} INFO - Filling up the DagBag from /home/airflow/.local/lib/python3.12/site-packages/airflow/example_dags/example_dag_decorator.py
[2025-01-25T16:32:57.923+0000] {processor.py:925} INFO - DAG(s) 'example_dag_decorator' retrieved from /home/airflow/.local/lib/python3.12/site-packages/airflow/example_dags/example_dag_decorator.py
[2025-01-25T16:32:58.021+0000] {logging_mixin.py:190} INFO - [2025-01-25T16:32:58.021+0000] {dag.py:3239} INFO - Sync 1 DAGs
[2025-01-25T16:32:58.032+0000] {logging_mixin.py:190} INFO - [2025-01-25T16:32:58.032+0000] {dag.py:4180} INFO - Setting next_dagrun for example_dag_decorator to None, run_after=None
[2025-01-25T16:32:58.086+0000] {processor.py:208} INFO - Processing /home/airflow/.local/lib/python3.12/site-packages/airflow/example_dags/example_dag_decorator.py took 0.180 seconds
[2025-01-25T16:33:29.042+0000] {processor.py:186} INFO - Started process (PID=616) to work on /home/airflow/.local/lib/python3.12/site-packages/airflow/example_dags/example_dag_decorator.py
[2025-01-25T16:33:29.043+0000] {processor.py:914} INFO - Processing file /home/airflow/.local/lib/python3.12/site-packages/airflow/example_dags/example_dag_decorator.py for tasks to queue
[2025-01-25T16:33:29.045+0000] {logging_mixin.py:190} INFO - [2025-01-25T16:33:29.045+0000] {dagbag.py:588} INFO - Filling up the DagBag from /home/airflow/.local/lib/python3.12/site-packages/airflow/example_dags/example_dag_decorator.py
[2025-01-25T16:33:29.055+0000] {processor.py:925} INFO - DAG(s) 'example_dag_decorator' retrieved from /home/airflow/.local/lib/python3.12/site-packages/airflow/example_dags/example_dag_decorator.py
[2025-01-25T16:33:29.154+0000] {logging_mixin.py:190} INFO - [2025-01-25T16:33:29.154+0000] {dag.py:3239} INFO - Sync 1 DAGs
[2025-01-25T16:33:29.164+0000] {logging_mixin.py:190} INFO - [2025-01-25T16:33:29.164+0000] {dag.py:4180} INFO - Setting next_dagrun for example_dag_decorator to None, run_after=None
[2025-01-25T16:33:29.814+0000] {processor.py:208} INFO - Processing /home/airflow/.local/lib/python3.12/site-packages/airflow/example_dags/example_dag_decorator.py took 0.776 seconds
[2025-01-25T16:34:00.335+0000] {processor.py:186} INFO - Started process (PID=679) to work on /home/airflow/.local/lib/python3.12/site-packages/airflow/example_dags/example_dag_decorator.py
[2025-01-25T16:34:00.336+0000] {processor.py:914} INFO - Processing file /home/airflow/.local/lib/python3.12/site-packages/airflow/example_dags/example_dag_decorator.py for tasks to queue
[2025-01-25T16:34:00.338+0000] {logging_mixin.py:190} INFO - [2025-01-25T16:34:00.338+0000] {dagbag.py:588} INFO - Filling up the DagBag from /home/airflow/.local/lib/python3.12/site-packages/airflow/example_dags/example_dag_decorator.py
[2025-01-25T16:34:00.348+0000] {processor.py:925} INFO - DAG(s) 'example_dag_decorator' retrieved from /home/airflow/.local/lib/python3.12/site-packages/airflow/example_dags/example_dag_decorator.py
[2025-01-25T16:34:00.444+0000] {logging_mixin.py:190} INFO - [2025-01-25T16:34:00.444+0000] {dag.py:3239} INFO - Sync 1 DAGs
[2025-01-25T16:34:00.455+0000] {logging_mixin.py:190} INFO - [2025-01-25T16:34:00.455+0000] {dag.py:4180} INFO - Setting next_dagrun for example_dag_decorator to None, run_after=None
[2025-01-25T16:34:00.523+0000] {processor.py:208} INFO - Processing /home/airflow/.local/lib/python3.12/site-packages/airflow/example_dags/example_dag_decorator.py took 0.193 seconds
[2025-01-25T16:34:30.836+0000] {processor.py:186} INFO - Started process (PID=742) to work on /home/airflow/.local/lib/python3.12/site-packages/airflow/example_dags/example_dag_decorator.py
[2025-01-25T16:34:30.837+0000] {processor.py:914} INFO - Processing file /home/airflow/.local/lib/python3.12/site-packages/airflow/example_dags/example_dag_decorator.py for tasks to queue
[2025-01-25T16:34:30.840+0000] {logging_mixin.py:190} INFO - [2025-01-25T16:34:30.839+0000] {dagbag.py:588} INFO - Filling up the DagBag from /home/airflow/.local/lib/python3.12/site-packages/airflow/example_dags/example_dag_decorator.py
[2025-01-25T16:34:30.849+0000] {processor.py:925} INFO - DAG(s) 'example_dag_decorator' retrieved from /home/airflow/.local/lib/python3.12/site-packages/airflow/example_dags/example_dag_decorator.py
[2025-01-25T16:34:30.950+0000] {logging_mixin.py:190} INFO - [2025-01-25T16:34:30.949+0000] {dag.py:3239} INFO - Sync 1 DAGs
[2025-01-25T16:34:30.960+0000] {logging_mixin.py:190} INFO - [2025-01-25T16:34:30.960+0000] {dag.py:4180} INFO - Setting next_dagrun for example_dag_decorator to None, run_after=None
[2025-01-25T16:34:31.274+0000] {processor.py:208} INFO - Processing /home/airflow/.local/lib/python3.12/site-packages/airflow/example_dags/example_dag_decorator.py took 0.443 seconds
[2025-01-25T16:35:01.723+0000] {processor.py:186} INFO - Started process (PID=805) to work on /home/airflow/.local/lib/python3.12/site-packages/airflow/example_dags/example_dag_decorator.py
[2025-01-25T16:35:01.724+0000] {processor.py:914} INFO - Processing file /home/airflow/.local/lib/python3.12/site-packages/airflow/example_dags/example_dag_decorator.py for tasks to queue
[2025-01-25T16:35:01.727+0000] {logging_mixin.py:190} INFO - [2025-01-25T16:35:01.726+0000] {dagbag.py:588} INFO - Filling up the DagBag from /home/airflow/.local/lib/python3.12/site-packages/airflow/example_dags/example_dag_decorator.py
[2025-01-25T16:35:01.738+0000] {processor.py:925} INFO - DAG(s) 'example_dag_decorator' retrieved from /home/airflow/.local/lib/python3.12/site-packages/airflow/example_dags/example_dag_decorator.py
[2025-01-25T16:35:01.844+0000] {logging_mixin.py:190} INFO - [2025-01-25T16:35:01.843+0000] {dag.py:3239} INFO - Sync 1 DAGs
[2025-01-25T16:35:01.855+0000] {logging_mixin.py:190} INFO - [2025-01-25T16:35:01.855+0000] {dag.py:4180} INFO - Setting next_dagrun for example_dag_decorator to None, run_after=None
[2025-01-25T16:35:01.889+0000] {processor.py:208} INFO - Processing /home/airflow/.local/lib/python3.12/site-packages/airflow/example_dags/example_dag_decorator.py took 0.171 seconds
[2025-01-25T16:35:32.476+0000] {processor.py:186} INFO - Started process (PID=868) to work on /home/airflow/.local/lib/python3.12/site-packages/airflow/example_dags/example_dag_decorator.py
[2025-01-25T16:35:32.477+0000] {processor.py:914} INFO - Processing file /home/airflow/.local/lib/python3.12/site-packages/airflow/example_dags/example_dag_decorator.py for tasks to queue
[2025-01-25T16:35:32.480+0000] {logging_mixin.py:190} INFO - [2025-01-25T16:35:32.479+0000] {dagbag.py:588} INFO - Filling up the DagBag from /home/airflow/.local/lib/python3.12/site-packages/airflow/example_dags/example_dag_decorator.py
[2025-01-25T16:35:32.490+0000] {processor.py:925} INFO - DAG(s) 'example_dag_decorator' retrieved from /home/airflow/.local/lib/python3.12/site-packages/airflow/example_dags/example_dag_decorator.py
[2025-01-25T16:35:32.595+0000] {logging_mixin.py:190} INFO - [2025-01-25T16:35:32.594+0000] {dag.py:3239} INFO - Sync 1 DAGs
[2025-01-25T16:35:32.606+0000] {logging_mixin.py:190} INFO - [2025-01-25T16:35:32.606+0000] {dag.py:4180} INFO - Setting next_dagrun for example_dag_decorator to None, run_after=None
[2025-01-25T16:35:33.022+0000] {processor.py:208} INFO - Processing /home/airflow/.local/lib/python3.12/site-packages/airflow/example_dags/example_dag_decorator.py took 0.551 seconds
[2025-01-25T16:36:03.612+0000] {processor.py:186} INFO - Started process (PID=931) to work on /home/airflow/.local/lib/python3.12/site-packages/airflow/example_dags/example_dag_decorator.py
[2025-01-25T16:36:03.613+0000] {processor.py:914} INFO - Processing file /home/airflow/.local/lib/python3.12/site-packages/airflow/example_dags/example_dag_decorator.py for tasks to queue
[2025-01-25T16:36:03.615+0000] {logging_mixin.py:190} INFO - [2025-01-25T16:36:03.615+0000] {dagbag.py:588} INFO - Filling up the DagBag from /home/airflow/.local/lib/python3.12/site-packages/airflow/example_dags/example_dag_decorator.py
[2025-01-25T16:36:03.626+0000] {processor.py:925} INFO - DAG(s) 'example_dag_decorator' retrieved from /home/airflow/.local/lib/python3.12/site-packages/airflow/example_dags/example_dag_decorator.py
[2025-01-25T16:36:03.735+0000] {logging_mixin.py:190} INFO - [2025-01-25T16:36:03.735+0000] {dag.py:3239} INFO - Sync 1 DAGs
[2025-01-25T16:36:03.747+0000] {logging_mixin.py:190} INFO - [2025-01-25T16:36:03.747+0000] {dag.py:4180} INFO - Setting next_dagrun for example_dag_decorator to None, run_after=None
[2025-01-25T16:36:03.786+0000] {processor.py:208} INFO - Processing /home/airflow/.local/lib/python3.12/site-packages/airflow/example_dags/example_dag_decorator.py took 0.181 seconds
[2025-01-25T16:36:33.926+0000] {processor.py:186} INFO - Started process (PID=994) to work on /home/airflow/.local/lib/python3.12/site-packages/airflow/example_dags/example_dag_decorator.py
[2025-01-25T16:36:33.928+0000] {processor.py:914} INFO - Processing file /home/airflow/.local/lib/python3.12/site-packages/airflow/example_dags/example_dag_decorator.py for tasks to queue
[2025-01-25T16:36:33.930+0000] {logging_mixin.py:190} INFO - [2025-01-25T16:36:33.930+0000] {dagbag.py:588} INFO - Filling up the DagBag from /home/airflow/.local/lib/python3.12/site-packages/airflow/example_dags/example_dag_decorator.py
[2025-01-25T16:36:33.943+0000] {processor.py:925} INFO - DAG(s) 'example_dag_decorator' retrieved from /home/airflow/.local/lib/python3.12/site-packages/airflow/example_dags/example_dag_decorator.py
[2025-01-25T16:36:34.068+0000] {logging_mixin.py:190} INFO - [2025-01-25T16:36:34.068+0000] {dag.py:3239} INFO - Sync 1 DAGs
[2025-01-25T16:36:34.080+0000] {logging_mixin.py:190} INFO - [2025-01-25T16:36:34.080+0000] {dag.py:4180} INFO - Setting next_dagrun for example_dag_decorator to None, run_after=None
[2025-01-25T16:36:34.104+0000] {processor.py:208} INFO - Processing /home/airflow/.local/lib/python3.12/site-packages/airflow/example_dags/example_dag_decorator.py took 0.184 seconds
[2025-01-25T16:37:04.327+0000] {processor.py:186} INFO - Started process (PID=1058) to work on /home/airflow/.local/lib/python3.12/site-packages/airflow/example_dags/example_dag_decorator.py
[2025-01-25T16:37:04.329+0000] {processor.py:914} INFO - Processing file /home/airflow/.local/lib/python3.12/site-packages/airflow/example_dags/example_dag_decorator.py for tasks to queue
[2025-01-25T16:37:04.331+0000] {logging_mixin.py:190} INFO - [2025-01-25T16:37:04.331+0000] {dagbag.py:588} INFO - Filling up the DagBag from /home/airflow/.local/lib/python3.12/site-packages/airflow/example_dags/example_dag_decorator.py
[2025-01-25T16:37:04.341+0000] {processor.py:925} INFO - DAG(s) 'example_dag_decorator' retrieved from /home/airflow/.local/lib/python3.12/site-packages/airflow/example_dags/example_dag_decorator.py
[2025-01-25T16:37:04.447+0000] {logging_mixin.py:190} INFO - [2025-01-25T16:37:04.447+0000] {dag.py:3239} INFO - Sync 1 DAGs
[2025-01-25T16:37:04.460+0000] {logging_mixin.py:190} INFO - [2025-01-25T16:37:04.460+0000] {dag.py:4180} INFO - Setting next_dagrun for example_dag_decorator to None, run_after=None
[2025-01-25T16:37:05.000+0000] {processor.py:208} INFO - Processing /home/airflow/.local/lib/python3.12/site-packages/airflow/example_dags/example_dag_decorator.py took 0.677 seconds
[2025-01-25T16:37:35.295+0000] {processor.py:186} INFO - Started process (PID=1121) to work on /home/airflow/.local/lib/python3.12/site-packages/airflow/example_dags/example_dag_decorator.py
[2025-01-25T16:37:35.296+0000] {processor.py:914} INFO - Processing file /home/airflow/.local/lib/python3.12/site-packages/airflow/example_dags/example_dag_decorator.py for tasks to queue
[2025-01-25T16:37:35.300+0000] {logging_mixin.py:190} INFO - [2025-01-25T16:37:35.299+0000] {dagbag.py:588} INFO - Filling up the DagBag from /home/airflow/.local/lib/python3.12/site-packages/airflow/example_dags/example_dag_decorator.py
[2025-01-25T16:37:35.315+0000] {processor.py:925} INFO - DAG(s) 'example_dag_decorator' retrieved from /home/airflow/.local/lib/python3.12/site-packages/airflow/example_dags/example_dag_decorator.py
[2025-01-25T16:37:35.429+0000] {logging_mixin.py:190} INFO - [2025-01-25T16:37:35.429+0000] {dag.py:3239} INFO - Sync 1 DAGs
[2025-01-25T16:37:35.440+0000] {logging_mixin.py:190} INFO - [2025-01-25T16:37:35.440+0000] {dag.py:4180} INFO - Setting next_dagrun for example_dag_decorator to None, run_after=None
[2025-01-25T16:37:35.584+0000] {processor.py:208} INFO - Processing /home/airflow/.local/lib/python3.12/site-packages/airflow/example_dags/example_dag_decorator.py took 0.295 seconds
