[2025-01-25T16:28:52.901+0000] {processor.py:186} INFO - Started process (PID=60) to work on /home/airflow/.local/lib/python3.12/site-packages/airflow/example_dags/example_sensors.py
[2025-01-25T16:28:52.902+0000] {processor.py:914} INFO - Processing file /home/airflow/.local/lib/python3.12/site-packages/airflow/example_dags/example_sensors.py for tasks to queue
[2025-01-25T16:28:52.905+0000] {logging_mixin.py:190} INFO - [2025-01-25T16:28:52.904+0000] {dagbag.py:588} INFO - Filling up the DagBag from /home/airflow/.local/lib/python3.12/site-packages/airflow/example_dags/example_sensors.py
[2025-01-25T16:28:52.917+0000] {processor.py:925} INFO - DAG(s) 'example_sensors' retrieved from /home/airflow/.local/lib/python3.12/site-packages/airflow/example_dags/example_sensors.py
[2025-01-25T16:28:53.077+0000] {logging_mixin.py:190} INFO - [2025-01-25T16:28:53.076+0000] {override.py:1911} INFO - Created Permission View: can delete on DAG:example_sensors
[2025-01-25T16:28:53.094+0000] {logging_mixin.py:190} INFO - [2025-01-25T16:28:53.093+0000] {override.py:1911} INFO - Created Permission View: can read on DAG:example_sensors
[2025-01-25T16:28:53.112+0000] {logging_mixin.py:190} INFO - [2025-01-25T16:28:53.111+0000] {override.py:1911} INFO - Created Permission View: can edit on DAG:example_sensors
[2025-01-25T16:28:53.134+0000] {logging_mixin.py:190} INFO - [2025-01-25T16:28:53.134+0000] {override.py:1911} INFO - Created Permission View: can delete on DAG Run:example_sensors
[2025-01-25T16:28:53.147+0000] {logging_mixin.py:190} INFO - [2025-01-25T16:28:53.147+0000] {override.py:1911} INFO - Created Permission View: can create on DAG Run:example_sensors
[2025-01-25T16:28:53.162+0000] {logging_mixin.py:190} INFO - [2025-01-25T16:28:53.161+0000] {override.py:1911} INFO - Created Permission View: menu access on DAG Run:example_sensors
[2025-01-25T16:28:53.177+0000] {logging_mixin.py:190} INFO - [2025-01-25T16:28:53.176+0000] {override.py:1911} INFO - Created Permission View: can read on DAG Run:example_sensors
[2025-01-25T16:28:53.179+0000] {logging_mixin.py:190} INFO - [2025-01-25T16:28:53.178+0000] {dag.py:3239} INFO - Sync 1 DAGs
[2025-01-25T16:28:53.192+0000] {logging_mixin.py:190} INFO - [2025-01-25T16:28:53.192+0000] {dag.py:3262} INFO - Creating ORM DAG for example_sensors
[2025-01-25T16:28:53.193+0000] {logging_mixin.py:190} INFO - [2025-01-25T16:28:53.193+0000] {dag.py:4180} INFO - Setting next_dagrun for example_sensors to None, run_after=None
[2025-01-25T16:28:53.221+0000] {processor.py:208} INFO - Processing /home/airflow/.local/lib/python3.12/site-packages/airflow/example_dags/example_sensors.py took 0.326 seconds
[2025-01-25T16:29:23.754+0000] {processor.py:186} INFO - Started process (PID=123) to work on /home/airflow/.local/lib/python3.12/site-packages/airflow/example_dags/example_sensors.py
[2025-01-25T16:29:23.755+0000] {processor.py:914} INFO - Processing file /home/airflow/.local/lib/python3.12/site-packages/airflow/example_dags/example_sensors.py for tasks to queue
[2025-01-25T16:29:23.757+0000] {logging_mixin.py:190} INFO - [2025-01-25T16:29:23.757+0000] {dagbag.py:588} INFO - Filling up the DagBag from /home/airflow/.local/lib/python3.12/site-packages/airflow/example_dags/example_sensors.py
[2025-01-25T16:29:23.767+0000] {processor.py:925} INFO - DAG(s) 'example_sensors' retrieved from /home/airflow/.local/lib/python3.12/site-packages/airflow/example_dags/example_sensors.py
[2025-01-25T16:29:23.797+0000] {logging_mixin.py:190} INFO - [2025-01-25T16:29:23.796+0000] {dag.py:3239} INFO - Sync 1 DAGs
[2025-01-25T16:29:23.813+0000] {logging_mixin.py:190} INFO - [2025-01-25T16:29:23.812+0000] {dag.py:4180} INFO - Setting next_dagrun for example_sensors to None, run_after=None
[2025-01-25T16:29:23.842+0000] {processor.py:208} INFO - Processing /home/airflow/.local/lib/python3.12/site-packages/airflow/example_dags/example_sensors.py took 0.094 seconds
[2025-01-25T16:29:54.857+0000] {processor.py:186} INFO - Started process (PID=186) to work on /home/airflow/.local/lib/python3.12/site-packages/airflow/example_dags/example_sensors.py
[2025-01-25T16:29:54.858+0000] {processor.py:914} INFO - Processing file /home/airflow/.local/lib/python3.12/site-packages/airflow/example_dags/example_sensors.py for tasks to queue
[2025-01-25T16:29:54.861+0000] {logging_mixin.py:190} INFO - [2025-01-25T16:29:54.860+0000] {dagbag.py:588} INFO - Filling up the DagBag from /home/airflow/.local/lib/python3.12/site-packages/airflow/example_dags/example_sensors.py
[2025-01-25T16:29:54.872+0000] {processor.py:925} INFO - DAG(s) 'example_sensors' retrieved from /home/airflow/.local/lib/python3.12/site-packages/airflow/example_dags/example_sensors.py
[2025-01-25T16:29:54.902+0000] {logging_mixin.py:190} INFO - [2025-01-25T16:29:54.902+0000] {dag.py:3239} INFO - Sync 1 DAGs
[2025-01-25T16:29:54.918+0000] {logging_mixin.py:190} INFO - [2025-01-25T16:29:54.917+0000] {dag.py:4180} INFO - Setting next_dagrun for example_sensors to None, run_after=None
[2025-01-25T16:29:54.943+0000] {processor.py:208} INFO - Processing /home/airflow/.local/lib/python3.12/site-packages/airflow/example_dags/example_sensors.py took 0.091 seconds
[2025-01-25T16:30:26.496+0000] {processor.py:186} INFO - Started process (PID=249) to work on /home/airflow/.local/lib/python3.12/site-packages/airflow/example_dags/example_sensors.py
[2025-01-25T16:30:26.497+0000] {processor.py:914} INFO - Processing file /home/airflow/.local/lib/python3.12/site-packages/airflow/example_dags/example_sensors.py for tasks to queue
[2025-01-25T16:30:26.500+0000] {logging_mixin.py:190} INFO - [2025-01-25T16:30:26.500+0000] {dagbag.py:588} INFO - Filling up the DagBag from /home/airflow/.local/lib/python3.12/site-packages/airflow/example_dags/example_sensors.py
[2025-01-25T16:30:26.512+0000] {processor.py:925} INFO - DAG(s) 'example_sensors' retrieved from /home/airflow/.local/lib/python3.12/site-packages/airflow/example_dags/example_sensors.py
[2025-01-25T16:30:26.547+0000] {logging_mixin.py:190} INFO - [2025-01-25T16:30:26.546+0000] {dag.py:3239} INFO - Sync 1 DAGs
[2025-01-25T16:30:26.580+0000] {logging_mixin.py:190} INFO - [2025-01-25T16:30:26.580+0000] {dag.py:4180} INFO - Setting next_dagrun for example_sensors to None, run_after=None
[2025-01-25T16:30:26.617+0000] {processor.py:208} INFO - Processing /home/airflow/.local/lib/python3.12/site-packages/airflow/example_dags/example_sensors.py took 0.127 seconds
[2025-01-25T16:30:58.019+0000] {processor.py:186} INFO - Started process (PID=312) to work on /home/airflow/.local/lib/python3.12/site-packages/airflow/example_dags/example_sensors.py
[2025-01-25T16:30:58.020+0000] {processor.py:914} INFO - Processing file /home/airflow/.local/lib/python3.12/site-packages/airflow/example_dags/example_sensors.py for tasks to queue
[2025-01-25T16:30:58.022+0000] {logging_mixin.py:190} INFO - [2025-01-25T16:30:58.022+0000] {dagbag.py:588} INFO - Filling up the DagBag from /home/airflow/.local/lib/python3.12/site-packages/airflow/example_dags/example_sensors.py
[2025-01-25T16:30:58.033+0000] {processor.py:925} INFO - DAG(s) 'example_sensors' retrieved from /home/airflow/.local/lib/python3.12/site-packages/airflow/example_dags/example_sensors.py
[2025-01-25T16:30:58.069+0000] {logging_mixin.py:190} INFO - [2025-01-25T16:30:58.069+0000] {dag.py:3239} INFO - Sync 1 DAGs
[2025-01-25T16:30:58.091+0000] {logging_mixin.py:190} INFO - [2025-01-25T16:30:58.091+0000] {dag.py:4180} INFO - Setting next_dagrun for example_sensors to None, run_after=None
[2025-01-25T16:30:58.135+0000] {processor.py:208} INFO - Processing /home/airflow/.local/lib/python3.12/site-packages/airflow/example_dags/example_sensors.py took 0.123 seconds
[2025-01-25T16:31:29.356+0000] {processor.py:186} INFO - Started process (PID=376) to work on /home/airflow/.local/lib/python3.12/site-packages/airflow/example_dags/example_sensors.py
[2025-01-25T16:31:29.357+0000] {processor.py:914} INFO - Processing file /home/airflow/.local/lib/python3.12/site-packages/airflow/example_dags/example_sensors.py for tasks to queue
[2025-01-25T16:31:29.360+0000] {logging_mixin.py:190} INFO - [2025-01-25T16:31:29.359+0000] {dagbag.py:588} INFO - Filling up the DagBag from /home/airflow/.local/lib/python3.12/site-packages/airflow/example_dags/example_sensors.py
[2025-01-25T16:31:29.371+0000] {processor.py:925} INFO - DAG(s) 'example_sensors' retrieved from /home/airflow/.local/lib/python3.12/site-packages/airflow/example_dags/example_sensors.py
[2025-01-25T16:31:29.400+0000] {logging_mixin.py:190} INFO - [2025-01-25T16:31:29.400+0000] {dag.py:3239} INFO - Sync 1 DAGs
[2025-01-25T16:31:29.416+0000] {logging_mixin.py:190} INFO - [2025-01-25T16:31:29.416+0000] {dag.py:4180} INFO - Setting next_dagrun for example_sensors to None, run_after=None
[2025-01-25T16:31:29.441+0000] {processor.py:208} INFO - Processing /home/airflow/.local/lib/python3.12/site-packages/airflow/example_dags/example_sensors.py took 0.090 seconds
[2025-01-25T16:32:00.886+0000] {processor.py:186} INFO - Started process (PID=439) to work on /home/airflow/.local/lib/python3.12/site-packages/airflow/example_dags/example_sensors.py
[2025-01-25T16:32:00.887+0000] {processor.py:914} INFO - Processing file /home/airflow/.local/lib/python3.12/site-packages/airflow/example_dags/example_sensors.py for tasks to queue
[2025-01-25T16:32:00.890+0000] {logging_mixin.py:190} INFO - [2025-01-25T16:32:00.889+0000] {dagbag.py:588} INFO - Filling up the DagBag from /home/airflow/.local/lib/python3.12/site-packages/airflow/example_dags/example_sensors.py
[2025-01-25T16:32:00.900+0000] {processor.py:925} INFO - DAG(s) 'example_sensors' retrieved from /home/airflow/.local/lib/python3.12/site-packages/airflow/example_dags/example_sensors.py
[2025-01-25T16:32:00.933+0000] {logging_mixin.py:190} INFO - [2025-01-25T16:32:00.932+0000] {dag.py:3239} INFO - Sync 1 DAGs
[2025-01-25T16:32:00.952+0000] {logging_mixin.py:190} INFO - [2025-01-25T16:32:00.951+0000] {dag.py:4180} INFO - Setting next_dagrun for example_sensors to None, run_after=None
[2025-01-25T16:32:01.430+0000] {processor.py:208} INFO - Processing /home/airflow/.local/lib/python3.12/site-packages/airflow/example_dags/example_sensors.py took 0.549 seconds
[2025-01-25T16:32:31.909+0000] {processor.py:186} INFO - Started process (PID=502) to work on /home/airflow/.local/lib/python3.12/site-packages/airflow/example_dags/example_sensors.py
[2025-01-25T16:32:31.910+0000] {processor.py:914} INFO - Processing file /home/airflow/.local/lib/python3.12/site-packages/airflow/example_dags/example_sensors.py for tasks to queue
[2025-01-25T16:32:31.912+0000] {logging_mixin.py:190} INFO - [2025-01-25T16:32:31.911+0000] {dagbag.py:588} INFO - Filling up the DagBag from /home/airflow/.local/lib/python3.12/site-packages/airflow/example_dags/example_sensors.py
[2025-01-25T16:32:31.920+0000] {processor.py:925} INFO - DAG(s) 'example_sensors' retrieved from /home/airflow/.local/lib/python3.12/site-packages/airflow/example_dags/example_sensors.py
[2025-01-25T16:32:31.942+0000] {logging_mixin.py:190} INFO - [2025-01-25T16:32:31.942+0000] {dag.py:3239} INFO - Sync 1 DAGs
[2025-01-25T16:32:31.955+0000] {logging_mixin.py:190} INFO - [2025-01-25T16:32:31.955+0000] {dag.py:4180} INFO - Setting next_dagrun for example_sensors to None, run_after=None
[2025-01-25T16:32:32.438+0000] {processor.py:208} INFO - Processing /home/airflow/.local/lib/python3.12/site-packages/airflow/example_dags/example_sensors.py took 0.534 seconds
[2025-01-25T16:33:02.809+0000] {processor.py:186} INFO - Started process (PID=565) to work on /home/airflow/.local/lib/python3.12/site-packages/airflow/example_dags/example_sensors.py
[2025-01-25T16:33:02.810+0000] {processor.py:914} INFO - Processing file /home/airflow/.local/lib/python3.12/site-packages/airflow/example_dags/example_sensors.py for tasks to queue
[2025-01-25T16:33:02.812+0000] {logging_mixin.py:190} INFO - [2025-01-25T16:33:02.812+0000] {dagbag.py:588} INFO - Filling up the DagBag from /home/airflow/.local/lib/python3.12/site-packages/airflow/example_dags/example_sensors.py
[2025-01-25T16:33:02.821+0000] {processor.py:925} INFO - DAG(s) 'example_sensors' retrieved from /home/airflow/.local/lib/python3.12/site-packages/airflow/example_dags/example_sensors.py
[2025-01-25T16:33:02.843+0000] {logging_mixin.py:190} INFO - [2025-01-25T16:33:02.843+0000] {dag.py:3239} INFO - Sync 1 DAGs
[2025-01-25T16:33:02.855+0000] {logging_mixin.py:190} INFO - [2025-01-25T16:33:02.855+0000] {dag.py:4180} INFO - Setting next_dagrun for example_sensors to None, run_after=None
[2025-01-25T16:33:03.331+0000] {processor.py:208} INFO - Processing /home/airflow/.local/lib/python3.12/site-packages/airflow/example_dags/example_sensors.py took 0.527 seconds
[2025-01-25T16:33:33.481+0000] {processor.py:186} INFO - Started process (PID=628) to work on /home/airflow/.local/lib/python3.12/site-packages/airflow/example_dags/example_sensors.py
[2025-01-25T16:33:33.482+0000] {processor.py:914} INFO - Processing file /home/airflow/.local/lib/python3.12/site-packages/airflow/example_dags/example_sensors.py for tasks to queue
[2025-01-25T16:33:33.484+0000] {logging_mixin.py:190} INFO - [2025-01-25T16:33:33.484+0000] {dagbag.py:588} INFO - Filling up the DagBag from /home/airflow/.local/lib/python3.12/site-packages/airflow/example_dags/example_sensors.py
[2025-01-25T16:33:33.494+0000] {processor.py:925} INFO - DAG(s) 'example_sensors' retrieved from /home/airflow/.local/lib/python3.12/site-packages/airflow/example_dags/example_sensors.py
[2025-01-25T16:33:33.517+0000] {logging_mixin.py:190} INFO - [2025-01-25T16:33:33.517+0000] {dag.py:3239} INFO - Sync 1 DAGs
[2025-01-25T16:33:33.529+0000] {logging_mixin.py:190} INFO - [2025-01-25T16:33:33.529+0000] {dag.py:4180} INFO - Setting next_dagrun for example_sensors to None, run_after=None
[2025-01-25T16:33:33.551+0000] {processor.py:208} INFO - Processing /home/airflow/.local/lib/python3.12/site-packages/airflow/example_dags/example_sensors.py took 0.074 seconds
[2025-01-25T16:34:04.828+0000] {processor.py:186} INFO - Started process (PID=691) to work on /home/airflow/.local/lib/python3.12/site-packages/airflow/example_dags/example_sensors.py
[2025-01-25T16:34:04.828+0000] {processor.py:914} INFO - Processing file /home/airflow/.local/lib/python3.12/site-packages/airflow/example_dags/example_sensors.py for tasks to queue
[2025-01-25T16:34:04.830+0000] {logging_mixin.py:190} INFO - [2025-01-25T16:34:04.830+0000] {dagbag.py:588} INFO - Filling up the DagBag from /home/airflow/.local/lib/python3.12/site-packages/airflow/example_dags/example_sensors.py
[2025-01-25T16:34:04.839+0000] {processor.py:925} INFO - DAG(s) 'example_sensors' retrieved from /home/airflow/.local/lib/python3.12/site-packages/airflow/example_dags/example_sensors.py
[2025-01-25T16:34:04.861+0000] {logging_mixin.py:190} INFO - [2025-01-25T16:34:04.861+0000] {dag.py:3239} INFO - Sync 1 DAGs
[2025-01-25T16:34:04.873+0000] {logging_mixin.py:190} INFO - [2025-01-25T16:34:04.873+0000] {dag.py:4180} INFO - Setting next_dagrun for example_sensors to None, run_after=None
[2025-01-25T16:34:04.989+0000] {processor.py:208} INFO - Processing /home/airflow/.local/lib/python3.12/site-packages/airflow/example_dags/example_sensors.py took 0.166 seconds
[2025-01-25T16:34:35.303+0000] {processor.py:186} INFO - Started process (PID=754) to work on /home/airflow/.local/lib/python3.12/site-packages/airflow/example_dags/example_sensors.py
[2025-01-25T16:34:35.304+0000] {processor.py:914} INFO - Processing file /home/airflow/.local/lib/python3.12/site-packages/airflow/example_dags/example_sensors.py for tasks to queue
[2025-01-25T16:34:35.306+0000] {logging_mixin.py:190} INFO - [2025-01-25T16:34:35.306+0000] {dagbag.py:588} INFO - Filling up the DagBag from /home/airflow/.local/lib/python3.12/site-packages/airflow/example_dags/example_sensors.py
[2025-01-25T16:34:35.315+0000] {processor.py:925} INFO - DAG(s) 'example_sensors' retrieved from /home/airflow/.local/lib/python3.12/site-packages/airflow/example_dags/example_sensors.py
[2025-01-25T16:34:35.337+0000] {logging_mixin.py:190} INFO - [2025-01-25T16:34:35.337+0000] {dag.py:3239} INFO - Sync 1 DAGs
[2025-01-25T16:34:35.349+0000] {logging_mixin.py:190} INFO - [2025-01-25T16:34:35.349+0000] {dag.py:4180} INFO - Setting next_dagrun for example_sensors to None, run_after=None
[2025-01-25T16:34:35.820+0000] {processor.py:208} INFO - Processing /home/airflow/.local/lib/python3.12/site-packages/airflow/example_dags/example_sensors.py took 0.521 seconds
[2025-01-25T16:35:06.373+0000] {processor.py:186} INFO - Started process (PID=817) to work on /home/airflow/.local/lib/python3.12/site-packages/airflow/example_dags/example_sensors.py
[2025-01-25T16:35:06.374+0000] {processor.py:914} INFO - Processing file /home/airflow/.local/lib/python3.12/site-packages/airflow/example_dags/example_sensors.py for tasks to queue
[2025-01-25T16:35:06.376+0000] {logging_mixin.py:190} INFO - [2025-01-25T16:35:06.376+0000] {dagbag.py:588} INFO - Filling up the DagBag from /home/airflow/.local/lib/python3.12/site-packages/airflow/example_dags/example_sensors.py
[2025-01-25T16:35:06.386+0000] {processor.py:925} INFO - DAG(s) 'example_sensors' retrieved from /home/airflow/.local/lib/python3.12/site-packages/airflow/example_dags/example_sensors.py
[2025-01-25T16:35:06.410+0000] {logging_mixin.py:190} INFO - [2025-01-25T16:35:06.409+0000] {dag.py:3239} INFO - Sync 1 DAGs
[2025-01-25T16:35:06.423+0000] {logging_mixin.py:190} INFO - [2025-01-25T16:35:06.423+0000] {dag.py:4180} INFO - Setting next_dagrun for example_sensors to None, run_after=None
[2025-01-25T16:35:06.916+0000] {processor.py:208} INFO - Processing /home/airflow/.local/lib/python3.12/site-packages/airflow/example_dags/example_sensors.py took 0.548 seconds
[2025-01-25T16:35:36.973+0000] {processor.py:186} INFO - Started process (PID=880) to work on /home/airflow/.local/lib/python3.12/site-packages/airflow/example_dags/example_sensors.py
[2025-01-25T16:35:36.974+0000] {processor.py:914} INFO - Processing file /home/airflow/.local/lib/python3.12/site-packages/airflow/example_dags/example_sensors.py for tasks to queue
[2025-01-25T16:35:36.976+0000] {logging_mixin.py:190} INFO - [2025-01-25T16:35:36.976+0000] {dagbag.py:588} INFO - Filling up the DagBag from /home/airflow/.local/lib/python3.12/site-packages/airflow/example_dags/example_sensors.py
[2025-01-25T16:35:36.986+0000] {processor.py:925} INFO - DAG(s) 'example_sensors' retrieved from /home/airflow/.local/lib/python3.12/site-packages/airflow/example_dags/example_sensors.py
[2025-01-25T16:35:37.018+0000] {logging_mixin.py:190} INFO - [2025-01-25T16:35:37.018+0000] {dag.py:3239} INFO - Sync 1 DAGs
[2025-01-25T16:35:37.030+0000] {logging_mixin.py:190} INFO - [2025-01-25T16:35:37.030+0000] {dag.py:4180} INFO - Setting next_dagrun for example_sensors to None, run_after=None
[2025-01-25T16:35:37.055+0000] {processor.py:208} INFO - Processing /home/airflow/.local/lib/python3.12/site-packages/airflow/example_dags/example_sensors.py took 0.087 seconds
[2025-01-25T16:36:09.555+0000] {processor.py:186} INFO - Started process (PID=943) to work on /home/airflow/.local/lib/python3.12/site-packages/airflow/example_dags/example_sensors.py
[2025-01-25T16:36:09.556+0000] {processor.py:914} INFO - Processing file /home/airflow/.local/lib/python3.12/site-packages/airflow/example_dags/example_sensors.py for tasks to queue
[2025-01-25T16:36:09.558+0000] {logging_mixin.py:190} INFO - [2025-01-25T16:36:09.558+0000] {dagbag.py:588} INFO - Filling up the DagBag from /home/airflow/.local/lib/python3.12/site-packages/airflow/example_dags/example_sensors.py
[2025-01-25T16:36:09.567+0000] {processor.py:925} INFO - DAG(s) 'example_sensors' retrieved from /home/airflow/.local/lib/python3.12/site-packages/airflow/example_dags/example_sensors.py
[2025-01-25T16:36:09.591+0000] {logging_mixin.py:190} INFO - [2025-01-25T16:36:09.590+0000] {dag.py:3239} INFO - Sync 1 DAGs
[2025-01-25T16:36:09.604+0000] {logging_mixin.py:190} INFO - [2025-01-25T16:36:09.604+0000] {dag.py:4180} INFO - Setting next_dagrun for example_sensors to None, run_after=None
[2025-01-25T16:36:09.759+0000] {processor.py:208} INFO - Processing /home/airflow/.local/lib/python3.12/site-packages/airflow/example_dags/example_sensors.py took 0.209 seconds
[2025-01-25T16:36:40.461+0000] {processor.py:186} INFO - Started process (PID=1006) to work on /home/airflow/.local/lib/python3.12/site-packages/airflow/example_dags/example_sensors.py
[2025-01-25T16:36:40.462+0000] {processor.py:914} INFO - Processing file /home/airflow/.local/lib/python3.12/site-packages/airflow/example_dags/example_sensors.py for tasks to queue
[2025-01-25T16:36:40.464+0000] {logging_mixin.py:190} INFO - [2025-01-25T16:36:40.464+0000] {dagbag.py:588} INFO - Filling up the DagBag from /home/airflow/.local/lib/python3.12/site-packages/airflow/example_dags/example_sensors.py
[2025-01-25T16:36:40.473+0000] {processor.py:925} INFO - DAG(s) 'example_sensors' retrieved from /home/airflow/.local/lib/python3.12/site-packages/airflow/example_dags/example_sensors.py
[2025-01-25T16:36:40.605+0000] {logging_mixin.py:190} INFO - [2025-01-25T16:36:40.605+0000] {dag.py:3239} INFO - Sync 1 DAGs
[2025-01-25T16:36:40.618+0000] {logging_mixin.py:190} INFO - [2025-01-25T16:36:40.618+0000] {dag.py:4180} INFO - Setting next_dagrun for example_sensors to None, run_after=None
[2025-01-25T16:36:40.772+0000] {processor.py:208} INFO - Processing /home/airflow/.local/lib/python3.12/site-packages/airflow/example_dags/example_sensors.py took 0.317 seconds
[2025-01-25T16:37:11.165+0000] {processor.py:186} INFO - Started process (PID=1069) to work on /home/airflow/.local/lib/python3.12/site-packages/airflow/example_dags/example_sensors.py
[2025-01-25T16:37:11.167+0000] {processor.py:914} INFO - Processing file /home/airflow/.local/lib/python3.12/site-packages/airflow/example_dags/example_sensors.py for tasks to queue
[2025-01-25T16:37:11.169+0000] {logging_mixin.py:190} INFO - [2025-01-25T16:37:11.169+0000] {dagbag.py:588} INFO - Filling up the DagBag from /home/airflow/.local/lib/python3.12/site-packages/airflow/example_dags/example_sensors.py
[2025-01-25T16:37:11.178+0000] {processor.py:925} INFO - DAG(s) 'example_sensors' retrieved from /home/airflow/.local/lib/python3.12/site-packages/airflow/example_dags/example_sensors.py
[2025-01-25T16:37:11.200+0000] {logging_mixin.py:190} INFO - [2025-01-25T16:37:11.200+0000] {dag.py:3239} INFO - Sync 1 DAGs
[2025-01-25T16:37:11.212+0000] {logging_mixin.py:190} INFO - [2025-01-25T16:37:11.212+0000] {dag.py:4180} INFO - Setting next_dagrun for example_sensors to None, run_after=None
[2025-01-25T16:37:11.339+0000] {processor.py:208} INFO - Processing /home/airflow/.local/lib/python3.12/site-packages/airflow/example_dags/example_sensors.py took 0.178 seconds
[2025-01-25T16:37:42.792+0000] {processor.py:186} INFO - Started process (PID=1132) to work on /home/airflow/.local/lib/python3.12/site-packages/airflow/example_dags/example_sensors.py
[2025-01-25T16:37:42.793+0000] {processor.py:914} INFO - Processing file /home/airflow/.local/lib/python3.12/site-packages/airflow/example_dags/example_sensors.py for tasks to queue
[2025-01-25T16:37:42.796+0000] {logging_mixin.py:190} INFO - [2025-01-25T16:37:42.795+0000] {dagbag.py:588} INFO - Filling up the DagBag from /home/airflow/.local/lib/python3.12/site-packages/airflow/example_dags/example_sensors.py
[2025-01-25T16:37:42.805+0000] {processor.py:925} INFO - DAG(s) 'example_sensors' retrieved from /home/airflow/.local/lib/python3.12/site-packages/airflow/example_dags/example_sensors.py
[2025-01-25T16:37:42.828+0000] {logging_mixin.py:190} INFO - [2025-01-25T16:37:42.828+0000] {dag.py:3239} INFO - Sync 1 DAGs
[2025-01-25T16:37:42.841+0000] {logging_mixin.py:190} INFO - [2025-01-25T16:37:42.841+0000] {dag.py:4180} INFO - Setting next_dagrun for example_sensors to None, run_after=None
[2025-01-25T16:37:42.866+0000] {processor.py:208} INFO - Processing /home/airflow/.local/lib/python3.12/site-packages/airflow/example_dags/example_sensors.py took 0.079 seconds
