[2025-01-25T16:28:59.927+0000] {processor.py:186} INFO - Started process (PID=86) to work on /home/airflow/.local/lib/python3.12/site-packages/airflow/example_dags/example_branch_labels.py
[2025-01-25T16:28:59.929+0000] {processor.py:914} INFO - Processing file /home/airflow/.local/lib/python3.12/site-packages/airflow/example_dags/example_branch_labels.py for tasks to queue
[2025-01-25T16:28:59.932+0000] {logging_mixin.py:190} INFO - [2025-01-25T16:28:59.931+0000] {dagbag.py:588} INFO - Filling up the DagBag from /home/airflow/.local/lib/python3.12/site-packages/airflow/example_dags/example_branch_labels.py
[2025-01-25T16:28:59.943+0000] {processor.py:925} INFO - DAG(s) 'example_branch_labels' retrieved from /home/airflow/.local/lib/python3.12/site-packages/airflow/example_dags/example_branch_labels.py
[2025-01-25T16:29:00.065+0000] {logging_mixin.py:190} INFO - [2025-01-25T16:29:00.064+0000] {override.py:1911} INFO - Created Permission View: can delete on DAG:example_branch_labels
[2025-01-25T16:29:00.085+0000] {logging_mixin.py:190} INFO - [2025-01-25T16:29:00.084+0000] {override.py:1911} INFO - Created Permission View: can read on DAG:example_branch_labels
[2025-01-25T16:29:00.098+0000] {logging_mixin.py:190} INFO - [2025-01-25T16:29:00.098+0000] {override.py:1911} INFO - Created Permission View: can edit on DAG:example_branch_labels
[2025-01-25T16:29:00.116+0000] {logging_mixin.py:190} INFO - [2025-01-25T16:29:00.116+0000] {override.py:1911} INFO - Created Permission View: can delete on DAG Run:example_branch_labels
[2025-01-25T16:29:00.131+0000] {logging_mixin.py:190} INFO - [2025-01-25T16:29:00.131+0000] {override.py:1911} INFO - Created Permission View: can create on DAG Run:example_branch_labels
[2025-01-25T16:29:00.142+0000] {logging_mixin.py:190} INFO - [2025-01-25T16:29:00.142+0000] {override.py:1911} INFO - Created Permission View: menu access on DAG Run:example_branch_labels
[2025-01-25T16:29:00.154+0000] {logging_mixin.py:190} INFO - [2025-01-25T16:29:00.153+0000] {override.py:1911} INFO - Created Permission View: can read on DAG Run:example_branch_labels
[2025-01-25T16:29:00.155+0000] {logging_mixin.py:190} INFO - [2025-01-25T16:29:00.155+0000] {dag.py:3239} INFO - Sync 1 DAGs
[2025-01-25T16:29:00.175+0000] {logging_mixin.py:190} INFO - [2025-01-25T16:29:00.174+0000] {dag.py:3262} INFO - Creating ORM DAG for example_branch_labels
[2025-01-25T16:29:00.185+0000] {logging_mixin.py:190} INFO - [2025-01-25T16:29:00.185+0000] {dag.py:4180} INFO - Setting next_dagrun for example_branch_labels to 2025-01-24 00:00:00+00:00, run_after=2025-01-25 00:00:00+00:00
[2025-01-25T16:29:00.207+0000] {processor.py:208} INFO - Processing /home/airflow/.local/lib/python3.12/site-packages/airflow/example_dags/example_branch_labels.py took 0.285 seconds
[2025-01-25T16:29:31.072+0000] {processor.py:186} INFO - Started process (PID=149) to work on /home/airflow/.local/lib/python3.12/site-packages/airflow/example_dags/example_branch_labels.py
[2025-01-25T16:29:31.073+0000] {processor.py:914} INFO - Processing file /home/airflow/.local/lib/python3.12/site-packages/airflow/example_dags/example_branch_labels.py for tasks to queue
[2025-01-25T16:29:31.076+0000] {logging_mixin.py:190} INFO - [2025-01-25T16:29:31.075+0000] {dagbag.py:588} INFO - Filling up the DagBag from /home/airflow/.local/lib/python3.12/site-packages/airflow/example_dags/example_branch_labels.py
[2025-01-25T16:29:31.084+0000] {processor.py:925} INFO - DAG(s) 'example_branch_labels' retrieved from /home/airflow/.local/lib/python3.12/site-packages/airflow/example_dags/example_branch_labels.py
[2025-01-25T16:29:31.104+0000] {logging_mixin.py:190} INFO - [2025-01-25T16:29:31.104+0000] {dag.py:3239} INFO - Sync 1 DAGs
[2025-01-25T16:29:31.131+0000] {logging_mixin.py:190} INFO - [2025-01-25T16:29:31.131+0000] {dag.py:4180} INFO - Setting next_dagrun for example_branch_labels to 2025-01-24 00:00:00+00:00, run_after=2025-01-25 00:00:00+00:00
[2025-01-25T16:29:31.638+0000] {processor.py:208} INFO - Processing /home/airflow/.local/lib/python3.12/site-packages/airflow/example_dags/example_branch_labels.py took 0.570 seconds
[2025-01-25T16:30:02.468+0000] {processor.py:186} INFO - Started process (PID=212) to work on /home/airflow/.local/lib/python3.12/site-packages/airflow/example_dags/example_branch_labels.py
[2025-01-25T16:30:02.469+0000] {processor.py:914} INFO - Processing file /home/airflow/.local/lib/python3.12/site-packages/airflow/example_dags/example_branch_labels.py for tasks to queue
[2025-01-25T16:30:02.472+0000] {logging_mixin.py:190} INFO - [2025-01-25T16:30:02.471+0000] {dagbag.py:588} INFO - Filling up the DagBag from /home/airflow/.local/lib/python3.12/site-packages/airflow/example_dags/example_branch_labels.py
[2025-01-25T16:30:02.482+0000] {processor.py:925} INFO - DAG(s) 'example_branch_labels' retrieved from /home/airflow/.local/lib/python3.12/site-packages/airflow/example_dags/example_branch_labels.py
[2025-01-25T16:30:02.508+0000] {logging_mixin.py:190} INFO - [2025-01-25T16:30:02.508+0000] {dag.py:3239} INFO - Sync 1 DAGs
[2025-01-25T16:30:02.540+0000] {logging_mixin.py:190} INFO - [2025-01-25T16:30:02.540+0000] {dag.py:4180} INFO - Setting next_dagrun for example_branch_labels to 2025-01-24 00:00:00+00:00, run_after=2025-01-25 00:00:00+00:00
[2025-01-25T16:30:03.059+0000] {processor.py:208} INFO - Processing /home/airflow/.local/lib/python3.12/site-packages/airflow/example_dags/example_branch_labels.py took 0.598 seconds
[2025-01-25T16:30:40.310+0000] {processor.py:186} INFO - Started process (PID=275) to work on /home/airflow/.local/lib/python3.12/site-packages/airflow/example_dags/example_branch_labels.py
[2025-01-25T16:30:40.311+0000] {processor.py:914} INFO - Processing file /home/airflow/.local/lib/python3.12/site-packages/airflow/example_dags/example_branch_labels.py for tasks to queue
[2025-01-25T16:30:40.313+0000] {logging_mixin.py:190} INFO - [2025-01-25T16:30:40.313+0000] {dagbag.py:588} INFO - Filling up the DagBag from /home/airflow/.local/lib/python3.12/site-packages/airflow/example_dags/example_branch_labels.py
[2025-01-25T16:30:40.321+0000] {processor.py:925} INFO - DAG(s) 'example_branch_labels' retrieved from /home/airflow/.local/lib/python3.12/site-packages/airflow/example_dags/example_branch_labels.py
[2025-01-25T16:30:40.339+0000] {logging_mixin.py:190} INFO - [2025-01-25T16:30:40.339+0000] {dag.py:3239} INFO - Sync 1 DAGs
[2025-01-25T16:30:40.360+0000] {logging_mixin.py:190} INFO - [2025-01-25T16:30:40.359+0000] {dag.py:4180} INFO - Setting next_dagrun for example_branch_labels to 2025-01-24 00:00:00+00:00, run_after=2025-01-25 00:00:00+00:00
[2025-01-25T16:30:42.012+0000] {processor.py:208} INFO - Processing /home/airflow/.local/lib/python3.12/site-packages/airflow/example_dags/example_branch_labels.py took 1.707 seconds
[2025-01-25T16:31:12.410+0000] {processor.py:186} INFO - Started process (PID=338) to work on /home/airflow/.local/lib/python3.12/site-packages/airflow/example_dags/example_branch_labels.py
[2025-01-25T16:31:12.411+0000] {processor.py:914} INFO - Processing file /home/airflow/.local/lib/python3.12/site-packages/airflow/example_dags/example_branch_labels.py for tasks to queue
[2025-01-25T16:31:12.414+0000] {logging_mixin.py:190} INFO - [2025-01-25T16:31:12.413+0000] {dagbag.py:588} INFO - Filling up the DagBag from /home/airflow/.local/lib/python3.12/site-packages/airflow/example_dags/example_branch_labels.py
[2025-01-25T16:31:12.424+0000] {processor.py:925} INFO - DAG(s) 'example_branch_labels' retrieved from /home/airflow/.local/lib/python3.12/site-packages/airflow/example_dags/example_branch_labels.py
[2025-01-25T16:31:12.449+0000] {logging_mixin.py:190} INFO - [2025-01-25T16:31:12.448+0000] {dag.py:3239} INFO - Sync 1 DAGs
[2025-01-25T16:31:12.483+0000] {logging_mixin.py:190} INFO - [2025-01-25T16:31:12.483+0000] {dag.py:4180} INFO - Setting next_dagrun for example_branch_labels to 2025-01-24 00:00:00+00:00, run_after=2025-01-25 00:00:00+00:00
[2025-01-25T16:31:12.512+0000] {processor.py:208} INFO - Processing /home/airflow/.local/lib/python3.12/site-packages/airflow/example_dags/example_branch_labels.py took 0.109 seconds
[2025-01-25T16:31:42.828+0000] {processor.py:186} INFO - Started process (PID=402) to work on /home/airflow/.local/lib/python3.12/site-packages/airflow/example_dags/example_branch_labels.py
[2025-01-25T16:31:42.829+0000] {processor.py:914} INFO - Processing file /home/airflow/.local/lib/python3.12/site-packages/airflow/example_dags/example_branch_labels.py for tasks to queue
[2025-01-25T16:31:42.831+0000] {logging_mixin.py:190} INFO - [2025-01-25T16:31:42.831+0000] {dagbag.py:588} INFO - Filling up the DagBag from /home/airflow/.local/lib/python3.12/site-packages/airflow/example_dags/example_branch_labels.py
[2025-01-25T16:31:42.839+0000] {processor.py:925} INFO - DAG(s) 'example_branch_labels' retrieved from /home/airflow/.local/lib/python3.12/site-packages/airflow/example_dags/example_branch_labels.py
[2025-01-25T16:31:42.859+0000] {logging_mixin.py:190} INFO - [2025-01-25T16:31:42.859+0000] {dag.py:3239} INFO - Sync 1 DAGs
[2025-01-25T16:31:42.882+0000] {logging_mixin.py:190} INFO - [2025-01-25T16:31:42.882+0000] {dag.py:4180} INFO - Setting next_dagrun for example_branch_labels to 2025-01-24 00:00:00+00:00, run_after=2025-01-25 00:00:00+00:00
[2025-01-25T16:31:43.326+0000] {processor.py:208} INFO - Processing /home/airflow/.local/lib/python3.12/site-packages/airflow/example_dags/example_branch_labels.py took 0.502 seconds
[2025-01-25T16:32:13.467+0000] {processor.py:186} INFO - Started process (PID=464) to work on /home/airflow/.local/lib/python3.12/site-packages/airflow/example_dags/example_branch_labels.py
[2025-01-25T16:32:13.468+0000] {processor.py:914} INFO - Processing file /home/airflow/.local/lib/python3.12/site-packages/airflow/example_dags/example_branch_labels.py for tasks to queue
[2025-01-25T16:32:13.470+0000] {logging_mixin.py:190} INFO - [2025-01-25T16:32:13.470+0000] {dagbag.py:588} INFO - Filling up the DagBag from /home/airflow/.local/lib/python3.12/site-packages/airflow/example_dags/example_branch_labels.py
[2025-01-25T16:32:13.478+0000] {processor.py:925} INFO - DAG(s) 'example_branch_labels' retrieved from /home/airflow/.local/lib/python3.12/site-packages/airflow/example_dags/example_branch_labels.py
[2025-01-25T16:32:13.496+0000] {logging_mixin.py:190} INFO - [2025-01-25T16:32:13.496+0000] {dag.py:3239} INFO - Sync 1 DAGs
[2025-01-25T16:32:13.518+0000] {logging_mixin.py:190} INFO - [2025-01-25T16:32:13.518+0000] {dag.py:4180} INFO - Setting next_dagrun for example_branch_labels to 2025-01-24 00:00:00+00:00, run_after=2025-01-25 00:00:00+00:00
[2025-01-25T16:32:13.952+0000] {processor.py:208} INFO - Processing /home/airflow/.local/lib/python3.12/site-packages/airflow/example_dags/example_branch_labels.py took 0.489 seconds
[2025-01-25T16:32:44.171+0000] {processor.py:186} INFO - Started process (PID=527) to work on /home/airflow/.local/lib/python3.12/site-packages/airflow/example_dags/example_branch_labels.py
[2025-01-25T16:32:44.172+0000] {processor.py:914} INFO - Processing file /home/airflow/.local/lib/python3.12/site-packages/airflow/example_dags/example_branch_labels.py for tasks to queue
[2025-01-25T16:32:44.174+0000] {logging_mixin.py:190} INFO - [2025-01-25T16:32:44.174+0000] {dagbag.py:588} INFO - Filling up the DagBag from /home/airflow/.local/lib/python3.12/site-packages/airflow/example_dags/example_branch_labels.py
[2025-01-25T16:32:44.182+0000] {processor.py:925} INFO - DAG(s) 'example_branch_labels' retrieved from /home/airflow/.local/lib/python3.12/site-packages/airflow/example_dags/example_branch_labels.py
[2025-01-25T16:32:44.201+0000] {logging_mixin.py:190} INFO - [2025-01-25T16:32:44.200+0000] {dag.py:3239} INFO - Sync 1 DAGs
[2025-01-25T16:32:44.221+0000] {logging_mixin.py:190} INFO - [2025-01-25T16:32:44.221+0000] {dag.py:4180} INFO - Setting next_dagrun for example_branch_labels to 2025-01-24 00:00:00+00:00, run_after=2025-01-25 00:00:00+00:00
[2025-01-25T16:32:44.437+0000] {processor.py:208} INFO - Processing /home/airflow/.local/lib/python3.12/site-packages/airflow/example_dags/example_branch_labels.py took 0.271 seconds
[2025-01-25T16:33:14.779+0000] {processor.py:186} INFO - Started process (PID=590) to work on /home/airflow/.local/lib/python3.12/site-packages/airflow/example_dags/example_branch_labels.py
[2025-01-25T16:33:14.781+0000] {processor.py:914} INFO - Processing file /home/airflow/.local/lib/python3.12/site-packages/airflow/example_dags/example_branch_labels.py for tasks to queue
[2025-01-25T16:33:14.783+0000] {logging_mixin.py:190} INFO - [2025-01-25T16:33:14.782+0000] {dagbag.py:588} INFO - Filling up the DagBag from /home/airflow/.local/lib/python3.12/site-packages/airflow/example_dags/example_branch_labels.py
[2025-01-25T16:33:14.791+0000] {processor.py:925} INFO - DAG(s) 'example_branch_labels' retrieved from /home/airflow/.local/lib/python3.12/site-packages/airflow/example_dags/example_branch_labels.py
[2025-01-25T16:33:14.810+0000] {logging_mixin.py:190} INFO - [2025-01-25T16:33:14.810+0000] {dag.py:3239} INFO - Sync 1 DAGs
[2025-01-25T16:33:14.831+0000] {logging_mixin.py:190} INFO - [2025-01-25T16:33:14.831+0000] {dag.py:4180} INFO - Setting next_dagrun for example_branch_labels to 2025-01-24 00:00:00+00:00, run_after=2025-01-25 00:00:00+00:00
[2025-01-25T16:33:15.338+0000] {processor.py:208} INFO - Processing /home/airflow/.local/lib/python3.12/site-packages/airflow/example_dags/example_branch_labels.py took 0.564 seconds
[2025-01-25T16:33:46.242+0000] {processor.py:186} INFO - Started process (PID=654) to work on /home/airflow/.local/lib/python3.12/site-packages/airflow/example_dags/example_branch_labels.py
[2025-01-25T16:33:46.243+0000] {processor.py:914} INFO - Processing file /home/airflow/.local/lib/python3.12/site-packages/airflow/example_dags/example_branch_labels.py for tasks to queue
[2025-01-25T16:33:46.245+0000] {logging_mixin.py:190} INFO - [2025-01-25T16:33:46.245+0000] {dagbag.py:588} INFO - Filling up the DagBag from /home/airflow/.local/lib/python3.12/site-packages/airflow/example_dags/example_branch_labels.py
[2025-01-25T16:33:46.253+0000] {processor.py:925} INFO - DAG(s) 'example_branch_labels' retrieved from /home/airflow/.local/lib/python3.12/site-packages/airflow/example_dags/example_branch_labels.py
[2025-01-25T16:33:46.272+0000] {logging_mixin.py:190} INFO - [2025-01-25T16:33:46.272+0000] {dag.py:3239} INFO - Sync 1 DAGs
[2025-01-25T16:33:46.294+0000] {logging_mixin.py:190} INFO - [2025-01-25T16:33:46.294+0000] {dag.py:4180} INFO - Setting next_dagrun for example_branch_labels to 2025-01-24 00:00:00+00:00, run_after=2025-01-25 00:00:00+00:00
[2025-01-25T16:33:46.387+0000] {processor.py:208} INFO - Processing /home/airflow/.local/lib/python3.12/site-packages/airflow/example_dags/example_branch_labels.py took 0.150 seconds
[2025-01-25T16:34:16.531+0000] {processor.py:186} INFO - Started process (PID=716) to work on /home/airflow/.local/lib/python3.12/site-packages/airflow/example_dags/example_branch_labels.py
[2025-01-25T16:34:16.532+0000] {processor.py:914} INFO - Processing file /home/airflow/.local/lib/python3.12/site-packages/airflow/example_dags/example_branch_labels.py for tasks to queue
[2025-01-25T16:34:16.534+0000] {logging_mixin.py:190} INFO - [2025-01-25T16:34:16.534+0000] {dagbag.py:588} INFO - Filling up the DagBag from /home/airflow/.local/lib/python3.12/site-packages/airflow/example_dags/example_branch_labels.py
[2025-01-25T16:34:16.543+0000] {processor.py:925} INFO - DAG(s) 'example_branch_labels' retrieved from /home/airflow/.local/lib/python3.12/site-packages/airflow/example_dags/example_branch_labels.py
[2025-01-25T16:34:16.564+0000] {logging_mixin.py:190} INFO - [2025-01-25T16:34:16.563+0000] {dag.py:3239} INFO - Sync 1 DAGs
[2025-01-25T16:34:16.592+0000] {logging_mixin.py:190} INFO - [2025-01-25T16:34:16.591+0000] {dag.py:4180} INFO - Setting next_dagrun for example_branch_labels to 2025-01-24 00:00:00+00:00, run_after=2025-01-25 00:00:00+00:00
[2025-01-25T16:34:16.617+0000] {processor.py:208} INFO - Processing /home/airflow/.local/lib/python3.12/site-packages/airflow/example_dags/example_branch_labels.py took 0.091 seconds
[2025-01-25T16:34:46.723+0000] {processor.py:186} INFO - Started process (PID=779) to work on /home/airflow/.local/lib/python3.12/site-packages/airflow/example_dags/example_branch_labels.py
[2025-01-25T16:34:46.725+0000] {processor.py:914} INFO - Processing file /home/airflow/.local/lib/python3.12/site-packages/airflow/example_dags/example_branch_labels.py for tasks to queue
[2025-01-25T16:34:46.729+0000] {logging_mixin.py:190} INFO - [2025-01-25T16:34:46.728+0000] {dagbag.py:588} INFO - Filling up the DagBag from /home/airflow/.local/lib/python3.12/site-packages/airflow/example_dags/example_branch_labels.py
[2025-01-25T16:34:46.739+0000] {processor.py:925} INFO - DAG(s) 'example_branch_labels' retrieved from /home/airflow/.local/lib/python3.12/site-packages/airflow/example_dags/example_branch_labels.py
[2025-01-25T16:34:46.759+0000] {logging_mixin.py:190} INFO - [2025-01-25T16:34:46.758+0000] {dag.py:3239} INFO - Sync 1 DAGs
[2025-01-25T16:34:46.787+0000] {logging_mixin.py:190} INFO - [2025-01-25T16:34:46.787+0000] {dag.py:4180} INFO - Setting next_dagrun for example_branch_labels to 2025-01-24 00:00:00+00:00, run_after=2025-01-25 00:00:00+00:00
[2025-01-25T16:34:47.285+0000] {processor.py:208} INFO - Processing /home/airflow/.local/lib/python3.12/site-packages/airflow/example_dags/example_branch_labels.py took 0.571 seconds
[2025-01-25T16:35:17.711+0000] {processor.py:186} INFO - Started process (PID=842) to work on /home/airflow/.local/lib/python3.12/site-packages/airflow/example_dags/example_branch_labels.py
[2025-01-25T16:35:17.712+0000] {processor.py:914} INFO - Processing file /home/airflow/.local/lib/python3.12/site-packages/airflow/example_dags/example_branch_labels.py for tasks to queue
[2025-01-25T16:35:17.714+0000] {logging_mixin.py:190} INFO - [2025-01-25T16:35:17.714+0000] {dagbag.py:588} INFO - Filling up the DagBag from /home/airflow/.local/lib/python3.12/site-packages/airflow/example_dags/example_branch_labels.py
[2025-01-25T16:35:17.724+0000] {processor.py:925} INFO - DAG(s) 'example_branch_labels' retrieved from /home/airflow/.local/lib/python3.12/site-packages/airflow/example_dags/example_branch_labels.py
[2025-01-25T16:35:17.745+0000] {logging_mixin.py:190} INFO - [2025-01-25T16:35:17.745+0000] {dag.py:3239} INFO - Sync 1 DAGs
[2025-01-25T16:35:17.768+0000] {logging_mixin.py:190} INFO - [2025-01-25T16:35:17.767+0000] {dag.py:4180} INFO - Setting next_dagrun for example_branch_labels to 2025-01-24 00:00:00+00:00, run_after=2025-01-25 00:00:00+00:00
[2025-01-25T16:35:17.918+0000] {processor.py:208} INFO - Processing /home/airflow/.local/lib/python3.12/site-packages/airflow/example_dags/example_branch_labels.py took 0.212 seconds
[2025-01-25T16:35:48.183+0000] {processor.py:186} INFO - Started process (PID=905) to work on /home/airflow/.local/lib/python3.12/site-packages/airflow/example_dags/example_branch_labels.py
[2025-01-25T16:35:48.184+0000] {processor.py:914} INFO - Processing file /home/airflow/.local/lib/python3.12/site-packages/airflow/example_dags/example_branch_labels.py for tasks to queue
[2025-01-25T16:35:48.186+0000] {logging_mixin.py:190} INFO - [2025-01-25T16:35:48.186+0000] {dagbag.py:588} INFO - Filling up the DagBag from /home/airflow/.local/lib/python3.12/site-packages/airflow/example_dags/example_branch_labels.py
[2025-01-25T16:35:48.194+0000] {processor.py:925} INFO - DAG(s) 'example_branch_labels' retrieved from /home/airflow/.local/lib/python3.12/site-packages/airflow/example_dags/example_branch_labels.py
[2025-01-25T16:35:48.212+0000] {logging_mixin.py:190} INFO - [2025-01-25T16:35:48.212+0000] {dag.py:3239} INFO - Sync 1 DAGs
[2025-01-25T16:35:48.235+0000] {logging_mixin.py:190} INFO - [2025-01-25T16:35:48.235+0000] {dag.py:4180} INFO - Setting next_dagrun for example_branch_labels to 2025-01-24 00:00:00+00:00, run_after=2025-01-25 00:00:00+00:00
[2025-01-25T16:35:48.413+0000] {processor.py:208} INFO - Processing /home/airflow/.local/lib/python3.12/site-packages/airflow/example_dags/example_branch_labels.py took 0.235 seconds
[2025-01-25T16:36:19.207+0000] {processor.py:186} INFO - Started process (PID=968) to work on /home/airflow/.local/lib/python3.12/site-packages/airflow/example_dags/example_branch_labels.py
[2025-01-25T16:36:19.208+0000] {processor.py:914} INFO - Processing file /home/airflow/.local/lib/python3.12/site-packages/airflow/example_dags/example_branch_labels.py for tasks to queue
[2025-01-25T16:36:19.211+0000] {logging_mixin.py:190} INFO - [2025-01-25T16:36:19.210+0000] {dagbag.py:588} INFO - Filling up the DagBag from /home/airflow/.local/lib/python3.12/site-packages/airflow/example_dags/example_branch_labels.py
[2025-01-25T16:36:19.219+0000] {processor.py:925} INFO - DAG(s) 'example_branch_labels' retrieved from /home/airflow/.local/lib/python3.12/site-packages/airflow/example_dags/example_branch_labels.py
[2025-01-25T16:36:19.239+0000] {logging_mixin.py:190} INFO - [2025-01-25T16:36:19.239+0000] {dag.py:3239} INFO - Sync 1 DAGs
[2025-01-25T16:36:19.261+0000] {logging_mixin.py:190} INFO - [2025-01-25T16:36:19.261+0000] {dag.py:4180} INFO - Setting next_dagrun for example_branch_labels to 2025-01-24 00:00:00+00:00, run_after=2025-01-25 00:00:00+00:00
[2025-01-25T16:36:19.749+0000] {processor.py:208} INFO - Processing /home/airflow/.local/lib/python3.12/site-packages/airflow/example_dags/example_branch_labels.py took 0.547 seconds
[2025-01-25T16:36:49.837+0000] {processor.py:186} INFO - Started process (PID=1031) to work on /home/airflow/.local/lib/python3.12/site-packages/airflow/example_dags/example_branch_labels.py
[2025-01-25T16:36:49.838+0000] {processor.py:914} INFO - Processing file /home/airflow/.local/lib/python3.12/site-packages/airflow/example_dags/example_branch_labels.py for tasks to queue
[2025-01-25T16:36:49.841+0000] {logging_mixin.py:190} INFO - [2025-01-25T16:36:49.841+0000] {dagbag.py:588} INFO - Filling up the DagBag from /home/airflow/.local/lib/python3.12/site-packages/airflow/example_dags/example_branch_labels.py
[2025-01-25T16:36:49.850+0000] {processor.py:925} INFO - DAG(s) 'example_branch_labels' retrieved from /home/airflow/.local/lib/python3.12/site-packages/airflow/example_dags/example_branch_labels.py
[2025-01-25T16:36:49.870+0000] {logging_mixin.py:190} INFO - [2025-01-25T16:36:49.870+0000] {dag.py:3239} INFO - Sync 1 DAGs
[2025-01-25T16:36:49.893+0000] {logging_mixin.py:190} INFO - [2025-01-25T16:36:49.893+0000] {dag.py:4180} INFO - Setting next_dagrun for example_branch_labels to 2025-01-24 00:00:00+00:00, run_after=2025-01-25 00:00:00+00:00
[2025-01-25T16:36:50.001+0000] {processor.py:208} INFO - Processing /home/airflow/.local/lib/python3.12/site-packages/airflow/example_dags/example_branch_labels.py took 0.169 seconds
[2025-01-25T16:37:21.096+0000] {processor.py:186} INFO - Started process (PID=1094) to work on /home/airflow/.local/lib/python3.12/site-packages/airflow/example_dags/example_branch_labels.py
[2025-01-25T16:37:21.097+0000] {processor.py:914} INFO - Processing file /home/airflow/.local/lib/python3.12/site-packages/airflow/example_dags/example_branch_labels.py for tasks to queue
[2025-01-25T16:37:21.099+0000] {logging_mixin.py:190} INFO - [2025-01-25T16:37:21.099+0000] {dagbag.py:588} INFO - Filling up the DagBag from /home/airflow/.local/lib/python3.12/site-packages/airflow/example_dags/example_branch_labels.py
[2025-01-25T16:37:21.107+0000] {processor.py:925} INFO - DAG(s) 'example_branch_labels' retrieved from /home/airflow/.local/lib/python3.12/site-packages/airflow/example_dags/example_branch_labels.py
[2025-01-25T16:37:21.127+0000] {logging_mixin.py:190} INFO - [2025-01-25T16:37:21.127+0000] {dag.py:3239} INFO - Sync 1 DAGs
[2025-01-25T16:37:21.150+0000] {logging_mixin.py:190} INFO - [2025-01-25T16:37:21.150+0000] {dag.py:4180} INFO - Setting next_dagrun for example_branch_labels to 2025-01-24 00:00:00+00:00, run_after=2025-01-25 00:00:00+00:00
[2025-01-25T16:37:21.173+0000] {processor.py:208} INFO - Processing /home/airflow/.local/lib/python3.12/site-packages/airflow/example_dags/example_branch_labels.py took 0.083 seconds
