[2025-01-25T16:28:50.772+0000] {processor.py:186} INFO - Started process (PID=54) to work on /home/airflow/.local/lib/python3.12/site-packages/airflow/example_dags/example_inlet_event_extra.py
[2025-01-25T16:28:50.773+0000] {processor.py:914} INFO - Processing file /home/airflow/.local/lib/python3.12/site-packages/airflow/example_dags/example_inlet_event_extra.py for tasks to queue
[2025-01-25T16:28:50.775+0000] {logging_mixin.py:190} INFO - [2025-01-25T16:28:50.775+0000] {dagbag.py:588} INFO - Filling up the DagBag from /home/airflow/.local/lib/python3.12/site-packages/airflow/example_dags/example_inlet_event_extra.py
[2025-01-25T16:28:51.523+0000] {processor.py:925} INFO - DAG(s) 'read_dataset_event', 'read_dataset_event_from_classic' retrieved from /home/airflow/.local/lib/python3.12/site-packages/airflow/example_dags/example_inlet_event_extra.py
[2025-01-25T16:28:51.654+0000] {logging_mixin.py:190} INFO - [2025-01-25T16:28:51.654+0000] {override.py:1911} INFO - Created Permission View: can delete on DAG:read_dataset_event
[2025-01-25T16:28:51.670+0000] {logging_mixin.py:190} INFO - [2025-01-25T16:28:51.670+0000] {override.py:1911} INFO - Created Permission View: can read on DAG:read_dataset_event
[2025-01-25T16:28:51.684+0000] {logging_mixin.py:190} INFO - [2025-01-25T16:28:51.683+0000] {override.py:1911} INFO - Created Permission View: can edit on DAG:read_dataset_event
[2025-01-25T16:28:51.703+0000] {logging_mixin.py:190} INFO - [2025-01-25T16:28:51.703+0000] {override.py:1911} INFO - Created Permission View: can delete on DAG Run:read_dataset_event
[2025-01-25T16:28:51.717+0000] {logging_mixin.py:190} INFO - [2025-01-25T16:28:51.717+0000] {override.py:1911} INFO - Created Permission View: can create on DAG Run:read_dataset_event
[2025-01-25T16:28:51.730+0000] {logging_mixin.py:190} INFO - [2025-01-25T16:28:51.730+0000] {override.py:1911} INFO - Created Permission View: menu access on DAG Run:read_dataset_event
[2025-01-25T16:28:51.743+0000] {logging_mixin.py:190} INFO - [2025-01-25T16:28:51.742+0000] {override.py:1911} INFO - Created Permission View: can read on DAG Run:read_dataset_event
[2025-01-25T16:28:51.764+0000] {logging_mixin.py:190} INFO - [2025-01-25T16:28:51.764+0000] {override.py:1911} INFO - Created Permission View: can delete on DAG:read_dataset_event_from_classic
[2025-01-25T16:28:51.779+0000] {logging_mixin.py:190} INFO - [2025-01-25T16:28:51.778+0000] {override.py:1911} INFO - Created Permission View: can read on DAG:read_dataset_event_from_classic
[2025-01-25T16:28:51.790+0000] {logging_mixin.py:190} INFO - [2025-01-25T16:28:51.789+0000] {override.py:1911} INFO - Created Permission View: can edit on DAG:read_dataset_event_from_classic
[2025-01-25T16:28:51.810+0000] {logging_mixin.py:190} INFO - [2025-01-25T16:28:51.809+0000] {override.py:1911} INFO - Created Permission View: can delete on DAG Run:read_dataset_event_from_classic
[2025-01-25T16:28:51.826+0000] {logging_mixin.py:190} INFO - [2025-01-25T16:28:51.826+0000] {override.py:1911} INFO - Created Permission View: can create on DAG Run:read_dataset_event_from_classic
[2025-01-25T16:28:51.841+0000] {logging_mixin.py:190} INFO - [2025-01-25T16:28:51.841+0000] {override.py:1911} INFO - Created Permission View: menu access on DAG Run:read_dataset_event_from_classic
[2025-01-25T16:28:51.853+0000] {logging_mixin.py:190} INFO - [2025-01-25T16:28:51.852+0000] {override.py:1911} INFO - Created Permission View: can read on DAG Run:read_dataset_event_from_classic
[2025-01-25T16:28:51.854+0000] {logging_mixin.py:190} INFO - [2025-01-25T16:28:51.854+0000] {dag.py:3239} INFO - Sync 2 DAGs
[2025-01-25T16:28:51.868+0000] {logging_mixin.py:190} INFO - [2025-01-25T16:28:51.868+0000] {dag.py:3262} INFO - Creating ORM DAG for read_dataset_event_from_classic
[2025-01-25T16:28:51.869+0000] {logging_mixin.py:190} INFO - [2025-01-25T16:28:51.869+0000] {dag.py:3262} INFO - Creating ORM DAG for read_dataset_event
[2025-01-25T16:28:51.880+0000] {logging_mixin.py:190} INFO - [2025-01-25T16:28:51.880+0000] {dag.py:4180} INFO - Setting next_dagrun for read_dataset_event to 2025-01-24 00:00:00+00:00, run_after=2025-01-25 00:00:00+00:00
[2025-01-25T16:28:51.883+0000] {logging_mixin.py:190} INFO - [2025-01-25T16:28:51.883+0000] {dag.py:4180} INFO - Setting next_dagrun for read_dataset_event_from_classic to 2025-01-24 00:00:00+00:00, run_after=2025-01-25 00:00:00+00:00
[2025-01-25T16:28:51.908+0000] {processor.py:208} INFO - Processing /home/airflow/.local/lib/python3.12/site-packages/airflow/example_dags/example_inlet_event_extra.py took 1.142 seconds
[2025-01-25T16:29:22.479+0000] {processor.py:186} INFO - Started process (PID=117) to work on /home/airflow/.local/lib/python3.12/site-packages/airflow/example_dags/example_inlet_event_extra.py
[2025-01-25T16:29:22.480+0000] {processor.py:914} INFO - Processing file /home/airflow/.local/lib/python3.12/site-packages/airflow/example_dags/example_inlet_event_extra.py for tasks to queue
[2025-01-25T16:29:22.482+0000] {logging_mixin.py:190} INFO - [2025-01-25T16:29:22.482+0000] {dagbag.py:588} INFO - Filling up the DagBag from /home/airflow/.local/lib/python3.12/site-packages/airflow/example_dags/example_inlet_event_extra.py
[2025-01-25T16:29:23.178+0000] {processor.py:925} INFO - DAG(s) 'read_dataset_event', 'read_dataset_event_from_classic' retrieved from /home/airflow/.local/lib/python3.12/site-packages/airflow/example_dags/example_inlet_event_extra.py
[2025-01-25T16:29:23.203+0000] {logging_mixin.py:190} INFO - [2025-01-25T16:29:23.203+0000] {dag.py:3239} INFO - Sync 2 DAGs
[2025-01-25T16:29:23.226+0000] {logging_mixin.py:190} INFO - [2025-01-25T16:29:23.225+0000] {dag.py:4180} INFO - Setting next_dagrun for read_dataset_event to 2025-01-24 00:00:00+00:00, run_after=2025-01-25 00:00:00+00:00
[2025-01-25T16:29:23.231+0000] {logging_mixin.py:190} INFO - [2025-01-25T16:29:23.231+0000] {dag.py:4180} INFO - Setting next_dagrun for read_dataset_event_from_classic to 2025-01-24 00:00:00+00:00, run_after=2025-01-25 00:00:00+00:00
[2025-01-25T16:29:23.292+0000] {processor.py:208} INFO - Processing /home/airflow/.local/lib/python3.12/site-packages/airflow/example_dags/example_inlet_event_extra.py took 0.818 seconds
[2025-01-25T16:29:53.730+0000] {processor.py:186} INFO - Started process (PID=180) to work on /home/airflow/.local/lib/python3.12/site-packages/airflow/example_dags/example_inlet_event_extra.py
[2025-01-25T16:29:53.731+0000] {processor.py:914} INFO - Processing file /home/airflow/.local/lib/python3.12/site-packages/airflow/example_dags/example_inlet_event_extra.py for tasks to queue
[2025-01-25T16:29:53.734+0000] {logging_mixin.py:190} INFO - [2025-01-25T16:29:53.733+0000] {dagbag.py:588} INFO - Filling up the DagBag from /home/airflow/.local/lib/python3.12/site-packages/airflow/example_dags/example_inlet_event_extra.py
[2025-01-25T16:29:54.323+0000] {processor.py:925} INFO - DAG(s) 'read_dataset_event', 'read_dataset_event_from_classic' retrieved from /home/airflow/.local/lib/python3.12/site-packages/airflow/example_dags/example_inlet_event_extra.py
[2025-01-25T16:29:54.345+0000] {logging_mixin.py:190} INFO - [2025-01-25T16:29:54.345+0000] {dag.py:3239} INFO - Sync 2 DAGs
[2025-01-25T16:29:54.379+0000] {logging_mixin.py:190} INFO - [2025-01-25T16:29:54.379+0000] {dag.py:4180} INFO - Setting next_dagrun for read_dataset_event to 2025-01-24 00:00:00+00:00, run_after=2025-01-25 00:00:00+00:00
[2025-01-25T16:29:54.385+0000] {logging_mixin.py:190} INFO - [2025-01-25T16:29:54.385+0000] {dag.py:4180} INFO - Setting next_dagrun for read_dataset_event_from_classic to 2025-01-24 00:00:00+00:00, run_after=2025-01-25 00:00:00+00:00
[2025-01-25T16:29:54.409+0000] {processor.py:208} INFO - Processing /home/airflow/.local/lib/python3.12/site-packages/airflow/example_dags/example_inlet_event_extra.py took 0.684 seconds
[2025-01-25T16:30:25.313+0000] {processor.py:186} INFO - Started process (PID=243) to work on /home/airflow/.local/lib/python3.12/site-packages/airflow/example_dags/example_inlet_event_extra.py
[2025-01-25T16:30:25.314+0000] {processor.py:914} INFO - Processing file /home/airflow/.local/lib/python3.12/site-packages/airflow/example_dags/example_inlet_event_extra.py for tasks to queue
[2025-01-25T16:30:25.316+0000] {logging_mixin.py:190} INFO - [2025-01-25T16:30:25.316+0000] {dagbag.py:588} INFO - Filling up the DagBag from /home/airflow/.local/lib/python3.12/site-packages/airflow/example_dags/example_inlet_event_extra.py
[2025-01-25T16:30:26.010+0000] {processor.py:925} INFO - DAG(s) 'read_dataset_event', 'read_dataset_event_from_classic' retrieved from /home/airflow/.local/lib/python3.12/site-packages/airflow/example_dags/example_inlet_event_extra.py
[2025-01-25T16:30:26.035+0000] {logging_mixin.py:190} INFO - [2025-01-25T16:30:26.034+0000] {dag.py:3239} INFO - Sync 2 DAGs
[2025-01-25T16:30:26.061+0000] {logging_mixin.py:190} INFO - [2025-01-25T16:30:26.060+0000] {dag.py:4180} INFO - Setting next_dagrun for read_dataset_event to 2025-01-24 00:00:00+00:00, run_after=2025-01-25 00:00:00+00:00
[2025-01-25T16:30:26.066+0000] {logging_mixin.py:190} INFO - [2025-01-25T16:30:26.065+0000] {dag.py:4180} INFO - Setting next_dagrun for read_dataset_event_from_classic to 2025-01-24 00:00:00+00:00, run_after=2025-01-25 00:00:00+00:00
[2025-01-25T16:30:26.097+0000] {processor.py:208} INFO - Processing /home/airflow/.local/lib/python3.12/site-packages/airflow/example_dags/example_inlet_event_extra.py took 0.789 seconds
[2025-01-25T16:30:56.984+0000] {processor.py:186} INFO - Started process (PID=306) to work on /home/airflow/.local/lib/python3.12/site-packages/airflow/example_dags/example_inlet_event_extra.py
[2025-01-25T16:30:56.985+0000] {processor.py:914} INFO - Processing file /home/airflow/.local/lib/python3.12/site-packages/airflow/example_dags/example_inlet_event_extra.py for tasks to queue
[2025-01-25T16:30:56.988+0000] {logging_mixin.py:190} INFO - [2025-01-25T16:30:56.988+0000] {dagbag.py:588} INFO - Filling up the DagBag from /home/airflow/.local/lib/python3.12/site-packages/airflow/example_dags/example_inlet_event_extra.py
[2025-01-25T16:30:57.598+0000] {processor.py:925} INFO - DAG(s) 'read_dataset_event_from_classic', 'read_dataset_event' retrieved from /home/airflow/.local/lib/python3.12/site-packages/airflow/example_dags/example_inlet_event_extra.py
[2025-01-25T16:30:57.620+0000] {logging_mixin.py:190} INFO - [2025-01-25T16:30:57.620+0000] {dag.py:3239} INFO - Sync 2 DAGs
[2025-01-25T16:30:57.647+0000] {logging_mixin.py:190} INFO - [2025-01-25T16:30:57.647+0000] {dag.py:4180} INFO - Setting next_dagrun for read_dataset_event to 2025-01-24 00:00:00+00:00, run_after=2025-01-25 00:00:00+00:00
[2025-01-25T16:30:57.653+0000] {logging_mixin.py:190} INFO - [2025-01-25T16:30:57.653+0000] {dag.py:4180} INFO - Setting next_dagrun for read_dataset_event_from_classic to 2025-01-24 00:00:00+00:00, run_after=2025-01-25 00:00:00+00:00
[2025-01-25T16:30:57.680+0000] {processor.py:208} INFO - Processing /home/airflow/.local/lib/python3.12/site-packages/airflow/example_dags/example_inlet_event_extra.py took 0.701 seconds
[2025-01-25T16:31:27.790+0000] {processor.py:186} INFO - Started process (PID=370) to work on /home/airflow/.local/lib/python3.12/site-packages/airflow/example_dags/example_inlet_event_extra.py
[2025-01-25T16:31:27.792+0000] {processor.py:914} INFO - Processing file /home/airflow/.local/lib/python3.12/site-packages/airflow/example_dags/example_inlet_event_extra.py for tasks to queue
[2025-01-25T16:31:27.795+0000] {logging_mixin.py:190} INFO - [2025-01-25T16:31:27.795+0000] {dagbag.py:588} INFO - Filling up the DagBag from /home/airflow/.local/lib/python3.12/site-packages/airflow/example_dags/example_inlet_event_extra.py
[2025-01-25T16:31:28.579+0000] {processor.py:925} INFO - DAG(s) 'read_dataset_event_from_classic', 'read_dataset_event' retrieved from /home/airflow/.local/lib/python3.12/site-packages/airflow/example_dags/example_inlet_event_extra.py
[2025-01-25T16:31:28.600+0000] {logging_mixin.py:190} INFO - [2025-01-25T16:31:28.600+0000] {dag.py:3239} INFO - Sync 2 DAGs
[2025-01-25T16:31:28.625+0000] {logging_mixin.py:190} INFO - [2025-01-25T16:31:28.624+0000] {dag.py:4180} INFO - Setting next_dagrun for read_dataset_event to 2025-01-24 00:00:00+00:00, run_after=2025-01-25 00:00:00+00:00
[2025-01-25T16:31:28.630+0000] {logging_mixin.py:190} INFO - [2025-01-25T16:31:28.630+0000] {dag.py:4180} INFO - Setting next_dagrun for read_dataset_event_from_classic to 2025-01-24 00:00:00+00:00, run_after=2025-01-25 00:00:00+00:00
[2025-01-25T16:31:28.654+0000] {processor.py:208} INFO - Processing /home/airflow/.local/lib/python3.12/site-packages/airflow/example_dags/example_inlet_event_extra.py took 0.871 seconds
[2025-01-25T16:31:58.770+0000] {processor.py:186} INFO - Started process (PID=432) to work on /home/airflow/.local/lib/python3.12/site-packages/airflow/example_dags/example_inlet_event_extra.py
[2025-01-25T16:31:58.772+0000] {processor.py:914} INFO - Processing file /home/airflow/.local/lib/python3.12/site-packages/airflow/example_dags/example_inlet_event_extra.py for tasks to queue
[2025-01-25T16:31:58.774+0000] {logging_mixin.py:190} INFO - [2025-01-25T16:31:58.773+0000] {dagbag.py:588} INFO - Filling up the DagBag from /home/airflow/.local/lib/python3.12/site-packages/airflow/example_dags/example_inlet_event_extra.py
[2025-01-25T16:31:59.267+0000] {processor.py:925} INFO - DAG(s) 'read_dataset_event_from_classic', 'read_dataset_event' retrieved from /home/airflow/.local/lib/python3.12/site-packages/airflow/example_dags/example_inlet_event_extra.py
[2025-01-25T16:31:59.287+0000] {logging_mixin.py:190} INFO - [2025-01-25T16:31:59.287+0000] {dag.py:3239} INFO - Sync 2 DAGs
[2025-01-25T16:31:59.310+0000] {logging_mixin.py:190} INFO - [2025-01-25T16:31:59.310+0000] {dag.py:4180} INFO - Setting next_dagrun for read_dataset_event to 2025-01-24 00:00:00+00:00, run_after=2025-01-25 00:00:00+00:00
[2025-01-25T16:31:59.315+0000] {logging_mixin.py:190} INFO - [2025-01-25T16:31:59.315+0000] {dag.py:4180} INFO - Setting next_dagrun for read_dataset_event_from_classic to 2025-01-24 00:00:00+00:00, run_after=2025-01-25 00:00:00+00:00
[2025-01-25T16:31:59.470+0000] {processor.py:208} INFO - Processing /home/airflow/.local/lib/python3.12/site-packages/airflow/example_dags/example_inlet_event_extra.py took 0.706 seconds
[2025-01-25T16:32:29.618+0000] {processor.py:186} INFO - Started process (PID=495) to work on /home/airflow/.local/lib/python3.12/site-packages/airflow/example_dags/example_inlet_event_extra.py
[2025-01-25T16:32:29.619+0000] {processor.py:914} INFO - Processing file /home/airflow/.local/lib/python3.12/site-packages/airflow/example_dags/example_inlet_event_extra.py for tasks to queue
[2025-01-25T16:32:29.622+0000] {logging_mixin.py:190} INFO - [2025-01-25T16:32:29.621+0000] {dagbag.py:588} INFO - Filling up the DagBag from /home/airflow/.local/lib/python3.12/site-packages/airflow/example_dags/example_inlet_event_extra.py
[2025-01-25T16:32:30.181+0000] {processor.py:925} INFO - DAG(s) 'read_dataset_event_from_classic', 'read_dataset_event' retrieved from /home/airflow/.local/lib/python3.12/site-packages/airflow/example_dags/example_inlet_event_extra.py
[2025-01-25T16:32:30.199+0000] {logging_mixin.py:190} INFO - [2025-01-25T16:32:30.199+0000] {dag.py:3239} INFO - Sync 2 DAGs
[2025-01-25T16:32:30.220+0000] {logging_mixin.py:190} INFO - [2025-01-25T16:32:30.220+0000] {dag.py:4180} INFO - Setting next_dagrun for read_dataset_event to 2025-01-24 00:00:00+00:00, run_after=2025-01-25 00:00:00+00:00
[2025-01-25T16:32:30.225+0000] {logging_mixin.py:190} INFO - [2025-01-25T16:32:30.224+0000] {dag.py:4180} INFO - Setting next_dagrun for read_dataset_event_from_classic to 2025-01-24 00:00:00+00:00, run_after=2025-01-25 00:00:00+00:00
[2025-01-25T16:32:30.689+0000] {processor.py:208} INFO - Processing /home/airflow/.local/lib/python3.12/site-packages/airflow/example_dags/example_inlet_event_extra.py took 1.076 seconds
[2025-01-25T16:33:00.766+0000] {processor.py:186} INFO - Started process (PID=559) to work on /home/airflow/.local/lib/python3.12/site-packages/airflow/example_dags/example_inlet_event_extra.py
[2025-01-25T16:33:00.767+0000] {processor.py:914} INFO - Processing file /home/airflow/.local/lib/python3.12/site-packages/airflow/example_dags/example_inlet_event_extra.py for tasks to queue
[2025-01-25T16:33:00.770+0000] {logging_mixin.py:190} INFO - [2025-01-25T16:33:00.770+0000] {dagbag.py:588} INFO - Filling up the DagBag from /home/airflow/.local/lib/python3.12/site-packages/airflow/example_dags/example_inlet_event_extra.py
[2025-01-25T16:33:01.266+0000] {processor.py:925} INFO - DAG(s) 'read_dataset_event', 'read_dataset_event_from_classic' retrieved from /home/airflow/.local/lib/python3.12/site-packages/airflow/example_dags/example_inlet_event_extra.py
[2025-01-25T16:33:01.285+0000] {logging_mixin.py:190} INFO - [2025-01-25T16:33:01.284+0000] {dag.py:3239} INFO - Sync 2 DAGs
[2025-01-25T16:33:01.305+0000] {logging_mixin.py:190} INFO - [2025-01-25T16:33:01.305+0000] {dag.py:4180} INFO - Setting next_dagrun for read_dataset_event to 2025-01-24 00:00:00+00:00, run_after=2025-01-25 00:00:00+00:00
[2025-01-25T16:33:01.311+0000] {logging_mixin.py:190} INFO - [2025-01-25T16:33:01.311+0000] {dag.py:4180} INFO - Setting next_dagrun for read_dataset_event_from_classic to 2025-01-24 00:00:00+00:00, run_after=2025-01-25 00:00:00+00:00
[2025-01-25T16:33:01.527+0000] {processor.py:208} INFO - Processing /home/airflow/.local/lib/python3.12/site-packages/airflow/example_dags/example_inlet_event_extra.py took 0.766 seconds
[2025-01-25T16:33:32.245+0000] {processor.py:186} INFO - Started process (PID=623) to work on /home/airflow/.local/lib/python3.12/site-packages/airflow/example_dags/example_inlet_event_extra.py
[2025-01-25T16:33:32.246+0000] {processor.py:914} INFO - Processing file /home/airflow/.local/lib/python3.12/site-packages/airflow/example_dags/example_inlet_event_extra.py for tasks to queue
[2025-01-25T16:33:32.248+0000] {logging_mixin.py:190} INFO - [2025-01-25T16:33:32.248+0000] {dagbag.py:588} INFO - Filling up the DagBag from /home/airflow/.local/lib/python3.12/site-packages/airflow/example_dags/example_inlet_event_extra.py
[2025-01-25T16:33:32.762+0000] {processor.py:925} INFO - DAG(s) 'read_dataset_event', 'read_dataset_event_from_classic' retrieved from /home/airflow/.local/lib/python3.12/site-packages/airflow/example_dags/example_inlet_event_extra.py
[2025-01-25T16:33:32.782+0000] {logging_mixin.py:190} INFO - [2025-01-25T16:33:32.782+0000] {dag.py:3239} INFO - Sync 2 DAGs
[2025-01-25T16:33:32.804+0000] {logging_mixin.py:190} INFO - [2025-01-25T16:33:32.804+0000] {dag.py:4180} INFO - Setting next_dagrun for read_dataset_event to 2025-01-24 00:00:00+00:00, run_after=2025-01-25 00:00:00+00:00
[2025-01-25T16:33:32.809+0000] {logging_mixin.py:190} INFO - [2025-01-25T16:33:32.809+0000] {dag.py:4180} INFO - Setting next_dagrun for read_dataset_event_from_classic to 2025-01-24 00:00:00+00:00, run_after=2025-01-25 00:00:00+00:00
[2025-01-25T16:33:33.038+0000] {processor.py:208} INFO - Processing /home/airflow/.local/lib/python3.12/site-packages/airflow/example_dags/example_inlet_event_extra.py took 0.799 seconds
[2025-01-25T16:34:03.165+0000] {processor.py:186} INFO - Started process (PID=686) to work on /home/airflow/.local/lib/python3.12/site-packages/airflow/example_dags/example_inlet_event_extra.py
[2025-01-25T16:34:03.166+0000] {processor.py:914} INFO - Processing file /home/airflow/.local/lib/python3.12/site-packages/airflow/example_dags/example_inlet_event_extra.py for tasks to queue
[2025-01-25T16:34:03.168+0000] {logging_mixin.py:190} INFO - [2025-01-25T16:34:03.168+0000] {dagbag.py:588} INFO - Filling up the DagBag from /home/airflow/.local/lib/python3.12/site-packages/airflow/example_dags/example_inlet_event_extra.py
[2025-01-25T16:34:03.689+0000] {processor.py:925} INFO - DAG(s) 'read_dataset_event', 'read_dataset_event_from_classic' retrieved from /home/airflow/.local/lib/python3.12/site-packages/airflow/example_dags/example_inlet_event_extra.py
[2025-01-25T16:34:03.708+0000] {logging_mixin.py:190} INFO - [2025-01-25T16:34:03.707+0000] {dag.py:3239} INFO - Sync 2 DAGs
[2025-01-25T16:34:03.731+0000] {logging_mixin.py:190} INFO - [2025-01-25T16:34:03.731+0000] {dag.py:4180} INFO - Setting next_dagrun for read_dataset_event to 2025-01-24 00:00:00+00:00, run_after=2025-01-25 00:00:00+00:00
[2025-01-25T16:34:03.736+0000] {logging_mixin.py:190} INFO - [2025-01-25T16:34:03.736+0000] {dag.py:4180} INFO - Setting next_dagrun for read_dataset_event_from_classic to 2025-01-24 00:00:00+00:00, run_after=2025-01-25 00:00:00+00:00
[2025-01-25T16:34:03.835+0000] {processor.py:208} INFO - Processing /home/airflow/.local/lib/python3.12/site-packages/airflow/example_dags/example_inlet_event_extra.py took 0.675 seconds
[2025-01-25T16:34:34.025+0000] {processor.py:186} INFO - Started process (PID=749) to work on /home/airflow/.local/lib/python3.12/site-packages/airflow/example_dags/example_inlet_event_extra.py
[2025-01-25T16:34:34.026+0000] {processor.py:914} INFO - Processing file /home/airflow/.local/lib/python3.12/site-packages/airflow/example_dags/example_inlet_event_extra.py for tasks to queue
[2025-01-25T16:34:34.028+0000] {logging_mixin.py:190} INFO - [2025-01-25T16:34:34.028+0000] {dagbag.py:588} INFO - Filling up the DagBag from /home/airflow/.local/lib/python3.12/site-packages/airflow/example_dags/example_inlet_event_extra.py
[2025-01-25T16:34:34.540+0000] {processor.py:925} INFO - DAG(s) 'read_dataset_event_from_classic', 'read_dataset_event' retrieved from /home/airflow/.local/lib/python3.12/site-packages/airflow/example_dags/example_inlet_event_extra.py
[2025-01-25T16:34:34.559+0000] {logging_mixin.py:190} INFO - [2025-01-25T16:34:34.558+0000] {dag.py:3239} INFO - Sync 2 DAGs
[2025-01-25T16:34:34.582+0000] {logging_mixin.py:190} INFO - [2025-01-25T16:34:34.582+0000] {dag.py:4180} INFO - Setting next_dagrun for read_dataset_event to 2025-01-24 00:00:00+00:00, run_after=2025-01-25 00:00:00+00:00
[2025-01-25T16:34:34.587+0000] {logging_mixin.py:190} INFO - [2025-01-25T16:34:34.587+0000] {dag.py:4180} INFO - Setting next_dagrun for read_dataset_event_from_classic to 2025-01-24 00:00:00+00:00, run_after=2025-01-25 00:00:00+00:00
[2025-01-25T16:34:34.700+0000] {processor.py:208} INFO - Processing /home/airflow/.local/lib/python3.12/site-packages/airflow/example_dags/example_inlet_event_extra.py took 0.679 seconds
[2025-01-25T16:35:04.751+0000] {processor.py:186} INFO - Started process (PID=811) to work on /home/airflow/.local/lib/python3.12/site-packages/airflow/example_dags/example_inlet_event_extra.py
[2025-01-25T16:35:04.752+0000] {processor.py:914} INFO - Processing file /home/airflow/.local/lib/python3.12/site-packages/airflow/example_dags/example_inlet_event_extra.py for tasks to queue
[2025-01-25T16:35:04.754+0000] {logging_mixin.py:190} INFO - [2025-01-25T16:35:04.754+0000] {dagbag.py:588} INFO - Filling up the DagBag from /home/airflow/.local/lib/python3.12/site-packages/airflow/example_dags/example_inlet_event_extra.py
[2025-01-25T16:35:05.238+0000] {processor.py:925} INFO - DAG(s) 'read_dataset_event', 'read_dataset_event_from_classic' retrieved from /home/airflow/.local/lib/python3.12/site-packages/airflow/example_dags/example_inlet_event_extra.py
[2025-01-25T16:35:05.257+0000] {logging_mixin.py:190} INFO - [2025-01-25T16:35:05.257+0000] {dag.py:3239} INFO - Sync 2 DAGs
[2025-01-25T16:35:05.285+0000] {logging_mixin.py:190} INFO - [2025-01-25T16:35:05.285+0000] {dag.py:4180} INFO - Setting next_dagrun for read_dataset_event to 2025-01-24 00:00:00+00:00, run_after=2025-01-25 00:00:00+00:00
[2025-01-25T16:35:05.290+0000] {logging_mixin.py:190} INFO - [2025-01-25T16:35:05.289+0000] {dag.py:4180} INFO - Setting next_dagrun for read_dataset_event_from_classic to 2025-01-24 00:00:00+00:00, run_after=2025-01-25 00:00:00+00:00
[2025-01-25T16:35:05.363+0000] {processor.py:208} INFO - Processing /home/airflow/.local/lib/python3.12/site-packages/airflow/example_dags/example_inlet_event_extra.py took 0.617 seconds
[2025-01-25T16:35:35.814+0000] {processor.py:186} INFO - Started process (PID=874) to work on /home/airflow/.local/lib/python3.12/site-packages/airflow/example_dags/example_inlet_event_extra.py
[2025-01-25T16:35:35.815+0000] {processor.py:914} INFO - Processing file /home/airflow/.local/lib/python3.12/site-packages/airflow/example_dags/example_inlet_event_extra.py for tasks to queue
[2025-01-25T16:35:35.818+0000] {logging_mixin.py:190} INFO - [2025-01-25T16:35:35.817+0000] {dagbag.py:588} INFO - Filling up the DagBag from /home/airflow/.local/lib/python3.12/site-packages/airflow/example_dags/example_inlet_event_extra.py
[2025-01-25T16:35:36.310+0000] {processor.py:925} INFO - DAG(s) 'read_dataset_event', 'read_dataset_event_from_classic' retrieved from /home/airflow/.local/lib/python3.12/site-packages/airflow/example_dags/example_inlet_event_extra.py
[2025-01-25T16:35:36.330+0000] {logging_mixin.py:190} INFO - [2025-01-25T16:35:36.329+0000] {dag.py:3239} INFO - Sync 2 DAGs
[2025-01-25T16:35:36.353+0000] {logging_mixin.py:190} INFO - [2025-01-25T16:35:36.352+0000] {dag.py:4180} INFO - Setting next_dagrun for read_dataset_event to 2025-01-24 00:00:00+00:00, run_after=2025-01-25 00:00:00+00:00
[2025-01-25T16:35:36.358+0000] {logging_mixin.py:190} INFO - [2025-01-25T16:35:36.358+0000] {dag.py:4180} INFO - Setting next_dagrun for read_dataset_event_from_classic to 2025-01-24 00:00:00+00:00, run_after=2025-01-25 00:00:00+00:00
[2025-01-25T16:35:36.483+0000] {processor.py:208} INFO - Processing /home/airflow/.local/lib/python3.12/site-packages/airflow/example_dags/example_inlet_event_extra.py took 0.674 seconds
[2025-01-25T16:36:06.984+0000] {processor.py:186} INFO - Started process (PID=938) to work on /home/airflow/.local/lib/python3.12/site-packages/airflow/example_dags/example_inlet_event_extra.py
[2025-01-25T16:36:06.985+0000] {processor.py:914} INFO - Processing file /home/airflow/.local/lib/python3.12/site-packages/airflow/example_dags/example_inlet_event_extra.py for tasks to queue
[2025-01-25T16:36:06.987+0000] {logging_mixin.py:190} INFO - [2025-01-25T16:36:06.987+0000] {dagbag.py:588} INFO - Filling up the DagBag from /home/airflow/.local/lib/python3.12/site-packages/airflow/example_dags/example_inlet_event_extra.py
[2025-01-25T16:36:07.546+0000] {processor.py:925} INFO - DAG(s) 'read_dataset_event', 'read_dataset_event_from_classic' retrieved from /home/airflow/.local/lib/python3.12/site-packages/airflow/example_dags/example_inlet_event_extra.py
[2025-01-25T16:36:07.568+0000] {logging_mixin.py:190} INFO - [2025-01-25T16:36:07.568+0000] {dag.py:3239} INFO - Sync 2 DAGs
[2025-01-25T16:36:07.592+0000] {logging_mixin.py:190} INFO - [2025-01-25T16:36:07.592+0000] {dag.py:4180} INFO - Setting next_dagrun for read_dataset_event to 2025-01-24 00:00:00+00:00, run_after=2025-01-25 00:00:00+00:00
[2025-01-25T16:36:07.597+0000] {logging_mixin.py:190} INFO - [2025-01-25T16:36:07.597+0000] {dag.py:4180} INFO - Setting next_dagrun for read_dataset_event_from_classic to 2025-01-24 00:00:00+00:00, run_after=2025-01-25 00:00:00+00:00
[2025-01-25T16:36:08.194+0000] {processor.py:208} INFO - Processing /home/airflow/.local/lib/python3.12/site-packages/airflow/example_dags/example_inlet_event_extra.py took 1.215 seconds
[2025-01-25T16:36:38.446+0000] {processor.py:186} INFO - Started process (PID=1001) to work on /home/airflow/.local/lib/python3.12/site-packages/airflow/example_dags/example_inlet_event_extra.py
[2025-01-25T16:36:38.447+0000] {processor.py:914} INFO - Processing file /home/airflow/.local/lib/python3.12/site-packages/airflow/example_dags/example_inlet_event_extra.py for tasks to queue
[2025-01-25T16:36:38.450+0000] {logging_mixin.py:190} INFO - [2025-01-25T16:36:38.450+0000] {dagbag.py:588} INFO - Filling up the DagBag from /home/airflow/.local/lib/python3.12/site-packages/airflow/example_dags/example_inlet_event_extra.py
[2025-01-25T16:36:39.223+0000] {processor.py:925} INFO - DAG(s) 'read_dataset_event', 'read_dataset_event_from_classic' retrieved from /home/airflow/.local/lib/python3.12/site-packages/airflow/example_dags/example_inlet_event_extra.py
[2025-01-25T16:36:39.248+0000] {logging_mixin.py:190} INFO - [2025-01-25T16:36:39.248+0000] {dag.py:3239} INFO - Sync 2 DAGs
[2025-01-25T16:36:39.282+0000] {logging_mixin.py:190} INFO - [2025-01-25T16:36:39.281+0000] {dag.py:4180} INFO - Setting next_dagrun for read_dataset_event to 2025-01-24 00:00:00+00:00, run_after=2025-01-25 00:00:00+00:00
[2025-01-25T16:36:39.290+0000] {logging_mixin.py:190} INFO - [2025-01-25T16:36:39.290+0000] {dag.py:4180} INFO - Setting next_dagrun for read_dataset_event_from_classic to 2025-01-24 00:00:00+00:00, run_after=2025-01-25 00:00:00+00:00
[2025-01-25T16:36:39.317+0000] {processor.py:208} INFO - Processing /home/airflow/.local/lib/python3.12/site-packages/airflow/example_dags/example_inlet_event_extra.py took 0.878 seconds
[2025-01-25T16:37:09.428+0000] {processor.py:186} INFO - Started process (PID=1064) to work on /home/airflow/.local/lib/python3.12/site-packages/airflow/example_dags/example_inlet_event_extra.py
[2025-01-25T16:37:09.429+0000] {processor.py:914} INFO - Processing file /home/airflow/.local/lib/python3.12/site-packages/airflow/example_dags/example_inlet_event_extra.py for tasks to queue
[2025-01-25T16:37:09.431+0000] {logging_mixin.py:190} INFO - [2025-01-25T16:37:09.430+0000] {dagbag.py:588} INFO - Filling up the DagBag from /home/airflow/.local/lib/python3.12/site-packages/airflow/example_dags/example_inlet_event_extra.py
[2025-01-25T16:37:09.978+0000] {processor.py:925} INFO - DAG(s) 'read_dataset_event', 'read_dataset_event_from_classic' retrieved from /home/airflow/.local/lib/python3.12/site-packages/airflow/example_dags/example_inlet_event_extra.py
[2025-01-25T16:37:09.998+0000] {logging_mixin.py:190} INFO - [2025-01-25T16:37:09.998+0000] {dag.py:3239} INFO - Sync 2 DAGs
[2025-01-25T16:37:10.023+0000] {logging_mixin.py:190} INFO - [2025-01-25T16:37:10.023+0000] {dag.py:4180} INFO - Setting next_dagrun for read_dataset_event to 2025-01-24 00:00:00+00:00, run_after=2025-01-25 00:00:00+00:00
[2025-01-25T16:37:10.029+0000] {logging_mixin.py:190} INFO - [2025-01-25T16:37:10.028+0000] {dag.py:4180} INFO - Setting next_dagrun for read_dataset_event_from_classic to 2025-01-24 00:00:00+00:00, run_after=2025-01-25 00:00:00+00:00
[2025-01-25T16:37:10.137+0000] {processor.py:208} INFO - Processing /home/airflow/.local/lib/python3.12/site-packages/airflow/example_dags/example_inlet_event_extra.py took 0.714 seconds
[2025-01-25T16:37:40.664+0000] {processor.py:186} INFO - Started process (PID=1127) to work on /home/airflow/.local/lib/python3.12/site-packages/airflow/example_dags/example_inlet_event_extra.py
[2025-01-25T16:37:40.665+0000] {processor.py:914} INFO - Processing file /home/airflow/.local/lib/python3.12/site-packages/airflow/example_dags/example_inlet_event_extra.py for tasks to queue
[2025-01-25T16:37:40.668+0000] {logging_mixin.py:190} INFO - [2025-01-25T16:37:40.667+0000] {dagbag.py:588} INFO - Filling up the DagBag from /home/airflow/.local/lib/python3.12/site-packages/airflow/example_dags/example_inlet_event_extra.py
[2025-01-25T16:37:41.177+0000] {processor.py:925} INFO - DAG(s) 'read_dataset_event_from_classic', 'read_dataset_event' retrieved from /home/airflow/.local/lib/python3.12/site-packages/airflow/example_dags/example_inlet_event_extra.py
[2025-01-25T16:37:41.196+0000] {logging_mixin.py:190} INFO - [2025-01-25T16:37:41.196+0000] {dag.py:3239} INFO - Sync 2 DAGs
[2025-01-25T16:37:41.219+0000] {logging_mixin.py:190} INFO - [2025-01-25T16:37:41.219+0000] {dag.py:4180} INFO - Setting next_dagrun for read_dataset_event to 2025-01-24 00:00:00+00:00, run_after=2025-01-25 00:00:00+00:00
[2025-01-25T16:37:41.224+0000] {logging_mixin.py:190} INFO - [2025-01-25T16:37:41.224+0000] {dag.py:4180} INFO - Setting next_dagrun for read_dataset_event_from_classic to 2025-01-24 00:00:00+00:00, run_after=2025-01-25 00:00:00+00:00
[2025-01-25T16:37:41.540+0000] {processor.py:208} INFO - Processing /home/airflow/.local/lib/python3.12/site-packages/airflow/example_dags/example_inlet_event_extra.py took 0.882 seconds
