[2025-01-25T16:28:46.121+0000] {processor.py:186} INFO - Started process (PID=34) to work on /home/airflow/.local/lib/python3.12/site-packages/airflow/example_dags/example_trigger_target_dag.py
[2025-01-25T16:28:46.122+0000] {processor.py:914} INFO - Processing file /home/airflow/.local/lib/python3.12/site-packages/airflow/example_dags/example_trigger_target_dag.py for tasks to queue
[2025-01-25T16:28:46.125+0000] {logging_mixin.py:190} INFO - [2025-01-25T16:28:46.125+0000] {dagbag.py:588} INFO - Filling up the DagBag from /home/airflow/.local/lib/python3.12/site-packages/airflow/example_dags/example_trigger_target_dag.py
[2025-01-25T16:28:46.141+0000] {processor.py:925} INFO - DAG(s) 'example_trigger_target_dag' retrieved from /home/airflow/.local/lib/python3.12/site-packages/airflow/example_dags/example_trigger_target_dag.py
[2025-01-25T16:28:46.945+0000] {logging_mixin.py:190} INFO - [2025-01-25T16:28:46.944+0000] {override.py:1911} INFO - Created Permission View: can delete on DAG:example_trigger_target_dag
[2025-01-25T16:28:47.026+0000] {logging_mixin.py:190} INFO - [2025-01-25T16:28:47.026+0000] {override.py:1911} INFO - Created Permission View: can read on DAG:example_trigger_target_dag
[2025-01-25T16:28:47.102+0000] {logging_mixin.py:190} INFO - [2025-01-25T16:28:47.101+0000] {override.py:1911} INFO - Created Permission View: can edit on DAG:example_trigger_target_dag
[2025-01-25T16:28:47.270+0000] {logging_mixin.py:190} INFO - [2025-01-25T16:28:47.270+0000] {override.py:1911} INFO - Created Permission View: can delete on DAG Run:example_trigger_target_dag
[2025-01-25T16:28:47.387+0000] {logging_mixin.py:190} INFO - [2025-01-25T16:28:47.387+0000] {override.py:1911} INFO - Created Permission View: can create on DAG Run:example_trigger_target_dag
[2025-01-25T16:28:47.553+0000] {logging_mixin.py:190} INFO - [2025-01-25T16:28:47.553+0000] {override.py:1911} INFO - Created Permission View: menu access on DAG Run:example_trigger_target_dag
[2025-01-25T16:28:47.703+0000] {logging_mixin.py:190} INFO - [2025-01-25T16:28:47.703+0000] {override.py:1911} INFO - Created Permission View: can read on DAG Run:example_trigger_target_dag
[2025-01-25T16:28:47.704+0000] {logging_mixin.py:190} INFO - [2025-01-25T16:28:47.704+0000] {dag.py:3239} INFO - Sync 1 DAGs
[2025-01-25T16:28:47.717+0000] {logging_mixin.py:190} INFO - [2025-01-25T16:28:47.717+0000] {dag.py:3262} INFO - Creating ORM DAG for example_trigger_target_dag
[2025-01-25T16:28:47.718+0000] {logging_mixin.py:190} INFO - [2025-01-25T16:28:47.718+0000] {dag.py:4180} INFO - Setting next_dagrun for example_trigger_target_dag to None, run_after=None
[2025-01-25T16:28:47.798+0000] {processor.py:208} INFO - Processing /home/airflow/.local/lib/python3.12/site-packages/airflow/example_dags/example_trigger_target_dag.py took 1.683 seconds
[2025-01-25T16:29:18.694+0000] {processor.py:186} INFO - Started process (PID=97) to work on /home/airflow/.local/lib/python3.12/site-packages/airflow/example_dags/example_trigger_target_dag.py
[2025-01-25T16:29:18.695+0000] {processor.py:914} INFO - Processing file /home/airflow/.local/lib/python3.12/site-packages/airflow/example_dags/example_trigger_target_dag.py for tasks to queue
[2025-01-25T16:29:18.698+0000] {logging_mixin.py:190} INFO - [2025-01-25T16:29:18.698+0000] {dagbag.py:588} INFO - Filling up the DagBag from /home/airflow/.local/lib/python3.12/site-packages/airflow/example_dags/example_trigger_target_dag.py
[2025-01-25T16:29:18.706+0000] {processor.py:925} INFO - DAG(s) 'example_trigger_target_dag' retrieved from /home/airflow/.local/lib/python3.12/site-packages/airflow/example_dags/example_trigger_target_dag.py
[2025-01-25T16:29:18.728+0000] {logging_mixin.py:190} INFO - [2025-01-25T16:29:18.727+0000] {dag.py:3239} INFO - Sync 1 DAGs
[2025-01-25T16:29:18.765+0000] {logging_mixin.py:190} INFO - [2025-01-25T16:29:18.764+0000] {dag.py:4180} INFO - Setting next_dagrun for example_trigger_target_dag to None, run_after=None
[2025-01-25T16:29:18.788+0000] {processor.py:208} INFO - Processing /home/airflow/.local/lib/python3.12/site-packages/airflow/example_dags/example_trigger_target_dag.py took 0.100 seconds
[2025-01-25T16:29:49.408+0000] {processor.py:186} INFO - Started process (PID=160) to work on /home/airflow/.local/lib/python3.12/site-packages/airflow/example_dags/example_trigger_target_dag.py
[2025-01-25T16:29:49.409+0000] {processor.py:914} INFO - Processing file /home/airflow/.local/lib/python3.12/site-packages/airflow/example_dags/example_trigger_target_dag.py for tasks to queue
[2025-01-25T16:29:49.412+0000] {logging_mixin.py:190} INFO - [2025-01-25T16:29:49.412+0000] {dagbag.py:588} INFO - Filling up the DagBag from /home/airflow/.local/lib/python3.12/site-packages/airflow/example_dags/example_trigger_target_dag.py
[2025-01-25T16:29:49.421+0000] {processor.py:925} INFO - DAG(s) 'example_trigger_target_dag' retrieved from /home/airflow/.local/lib/python3.12/site-packages/airflow/example_dags/example_trigger_target_dag.py
[2025-01-25T16:29:49.719+0000] {logging_mixin.py:190} INFO - [2025-01-25T16:29:49.719+0000] {dag.py:3239} INFO - Sync 1 DAGs
[2025-01-25T16:29:49.747+0000] {logging_mixin.py:190} INFO - [2025-01-25T16:29:49.746+0000] {dag.py:4180} INFO - Setting next_dagrun for example_trigger_target_dag to None, run_after=None
[2025-01-25T16:29:49.771+0000] {processor.py:208} INFO - Processing /home/airflow/.local/lib/python3.12/site-packages/airflow/example_dags/example_trigger_target_dag.py took 0.369 seconds
[2025-01-25T16:30:19.850+0000] {processor.py:186} INFO - Started process (PID=223) to work on /home/airflow/.local/lib/python3.12/site-packages/airflow/example_dags/example_trigger_target_dag.py
[2025-01-25T16:30:19.851+0000] {processor.py:914} INFO - Processing file /home/airflow/.local/lib/python3.12/site-packages/airflow/example_dags/example_trigger_target_dag.py for tasks to queue
[2025-01-25T16:30:19.853+0000] {logging_mixin.py:190} INFO - [2025-01-25T16:30:19.853+0000] {dagbag.py:588} INFO - Filling up the DagBag from /home/airflow/.local/lib/python3.12/site-packages/airflow/example_dags/example_trigger_target_dag.py
[2025-01-25T16:30:19.861+0000] {processor.py:925} INFO - DAG(s) 'example_trigger_target_dag' retrieved from /home/airflow/.local/lib/python3.12/site-packages/airflow/example_dags/example_trigger_target_dag.py
[2025-01-25T16:30:19.884+0000] {logging_mixin.py:190} INFO - [2025-01-25T16:30:19.884+0000] {dag.py:3239} INFO - Sync 1 DAGs
[2025-01-25T16:30:19.903+0000] {logging_mixin.py:190} INFO - [2025-01-25T16:30:19.902+0000] {dag.py:4180} INFO - Setting next_dagrun for example_trigger_target_dag to None, run_after=None
[2025-01-25T16:30:19.934+0000] {processor.py:208} INFO - Processing /home/airflow/.local/lib/python3.12/site-packages/airflow/example_dags/example_trigger_target_dag.py took 0.089 seconds
[2025-01-25T16:30:50.745+0000] {processor.py:186} INFO - Started process (PID=286) to work on /home/airflow/.local/lib/python3.12/site-packages/airflow/example_dags/example_trigger_target_dag.py
[2025-01-25T16:30:50.746+0000] {processor.py:914} INFO - Processing file /home/airflow/.local/lib/python3.12/site-packages/airflow/example_dags/example_trigger_target_dag.py for tasks to queue
[2025-01-25T16:30:50.748+0000] {logging_mixin.py:190} INFO - [2025-01-25T16:30:50.748+0000] {dagbag.py:588} INFO - Filling up the DagBag from /home/airflow/.local/lib/python3.12/site-packages/airflow/example_dags/example_trigger_target_dag.py
[2025-01-25T16:30:50.756+0000] {processor.py:925} INFO - DAG(s) 'example_trigger_target_dag' retrieved from /home/airflow/.local/lib/python3.12/site-packages/airflow/example_dags/example_trigger_target_dag.py
[2025-01-25T16:30:50.779+0000] {logging_mixin.py:190} INFO - [2025-01-25T16:30:50.778+0000] {dag.py:3239} INFO - Sync 1 DAGs
[2025-01-25T16:30:50.794+0000] {logging_mixin.py:190} INFO - [2025-01-25T16:30:50.793+0000] {dag.py:4180} INFO - Setting next_dagrun for example_trigger_target_dag to None, run_after=None
[2025-01-25T16:30:50.940+0000] {processor.py:208} INFO - Processing /home/airflow/.local/lib/python3.12/site-packages/airflow/example_dags/example_trigger_target_dag.py took 0.201 seconds
[2025-01-25T16:31:21.648+0000] {processor.py:186} INFO - Started process (PID=356) to work on /home/airflow/.local/lib/python3.12/site-packages/airflow/example_dags/example_trigger_target_dag.py
[2025-01-25T16:31:21.649+0000] {processor.py:914} INFO - Processing file /home/airflow/.local/lib/python3.12/site-packages/airflow/example_dags/example_trigger_target_dag.py for tasks to queue
[2025-01-25T16:31:22.063+0000] {logging_mixin.py:190} INFO - [2025-01-25T16:31:22.062+0000] {dagbag.py:588} INFO - Filling up the DagBag from /home/airflow/.local/lib/python3.12/site-packages/airflow/example_dags/example_trigger_target_dag.py
[2025-01-25T16:31:22.098+0000] {processor.py:925} INFO - DAG(s) 'example_trigger_target_dag' retrieved from /home/airflow/.local/lib/python3.12/site-packages/airflow/example_dags/example_trigger_target_dag.py
[2025-01-25T16:31:22.121+0000] {logging_mixin.py:190} INFO - [2025-01-25T16:31:22.121+0000] {dag.py:3239} INFO - Sync 1 DAGs
[2025-01-25T16:31:22.226+0000] {logging_mixin.py:190} INFO - [2025-01-25T16:31:22.225+0000] {dag.py:4180} INFO - Setting next_dagrun for example_trigger_target_dag to None, run_after=None
[2025-01-25T16:31:22.591+0000] {processor.py:208} INFO - Processing /home/airflow/.local/lib/python3.12/site-packages/airflow/example_dags/example_trigger_target_dag.py took 0.947 seconds
[2025-01-25T16:31:53.279+0000] {processor.py:186} INFO - Started process (PID=419) to work on /home/airflow/.local/lib/python3.12/site-packages/airflow/example_dags/example_trigger_target_dag.py
[2025-01-25T16:31:53.280+0000] {processor.py:914} INFO - Processing file /home/airflow/.local/lib/python3.12/site-packages/airflow/example_dags/example_trigger_target_dag.py for tasks to queue
[2025-01-25T16:31:53.283+0000] {logging_mixin.py:190} INFO - [2025-01-25T16:31:53.283+0000] {dagbag.py:588} INFO - Filling up the DagBag from /home/airflow/.local/lib/python3.12/site-packages/airflow/example_dags/example_trigger_target_dag.py
[2025-01-25T16:31:53.291+0000] {processor.py:925} INFO - DAG(s) 'example_trigger_target_dag' retrieved from /home/airflow/.local/lib/python3.12/site-packages/airflow/example_dags/example_trigger_target_dag.py
[2025-01-25T16:31:53.308+0000] {logging_mixin.py:190} INFO - [2025-01-25T16:31:53.308+0000] {dag.py:3239} INFO - Sync 1 DAGs
[2025-01-25T16:31:53.320+0000] {logging_mixin.py:190} INFO - [2025-01-25T16:31:53.320+0000] {dag.py:4180} INFO - Setting next_dagrun for example_trigger_target_dag to None, run_after=None
[2025-01-25T16:31:53.758+0000] {processor.py:208} INFO - Processing /home/airflow/.local/lib/python3.12/site-packages/airflow/example_dags/example_trigger_target_dag.py took 0.483 seconds
[2025-01-25T16:32:24.758+0000] {processor.py:186} INFO - Started process (PID=482) to work on /home/airflow/.local/lib/python3.12/site-packages/airflow/example_dags/example_trigger_target_dag.py
[2025-01-25T16:32:24.759+0000] {processor.py:914} INFO - Processing file /home/airflow/.local/lib/python3.12/site-packages/airflow/example_dags/example_trigger_target_dag.py for tasks to queue
[2025-01-25T16:32:24.761+0000] {logging_mixin.py:190} INFO - [2025-01-25T16:32:24.761+0000] {dagbag.py:588} INFO - Filling up the DagBag from /home/airflow/.local/lib/python3.12/site-packages/airflow/example_dags/example_trigger_target_dag.py
[2025-01-25T16:32:24.769+0000] {processor.py:925} INFO - DAG(s) 'example_trigger_target_dag' retrieved from /home/airflow/.local/lib/python3.12/site-packages/airflow/example_dags/example_trigger_target_dag.py
[2025-01-25T16:32:24.786+0000] {logging_mixin.py:190} INFO - [2025-01-25T16:32:24.786+0000] {dag.py:3239} INFO - Sync 1 DAGs
[2025-01-25T16:32:24.799+0000] {logging_mixin.py:190} INFO - [2025-01-25T16:32:24.799+0000] {dag.py:4180} INFO - Setting next_dagrun for example_trigger_target_dag to None, run_after=None
[2025-01-25T16:32:25.127+0000] {processor.py:208} INFO - Processing /home/airflow/.local/lib/python3.12/site-packages/airflow/example_dags/example_trigger_target_dag.py took 0.374 seconds
[2025-01-25T16:32:55.327+0000] {processor.py:186} INFO - Started process (PID=545) to work on /home/airflow/.local/lib/python3.12/site-packages/airflow/example_dags/example_trigger_target_dag.py
[2025-01-25T16:32:55.328+0000] {processor.py:914} INFO - Processing file /home/airflow/.local/lib/python3.12/site-packages/airflow/example_dags/example_trigger_target_dag.py for tasks to queue
[2025-01-25T16:32:55.330+0000] {logging_mixin.py:190} INFO - [2025-01-25T16:32:55.330+0000] {dagbag.py:588} INFO - Filling up the DagBag from /home/airflow/.local/lib/python3.12/site-packages/airflow/example_dags/example_trigger_target_dag.py
[2025-01-25T16:32:55.336+0000] {processor.py:925} INFO - DAG(s) 'example_trigger_target_dag' retrieved from /home/airflow/.local/lib/python3.12/site-packages/airflow/example_dags/example_trigger_target_dag.py
[2025-01-25T16:32:55.353+0000] {logging_mixin.py:190} INFO - [2025-01-25T16:32:55.353+0000] {dag.py:3239} INFO - Sync 1 DAGs
[2025-01-25T16:32:55.366+0000] {logging_mixin.py:190} INFO - [2025-01-25T16:32:55.365+0000] {dag.py:4180} INFO - Setting next_dagrun for example_trigger_target_dag to None, run_after=None
[2025-01-25T16:32:55.596+0000] {processor.py:208} INFO - Processing /home/airflow/.local/lib/python3.12/site-packages/airflow/example_dags/example_trigger_target_dag.py took 0.275 seconds
[2025-01-25T16:33:25.753+0000] {processor.py:186} INFO - Started process (PID=608) to work on /home/airflow/.local/lib/python3.12/site-packages/airflow/example_dags/example_trigger_target_dag.py
[2025-01-25T16:33:25.754+0000] {processor.py:914} INFO - Processing file /home/airflow/.local/lib/python3.12/site-packages/airflow/example_dags/example_trigger_target_dag.py for tasks to queue
[2025-01-25T16:33:25.756+0000] {logging_mixin.py:190} INFO - [2025-01-25T16:33:25.756+0000] {dagbag.py:588} INFO - Filling up the DagBag from /home/airflow/.local/lib/python3.12/site-packages/airflow/example_dags/example_trigger_target_dag.py
[2025-01-25T16:33:25.762+0000] {processor.py:925} INFO - DAG(s) 'example_trigger_target_dag' retrieved from /home/airflow/.local/lib/python3.12/site-packages/airflow/example_dags/example_trigger_target_dag.py
[2025-01-25T16:33:25.781+0000] {logging_mixin.py:190} INFO - [2025-01-25T16:33:25.781+0000] {dag.py:3239} INFO - Sync 1 DAGs
[2025-01-25T16:33:25.794+0000] {logging_mixin.py:190} INFO - [2025-01-25T16:33:25.793+0000] {dag.py:4180} INFO - Setting next_dagrun for example_trigger_target_dag to None, run_after=None
[2025-01-25T16:33:26.242+0000] {processor.py:208} INFO - Processing /home/airflow/.local/lib/python3.12/site-packages/airflow/example_dags/example_trigger_target_dag.py took 0.494 seconds
[2025-01-25T16:33:57.692+0000] {processor.py:186} INFO - Started process (PID=671) to work on /home/airflow/.local/lib/python3.12/site-packages/airflow/example_dags/example_trigger_target_dag.py
[2025-01-25T16:33:57.693+0000] {processor.py:914} INFO - Processing file /home/airflow/.local/lib/python3.12/site-packages/airflow/example_dags/example_trigger_target_dag.py for tasks to queue
[2025-01-25T16:33:57.695+0000] {logging_mixin.py:190} INFO - [2025-01-25T16:33:57.695+0000] {dagbag.py:588} INFO - Filling up the DagBag from /home/airflow/.local/lib/python3.12/site-packages/airflow/example_dags/example_trigger_target_dag.py
[2025-01-25T16:33:57.702+0000] {processor.py:925} INFO - DAG(s) 'example_trigger_target_dag' retrieved from /home/airflow/.local/lib/python3.12/site-packages/airflow/example_dags/example_trigger_target_dag.py
[2025-01-25T16:33:57.719+0000] {logging_mixin.py:190} INFO - [2025-01-25T16:33:57.718+0000] {dag.py:3239} INFO - Sync 1 DAGs
[2025-01-25T16:33:57.731+0000] {logging_mixin.py:190} INFO - [2025-01-25T16:33:57.730+0000] {dag.py:4180} INFO - Setting next_dagrun for example_trigger_target_dag to None, run_after=None
[2025-01-25T16:33:57.955+0000] {processor.py:208} INFO - Processing /home/airflow/.local/lib/python3.12/site-packages/airflow/example_dags/example_trigger_target_dag.py took 0.268 seconds
[2025-01-25T16:34:28.334+0000] {processor.py:186} INFO - Started process (PID=734) to work on /home/airflow/.local/lib/python3.12/site-packages/airflow/example_dags/example_trigger_target_dag.py
[2025-01-25T16:34:28.335+0000] {processor.py:914} INFO - Processing file /home/airflow/.local/lib/python3.12/site-packages/airflow/example_dags/example_trigger_target_dag.py for tasks to queue
[2025-01-25T16:34:28.337+0000] {logging_mixin.py:190} INFO - [2025-01-25T16:34:28.337+0000] {dagbag.py:588} INFO - Filling up the DagBag from /home/airflow/.local/lib/python3.12/site-packages/airflow/example_dags/example_trigger_target_dag.py
[2025-01-25T16:34:28.344+0000] {processor.py:925} INFO - DAG(s) 'example_trigger_target_dag' retrieved from /home/airflow/.local/lib/python3.12/site-packages/airflow/example_dags/example_trigger_target_dag.py
[2025-01-25T16:34:28.363+0000] {logging_mixin.py:190} INFO - [2025-01-25T16:34:28.362+0000] {dag.py:3239} INFO - Sync 1 DAGs
[2025-01-25T16:34:28.376+0000] {logging_mixin.py:190} INFO - [2025-01-25T16:34:28.376+0000] {dag.py:4180} INFO - Setting next_dagrun for example_trigger_target_dag to None, run_after=None
[2025-01-25T16:34:28.408+0000] {processor.py:208} INFO - Processing /home/airflow/.local/lib/python3.12/site-packages/airflow/example_dags/example_trigger_target_dag.py took 0.080 seconds
[2025-01-25T16:34:58.509+0000] {processor.py:186} INFO - Started process (PID=797) to work on /home/airflow/.local/lib/python3.12/site-packages/airflow/example_dags/example_trigger_target_dag.py
[2025-01-25T16:34:58.858+0000] {processor.py:914} INFO - Processing file /home/airflow/.local/lib/python3.12/site-packages/airflow/example_dags/example_trigger_target_dag.py for tasks to queue
[2025-01-25T16:34:58.860+0000] {logging_mixin.py:190} INFO - [2025-01-25T16:34:58.860+0000] {dagbag.py:588} INFO - Filling up the DagBag from /home/airflow/.local/lib/python3.12/site-packages/airflow/example_dags/example_trigger_target_dag.py
[2025-01-25T16:34:58.867+0000] {processor.py:925} INFO - DAG(s) 'example_trigger_target_dag' retrieved from /home/airflow/.local/lib/python3.12/site-packages/airflow/example_dags/example_trigger_target_dag.py
[2025-01-25T16:34:58.884+0000] {logging_mixin.py:190} INFO - [2025-01-25T16:34:58.884+0000] {dag.py:3239} INFO - Sync 1 DAGs
[2025-01-25T16:34:58.897+0000] {logging_mixin.py:190} INFO - [2025-01-25T16:34:58.897+0000] {dag.py:4180} INFO - Setting next_dagrun for example_trigger_target_dag to None, run_after=None
[2025-01-25T16:34:58.920+0000] {processor.py:208} INFO - Processing /home/airflow/.local/lib/python3.12/site-packages/airflow/example_dags/example_trigger_target_dag.py took 0.416 seconds
[2025-01-25T16:35:28.976+0000] {processor.py:186} INFO - Started process (PID=860) to work on /home/airflow/.local/lib/python3.12/site-packages/airflow/example_dags/example_trigger_target_dag.py
[2025-01-25T16:35:28.977+0000] {processor.py:914} INFO - Processing file /home/airflow/.local/lib/python3.12/site-packages/airflow/example_dags/example_trigger_target_dag.py for tasks to queue
[2025-01-25T16:35:28.980+0000] {logging_mixin.py:190} INFO - [2025-01-25T16:35:28.980+0000] {dagbag.py:588} INFO - Filling up the DagBag from /home/airflow/.local/lib/python3.12/site-packages/airflow/example_dags/example_trigger_target_dag.py
[2025-01-25T16:35:28.988+0000] {processor.py:925} INFO - DAG(s) 'example_trigger_target_dag' retrieved from /home/airflow/.local/lib/python3.12/site-packages/airflow/example_dags/example_trigger_target_dag.py
[2025-01-25T16:35:29.006+0000] {logging_mixin.py:190} INFO - [2025-01-25T16:35:29.006+0000] {dag.py:3239} INFO - Sync 1 DAGs
[2025-01-25T16:35:29.019+0000] {logging_mixin.py:190} INFO - [2025-01-25T16:35:29.018+0000] {dag.py:4180} INFO - Setting next_dagrun for example_trigger_target_dag to None, run_after=None
[2025-01-25T16:35:29.221+0000] {processor.py:208} INFO - Processing /home/airflow/.local/lib/python3.12/site-packages/airflow/example_dags/example_trigger_target_dag.py took 0.250 seconds
[2025-01-25T16:35:59.699+0000] {processor.py:186} INFO - Started process (PID=923) to work on /home/airflow/.local/lib/python3.12/site-packages/airflow/example_dags/example_trigger_target_dag.py
[2025-01-25T16:35:59.700+0000] {processor.py:914} INFO - Processing file /home/airflow/.local/lib/python3.12/site-packages/airflow/example_dags/example_trigger_target_dag.py for tasks to queue
[2025-01-25T16:35:59.702+0000] {logging_mixin.py:190} INFO - [2025-01-25T16:35:59.702+0000] {dagbag.py:588} INFO - Filling up the DagBag from /home/airflow/.local/lib/python3.12/site-packages/airflow/example_dags/example_trigger_target_dag.py
[2025-01-25T16:35:59.710+0000] {processor.py:925} INFO - DAG(s) 'example_trigger_target_dag' retrieved from /home/airflow/.local/lib/python3.12/site-packages/airflow/example_dags/example_trigger_target_dag.py
[2025-01-25T16:35:59.728+0000] {logging_mixin.py:190} INFO - [2025-01-25T16:35:59.728+0000] {dag.py:3239} INFO - Sync 1 DAGs
[2025-01-25T16:35:59.741+0000] {logging_mixin.py:190} INFO - [2025-01-25T16:35:59.740+0000] {dag.py:4180} INFO - Setting next_dagrun for example_trigger_target_dag to None, run_after=None
[2025-01-25T16:35:59.905+0000] {processor.py:208} INFO - Processing /home/airflow/.local/lib/python3.12/site-packages/airflow/example_dags/example_trigger_target_dag.py took 0.211 seconds
[2025-01-25T16:36:30.310+0000] {processor.py:186} INFO - Started process (PID=986) to work on /home/airflow/.local/lib/python3.12/site-packages/airflow/example_dags/example_trigger_target_dag.py
[2025-01-25T16:36:30.312+0000] {processor.py:914} INFO - Processing file /home/airflow/.local/lib/python3.12/site-packages/airflow/example_dags/example_trigger_target_dag.py for tasks to queue
[2025-01-25T16:36:30.314+0000] {logging_mixin.py:190} INFO - [2025-01-25T16:36:30.314+0000] {dagbag.py:588} INFO - Filling up the DagBag from /home/airflow/.local/lib/python3.12/site-packages/airflow/example_dags/example_trigger_target_dag.py
[2025-01-25T16:36:30.321+0000] {processor.py:925} INFO - DAG(s) 'example_trigger_target_dag' retrieved from /home/airflow/.local/lib/python3.12/site-packages/airflow/example_dags/example_trigger_target_dag.py
[2025-01-25T16:36:30.342+0000] {logging_mixin.py:190} INFO - [2025-01-25T16:36:30.341+0000] {dag.py:3239} INFO - Sync 1 DAGs
[2025-01-25T16:36:30.356+0000] {logging_mixin.py:190} INFO - [2025-01-25T16:36:30.355+0000] {dag.py:4180} INFO - Setting next_dagrun for example_trigger_target_dag to None, run_after=None
[2025-01-25T16:36:30.434+0000] {processor.py:208} INFO - Processing /home/airflow/.local/lib/python3.12/site-packages/airflow/example_dags/example_trigger_target_dag.py took 0.130 seconds
[2025-01-25T16:37:00.601+0000] {processor.py:186} INFO - Started process (PID=1049) to work on /home/airflow/.local/lib/python3.12/site-packages/airflow/example_dags/example_trigger_target_dag.py
[2025-01-25T16:37:00.602+0000] {processor.py:914} INFO - Processing file /home/airflow/.local/lib/python3.12/site-packages/airflow/example_dags/example_trigger_target_dag.py for tasks to queue
[2025-01-25T16:37:00.605+0000] {logging_mixin.py:190} INFO - [2025-01-25T16:37:00.604+0000] {dagbag.py:588} INFO - Filling up the DagBag from /home/airflow/.local/lib/python3.12/site-packages/airflow/example_dags/example_trigger_target_dag.py
[2025-01-25T16:37:00.611+0000] {processor.py:925} INFO - DAG(s) 'example_trigger_target_dag' retrieved from /home/airflow/.local/lib/python3.12/site-packages/airflow/example_dags/example_trigger_target_dag.py
[2025-01-25T16:37:00.629+0000] {logging_mixin.py:190} INFO - [2025-01-25T16:37:00.629+0000] {dag.py:3239} INFO - Sync 1 DAGs
[2025-01-25T16:37:00.645+0000] {logging_mixin.py:190} INFO - [2025-01-25T16:37:00.644+0000] {dag.py:4180} INFO - Setting next_dagrun for example_trigger_target_dag to None, run_after=None
[2025-01-25T16:37:00.666+0000] {processor.py:208} INFO - Processing /home/airflow/.local/lib/python3.12/site-packages/airflow/example_dags/example_trigger_target_dag.py took 0.070 seconds
[2025-01-25T16:37:31.330+0000] {processor.py:186} INFO - Started process (PID=1112) to work on /home/airflow/.local/lib/python3.12/site-packages/airflow/example_dags/example_trigger_target_dag.py
[2025-01-25T16:37:31.331+0000] {processor.py:914} INFO - Processing file /home/airflow/.local/lib/python3.12/site-packages/airflow/example_dags/example_trigger_target_dag.py for tasks to queue
[2025-01-25T16:37:31.333+0000] {logging_mixin.py:190} INFO - [2025-01-25T16:37:31.333+0000] {dagbag.py:588} INFO - Filling up the DagBag from /home/airflow/.local/lib/python3.12/site-packages/airflow/example_dags/example_trigger_target_dag.py
[2025-01-25T16:37:31.340+0000] {processor.py:925} INFO - DAG(s) 'example_trigger_target_dag' retrieved from /home/airflow/.local/lib/python3.12/site-packages/airflow/example_dags/example_trigger_target_dag.py
[2025-01-25T16:37:31.358+0000] {logging_mixin.py:190} INFO - [2025-01-25T16:37:31.358+0000] {dag.py:3239} INFO - Sync 1 DAGs
[2025-01-25T16:37:31.371+0000] {logging_mixin.py:190} INFO - [2025-01-25T16:37:31.371+0000] {dag.py:4180} INFO - Setting next_dagrun for example_trigger_target_dag to None, run_after=None
[2025-01-25T16:37:31.395+0000] {processor.py:208} INFO - Processing /home/airflow/.local/lib/python3.12/site-packages/airflow/example_dags/example_trigger_target_dag.py took 0.071 seconds
