[2025-01-25T16:28:49.231+0000] {processor.py:186} INFO - Started process (PID=41) to work on /home/airflow/.local/lib/python3.12/site-packages/airflow/example_dags/tutorial_dag.py
[2025-01-25T16:28:49.232+0000] {processor.py:914} INFO - Processing file /home/airflow/.local/lib/python3.12/site-packages/airflow/example_dags/tutorial_dag.py for tasks to queue
[2025-01-25T16:28:49.234+0000] {logging_mixin.py:190} INFO - [2025-01-25T16:28:49.234+0000] {dagbag.py:588} INFO - Filling up the DagBag from /home/airflow/.local/lib/python3.12/site-packages/airflow/example_dags/tutorial_dag.py
[2025-01-25T16:28:49.242+0000] {processor.py:925} INFO - DAG(s) 'tutorial_dag' retrieved from /home/airflow/.local/lib/python3.12/site-packages/airflow/example_dags/tutorial_dag.py
[2025-01-25T16:28:49.378+0000] {logging_mixin.py:190} INFO - [2025-01-25T16:28:49.377+0000] {override.py:1911} INFO - Created Permission View: can delete on DAG:tutorial_dag
[2025-01-25T16:28:49.396+0000] {logging_mixin.py:190} INFO - [2025-01-25T16:28:49.396+0000] {override.py:1911} INFO - Created Permission View: can read on DAG:tutorial_dag
[2025-01-25T16:28:49.408+0000] {logging_mixin.py:190} INFO - [2025-01-25T16:28:49.408+0000] {override.py:1911} INFO - Created Permission View: can edit on DAG:tutorial_dag
[2025-01-25T16:28:49.424+0000] {logging_mixin.py:190} INFO - [2025-01-25T16:28:49.424+0000] {override.py:1911} INFO - Created Permission View: can delete on DAG Run:tutorial_dag
[2025-01-25T16:28:49.437+0000] {logging_mixin.py:190} INFO - [2025-01-25T16:28:49.437+0000] {override.py:1911} INFO - Created Permission View: can create on DAG Run:tutorial_dag
[2025-01-25T16:28:49.449+0000] {logging_mixin.py:190} INFO - [2025-01-25T16:28:49.449+0000] {override.py:1911} INFO - Created Permission View: menu access on DAG Run:tutorial_dag
[2025-01-25T16:28:49.463+0000] {logging_mixin.py:190} INFO - [2025-01-25T16:28:49.462+0000] {override.py:1911} INFO - Created Permission View: can read on DAG Run:tutorial_dag
[2025-01-25T16:28:49.463+0000] {logging_mixin.py:190} INFO - [2025-01-25T16:28:49.463+0000] {dag.py:3239} INFO - Sync 1 DAGs
[2025-01-25T16:28:49.475+0000] {logging_mixin.py:190} INFO - [2025-01-25T16:28:49.475+0000] {dag.py:3262} INFO - Creating ORM DAG for tutorial_dag
[2025-01-25T16:28:49.476+0000] {logging_mixin.py:190} INFO - [2025-01-25T16:28:49.476+0000] {dag.py:4180} INFO - Setting next_dagrun for tutorial_dag to None, run_after=None
[2025-01-25T16:28:49.497+0000] {processor.py:208} INFO - Processing /home/airflow/.local/lib/python3.12/site-packages/airflow/example_dags/tutorial_dag.py took 0.271 seconds
[2025-01-25T16:29:20.094+0000] {processor.py:186} INFO - Started process (PID=104) to work on /home/airflow/.local/lib/python3.12/site-packages/airflow/example_dags/tutorial_dag.py
[2025-01-25T16:29:20.095+0000] {processor.py:914} INFO - Processing file /home/airflow/.local/lib/python3.12/site-packages/airflow/example_dags/tutorial_dag.py for tasks to queue
[2025-01-25T16:29:20.098+0000] {logging_mixin.py:190} INFO - [2025-01-25T16:29:20.098+0000] {dagbag.py:588} INFO - Filling up the DagBag from /home/airflow/.local/lib/python3.12/site-packages/airflow/example_dags/tutorial_dag.py
[2025-01-25T16:29:20.106+0000] {processor.py:925} INFO - DAG(s) 'tutorial_dag' retrieved from /home/airflow/.local/lib/python3.12/site-packages/airflow/example_dags/tutorial_dag.py
[2025-01-25T16:29:20.125+0000] {logging_mixin.py:190} INFO - [2025-01-25T16:29:20.125+0000] {dag.py:3239} INFO - Sync 1 DAGs
[2025-01-25T16:29:20.139+0000] {logging_mixin.py:190} INFO - [2025-01-25T16:29:20.139+0000] {dag.py:4180} INFO - Setting next_dagrun for tutorial_dag to None, run_after=None
[2025-01-25T16:29:20.163+0000] {processor.py:208} INFO - Processing /home/airflow/.local/lib/python3.12/site-packages/airflow/example_dags/tutorial_dag.py took 0.075 seconds
[2025-01-25T16:29:51.068+0000] {processor.py:186} INFO - Started process (PID=167) to work on /home/airflow/.local/lib/python3.12/site-packages/airflow/example_dags/tutorial_dag.py
[2025-01-25T16:29:51.069+0000] {processor.py:914} INFO - Processing file /home/airflow/.local/lib/python3.12/site-packages/airflow/example_dags/tutorial_dag.py for tasks to queue
[2025-01-25T16:29:51.072+0000] {logging_mixin.py:190} INFO - [2025-01-25T16:29:51.071+0000] {dagbag.py:588} INFO - Filling up the DagBag from /home/airflow/.local/lib/python3.12/site-packages/airflow/example_dags/tutorial_dag.py
[2025-01-25T16:29:51.079+0000] {processor.py:925} INFO - DAG(s) 'tutorial_dag' retrieved from /home/airflow/.local/lib/python3.12/site-packages/airflow/example_dags/tutorial_dag.py
[2025-01-25T16:29:51.099+0000] {logging_mixin.py:190} INFO - [2025-01-25T16:29:51.098+0000] {dag.py:3239} INFO - Sync 1 DAGs
[2025-01-25T16:29:51.114+0000] {logging_mixin.py:190} INFO - [2025-01-25T16:29:51.114+0000] {dag.py:4180} INFO - Setting next_dagrun for tutorial_dag to None, run_after=None
[2025-01-25T16:29:51.227+0000] {processor.py:208} INFO - Processing /home/airflow/.local/lib/python3.12/site-packages/airflow/example_dags/tutorial_dag.py took 0.164 seconds
[2025-01-25T16:30:21.692+0000] {processor.py:186} INFO - Started process (PID=236) to work on /home/airflow/.local/lib/python3.12/site-packages/airflow/example_dags/tutorial_dag.py
[2025-01-25T16:30:21.693+0000] {processor.py:914} INFO - Processing file /home/airflow/.local/lib/python3.12/site-packages/airflow/example_dags/tutorial_dag.py for tasks to queue
[2025-01-25T16:30:21.695+0000] {logging_mixin.py:190} INFO - [2025-01-25T16:30:21.695+0000] {dagbag.py:588} INFO - Filling up the DagBag from /home/airflow/.local/lib/python3.12/site-packages/airflow/example_dags/tutorial_dag.py
[2025-01-25T16:30:21.703+0000] {processor.py:925} INFO - DAG(s) 'tutorial_dag' retrieved from /home/airflow/.local/lib/python3.12/site-packages/airflow/example_dags/tutorial_dag.py
[2025-01-25T16:30:21.729+0000] {logging_mixin.py:190} INFO - [2025-01-25T16:30:21.729+0000] {dag.py:3239} INFO - Sync 1 DAGs
[2025-01-25T16:30:21.772+0000] {logging_mixin.py:190} INFO - [2025-01-25T16:30:21.772+0000] {dag.py:4180} INFO - Setting next_dagrun for tutorial_dag to None, run_after=None
[2025-01-25T16:30:21.885+0000] {processor.py:208} INFO - Processing /home/airflow/.local/lib/python3.12/site-packages/airflow/example_dags/tutorial_dag.py took 0.198 seconds
[2025-01-25T16:30:52.354+0000] {processor.py:186} INFO - Started process (PID=299) to work on /home/airflow/.local/lib/python3.12/site-packages/airflow/example_dags/tutorial_dag.py
[2025-01-25T16:30:52.355+0000] {processor.py:914} INFO - Processing file /home/airflow/.local/lib/python3.12/site-packages/airflow/example_dags/tutorial_dag.py for tasks to queue
[2025-01-25T16:30:52.357+0000] {logging_mixin.py:190} INFO - [2025-01-25T16:30:52.357+0000] {dagbag.py:588} INFO - Filling up the DagBag from /home/airflow/.local/lib/python3.12/site-packages/airflow/example_dags/tutorial_dag.py
[2025-01-25T16:30:52.364+0000] {processor.py:925} INFO - DAG(s) 'tutorial_dag' retrieved from /home/airflow/.local/lib/python3.12/site-packages/airflow/example_dags/tutorial_dag.py
[2025-01-25T16:30:52.381+0000] {logging_mixin.py:190} INFO - [2025-01-25T16:30:52.381+0000] {dag.py:3239} INFO - Sync 1 DAGs
[2025-01-25T16:30:52.394+0000] {logging_mixin.py:190} INFO - [2025-01-25T16:30:52.394+0000] {dag.py:4180} INFO - Setting next_dagrun for tutorial_dag to None, run_after=None
[2025-01-25T16:30:52.563+0000] {processor.py:208} INFO - Processing /home/airflow/.local/lib/python3.12/site-packages/airflow/example_dags/tutorial_dag.py took 0.214 seconds
[2025-01-25T16:31:23.163+0000] {processor.py:186} INFO - Started process (PID=363) to work on /home/airflow/.local/lib/python3.12/site-packages/airflow/example_dags/tutorial_dag.py
[2025-01-25T16:31:23.165+0000] {processor.py:914} INFO - Processing file /home/airflow/.local/lib/python3.12/site-packages/airflow/example_dags/tutorial_dag.py for tasks to queue
[2025-01-25T16:31:23.167+0000] {logging_mixin.py:190} INFO - [2025-01-25T16:31:23.167+0000] {dagbag.py:588} INFO - Filling up the DagBag from /home/airflow/.local/lib/python3.12/site-packages/airflow/example_dags/tutorial_dag.py
[2025-01-25T16:31:23.176+0000] {processor.py:925} INFO - DAG(s) 'tutorial_dag' retrieved from /home/airflow/.local/lib/python3.12/site-packages/airflow/example_dags/tutorial_dag.py
[2025-01-25T16:31:23.199+0000] {logging_mixin.py:190} INFO - [2025-01-25T16:31:23.199+0000] {dag.py:3239} INFO - Sync 1 DAGs
[2025-01-25T16:31:23.216+0000] {logging_mixin.py:190} INFO - [2025-01-25T16:31:23.216+0000] {dag.py:4180} INFO - Setting next_dagrun for tutorial_dag to None, run_after=None
[2025-01-25T16:31:23.250+0000] {processor.py:208} INFO - Processing /home/airflow/.local/lib/python3.12/site-packages/airflow/example_dags/tutorial_dag.py took 0.094 seconds
[2025-01-25T16:31:54.288+0000] {processor.py:186} INFO - Started process (PID=426) to work on /home/airflow/.local/lib/python3.12/site-packages/airflow/example_dags/tutorial_dag.py
[2025-01-25T16:31:54.289+0000] {processor.py:914} INFO - Processing file /home/airflow/.local/lib/python3.12/site-packages/airflow/example_dags/tutorial_dag.py for tasks to queue
[2025-01-25T16:31:54.291+0000] {logging_mixin.py:190} INFO - [2025-01-25T16:31:54.291+0000] {dagbag.py:588} INFO - Filling up the DagBag from /home/airflow/.local/lib/python3.12/site-packages/airflow/example_dags/tutorial_dag.py
[2025-01-25T16:31:54.302+0000] {processor.py:925} INFO - DAG(s) 'tutorial_dag' retrieved from /home/airflow/.local/lib/python3.12/site-packages/airflow/example_dags/tutorial_dag.py
[2025-01-25T16:31:54.327+0000] {logging_mixin.py:190} INFO - [2025-01-25T16:31:54.327+0000] {dag.py:3239} INFO - Sync 1 DAGs
[2025-01-25T16:31:54.344+0000] {logging_mixin.py:190} INFO - [2025-01-25T16:31:54.344+0000] {dag.py:4180} INFO - Setting next_dagrun for tutorial_dag to None, run_after=None
[2025-01-25T16:31:54.375+0000] {processor.py:208} INFO - Processing /home/airflow/.local/lib/python3.12/site-packages/airflow/example_dags/tutorial_dag.py took 0.093 seconds
[2025-01-25T16:32:26.628+0000] {processor.py:186} INFO - Started process (PID=489) to work on /home/airflow/.local/lib/python3.12/site-packages/airflow/example_dags/tutorial_dag.py
[2025-01-25T16:32:26.629+0000] {processor.py:914} INFO - Processing file /home/airflow/.local/lib/python3.12/site-packages/airflow/example_dags/tutorial_dag.py for tasks to queue
[2025-01-25T16:32:26.631+0000] {logging_mixin.py:190} INFO - [2025-01-25T16:32:26.631+0000] {dagbag.py:588} INFO - Filling up the DagBag from /home/airflow/.local/lib/python3.12/site-packages/airflow/example_dags/tutorial_dag.py
[2025-01-25T16:32:26.637+0000] {processor.py:925} INFO - DAG(s) 'tutorial_dag' retrieved from /home/airflow/.local/lib/python3.12/site-packages/airflow/example_dags/tutorial_dag.py
[2025-01-25T16:32:26.654+0000] {logging_mixin.py:190} INFO - [2025-01-25T16:32:26.654+0000] {dag.py:3239} INFO - Sync 1 DAGs
[2025-01-25T16:32:26.667+0000] {logging_mixin.py:190} INFO - [2025-01-25T16:32:26.666+0000] {dag.py:4180} INFO - Setting next_dagrun for tutorial_dag to None, run_after=None
[2025-01-25T16:32:26.772+0000] {processor.py:208} INFO - Processing /home/airflow/.local/lib/python3.12/site-packages/airflow/example_dags/tutorial_dag.py took 0.149 seconds
[2025-01-25T16:32:57.910+0000] {processor.py:186} INFO - Started process (PID=552) to work on /home/airflow/.local/lib/python3.12/site-packages/airflow/example_dags/tutorial_dag.py
[2025-01-25T16:32:57.912+0000] {processor.py:914} INFO - Processing file /home/airflow/.local/lib/python3.12/site-packages/airflow/example_dags/tutorial_dag.py for tasks to queue
[2025-01-25T16:32:57.914+0000] {logging_mixin.py:190} INFO - [2025-01-25T16:32:57.913+0000] {dagbag.py:588} INFO - Filling up the DagBag from /home/airflow/.local/lib/python3.12/site-packages/airflow/example_dags/tutorial_dag.py
[2025-01-25T16:32:57.920+0000] {processor.py:925} INFO - DAG(s) 'tutorial_dag' retrieved from /home/airflow/.local/lib/python3.12/site-packages/airflow/example_dags/tutorial_dag.py
[2025-01-25T16:32:57.939+0000] {logging_mixin.py:190} INFO - [2025-01-25T16:32:57.938+0000] {dag.py:3239} INFO - Sync 1 DAGs
[2025-01-25T16:32:57.951+0000] {logging_mixin.py:190} INFO - [2025-01-25T16:32:57.951+0000] {dag.py:4180} INFO - Setting next_dagrun for tutorial_dag to None, run_after=None
[2025-01-25T16:32:58.077+0000] {processor.py:208} INFO - Processing /home/airflow/.local/lib/python3.12/site-packages/airflow/example_dags/tutorial_dag.py took 0.172 seconds
[2025-01-25T16:33:28.509+0000] {processor.py:186} INFO - Started process (PID=615) to work on /home/airflow/.local/lib/python3.12/site-packages/airflow/example_dags/tutorial_dag.py
[2025-01-25T16:33:28.510+0000] {processor.py:914} INFO - Processing file /home/airflow/.local/lib/python3.12/site-packages/airflow/example_dags/tutorial_dag.py for tasks to queue
[2025-01-25T16:33:28.512+0000] {logging_mixin.py:190} INFO - [2025-01-25T16:33:28.512+0000] {dagbag.py:588} INFO - Filling up the DagBag from /home/airflow/.local/lib/python3.12/site-packages/airflow/example_dags/tutorial_dag.py
[2025-01-25T16:33:28.519+0000] {processor.py:925} INFO - DAG(s) 'tutorial_dag' retrieved from /home/airflow/.local/lib/python3.12/site-packages/airflow/example_dags/tutorial_dag.py
[2025-01-25T16:33:28.537+0000] {logging_mixin.py:190} INFO - [2025-01-25T16:33:28.537+0000] {dag.py:3239} INFO - Sync 1 DAGs
[2025-01-25T16:33:28.549+0000] {logging_mixin.py:190} INFO - [2025-01-25T16:33:28.549+0000] {dag.py:4180} INFO - Setting next_dagrun for tutorial_dag to None, run_after=None
[2025-01-25T16:33:29.003+0000] {processor.py:208} INFO - Processing /home/airflow/.local/lib/python3.12/site-packages/airflow/example_dags/tutorial_dag.py took 0.498 seconds
[2025-01-25T16:33:59.318+0000] {processor.py:186} INFO - Started process (PID=678) to work on /home/airflow/.local/lib/python3.12/site-packages/airflow/example_dags/tutorial_dag.py
[2025-01-25T16:33:59.319+0000] {processor.py:914} INFO - Processing file /home/airflow/.local/lib/python3.12/site-packages/airflow/example_dags/tutorial_dag.py for tasks to queue
[2025-01-25T16:33:59.321+0000] {logging_mixin.py:190} INFO - [2025-01-25T16:33:59.321+0000] {dagbag.py:588} INFO - Filling up the DagBag from /home/airflow/.local/lib/python3.12/site-packages/airflow/example_dags/tutorial_dag.py
[2025-01-25T16:33:59.328+0000] {processor.py:925} INFO - DAG(s) 'tutorial_dag' retrieved from /home/airflow/.local/lib/python3.12/site-packages/airflow/example_dags/tutorial_dag.py
[2025-01-25T16:33:59.348+0000] {logging_mixin.py:190} INFO - [2025-01-25T16:33:59.348+0000] {dag.py:3239} INFO - Sync 1 DAGs
[2025-01-25T16:33:59.362+0000] {logging_mixin.py:190} INFO - [2025-01-25T16:33:59.362+0000] {dag.py:4180} INFO - Setting next_dagrun for tutorial_dag to None, run_after=None
[2025-01-25T16:33:59.471+0000] {processor.py:208} INFO - Processing /home/airflow/.local/lib/python3.12/site-packages/airflow/example_dags/tutorial_dag.py took 0.157 seconds
[2025-01-25T16:34:29.817+0000] {processor.py:186} INFO - Started process (PID=741) to work on /home/airflow/.local/lib/python3.12/site-packages/airflow/example_dags/tutorial_dag.py
[2025-01-25T16:34:29.818+0000] {processor.py:914} INFO - Processing file /home/airflow/.local/lib/python3.12/site-packages/airflow/example_dags/tutorial_dag.py for tasks to queue
[2025-01-25T16:34:29.820+0000] {logging_mixin.py:190} INFO - [2025-01-25T16:34:29.820+0000] {dagbag.py:588} INFO - Filling up the DagBag from /home/airflow/.local/lib/python3.12/site-packages/airflow/example_dags/tutorial_dag.py
[2025-01-25T16:34:29.827+0000] {processor.py:925} INFO - DAG(s) 'tutorial_dag' retrieved from /home/airflow/.local/lib/python3.12/site-packages/airflow/example_dags/tutorial_dag.py
[2025-01-25T16:34:29.844+0000] {logging_mixin.py:190} INFO - [2025-01-25T16:34:29.844+0000] {dag.py:3239} INFO - Sync 1 DAGs
[2025-01-25T16:34:29.857+0000] {logging_mixin.py:190} INFO - [2025-01-25T16:34:29.857+0000] {dag.py:4180} INFO - Setting next_dagrun for tutorial_dag to None, run_after=None
[2025-01-25T16:34:29.878+0000] {processor.py:208} INFO - Processing /home/airflow/.local/lib/python3.12/site-packages/airflow/example_dags/tutorial_dag.py took 0.066 seconds
[2025-01-25T16:35:00.711+0000] {processor.py:186} INFO - Started process (PID=804) to work on /home/airflow/.local/lib/python3.12/site-packages/airflow/example_dags/tutorial_dag.py
[2025-01-25T16:35:00.712+0000] {processor.py:914} INFO - Processing file /home/airflow/.local/lib/python3.12/site-packages/airflow/example_dags/tutorial_dag.py for tasks to queue
[2025-01-25T16:35:00.714+0000] {logging_mixin.py:190} INFO - [2025-01-25T16:35:00.714+0000] {dagbag.py:588} INFO - Filling up the DagBag from /home/airflow/.local/lib/python3.12/site-packages/airflow/example_dags/tutorial_dag.py
[2025-01-25T16:35:00.720+0000] {processor.py:925} INFO - DAG(s) 'tutorial_dag' retrieved from /home/airflow/.local/lib/python3.12/site-packages/airflow/example_dags/tutorial_dag.py
[2025-01-25T16:35:00.738+0000] {logging_mixin.py:190} INFO - [2025-01-25T16:35:00.738+0000] {dag.py:3239} INFO - Sync 1 DAGs
[2025-01-25T16:35:00.751+0000] {logging_mixin.py:190} INFO - [2025-01-25T16:35:00.751+0000] {dag.py:4180} INFO - Setting next_dagrun for tutorial_dag to None, run_after=None
[2025-01-25T16:35:00.885+0000] {processor.py:208} INFO - Processing /home/airflow/.local/lib/python3.12/site-packages/airflow/example_dags/tutorial_dag.py took 0.180 seconds
[2025-01-25T16:35:31.458+0000] {processor.py:186} INFO - Started process (PID=867) to work on /home/airflow/.local/lib/python3.12/site-packages/airflow/example_dags/tutorial_dag.py
[2025-01-25T16:35:31.459+0000] {processor.py:914} INFO - Processing file /home/airflow/.local/lib/python3.12/site-packages/airflow/example_dags/tutorial_dag.py for tasks to queue
[2025-01-25T16:35:31.461+0000] {logging_mixin.py:190} INFO - [2025-01-25T16:35:31.461+0000] {dagbag.py:588} INFO - Filling up the DagBag from /home/airflow/.local/lib/python3.12/site-packages/airflow/example_dags/tutorial_dag.py
[2025-01-25T16:35:31.469+0000] {processor.py:925} INFO - DAG(s) 'tutorial_dag' retrieved from /home/airflow/.local/lib/python3.12/site-packages/airflow/example_dags/tutorial_dag.py
[2025-01-25T16:35:31.487+0000] {logging_mixin.py:190} INFO - [2025-01-25T16:35:31.487+0000] {dag.py:3239} INFO - Sync 1 DAGs
[2025-01-25T16:35:31.500+0000] {logging_mixin.py:190} INFO - [2025-01-25T16:35:31.500+0000] {dag.py:4180} INFO - Setting next_dagrun for tutorial_dag to None, run_after=None
[2025-01-25T16:35:31.613+0000] {processor.py:208} INFO - Processing /home/airflow/.local/lib/python3.12/site-packages/airflow/example_dags/tutorial_dag.py took 0.160 seconds
[2025-01-25T16:36:02.586+0000] {processor.py:186} INFO - Started process (PID=930) to work on /home/airflow/.local/lib/python3.12/site-packages/airflow/example_dags/tutorial_dag.py
[2025-01-25T16:36:02.587+0000] {processor.py:914} INFO - Processing file /home/airflow/.local/lib/python3.12/site-packages/airflow/example_dags/tutorial_dag.py for tasks to queue
[2025-01-25T16:36:02.589+0000] {logging_mixin.py:190} INFO - [2025-01-25T16:36:02.589+0000] {dagbag.py:588} INFO - Filling up the DagBag from /home/airflow/.local/lib/python3.12/site-packages/airflow/example_dags/tutorial_dag.py
[2025-01-25T16:36:02.595+0000] {processor.py:925} INFO - DAG(s) 'tutorial_dag' retrieved from /home/airflow/.local/lib/python3.12/site-packages/airflow/example_dags/tutorial_dag.py
[2025-01-25T16:36:02.613+0000] {logging_mixin.py:190} INFO - [2025-01-25T16:36:02.612+0000] {dag.py:3239} INFO - Sync 1 DAGs
[2025-01-25T16:36:02.626+0000] {logging_mixin.py:190} INFO - [2025-01-25T16:36:02.625+0000] {dag.py:4180} INFO - Setting next_dagrun for tutorial_dag to None, run_after=None
[2025-01-25T16:36:02.746+0000] {processor.py:208} INFO - Processing /home/airflow/.local/lib/python3.12/site-packages/airflow/example_dags/tutorial_dag.py took 0.165 seconds
[2025-01-25T16:36:32.906+0000] {processor.py:186} INFO - Started process (PID=993) to work on /home/airflow/.local/lib/python3.12/site-packages/airflow/example_dags/tutorial_dag.py
[2025-01-25T16:36:32.906+0000] {processor.py:914} INFO - Processing file /home/airflow/.local/lib/python3.12/site-packages/airflow/example_dags/tutorial_dag.py for tasks to queue
[2025-01-25T16:36:32.909+0000] {logging_mixin.py:190} INFO - [2025-01-25T16:36:32.908+0000] {dagbag.py:588} INFO - Filling up the DagBag from /home/airflow/.local/lib/python3.12/site-packages/airflow/example_dags/tutorial_dag.py
[2025-01-25T16:36:32.916+0000] {processor.py:925} INFO - DAG(s) 'tutorial_dag' retrieved from /home/airflow/.local/lib/python3.12/site-packages/airflow/example_dags/tutorial_dag.py
[2025-01-25T16:36:32.936+0000] {logging_mixin.py:190} INFO - [2025-01-25T16:36:32.936+0000] {dag.py:3239} INFO - Sync 1 DAGs
[2025-01-25T16:36:32.951+0000] {logging_mixin.py:190} INFO - [2025-01-25T16:36:32.951+0000] {dag.py:4180} INFO - Setting next_dagrun for tutorial_dag to None, run_after=None
[2025-01-25T16:36:32.976+0000] {processor.py:208} INFO - Processing /home/airflow/.local/lib/python3.12/site-packages/airflow/example_dags/tutorial_dag.py took 0.075 seconds
[2025-01-25T16:37:03.052+0000] {processor.py:186} INFO - Started process (PID=1056) to work on /home/airflow/.local/lib/python3.12/site-packages/airflow/example_dags/tutorial_dag.py
[2025-01-25T16:37:03.053+0000] {processor.py:914} INFO - Processing file /home/airflow/.local/lib/python3.12/site-packages/airflow/example_dags/tutorial_dag.py for tasks to queue
[2025-01-25T16:37:03.055+0000] {logging_mixin.py:190} INFO - [2025-01-25T16:37:03.054+0000] {dagbag.py:588} INFO - Filling up the DagBag from /home/airflow/.local/lib/python3.12/site-packages/airflow/example_dags/tutorial_dag.py
[2025-01-25T16:37:03.062+0000] {processor.py:925} INFO - DAG(s) 'tutorial_dag' retrieved from /home/airflow/.local/lib/python3.12/site-packages/airflow/example_dags/tutorial_dag.py
[2025-01-25T16:37:03.079+0000] {logging_mixin.py:190} INFO - [2025-01-25T16:37:03.079+0000] {dag.py:3239} INFO - Sync 1 DAGs
[2025-01-25T16:37:03.092+0000] {logging_mixin.py:190} INFO - [2025-01-25T16:37:03.092+0000] {dag.py:4180} INFO - Setting next_dagrun for tutorial_dag to None, run_after=None
[2025-01-25T16:37:03.307+0000] {processor.py:208} INFO - Processing /home/airflow/.local/lib/python3.12/site-packages/airflow/example_dags/tutorial_dag.py took 0.260 seconds
[2025-01-25T16:37:33.534+0000] {processor.py:186} INFO - Started process (PID=1119) to work on /home/airflow/.local/lib/python3.12/site-packages/airflow/example_dags/tutorial_dag.py
[2025-01-25T16:37:33.535+0000] {processor.py:914} INFO - Processing file /home/airflow/.local/lib/python3.12/site-packages/airflow/example_dags/tutorial_dag.py for tasks to queue
[2025-01-25T16:37:33.537+0000] {logging_mixin.py:190} INFO - [2025-01-25T16:37:33.537+0000] {dagbag.py:588} INFO - Filling up the DagBag from /home/airflow/.local/lib/python3.12/site-packages/airflow/example_dags/tutorial_dag.py
[2025-01-25T16:37:33.544+0000] {processor.py:925} INFO - DAG(s) 'tutorial_dag' retrieved from /home/airflow/.local/lib/python3.12/site-packages/airflow/example_dags/tutorial_dag.py
[2025-01-25T16:37:33.562+0000] {logging_mixin.py:190} INFO - [2025-01-25T16:37:33.562+0000] {dag.py:3239} INFO - Sync 1 DAGs
[2025-01-25T16:37:33.576+0000] {logging_mixin.py:190} INFO - [2025-01-25T16:37:33.575+0000] {dag.py:4180} INFO - Setting next_dagrun for tutorial_dag to None, run_after=None
[2025-01-25T16:37:33.755+0000] {processor.py:208} INFO - Processing /home/airflow/.local/lib/python3.12/site-packages/airflow/example_dags/tutorial_dag.py took 0.226 seconds
