[2025-01-25T16:28:56.920+0000] {processor.py:186} INFO - Started process (PID=70) to work on /home/airflow/.local/lib/python3.12/site-packages/airflow/example_dags/tutorial_objectstorage.py
[2025-01-25T16:28:56.921+0000] {processor.py:914} INFO - Processing file /home/airflow/.local/lib/python3.12/site-packages/airflow/example_dags/tutorial_objectstorage.py for tasks to queue
[2025-01-25T16:28:56.924+0000] {logging_mixin.py:190} INFO - [2025-01-25T16:28:56.923+0000] {dagbag.py:588} INFO - Filling up the DagBag from /home/airflow/.local/lib/python3.12/site-packages/airflow/example_dags/tutorial_objectstorage.py
[2025-01-25T16:28:56.935+0000] {processor.py:925} INFO - DAG(s) 'tutorial_objectstorage' retrieved from /home/airflow/.local/lib/python3.12/site-packages/airflow/example_dags/tutorial_objectstorage.py
[2025-01-25T16:28:57.053+0000] {logging_mixin.py:190} INFO - [2025-01-25T16:28:57.053+0000] {override.py:1911} INFO - Created Permission View: can delete on DAG:tutorial_objectstorage
[2025-01-25T16:28:57.071+0000] {logging_mixin.py:190} INFO - [2025-01-25T16:28:57.070+0000] {override.py:1911} INFO - Created Permission View: can read on DAG:tutorial_objectstorage
[2025-01-25T16:28:57.083+0000] {logging_mixin.py:190} INFO - [2025-01-25T16:28:57.082+0000] {override.py:1911} INFO - Created Permission View: can edit on DAG:tutorial_objectstorage
[2025-01-25T16:28:57.099+0000] {logging_mixin.py:190} INFO - [2025-01-25T16:28:57.099+0000] {override.py:1911} INFO - Created Permission View: can delete on DAG Run:tutorial_objectstorage
[2025-01-25T16:28:57.111+0000] {logging_mixin.py:190} INFO - [2025-01-25T16:28:57.111+0000] {override.py:1911} INFO - Created Permission View: can create on DAG Run:tutorial_objectstorage
[2025-01-25T16:28:57.124+0000] {logging_mixin.py:190} INFO - [2025-01-25T16:28:57.123+0000] {override.py:1911} INFO - Created Permission View: menu access on DAG Run:tutorial_objectstorage
[2025-01-25T16:28:57.138+0000] {logging_mixin.py:190} INFO - [2025-01-25T16:28:57.138+0000] {override.py:1911} INFO - Created Permission View: can read on DAG Run:tutorial_objectstorage
[2025-01-25T16:28:57.139+0000] {logging_mixin.py:190} INFO - [2025-01-25T16:28:57.139+0000] {dag.py:3239} INFO - Sync 1 DAGs
[2025-01-25T16:28:57.152+0000] {logging_mixin.py:190} INFO - [2025-01-25T16:28:57.151+0000] {dag.py:3262} INFO - Creating ORM DAG for tutorial_objectstorage
[2025-01-25T16:28:57.153+0000] {logging_mixin.py:190} INFO - [2025-01-25T16:28:57.153+0000] {dag.py:4180} INFO - Setting next_dagrun for tutorial_objectstorage to None, run_after=None
[2025-01-25T16:28:57.181+0000] {processor.py:208} INFO - Processing /home/airflow/.local/lib/python3.12/site-packages/airflow/example_dags/tutorial_objectstorage.py took 0.266 seconds
[2025-01-25T16:29:27.654+0000] {processor.py:186} INFO - Started process (PID=133) to work on /home/airflow/.local/lib/python3.12/site-packages/airflow/example_dags/tutorial_objectstorage.py
[2025-01-25T16:29:27.655+0000] {processor.py:914} INFO - Processing file /home/airflow/.local/lib/python3.12/site-packages/airflow/example_dags/tutorial_objectstorage.py for tasks to queue
[2025-01-25T16:29:27.661+0000] {logging_mixin.py:190} INFO - [2025-01-25T16:29:27.659+0000] {dagbag.py:588} INFO - Filling up the DagBag from /home/airflow/.local/lib/python3.12/site-packages/airflow/example_dags/tutorial_objectstorage.py
[2025-01-25T16:29:27.673+0000] {processor.py:925} INFO - DAG(s) 'tutorial_objectstorage' retrieved from /home/airflow/.local/lib/python3.12/site-packages/airflow/example_dags/tutorial_objectstorage.py
[2025-01-25T16:29:27.703+0000] {logging_mixin.py:190} INFO - [2025-01-25T16:29:27.702+0000] {dag.py:3239} INFO - Sync 1 DAGs
[2025-01-25T16:29:27.723+0000] {logging_mixin.py:190} INFO - [2025-01-25T16:29:27.722+0000] {dag.py:4180} INFO - Setting next_dagrun for tutorial_objectstorage to None, run_after=None
[2025-01-25T16:29:27.758+0000] {processor.py:208} INFO - Processing /home/airflow/.local/lib/python3.12/site-packages/airflow/example_dags/tutorial_objectstorage.py took 0.112 seconds
[2025-01-25T16:29:58.981+0000] {processor.py:186} INFO - Started process (PID=196) to work on /home/airflow/.local/lib/python3.12/site-packages/airflow/example_dags/tutorial_objectstorage.py
[2025-01-25T16:29:59.056+0000] {processor.py:914} INFO - Processing file /home/airflow/.local/lib/python3.12/site-packages/airflow/example_dags/tutorial_objectstorage.py for tasks to queue
[2025-01-25T16:29:59.059+0000] {logging_mixin.py:190} INFO - [2025-01-25T16:29:59.058+0000] {dagbag.py:588} INFO - Filling up the DagBag from /home/airflow/.local/lib/python3.12/site-packages/airflow/example_dags/tutorial_objectstorage.py
[2025-01-25T16:29:59.072+0000] {processor.py:925} INFO - DAG(s) 'tutorial_objectstorage' retrieved from /home/airflow/.local/lib/python3.12/site-packages/airflow/example_dags/tutorial_objectstorage.py
[2025-01-25T16:29:59.094+0000] {logging_mixin.py:190} INFO - [2025-01-25T16:29:59.093+0000] {dag.py:3239} INFO - Sync 1 DAGs
[2025-01-25T16:29:59.108+0000] {logging_mixin.py:190} INFO - [2025-01-25T16:29:59.108+0000] {dag.py:4180} INFO - Setting next_dagrun for tutorial_objectstorage to None, run_after=None
[2025-01-25T16:29:59.455+0000] {processor.py:208} INFO - Processing /home/airflow/.local/lib/python3.12/site-packages/airflow/example_dags/tutorial_objectstorage.py took 0.481 seconds
[2025-01-25T16:30:29.931+0000] {processor.py:186} INFO - Started process (PID=259) to work on /home/airflow/.local/lib/python3.12/site-packages/airflow/example_dags/tutorial_objectstorage.py
[2025-01-25T16:30:29.932+0000] {processor.py:914} INFO - Processing file /home/airflow/.local/lib/python3.12/site-packages/airflow/example_dags/tutorial_objectstorage.py for tasks to queue
[2025-01-25T16:30:29.935+0000] {logging_mixin.py:190} INFO - [2025-01-25T16:30:29.934+0000] {dagbag.py:588} INFO - Filling up the DagBag from /home/airflow/.local/lib/python3.12/site-packages/airflow/example_dags/tutorial_objectstorage.py
[2025-01-25T16:30:29.943+0000] {processor.py:925} INFO - DAG(s) 'tutorial_objectstorage' retrieved from /home/airflow/.local/lib/python3.12/site-packages/airflow/example_dags/tutorial_objectstorage.py
[2025-01-25T16:30:29.962+0000] {logging_mixin.py:190} INFO - [2025-01-25T16:30:29.962+0000] {dag.py:3239} INFO - Sync 1 DAGs
[2025-01-25T16:30:29.977+0000] {logging_mixin.py:190} INFO - [2025-01-25T16:30:29.976+0000] {dag.py:4180} INFO - Setting next_dagrun for tutorial_objectstorage to None, run_after=None
[2025-01-25T16:30:30.525+0000] {processor.py:208} INFO - Processing /home/airflow/.local/lib/python3.12/site-packages/airflow/example_dags/tutorial_objectstorage.py took 0.599 seconds
[2025-01-25T16:31:00.827+0000] {processor.py:186} INFO - Started process (PID=321) to work on /home/airflow/.local/lib/python3.12/site-packages/airflow/example_dags/tutorial_objectstorage.py
[2025-01-25T16:31:00.828+0000] {processor.py:914} INFO - Processing file /home/airflow/.local/lib/python3.12/site-packages/airflow/example_dags/tutorial_objectstorage.py for tasks to queue
[2025-01-25T16:31:00.831+0000] {logging_mixin.py:190} INFO - [2025-01-25T16:31:00.830+0000] {dagbag.py:588} INFO - Filling up the DagBag from /home/airflow/.local/lib/python3.12/site-packages/airflow/example_dags/tutorial_objectstorage.py
[2025-01-25T16:31:00.840+0000] {processor.py:925} INFO - DAG(s) 'tutorial_objectstorage' retrieved from /home/airflow/.local/lib/python3.12/site-packages/airflow/example_dags/tutorial_objectstorage.py
[2025-01-25T16:31:00.861+0000] {logging_mixin.py:190} INFO - [2025-01-25T16:31:00.860+0000] {dag.py:3239} INFO - Sync 1 DAGs
[2025-01-25T16:31:00.876+0000] {logging_mixin.py:190} INFO - [2025-01-25T16:31:00.876+0000] {dag.py:4180} INFO - Setting next_dagrun for tutorial_objectstorage to None, run_after=None
[2025-01-25T16:31:00.910+0000] {processor.py:208} INFO - Processing /home/airflow/.local/lib/python3.12/site-packages/airflow/example_dags/tutorial_objectstorage.py took 0.088 seconds
[2025-01-25T16:31:31.542+0000] {processor.py:186} INFO - Started process (PID=384) to work on /home/airflow/.local/lib/python3.12/site-packages/airflow/example_dags/tutorial_objectstorage.py
[2025-01-25T16:31:31.543+0000] {processor.py:914} INFO - Processing file /home/airflow/.local/lib/python3.12/site-packages/airflow/example_dags/tutorial_objectstorage.py for tasks to queue
[2025-01-25T16:31:31.546+0000] {logging_mixin.py:190} INFO - [2025-01-25T16:31:31.545+0000] {dagbag.py:588} INFO - Filling up the DagBag from /home/airflow/.local/lib/python3.12/site-packages/airflow/example_dags/tutorial_objectstorage.py
[2025-01-25T16:31:31.554+0000] {processor.py:925} INFO - DAG(s) 'tutorial_objectstorage' retrieved from /home/airflow/.local/lib/python3.12/site-packages/airflow/example_dags/tutorial_objectstorage.py
[2025-01-25T16:31:31.571+0000] {logging_mixin.py:190} INFO - [2025-01-25T16:31:31.571+0000] {dag.py:3239} INFO - Sync 1 DAGs
[2025-01-25T16:31:31.584+0000] {logging_mixin.py:190} INFO - [2025-01-25T16:31:31.584+0000] {dag.py:4180} INFO - Setting next_dagrun for tutorial_objectstorage to None, run_after=None
[2025-01-25T16:31:31.607+0000] {processor.py:208} INFO - Processing /home/airflow/.local/lib/python3.12/site-packages/airflow/example_dags/tutorial_objectstorage.py took 0.070 seconds
[2025-01-25T16:32:03.051+0000] {processor.py:186} INFO - Started process (PID=447) to work on /home/airflow/.local/lib/python3.12/site-packages/airflow/example_dags/tutorial_objectstorage.py
[2025-01-25T16:32:03.052+0000] {processor.py:914} INFO - Processing file /home/airflow/.local/lib/python3.12/site-packages/airflow/example_dags/tutorial_objectstorage.py for tasks to queue
[2025-01-25T16:32:03.054+0000] {logging_mixin.py:190} INFO - [2025-01-25T16:32:03.054+0000] {dagbag.py:588} INFO - Filling up the DagBag from /home/airflow/.local/lib/python3.12/site-packages/airflow/example_dags/tutorial_objectstorage.py
[2025-01-25T16:32:03.062+0000] {processor.py:925} INFO - DAG(s) 'tutorial_objectstorage' retrieved from /home/airflow/.local/lib/python3.12/site-packages/airflow/example_dags/tutorial_objectstorage.py
[2025-01-25T16:32:03.080+0000] {logging_mixin.py:190} INFO - [2025-01-25T16:32:03.079+0000] {dag.py:3239} INFO - Sync 1 DAGs
[2025-01-25T16:32:03.093+0000] {logging_mixin.py:190} INFO - [2025-01-25T16:32:03.093+0000] {dag.py:4180} INFO - Setting next_dagrun for tutorial_objectstorage to None, run_after=None
[2025-01-25T16:32:03.131+0000] {processor.py:208} INFO - Processing /home/airflow/.local/lib/python3.12/site-packages/airflow/example_dags/tutorial_objectstorage.py took 0.086 seconds
[2025-01-25T16:32:33.595+0000] {processor.py:186} INFO - Started process (PID=510) to work on /home/airflow/.local/lib/python3.12/site-packages/airflow/example_dags/tutorial_objectstorage.py
[2025-01-25T16:32:33.596+0000] {processor.py:914} INFO - Processing file /home/airflow/.local/lib/python3.12/site-packages/airflow/example_dags/tutorial_objectstorage.py for tasks to queue
[2025-01-25T16:32:33.598+0000] {logging_mixin.py:190} INFO - [2025-01-25T16:32:33.598+0000] {dagbag.py:588} INFO - Filling up the DagBag from /home/airflow/.local/lib/python3.12/site-packages/airflow/example_dags/tutorial_objectstorage.py
[2025-01-25T16:32:33.605+0000] {processor.py:925} INFO - DAG(s) 'tutorial_objectstorage' retrieved from /home/airflow/.local/lib/python3.12/site-packages/airflow/example_dags/tutorial_objectstorage.py
[2025-01-25T16:32:33.622+0000] {logging_mixin.py:190} INFO - [2025-01-25T16:32:33.622+0000] {dag.py:3239} INFO - Sync 1 DAGs
[2025-01-25T16:32:33.635+0000] {logging_mixin.py:190} INFO - [2025-01-25T16:32:33.635+0000] {dag.py:4180} INFO - Setting next_dagrun for tutorial_objectstorage to None, run_after=None
[2025-01-25T16:32:33.732+0000] {processor.py:208} INFO - Processing /home/airflow/.local/lib/python3.12/site-packages/airflow/example_dags/tutorial_objectstorage.py took 0.142 seconds
[2025-01-25T16:33:04.844+0000] {processor.py:186} INFO - Started process (PID=573) to work on /home/airflow/.local/lib/python3.12/site-packages/airflow/example_dags/tutorial_objectstorage.py
[2025-01-25T16:33:04.845+0000] {processor.py:914} INFO - Processing file /home/airflow/.local/lib/python3.12/site-packages/airflow/example_dags/tutorial_objectstorage.py for tasks to queue
[2025-01-25T16:33:04.847+0000] {logging_mixin.py:190} INFO - [2025-01-25T16:33:04.847+0000] {dagbag.py:588} INFO - Filling up the DagBag from /home/airflow/.local/lib/python3.12/site-packages/airflow/example_dags/tutorial_objectstorage.py
[2025-01-25T16:33:04.854+0000] {processor.py:925} INFO - DAG(s) 'tutorial_objectstorage' retrieved from /home/airflow/.local/lib/python3.12/site-packages/airflow/example_dags/tutorial_objectstorage.py
[2025-01-25T16:33:04.871+0000] {logging_mixin.py:190} INFO - [2025-01-25T16:33:04.870+0000] {dag.py:3239} INFO - Sync 1 DAGs
[2025-01-25T16:33:04.883+0000] {logging_mixin.py:190} INFO - [2025-01-25T16:33:04.883+0000] {dag.py:4180} INFO - Setting next_dagrun for tutorial_objectstorage to None, run_after=None
[2025-01-25T16:33:04.988+0000] {processor.py:208} INFO - Processing /home/airflow/.local/lib/python3.12/site-packages/airflow/example_dags/tutorial_objectstorage.py took 0.149 seconds
[2025-01-25T16:33:35.887+0000] {processor.py:186} INFO - Started process (PID=636) to work on /home/airflow/.local/lib/python3.12/site-packages/airflow/example_dags/tutorial_objectstorage.py
[2025-01-25T16:33:35.888+0000] {processor.py:914} INFO - Processing file /home/airflow/.local/lib/python3.12/site-packages/airflow/example_dags/tutorial_objectstorage.py for tasks to queue
[2025-01-25T16:33:35.890+0000] {logging_mixin.py:190} INFO - [2025-01-25T16:33:35.890+0000] {dagbag.py:588} INFO - Filling up the DagBag from /home/airflow/.local/lib/python3.12/site-packages/airflow/example_dags/tutorial_objectstorage.py
[2025-01-25T16:33:35.897+0000] {processor.py:925} INFO - DAG(s) 'tutorial_objectstorage' retrieved from /home/airflow/.local/lib/python3.12/site-packages/airflow/example_dags/tutorial_objectstorage.py
[2025-01-25T16:33:35.914+0000] {logging_mixin.py:190} INFO - [2025-01-25T16:33:35.914+0000] {dag.py:3239} INFO - Sync 1 DAGs
[2025-01-25T16:33:35.927+0000] {logging_mixin.py:190} INFO - [2025-01-25T16:33:35.926+0000] {dag.py:4180} INFO - Setting next_dagrun for tutorial_objectstorage to None, run_after=None
[2025-01-25T16:33:36.036+0000] {processor.py:208} INFO - Processing /home/airflow/.local/lib/python3.12/site-packages/airflow/example_dags/tutorial_objectstorage.py took 0.153 seconds
[2025-01-25T16:34:07.239+0000] {processor.py:186} INFO - Started process (PID=699) to work on /home/airflow/.local/lib/python3.12/site-packages/airflow/example_dags/tutorial_objectstorage.py
[2025-01-25T16:34:07.240+0000] {processor.py:914} INFO - Processing file /home/airflow/.local/lib/python3.12/site-packages/airflow/example_dags/tutorial_objectstorage.py for tasks to queue
[2025-01-25T16:34:07.242+0000] {logging_mixin.py:190} INFO - [2025-01-25T16:34:07.241+0000] {dagbag.py:588} INFO - Filling up the DagBag from /home/airflow/.local/lib/python3.12/site-packages/airflow/example_dags/tutorial_objectstorage.py
[2025-01-25T16:34:07.249+0000] {processor.py:925} INFO - DAG(s) 'tutorial_objectstorage' retrieved from /home/airflow/.local/lib/python3.12/site-packages/airflow/example_dags/tutorial_objectstorage.py
[2025-01-25T16:34:07.265+0000] {logging_mixin.py:190} INFO - [2025-01-25T16:34:07.265+0000] {dag.py:3239} INFO - Sync 1 DAGs
[2025-01-25T16:34:07.278+0000] {logging_mixin.py:190} INFO - [2025-01-25T16:34:07.278+0000] {dag.py:4180} INFO - Setting next_dagrun for tutorial_objectstorage to None, run_after=None
[2025-01-25T16:34:07.815+0000] {processor.py:208} INFO - Processing /home/airflow/.local/lib/python3.12/site-packages/airflow/example_dags/tutorial_objectstorage.py took 0.581 seconds
[2025-01-25T16:34:37.996+0000] {processor.py:186} INFO - Started process (PID=762) to work on /home/airflow/.local/lib/python3.12/site-packages/airflow/example_dags/tutorial_objectstorage.py
[2025-01-25T16:34:37.997+0000] {processor.py:914} INFO - Processing file /home/airflow/.local/lib/python3.12/site-packages/airflow/example_dags/tutorial_objectstorage.py for tasks to queue
[2025-01-25T16:34:38.000+0000] {logging_mixin.py:190} INFO - [2025-01-25T16:34:37.999+0000] {dagbag.py:588} INFO - Filling up the DagBag from /home/airflow/.local/lib/python3.12/site-packages/airflow/example_dags/tutorial_objectstorage.py
[2025-01-25T16:34:38.007+0000] {processor.py:925} INFO - DAG(s) 'tutorial_objectstorage' retrieved from /home/airflow/.local/lib/python3.12/site-packages/airflow/example_dags/tutorial_objectstorage.py
[2025-01-25T16:34:38.024+0000] {logging_mixin.py:190} INFO - [2025-01-25T16:34:38.023+0000] {dag.py:3239} INFO - Sync 1 DAGs
[2025-01-25T16:34:38.036+0000] {logging_mixin.py:190} INFO - [2025-01-25T16:34:38.035+0000] {dag.py:4180} INFO - Setting next_dagrun for tutorial_objectstorage to None, run_after=None
[2025-01-25T16:34:38.156+0000] {processor.py:208} INFO - Processing /home/airflow/.local/lib/python3.12/site-packages/airflow/example_dags/tutorial_objectstorage.py took 0.165 seconds
[2025-01-25T16:35:08.277+0000] {processor.py:186} INFO - Started process (PID=825) to work on /home/airflow/.local/lib/python3.12/site-packages/airflow/example_dags/tutorial_objectstorage.py
[2025-01-25T16:35:08.279+0000] {processor.py:914} INFO - Processing file /home/airflow/.local/lib/python3.12/site-packages/airflow/example_dags/tutorial_objectstorage.py for tasks to queue
[2025-01-25T16:35:08.281+0000] {logging_mixin.py:190} INFO - [2025-01-25T16:35:08.280+0000] {dagbag.py:588} INFO - Filling up the DagBag from /home/airflow/.local/lib/python3.12/site-packages/airflow/example_dags/tutorial_objectstorage.py
[2025-01-25T16:35:08.288+0000] {processor.py:925} INFO - DAG(s) 'tutorial_objectstorage' retrieved from /home/airflow/.local/lib/python3.12/site-packages/airflow/example_dags/tutorial_objectstorage.py
[2025-01-25T16:35:08.304+0000] {logging_mixin.py:190} INFO - [2025-01-25T16:35:08.304+0000] {dag.py:3239} INFO - Sync 1 DAGs
[2025-01-25T16:35:08.317+0000] {logging_mixin.py:190} INFO - [2025-01-25T16:35:08.317+0000] {dag.py:4180} INFO - Setting next_dagrun for tutorial_objectstorage to None, run_after=None
[2025-01-25T16:35:08.356+0000] {processor.py:208} INFO - Processing /home/airflow/.local/lib/python3.12/site-packages/airflow/example_dags/tutorial_objectstorage.py took 0.083 seconds
[2025-01-25T16:35:38.585+0000] {processor.py:186} INFO - Started process (PID=888) to work on /home/airflow/.local/lib/python3.12/site-packages/airflow/example_dags/tutorial_objectstorage.py
[2025-01-25T16:35:38.586+0000] {processor.py:914} INFO - Processing file /home/airflow/.local/lib/python3.12/site-packages/airflow/example_dags/tutorial_objectstorage.py for tasks to queue
[2025-01-25T16:35:38.588+0000] {logging_mixin.py:190} INFO - [2025-01-25T16:35:38.587+0000] {dagbag.py:588} INFO - Filling up the DagBag from /home/airflow/.local/lib/python3.12/site-packages/airflow/example_dags/tutorial_objectstorage.py
[2025-01-25T16:35:38.595+0000] {processor.py:925} INFO - DAG(s) 'tutorial_objectstorage' retrieved from /home/airflow/.local/lib/python3.12/site-packages/airflow/example_dags/tutorial_objectstorage.py
[2025-01-25T16:35:38.612+0000] {logging_mixin.py:190} INFO - [2025-01-25T16:35:38.612+0000] {dag.py:3239} INFO - Sync 1 DAGs
[2025-01-25T16:35:38.624+0000] {logging_mixin.py:190} INFO - [2025-01-25T16:35:38.624+0000] {dag.py:4180} INFO - Setting next_dagrun for tutorial_objectstorage to None, run_after=None
[2025-01-25T16:35:38.645+0000] {processor.py:208} INFO - Processing /home/airflow/.local/lib/python3.12/site-packages/airflow/example_dags/tutorial_objectstorage.py took 0.065 seconds
[2025-01-25T16:36:11.870+0000] {processor.py:186} INFO - Started process (PID=951) to work on /home/airflow/.local/lib/python3.12/site-packages/airflow/example_dags/tutorial_objectstorage.py
[2025-01-25T16:36:11.871+0000] {processor.py:914} INFO - Processing file /home/airflow/.local/lib/python3.12/site-packages/airflow/example_dags/tutorial_objectstorage.py for tasks to queue
[2025-01-25T16:36:11.873+0000] {logging_mixin.py:190} INFO - [2025-01-25T16:36:11.873+0000] {dagbag.py:588} INFO - Filling up the DagBag from /home/airflow/.local/lib/python3.12/site-packages/airflow/example_dags/tutorial_objectstorage.py
[2025-01-25T16:36:11.881+0000] {processor.py:925} INFO - DAG(s) 'tutorial_objectstorage' retrieved from /home/airflow/.local/lib/python3.12/site-packages/airflow/example_dags/tutorial_objectstorage.py
[2025-01-25T16:36:11.898+0000] {logging_mixin.py:190} INFO - [2025-01-25T16:36:11.898+0000] {dag.py:3239} INFO - Sync 1 DAGs
[2025-01-25T16:36:11.911+0000] {logging_mixin.py:190} INFO - [2025-01-25T16:36:11.911+0000] {dag.py:4180} INFO - Setting next_dagrun for tutorial_objectstorage to None, run_after=None
[2025-01-25T16:36:12.017+0000] {processor.py:208} INFO - Processing /home/airflow/.local/lib/python3.12/site-packages/airflow/example_dags/tutorial_objectstorage.py took 0.152 seconds
[2025-01-25T16:36:42.806+0000] {processor.py:186} INFO - Started process (PID=1014) to work on /home/airflow/.local/lib/python3.12/site-packages/airflow/example_dags/tutorial_objectstorage.py
[2025-01-25T16:36:42.807+0000] {processor.py:914} INFO - Processing file /home/airflow/.local/lib/python3.12/site-packages/airflow/example_dags/tutorial_objectstorage.py for tasks to queue
[2025-01-25T16:36:42.809+0000] {logging_mixin.py:190} INFO - [2025-01-25T16:36:42.809+0000] {dagbag.py:588} INFO - Filling up the DagBag from /home/airflow/.local/lib/python3.12/site-packages/airflow/example_dags/tutorial_objectstorage.py
[2025-01-25T16:36:42.818+0000] {processor.py:925} INFO - DAG(s) 'tutorial_objectstorage' retrieved from /home/airflow/.local/lib/python3.12/site-packages/airflow/example_dags/tutorial_objectstorage.py
[2025-01-25T16:36:42.834+0000] {logging_mixin.py:190} INFO - [2025-01-25T16:36:42.834+0000] {dag.py:3239} INFO - Sync 1 DAGs
[2025-01-25T16:36:42.848+0000] {logging_mixin.py:190} INFO - [2025-01-25T16:36:42.848+0000] {dag.py:4180} INFO - Setting next_dagrun for tutorial_objectstorage to None, run_after=None
[2025-01-25T16:36:43.608+0000] {processor.py:208} INFO - Processing /home/airflow/.local/lib/python3.12/site-packages/airflow/example_dags/tutorial_objectstorage.py took 0.807 seconds
[2025-01-25T16:37:14.274+0000] {processor.py:186} INFO - Started process (PID=1077) to work on /home/airflow/.local/lib/python3.12/site-packages/airflow/example_dags/tutorial_objectstorage.py
[2025-01-25T16:37:14.275+0000] {processor.py:914} INFO - Processing file /home/airflow/.local/lib/python3.12/site-packages/airflow/example_dags/tutorial_objectstorage.py for tasks to queue
[2025-01-25T16:37:14.277+0000] {logging_mixin.py:190} INFO - [2025-01-25T16:37:14.277+0000] {dagbag.py:588} INFO - Filling up the DagBag from /home/airflow/.local/lib/python3.12/site-packages/airflow/example_dags/tutorial_objectstorage.py
[2025-01-25T16:37:14.285+0000] {processor.py:925} INFO - DAG(s) 'tutorial_objectstorage' retrieved from /home/airflow/.local/lib/python3.12/site-packages/airflow/example_dags/tutorial_objectstorage.py
[2025-01-25T16:37:14.308+0000] {logging_mixin.py:190} INFO - [2025-01-25T16:37:14.308+0000] {dag.py:3239} INFO - Sync 1 DAGs
[2025-01-25T16:37:14.321+0000] {logging_mixin.py:190} INFO - [2025-01-25T16:37:14.321+0000] {dag.py:4180} INFO - Setting next_dagrun for tutorial_objectstorage to None, run_after=None
[2025-01-25T16:37:14.462+0000] {processor.py:208} INFO - Processing /home/airflow/.local/lib/python3.12/site-packages/airflow/example_dags/tutorial_objectstorage.py took 0.193 seconds
[2025-01-25T16:37:45.090+0000] {processor.py:186} INFO - Started process (PID=1140) to work on /home/airflow/.local/lib/python3.12/site-packages/airflow/example_dags/tutorial_objectstorage.py
[2025-01-25T16:37:45.091+0000] {processor.py:914} INFO - Processing file /home/airflow/.local/lib/python3.12/site-packages/airflow/example_dags/tutorial_objectstorage.py for tasks to queue
[2025-01-25T16:37:45.093+0000] {logging_mixin.py:190} INFO - [2025-01-25T16:37:45.093+0000] {dagbag.py:588} INFO - Filling up the DagBag from /home/airflow/.local/lib/python3.12/site-packages/airflow/example_dags/tutorial_objectstorage.py
[2025-01-25T16:37:45.101+0000] {processor.py:925} INFO - DAG(s) 'tutorial_objectstorage' retrieved from /home/airflow/.local/lib/python3.12/site-packages/airflow/example_dags/tutorial_objectstorage.py
[2025-01-25T16:37:45.119+0000] {logging_mixin.py:190} INFO - [2025-01-25T16:37:45.118+0000] {dag.py:3239} INFO - Sync 1 DAGs
[2025-01-25T16:37:45.132+0000] {logging_mixin.py:190} INFO - [2025-01-25T16:37:45.131+0000] {dag.py:4180} INFO - Setting next_dagrun for tutorial_objectstorage to None, run_after=None
[2025-01-25T16:37:45.246+0000] {processor.py:208} INFO - Processing /home/airflow/.local/lib/python3.12/site-packages/airflow/example_dags/tutorial_objectstorage.py took 0.161 seconds
