[2025-01-25T16:28:57.998+0000] {processor.py:186} INFO - Started process (PID=76) to work on /home/airflow/.local/lib/python3.12/site-packages/airflow/example_dags/tutorial.py
[2025-01-25T16:28:57.999+0000] {processor.py:914} INFO - Processing file /home/airflow/.local/lib/python3.12/site-packages/airflow/example_dags/tutorial.py for tasks to queue
[2025-01-25T16:28:58.002+0000] {logging_mixin.py:190} INFO - [2025-01-25T16:28:58.001+0000] {dagbag.py:588} INFO - Filling up the DagBag from /home/airflow/.local/lib/python3.12/site-packages/airflow/example_dags/tutorial.py
[2025-01-25T16:28:58.013+0000] {processor.py:925} INFO - DAG(s) 'tutorial' retrieved from /home/airflow/.local/lib/python3.12/site-packages/airflow/example_dags/tutorial.py
[2025-01-25T16:28:58.143+0000] {logging_mixin.py:190} INFO - [2025-01-25T16:28:58.142+0000] {override.py:1911} INFO - Created Permission View: can delete on DAG:tutorial
[2025-01-25T16:28:58.164+0000] {logging_mixin.py:190} INFO - [2025-01-25T16:28:58.164+0000] {override.py:1911} INFO - Created Permission View: can read on DAG:tutorial
[2025-01-25T16:28:58.177+0000] {logging_mixin.py:190} INFO - [2025-01-25T16:28:58.177+0000] {override.py:1911} INFO - Created Permission View: can edit on DAG:tutorial
[2025-01-25T16:28:58.194+0000] {logging_mixin.py:190} INFO - [2025-01-25T16:28:58.194+0000] {override.py:1911} INFO - Created Permission View: can delete on DAG Run:tutorial
[2025-01-25T16:28:58.208+0000] {logging_mixin.py:190} INFO - [2025-01-25T16:28:58.208+0000] {override.py:1911} INFO - Created Permission View: can create on DAG Run:tutorial
[2025-01-25T16:28:58.223+0000] {logging_mixin.py:190} INFO - [2025-01-25T16:28:58.222+0000] {override.py:1911} INFO - Created Permission View: menu access on DAG Run:tutorial
[2025-01-25T16:28:58.234+0000] {logging_mixin.py:190} INFO - [2025-01-25T16:28:58.234+0000] {override.py:1911} INFO - Created Permission View: can read on DAG Run:tutorial
[2025-01-25T16:28:58.235+0000] {logging_mixin.py:190} INFO - [2025-01-25T16:28:58.235+0000] {dag.py:3239} INFO - Sync 1 DAGs
[2025-01-25T16:28:58.251+0000] {logging_mixin.py:190} INFO - [2025-01-25T16:28:58.250+0000] {dag.py:3262} INFO - Creating ORM DAG for tutorial
[2025-01-25T16:28:58.263+0000] {logging_mixin.py:190} INFO - [2025-01-25T16:28:58.262+0000] {dag.py:4180} INFO - Setting next_dagrun for tutorial to 2025-01-24 00:00:00+00:00, run_after=2025-01-25 00:00:00+00:00
[2025-01-25T16:28:58.285+0000] {processor.py:208} INFO - Processing /home/airflow/.local/lib/python3.12/site-packages/airflow/example_dags/tutorial.py took 0.292 seconds
[2025-01-25T16:29:28.366+0000] {processor.py:186} INFO - Started process (PID=139) to work on /home/airflow/.local/lib/python3.12/site-packages/airflow/example_dags/tutorial.py
[2025-01-25T16:29:28.367+0000] {processor.py:914} INFO - Processing file /home/airflow/.local/lib/python3.12/site-packages/airflow/example_dags/tutorial.py for tasks to queue
[2025-01-25T16:29:28.370+0000] {logging_mixin.py:190} INFO - [2025-01-25T16:29:28.370+0000] {dagbag.py:588} INFO - Filling up the DagBag from /home/airflow/.local/lib/python3.12/site-packages/airflow/example_dags/tutorial.py
[2025-01-25T16:29:28.377+0000] {processor.py:925} INFO - DAG(s) 'tutorial' retrieved from /home/airflow/.local/lib/python3.12/site-packages/airflow/example_dags/tutorial.py
[2025-01-25T16:29:28.397+0000] {logging_mixin.py:190} INFO - [2025-01-25T16:29:28.396+0000] {dag.py:3239} INFO - Sync 1 DAGs
[2025-01-25T16:29:28.422+0000] {logging_mixin.py:190} INFO - [2025-01-25T16:29:28.422+0000] {dag.py:4180} INFO - Setting next_dagrun for tutorial to 2025-01-24 00:00:00+00:00, run_after=2025-01-25 00:00:00+00:00
[2025-01-25T16:29:28.448+0000] {processor.py:208} INFO - Processing /home/airflow/.local/lib/python3.12/site-packages/airflow/example_dags/tutorial.py took 0.086 seconds
[2025-01-25T16:30:00.506+0000] {processor.py:186} INFO - Started process (PID=202) to work on /home/airflow/.local/lib/python3.12/site-packages/airflow/example_dags/tutorial.py
[2025-01-25T16:30:00.507+0000] {processor.py:914} INFO - Processing file /home/airflow/.local/lib/python3.12/site-packages/airflow/example_dags/tutorial.py for tasks to queue
[2025-01-25T16:30:00.509+0000] {logging_mixin.py:190} INFO - [2025-01-25T16:30:00.509+0000] {dagbag.py:588} INFO - Filling up the DagBag from /home/airflow/.local/lib/python3.12/site-packages/airflow/example_dags/tutorial.py
[2025-01-25T16:30:00.517+0000] {processor.py:925} INFO - DAG(s) 'tutorial' retrieved from /home/airflow/.local/lib/python3.12/site-packages/airflow/example_dags/tutorial.py
[2025-01-25T16:30:00.539+0000] {logging_mixin.py:190} INFO - [2025-01-25T16:30:00.539+0000] {dag.py:3239} INFO - Sync 1 DAGs
[2025-01-25T16:30:00.560+0000] {logging_mixin.py:190} INFO - [2025-01-25T16:30:00.560+0000] {dag.py:4180} INFO - Setting next_dagrun for tutorial to 2025-01-24 00:00:00+00:00, run_after=2025-01-25 00:00:00+00:00
[2025-01-25T16:30:00.585+0000] {processor.py:208} INFO - Processing /home/airflow/.local/lib/python3.12/site-packages/airflow/example_dags/tutorial.py took 0.085 seconds
[2025-01-25T16:30:33.914+0000] {processor.py:186} INFO - Started process (PID=265) to work on /home/airflow/.local/lib/python3.12/site-packages/airflow/example_dags/tutorial.py
[2025-01-25T16:30:33.915+0000] {processor.py:914} INFO - Processing file /home/airflow/.local/lib/python3.12/site-packages/airflow/example_dags/tutorial.py for tasks to queue
[2025-01-25T16:30:33.917+0000] {logging_mixin.py:190} INFO - [2025-01-25T16:30:33.917+0000] {dagbag.py:588} INFO - Filling up the DagBag from /home/airflow/.local/lib/python3.12/site-packages/airflow/example_dags/tutorial.py
[2025-01-25T16:30:33.924+0000] {processor.py:925} INFO - DAG(s) 'tutorial' retrieved from /home/airflow/.local/lib/python3.12/site-packages/airflow/example_dags/tutorial.py
[2025-01-25T16:30:33.942+0000] {logging_mixin.py:190} INFO - [2025-01-25T16:30:33.942+0000] {dag.py:3239} INFO - Sync 1 DAGs
[2025-01-25T16:30:33.966+0000] {logging_mixin.py:190} INFO - [2025-01-25T16:30:33.966+0000] {dag.py:4180} INFO - Setting next_dagrun for tutorial to 2025-01-24 00:00:00+00:00, run_after=2025-01-25 00:00:00+00:00
[2025-01-25T16:30:34.956+0000] {processor.py:208} INFO - Processing /home/airflow/.local/lib/python3.12/site-packages/airflow/example_dags/tutorial.py took 1.049 seconds
[2025-01-25T16:31:05.084+0000] {processor.py:186} INFO - Started process (PID=328) to work on /home/airflow/.local/lib/python3.12/site-packages/airflow/example_dags/tutorial.py
[2025-01-25T16:31:05.086+0000] {processor.py:914} INFO - Processing file /home/airflow/.local/lib/python3.12/site-packages/airflow/example_dags/tutorial.py for tasks to queue
[2025-01-25T16:31:05.088+0000] {logging_mixin.py:190} INFO - [2025-01-25T16:31:05.088+0000] {dagbag.py:588} INFO - Filling up the DagBag from /home/airflow/.local/lib/python3.12/site-packages/airflow/example_dags/tutorial.py
[2025-01-25T16:31:05.104+0000] {processor.py:925} INFO - DAG(s) 'tutorial' retrieved from /home/airflow/.local/lib/python3.12/site-packages/airflow/example_dags/tutorial.py
[2025-01-25T16:31:05.127+0000] {logging_mixin.py:190} INFO - [2025-01-25T16:31:05.127+0000] {dag.py:3239} INFO - Sync 1 DAGs
[2025-01-25T16:31:05.155+0000] {logging_mixin.py:190} INFO - [2025-01-25T16:31:05.155+0000] {dag.py:4180} INFO - Setting next_dagrun for tutorial to 2025-01-24 00:00:00+00:00, run_after=2025-01-25 00:00:00+00:00
[2025-01-25T16:31:05.198+0000] {processor.py:208} INFO - Processing /home/airflow/.local/lib/python3.12/site-packages/airflow/example_dags/tutorial.py took 0.119 seconds
[2025-01-25T16:31:35.570+0000] {processor.py:186} INFO - Started process (PID=392) to work on /home/airflow/.local/lib/python3.12/site-packages/airflow/example_dags/tutorial.py
[2025-01-25T16:31:35.572+0000] {processor.py:914} INFO - Processing file /home/airflow/.local/lib/python3.12/site-packages/airflow/example_dags/tutorial.py for tasks to queue
[2025-01-25T16:31:35.574+0000] {logging_mixin.py:190} INFO - [2025-01-25T16:31:35.574+0000] {dagbag.py:588} INFO - Filling up the DagBag from /home/airflow/.local/lib/python3.12/site-packages/airflow/example_dags/tutorial.py
[2025-01-25T16:31:35.582+0000] {processor.py:925} INFO - DAG(s) 'tutorial' retrieved from /home/airflow/.local/lib/python3.12/site-packages/airflow/example_dags/tutorial.py
[2025-01-25T16:31:35.600+0000] {logging_mixin.py:190} INFO - [2025-01-25T16:31:35.600+0000] {dag.py:3239} INFO - Sync 1 DAGs
[2025-01-25T16:31:35.622+0000] {logging_mixin.py:190} INFO - [2025-01-25T16:31:35.622+0000] {dag.py:4180} INFO - Setting next_dagrun for tutorial to 2025-01-24 00:00:00+00:00, run_after=2025-01-25 00:00:00+00:00
[2025-01-25T16:31:35.647+0000] {processor.py:208} INFO - Processing /home/airflow/.local/lib/python3.12/site-packages/airflow/example_dags/tutorial.py took 0.081 seconds
[2025-01-25T16:32:06.312+0000] {processor.py:186} INFO - Started process (PID=455) to work on /home/airflow/.local/lib/python3.12/site-packages/airflow/example_dags/tutorial.py
[2025-01-25T16:32:06.313+0000] {processor.py:914} INFO - Processing file /home/airflow/.local/lib/python3.12/site-packages/airflow/example_dags/tutorial.py for tasks to queue
[2025-01-25T16:32:06.315+0000] {logging_mixin.py:190} INFO - [2025-01-25T16:32:06.315+0000] {dagbag.py:588} INFO - Filling up the DagBag from /home/airflow/.local/lib/python3.12/site-packages/airflow/example_dags/tutorial.py
[2025-01-25T16:32:06.322+0000] {processor.py:925} INFO - DAG(s) 'tutorial' retrieved from /home/airflow/.local/lib/python3.12/site-packages/airflow/example_dags/tutorial.py
[2025-01-25T16:32:06.341+0000] {logging_mixin.py:190} INFO - [2025-01-25T16:32:06.340+0000] {dag.py:3239} INFO - Sync 1 DAGs
[2025-01-25T16:32:06.362+0000] {logging_mixin.py:190} INFO - [2025-01-25T16:32:06.361+0000] {dag.py:4180} INFO - Setting next_dagrun for tutorial to 2025-01-24 00:00:00+00:00, run_after=2025-01-25 00:00:00+00:00
[2025-01-25T16:32:06.487+0000] {processor.py:208} INFO - Processing /home/airflow/.local/lib/python3.12/site-packages/airflow/example_dags/tutorial.py took 0.180 seconds
[2025-01-25T16:32:37.806+0000] {processor.py:186} INFO - Started process (PID=518) to work on /home/airflow/.local/lib/python3.12/site-packages/airflow/example_dags/tutorial.py
[2025-01-25T16:32:37.807+0000] {processor.py:914} INFO - Processing file /home/airflow/.local/lib/python3.12/site-packages/airflow/example_dags/tutorial.py for tasks to queue
[2025-01-25T16:32:37.809+0000] {logging_mixin.py:190} INFO - [2025-01-25T16:32:37.809+0000] {dagbag.py:588} INFO - Filling up the DagBag from /home/airflow/.local/lib/python3.12/site-packages/airflow/example_dags/tutorial.py
[2025-01-25T16:32:37.816+0000] {processor.py:925} INFO - DAG(s) 'tutorial' retrieved from /home/airflow/.local/lib/python3.12/site-packages/airflow/example_dags/tutorial.py
[2025-01-25T16:32:37.835+0000] {logging_mixin.py:190} INFO - [2025-01-25T16:32:37.835+0000] {dag.py:3239} INFO - Sync 1 DAGs
[2025-01-25T16:32:37.855+0000] {logging_mixin.py:190} INFO - [2025-01-25T16:32:37.855+0000] {dag.py:4180} INFO - Setting next_dagrun for tutorial to 2025-01-24 00:00:00+00:00, run_after=2025-01-25 00:00:00+00:00
[2025-01-25T16:32:37.999+0000] {processor.py:208} INFO - Processing /home/airflow/.local/lib/python3.12/site-packages/airflow/example_dags/tutorial.py took 0.198 seconds
[2025-01-25T16:33:08.736+0000] {processor.py:186} INFO - Started process (PID=581) to work on /home/airflow/.local/lib/python3.12/site-packages/airflow/example_dags/tutorial.py
[2025-01-25T16:33:08.737+0000] {processor.py:914} INFO - Processing file /home/airflow/.local/lib/python3.12/site-packages/airflow/example_dags/tutorial.py for tasks to queue
[2025-01-25T16:33:08.739+0000] {logging_mixin.py:190} INFO - [2025-01-25T16:33:08.739+0000] {dagbag.py:588} INFO - Filling up the DagBag from /home/airflow/.local/lib/python3.12/site-packages/airflow/example_dags/tutorial.py
[2025-01-25T16:33:08.746+0000] {processor.py:925} INFO - DAG(s) 'tutorial' retrieved from /home/airflow/.local/lib/python3.12/site-packages/airflow/example_dags/tutorial.py
[2025-01-25T16:33:08.764+0000] {logging_mixin.py:190} INFO - [2025-01-25T16:33:08.764+0000] {dag.py:3239} INFO - Sync 1 DAGs
[2025-01-25T16:33:08.785+0000] {logging_mixin.py:190} INFO - [2025-01-25T16:33:08.785+0000] {dag.py:4180} INFO - Setting next_dagrun for tutorial to 2025-01-24 00:00:00+00:00, run_after=2025-01-25 00:00:00+00:00
[2025-01-25T16:33:08.831+0000] {processor.py:208} INFO - Processing /home/airflow/.local/lib/python3.12/site-packages/airflow/example_dags/tutorial.py took 0.099 seconds
[2025-01-25T16:33:40.141+0000] {processor.py:186} INFO - Started process (PID=644) to work on /home/airflow/.local/lib/python3.12/site-packages/airflow/example_dags/tutorial.py
[2025-01-25T16:33:40.142+0000] {processor.py:914} INFO - Processing file /home/airflow/.local/lib/python3.12/site-packages/airflow/example_dags/tutorial.py for tasks to queue
[2025-01-25T16:33:40.144+0000] {logging_mixin.py:190} INFO - [2025-01-25T16:33:40.144+0000] {dagbag.py:588} INFO - Filling up the DagBag from /home/airflow/.local/lib/python3.12/site-packages/airflow/example_dags/tutorial.py
[2025-01-25T16:33:40.151+0000] {processor.py:925} INFO - DAG(s) 'tutorial' retrieved from /home/airflow/.local/lib/python3.12/site-packages/airflow/example_dags/tutorial.py
[2025-01-25T16:33:40.170+0000] {logging_mixin.py:190} INFO - [2025-01-25T16:33:40.169+0000] {dag.py:3239} INFO - Sync 1 DAGs
[2025-01-25T16:33:40.190+0000] {logging_mixin.py:190} INFO - [2025-01-25T16:33:40.189+0000] {dag.py:4180} INFO - Setting next_dagrun for tutorial to 2025-01-24 00:00:00+00:00, run_after=2025-01-25 00:00:00+00:00
[2025-01-25T16:33:40.682+0000] {processor.py:208} INFO - Processing /home/airflow/.local/lib/python3.12/site-packages/airflow/example_dags/tutorial.py took 0.546 seconds
[2025-01-25T16:34:11.054+0000] {processor.py:186} INFO - Started process (PID=707) to work on /home/airflow/.local/lib/python3.12/site-packages/airflow/example_dags/tutorial.py
[2025-01-25T16:34:11.055+0000] {processor.py:914} INFO - Processing file /home/airflow/.local/lib/python3.12/site-packages/airflow/example_dags/tutorial.py for tasks to queue
[2025-01-25T16:34:11.057+0000] {logging_mixin.py:190} INFO - [2025-01-25T16:34:11.056+0000] {dagbag.py:588} INFO - Filling up the DagBag from /home/airflow/.local/lib/python3.12/site-packages/airflow/example_dags/tutorial.py
[2025-01-25T16:34:11.064+0000] {processor.py:925} INFO - DAG(s) 'tutorial' retrieved from /home/airflow/.local/lib/python3.12/site-packages/airflow/example_dags/tutorial.py
[2025-01-25T16:34:11.081+0000] {logging_mixin.py:190} INFO - [2025-01-25T16:34:11.081+0000] {dag.py:3239} INFO - Sync 1 DAGs
[2025-01-25T16:34:11.102+0000] {logging_mixin.py:190} INFO - [2025-01-25T16:34:11.101+0000] {dag.py:4180} INFO - Setting next_dagrun for tutorial to 2025-01-24 00:00:00+00:00, run_after=2025-01-25 00:00:00+00:00
[2025-01-25T16:34:11.200+0000] {processor.py:208} INFO - Processing /home/airflow/.local/lib/python3.12/site-packages/airflow/example_dags/tutorial.py took 0.151 seconds
[2025-01-25T16:34:42.025+0000] {processor.py:186} INFO - Started process (PID=770) to work on /home/airflow/.local/lib/python3.12/site-packages/airflow/example_dags/tutorial.py
[2025-01-25T16:34:42.026+0000] {processor.py:914} INFO - Processing file /home/airflow/.local/lib/python3.12/site-packages/airflow/example_dags/tutorial.py for tasks to queue
[2025-01-25T16:34:42.028+0000] {logging_mixin.py:190} INFO - [2025-01-25T16:34:42.028+0000] {dagbag.py:588} INFO - Filling up the DagBag from /home/airflow/.local/lib/python3.12/site-packages/airflow/example_dags/tutorial.py
[2025-01-25T16:34:42.035+0000] {processor.py:925} INFO - DAG(s) 'tutorial' retrieved from /home/airflow/.local/lib/python3.12/site-packages/airflow/example_dags/tutorial.py
[2025-01-25T16:34:42.053+0000] {logging_mixin.py:190} INFO - [2025-01-25T16:34:42.052+0000] {dag.py:3239} INFO - Sync 1 DAGs
[2025-01-25T16:34:42.074+0000] {logging_mixin.py:190} INFO - [2025-01-25T16:34:42.074+0000] {dag.py:4180} INFO - Setting next_dagrun for tutorial to 2025-01-24 00:00:00+00:00, run_after=2025-01-25 00:00:00+00:00
[2025-01-25T16:34:42.096+0000] {processor.py:208} INFO - Processing /home/airflow/.local/lib/python3.12/site-packages/airflow/example_dags/tutorial.py took 0.076 seconds
[2025-01-25T16:35:12.834+0000] {processor.py:186} INFO - Started process (PID=833) to work on /home/airflow/.local/lib/python3.12/site-packages/airflow/example_dags/tutorial.py
[2025-01-25T16:35:12.835+0000] {processor.py:914} INFO - Processing file /home/airflow/.local/lib/python3.12/site-packages/airflow/example_dags/tutorial.py for tasks to queue
[2025-01-25T16:35:12.838+0000] {logging_mixin.py:190} INFO - [2025-01-25T16:35:12.837+0000] {dagbag.py:588} INFO - Filling up the DagBag from /home/airflow/.local/lib/python3.12/site-packages/airflow/example_dags/tutorial.py
[2025-01-25T16:35:12.846+0000] {processor.py:925} INFO - DAG(s) 'tutorial' retrieved from /home/airflow/.local/lib/python3.12/site-packages/airflow/example_dags/tutorial.py
[2025-01-25T16:35:12.863+0000] {logging_mixin.py:190} INFO - [2025-01-25T16:35:12.862+0000] {dag.py:3239} INFO - Sync 1 DAGs
[2025-01-25T16:35:12.884+0000] {logging_mixin.py:190} INFO - [2025-01-25T16:35:12.884+0000] {dag.py:4180} INFO - Setting next_dagrun for tutorial to 2025-01-24 00:00:00+00:00, run_after=2025-01-25 00:00:00+00:00
[2025-01-25T16:35:12.904+0000] {processor.py:208} INFO - Processing /home/airflow/.local/lib/python3.12/site-packages/airflow/example_dags/tutorial.py took 0.075 seconds
[2025-01-25T16:35:45.440+0000] {processor.py:186} INFO - Started process (PID=896) to work on /home/airflow/.local/lib/python3.12/site-packages/airflow/example_dags/tutorial.py
[2025-01-25T16:35:45.441+0000] {processor.py:914} INFO - Processing file /home/airflow/.local/lib/python3.12/site-packages/airflow/example_dags/tutorial.py for tasks to queue
[2025-01-25T16:35:45.443+0000] {logging_mixin.py:190} INFO - [2025-01-25T16:35:45.443+0000] {dagbag.py:588} INFO - Filling up the DagBag from /home/airflow/.local/lib/python3.12/site-packages/airflow/example_dags/tutorial.py
[2025-01-25T16:35:45.449+0000] {processor.py:925} INFO - DAG(s) 'tutorial' retrieved from /home/airflow/.local/lib/python3.12/site-packages/airflow/example_dags/tutorial.py
[2025-01-25T16:35:45.467+0000] {logging_mixin.py:190} INFO - [2025-01-25T16:35:45.467+0000] {dag.py:3239} INFO - Sync 1 DAGs
[2025-01-25T16:35:45.488+0000] {logging_mixin.py:190} INFO - [2025-01-25T16:35:45.487+0000] {dag.py:4180} INFO - Setting next_dagrun for tutorial to 2025-01-24 00:00:00+00:00, run_after=2025-01-25 00:00:00+00:00
[2025-01-25T16:35:45.986+0000] {processor.py:208} INFO - Processing /home/airflow/.local/lib/python3.12/site-packages/airflow/example_dags/tutorial.py took 0.551 seconds
[2025-01-25T16:36:16.466+0000] {processor.py:186} INFO - Started process (PID=959) to work on /home/airflow/.local/lib/python3.12/site-packages/airflow/example_dags/tutorial.py
[2025-01-25T16:36:16.467+0000] {processor.py:914} INFO - Processing file /home/airflow/.local/lib/python3.12/site-packages/airflow/example_dags/tutorial.py for tasks to queue
[2025-01-25T16:36:16.469+0000] {logging_mixin.py:190} INFO - [2025-01-25T16:36:16.469+0000] {dagbag.py:588} INFO - Filling up the DagBag from /home/airflow/.local/lib/python3.12/site-packages/airflow/example_dags/tutorial.py
[2025-01-25T16:36:16.476+0000] {processor.py:925} INFO - DAG(s) 'tutorial' retrieved from /home/airflow/.local/lib/python3.12/site-packages/airflow/example_dags/tutorial.py
[2025-01-25T16:36:16.495+0000] {logging_mixin.py:190} INFO - [2025-01-25T16:36:16.495+0000] {dag.py:3239} INFO - Sync 1 DAGs
[2025-01-25T16:36:16.518+0000] {logging_mixin.py:190} INFO - [2025-01-25T16:36:16.518+0000] {dag.py:4180} INFO - Setting next_dagrun for tutorial to 2025-01-24 00:00:00+00:00, run_after=2025-01-25 00:00:00+00:00
[2025-01-25T16:36:17.022+0000] {processor.py:208} INFO - Processing /home/airflow/.local/lib/python3.12/site-packages/airflow/example_dags/tutorial.py took 0.560 seconds
[2025-01-25T16:36:47.126+0000] {processor.py:186} INFO - Started process (PID=1022) to work on /home/airflow/.local/lib/python3.12/site-packages/airflow/example_dags/tutorial.py
[2025-01-25T16:36:47.127+0000] {processor.py:914} INFO - Processing file /home/airflow/.local/lib/python3.12/site-packages/airflow/example_dags/tutorial.py for tasks to queue
[2025-01-25T16:36:47.130+0000] {logging_mixin.py:190} INFO - [2025-01-25T16:36:47.130+0000] {dagbag.py:588} INFO - Filling up the DagBag from /home/airflow/.local/lib/python3.12/site-packages/airflow/example_dags/tutorial.py
[2025-01-25T16:36:47.138+0000] {processor.py:925} INFO - DAG(s) 'tutorial' retrieved from /home/airflow/.local/lib/python3.12/site-packages/airflow/example_dags/tutorial.py
[2025-01-25T16:36:47.157+0000] {logging_mixin.py:190} INFO - [2025-01-25T16:36:47.157+0000] {dag.py:3239} INFO - Sync 1 DAGs
[2025-01-25T16:36:47.179+0000] {logging_mixin.py:190} INFO - [2025-01-25T16:36:47.178+0000] {dag.py:4180} INFO - Setting next_dagrun for tutorial to 2025-01-24 00:00:00+00:00, run_after=2025-01-25 00:00:00+00:00
[2025-01-25T16:36:47.199+0000] {processor.py:208} INFO - Processing /home/airflow/.local/lib/python3.12/site-packages/airflow/example_dags/tutorial.py took 0.078 seconds
[2025-01-25T16:37:18.072+0000] {processor.py:186} INFO - Started process (PID=1085) to work on /home/airflow/.local/lib/python3.12/site-packages/airflow/example_dags/tutorial.py
[2025-01-25T16:37:18.073+0000] {processor.py:914} INFO - Processing file /home/airflow/.local/lib/python3.12/site-packages/airflow/example_dags/tutorial.py for tasks to queue
[2025-01-25T16:37:18.075+0000] {logging_mixin.py:190} INFO - [2025-01-25T16:37:18.075+0000] {dagbag.py:588} INFO - Filling up the DagBag from /home/airflow/.local/lib/python3.12/site-packages/airflow/example_dags/tutorial.py
[2025-01-25T16:37:18.082+0000] {processor.py:925} INFO - DAG(s) 'tutorial' retrieved from /home/airflow/.local/lib/python3.12/site-packages/airflow/example_dags/tutorial.py
[2025-01-25T16:37:18.101+0000] {logging_mixin.py:190} INFO - [2025-01-25T16:37:18.101+0000] {dag.py:3239} INFO - Sync 1 DAGs
[2025-01-25T16:37:18.122+0000] {logging_mixin.py:190} INFO - [2025-01-25T16:37:18.122+0000] {dag.py:4180} INFO - Setting next_dagrun for tutorial to 2025-01-24 00:00:00+00:00, run_after=2025-01-25 00:00:00+00:00
[2025-01-25T16:37:18.229+0000] {processor.py:208} INFO - Processing /home/airflow/.local/lib/python3.12/site-packages/airflow/example_dags/tutorial.py took 0.162 seconds
