[2025-01-27T16:46:24.774+0000] {local_task_job_runner.py:123} INFO - ::group::Pre task execution logs
[2025-01-27T16:46:24.789+0000] {taskinstance.py:2613} INFO - Dependencies all met for dep_context=non-requeueable deps ti=<TaskInstance: dbt_query.dbt_query manual__2025-01-27T16:46:23.802807+00:00 [queued]>
[2025-01-27T16:46:24.797+0000] {taskinstance.py:2613} INFO - Dependencies all met for dep_context=requeueable deps ti=<TaskInstance: dbt_query.dbt_query manual__2025-01-27T16:46:23.802807+00:00 [queued]>
[2025-01-27T16:46:24.798+0000] {taskinstance.py:2866} INFO - Starting attempt 1 of 1
[2025-01-27T16:46:24.814+0000] {taskinstance.py:2889} INFO - Executing <Task(BashOperator): dbt_query> on 2025-01-27 16:46:23.802807+00:00
[2025-01-27T16:46:24.820+0000] {warnings.py:112} WARNING - /home/***/.local/lib/python3.12/site-packages/***/task/task_runner/standard_task_runner.py:70: DeprecationWarning: This process (pid=1630) is multi-threaded, use of fork() may lead to deadlocks in the child.
  pid = os.fork()

[2025-01-27T16:46:24.822+0000] {standard_task_runner.py:72} INFO - Started process 1632 to run task
[2025-01-27T16:46:24.822+0000] {standard_task_runner.py:104} INFO - Running: ['***', 'tasks', 'run', 'dbt_query', 'dbt_query', 'manual__2025-01-27T16:46:23.802807+00:00', '--job-id', '366', '--raw', '--subdir', 'DAGS_FOLDER/ELT.py', '--cfg-path', '/tmp/tmpt0oniaoa']
[2025-01-27T16:46:24.824+0000] {standard_task_runner.py:105} INFO - Job 366: Subtask dbt_query
[2025-01-27T16:46:24.870+0000] {task_command.py:467} INFO - Running <TaskInstance: dbt_query.dbt_query manual__2025-01-27T16:46:23.802807+00:00 [running]> on host 6e96b290b599
[2025-01-27T16:46:24.966+0000] {taskinstance.py:3132} INFO - Exporting env vars: AIRFLOW_CTX_DAG_OWNER='***' AIRFLOW_CTX_DAG_ID='dbt_query' AIRFLOW_CTX_TASK_ID='dbt_query' AIRFLOW_CTX_EXECUTION_DATE='2025-01-27T16:46:23.802807+00:00' AIRFLOW_CTX_TRY_NUMBER='1' AIRFLOW_CTX_DAG_RUN_ID='manual__2025-01-27T16:46:23.802807+00:00'
[2025-01-27T16:46:24.967+0000] {taskinstance.py:731} INFO - ::endgroup::
[2025-01-27T16:46:24.985+0000] {subprocess.py:78} INFO - Tmp dir root location: /tmp
[2025-01-27T16:46:24.988+0000] {subprocess.py:88} INFO - Running command: ['/usr/bin/bash', '-c', 'docker exec code-challenge-meltano-1 meltano invoke dbt-postgres:run']
[2025-01-27T16:46:25.003+0000] {subprocess.py:99} INFO - Output:
[2025-01-27T16:46:26.133+0000] {subprocess.py:106} INFO - [2m2025-01-27T16:46:26.131653Z[0m [[32m[1minfo     [0m] [1mEnvironment 'dev' is active   [0m
[2025-01-27T16:46:28.668+0000] {subprocess.py:106} INFO - [0m16:46:28  Running with dbt=1.3.7
[2025-01-27T16:46:28.754+0000] {subprocess.py:106} INFO - [0m16:46:28  Found 3 models, 0 tests, 0 snapshots, 0 analyses, 289 macros, 0 operations, 0 seed files, 12 sources, 0 exposures, 0 metrics
[2025-01-27T16:46:28.761+0000] {subprocess.py:106} INFO - [0m16:46:28
[2025-01-27T16:46:28.839+0000] {subprocess.py:106} INFO - [0m16:46:28  Concurrency: 2 threads (target='dev')
[2025-01-27T16:46:28.840+0000] {subprocess.py:106} INFO - [0m16:46:28
[2025-01-27T16:46:28.846+0000] {subprocess.py:106} INFO - [0m16:46:28  1 of 3 START sql table model tap_csv_2.order_details_m ......................... [RUN]
[2025-01-27T16:46:28.848+0000] {subprocess.py:106} INFO - [0m16:46:28  2 of 3 START sql table model tap_csv_2.order_with_details ...................... [RUN]
[2025-01-27T16:46:29.036+0000] {subprocess.py:106} INFO - [0m16:46:29  1 of 3 OK created sql table model tap_csv_2.order_details_m .................... [[32mSELECT 830[0m in 0.19s]
[2025-01-27T16:46:29.041+0000] {subprocess.py:106} INFO - [0m16:46:29  3 of 3 START sql table model tap_csv_2.orders_m ................................ [RUN]
[2025-01-27T16:46:29.044+0000] {subprocess.py:106} INFO - [0m16:46:29  2 of 3 OK created sql table model tap_csv_2.order_with_details ................. [[32mSELECT 830[0m in 0.19s]
[2025-01-27T16:46:29.103+0000] {subprocess.py:106} INFO - [0m16:46:29  3 of 3 OK created sql table model tap_csv_2.orders_m ........................... [[32mSELECT 830[0m in 0.06s]
[2025-01-27T16:46:29.113+0000] {subprocess.py:106} INFO - [0m16:46:29
[2025-01-27T16:46:29.114+0000] {subprocess.py:106} INFO - [0m16:46:29  Finished running 3 table models in 0 hours 0 minutes and 0.36 seconds (0.36s).
[2025-01-27T16:46:29.125+0000] {subprocess.py:106} INFO - [0m16:46:29
[2025-01-27T16:46:29.126+0000] {subprocess.py:106} INFO - [0m16:46:29  [32mCompleted successfully[0m
[2025-01-27T16:46:29.127+0000] {subprocess.py:106} INFO - [0m16:46:29
[2025-01-27T16:46:29.128+0000] {subprocess.py:106} INFO - [0m16:46:29  Done. PASS=3 WARN=0 ERROR=0 SKIP=0 TOTAL=3
[2025-01-27T16:46:30.353+0000] {subprocess.py:110} INFO - Command exited with return code 0
[2025-01-27T16:46:30.377+0000] {taskinstance.py:340} INFO - ::group::Post task execution logs
[2025-01-27T16:46:30.378+0000] {taskinstance.py:352} INFO - Marking task as SUCCESS. dag_id=dbt_query, task_id=dbt_query, run_id=manual__2025-01-27T16:46:23.802807+00:00, execution_date=20250127T164623, start_date=20250127T164624, end_date=20250127T164630
[2025-01-27T16:46:30.422+0000] {local_task_job_runner.py:266} INFO - Task exited with return code 0
[2025-01-27T16:46:30.439+0000] {taskinstance.py:3895} INFO - 1 downstream tasks scheduled from follow-on schedule check
[2025-01-27T16:46:30.444+0000] {local_task_job_runner.py:245} INFO - ::endgroup::
