[2025-01-25T19:54:21.254+0000] {local_task_job_runner.py:123} INFO - ::group::Pre task execution logs
[2025-01-25T19:54:21.271+0000] {taskinstance.py:2613} INFO - Dependencies all met for dep_context=non-requeueable deps ti=<TaskInstance: meltano_airflow_dag.run_meltano_extraction manual__2025-01-25T19:54:19.768084+00:00 [queued]>
[2025-01-25T19:54:21.280+0000] {taskinstance.py:2613} INFO - Dependencies all met for dep_context=requeueable deps ti=<TaskInstance: meltano_airflow_dag.run_meltano_extraction manual__2025-01-25T19:54:19.768084+00:00 [queued]>
[2025-01-25T19:54:21.281+0000] {taskinstance.py:2866} INFO - Starting attempt 1 of 1
[2025-01-25T19:54:21.297+0000] {taskinstance.py:2889} INFO - Executing <Task(BashOperator): run_meltano_extraction> on 2025-01-25 19:54:19.768084+00:00
[2025-01-25T19:54:21.304+0000] {warnings.py:112} WARNING - /home/***/.local/lib/python3.12/site-packages/***/task/task_runner/standard_task_runner.py:70: DeprecationWarning: This process (pid=363) is multi-threaded, use of fork() may lead to deadlocks in the child.
  pid = os.fork()

[2025-01-25T19:54:21.305+0000] {standard_task_runner.py:72} INFO - Started process 364 to run task
[2025-01-25T19:54:21.305+0000] {standard_task_runner.py:104} INFO - Running: ['***', 'tasks', 'run', 'meltano_***_dag', 'run_meltano_extraction', 'manual__2025-01-25T19:54:19.768084+00:00', '--job-id', '18', '--raw', '--subdir', 'DAGS_FOLDER/task1.py', '--cfg-path', '/tmp/tmptxo7gtsz']
[2025-01-25T19:54:21.306+0000] {standard_task_runner.py:105} INFO - Job 18: Subtask run_meltano_extraction
[2025-01-25T19:54:21.350+0000] {task_command.py:467} INFO - Running <TaskInstance: meltano_airflow_dag.run_meltano_extraction manual__2025-01-25T19:54:19.768084+00:00 [running]> on host f343fc6489bb
[2025-01-25T19:54:21.565+0000] {taskinstance.py:3132} INFO - Exporting env vars: AIRFLOW_CTX_DAG_OWNER='***' AIRFLOW_CTX_DAG_ID='meltano_***_dag' AIRFLOW_CTX_TASK_ID='run_meltano_extraction' AIRFLOW_CTX_EXECUTION_DATE='2025-01-25T19:54:19.768084+00:00' AIRFLOW_CTX_TRY_NUMBER='1' AIRFLOW_CTX_DAG_RUN_ID='manual__2025-01-25T19:54:19.768084+00:00'
[2025-01-25T19:54:21.566+0000] {taskinstance.py:731} INFO - ::endgroup::
[2025-01-25T19:54:21.577+0000] {subprocess.py:78} INFO - Tmp dir root location: /tmp
[2025-01-25T19:54:21.579+0000] {subprocess.py:88} INFO - Running command: ['/usr/bin/bash', '-c', 'dir']
[2025-01-25T19:54:21.590+0000] {subprocess.py:99} INFO - Output:
[2025-01-25T19:54:21.593+0000] {subprocess.py:110} INFO - Command exited with return code 0
[2025-01-25T19:54:21.758+0000] {taskinstance.py:340} INFO - ::group::Post task execution logs
[2025-01-25T19:54:21.759+0000] {taskinstance.py:352} INFO - Marking task as SUCCESS. dag_id=meltano_***_dag, task_id=run_meltano_extraction, run_id=manual__2025-01-25T19:54:19.768084+00:00, execution_date=20250125T195419, start_date=20250125T195421, end_date=20250125T195421
[2025-01-25T19:54:21.802+0000] {local_task_job_runner.py:266} INFO - Task exited with return code 0
[2025-01-25T19:54:21.818+0000] {taskinstance.py:3895} INFO - 0 downstream tasks scheduled from follow-on schedule check
[2025-01-25T19:54:21.952+0000] {local_task_job_runner.py:245} INFO - ::endgroup::
