[2025-01-27T15:43:15.024+0000] {local_task_job_runner.py:123} INFO - ::group::Pre task execution logs
[2025-01-27T15:43:15.040+0000] {taskinstance.py:2613} INFO - Dependencies all met for dep_context=non-requeueable deps ti=<TaskInstance: dbt_query.saving_order_with_details_table manual__2025-01-27T15:43:06.899204+00:00 [queued]>
[2025-01-27T15:43:15.049+0000] {taskinstance.py:2613} INFO - Dependencies all met for dep_context=requeueable deps ti=<TaskInstance: dbt_query.saving_order_with_details_table manual__2025-01-27T15:43:06.899204+00:00 [queued]>
[2025-01-27T15:43:15.050+0000] {taskinstance.py:2866} INFO - Starting attempt 1 of 1
[2025-01-27T15:43:15.064+0000] {taskinstance.py:2889} INFO - Executing <Task(PythonOperator): saving_order_with_details_table> on 2025-01-27 15:43:06.899204+00:00
[2025-01-27T15:43:15.071+0000] {warnings.py:112} WARNING - /home/***/.local/lib/python3.12/site-packages/***/task/task_runner/standard_task_runner.py:70: DeprecationWarning: This process (pid=258) is multi-threaded, use of fork() may lead to deadlocks in the child.
  pid = os.fork()

[2025-01-27T15:43:15.073+0000] {standard_task_runner.py:72} INFO - Started process 260 to run task
[2025-01-27T15:43:15.073+0000] {standard_task_runner.py:104} INFO - Running: ['***', 'tasks', 'run', 'dbt_query', 'saving_order_with_details_table', 'manual__2025-01-27T15:43:06.899204+00:00', '--job-id', '289', '--raw', '--subdir', 'DAGS_FOLDER/task1.py', '--cfg-path', '/tmp/tmpplazq2v7']
[2025-01-27T15:43:15.075+0000] {standard_task_runner.py:105} INFO - Job 289: Subtask saving_order_with_details_table
[2025-01-27T15:43:15.120+0000] {task_command.py:467} INFO - Running <TaskInstance: dbt_query.saving_order_with_details_table manual__2025-01-27T15:43:06.899204+00:00 [running]> on host 6e96b290b599
[2025-01-27T15:43:15.206+0000] {taskinstance.py:3132} INFO - Exporting env vars: AIRFLOW_CTX_DAG_OWNER='***' AIRFLOW_CTX_DAG_ID='dbt_query' AIRFLOW_CTX_TASK_ID='saving_order_with_details_table' AIRFLOW_CTX_EXECUTION_DATE='2025-01-27T15:43:06.899204+00:00' AIRFLOW_CTX_TRY_NUMBER='1' AIRFLOW_CTX_DAG_RUN_ID='manual__2025-01-27T15:43:06.899204+00:00'
[2025-01-27T15:43:15.208+0000] {taskinstance.py:731} INFO - ::endgroup::
[2025-01-27T15:43:15.232+0000] {warnings.py:112} WARNING - /opt/***/dags/aux_task1.py:103: UserWarning: pandas only supports SQLAlchemy connectable (engine/connection) or database string URI or sqlite3 DBAPI2 connection. Other DBAPI2 objects are not tested. Please consider using SQLAlchemy.
  df = pd.read_sql_query(query, conn)

[2025-01-27T15:43:15.278+0000] {python.py:240} INFO - Done. Returned value was: None
[2025-01-27T15:43:15.290+0000] {taskinstance.py:340} INFO - ::group::Post task execution logs
[2025-01-27T15:43:15.290+0000] {taskinstance.py:352} INFO - Marking task as SUCCESS. dag_id=dbt_query, task_id=saving_order_with_details_table, run_id=manual__2025-01-27T15:43:06.899204+00:00, execution_date=20250127T154306, start_date=20250127T154315, end_date=20250127T154315
[2025-01-27T15:43:15.328+0000] {local_task_job_runner.py:266} INFO - Task exited with return code 0
[2025-01-27T15:43:15.344+0000] {taskinstance.py:3895} INFO - 0 downstream tasks scheduled from follow-on schedule check
[2025-01-27T15:43:15.349+0000] {local_task_job_runner.py:245} INFO - ::endgroup::
