[2025-01-27T15:40:46.183+0000] {local_task_job_runner.py:123} INFO - ::group::Pre task execution logs
[2025-01-27T15:40:46.198+0000] {taskinstance.py:2613} INFO - Dependencies all met for dep_context=non-requeueable deps ti=<TaskInstance: dbt_query.dbt_query manual__2025-01-27T15:40:45.009078+00:00 [queued]>
[2025-01-27T15:40:46.207+0000] {taskinstance.py:2613} INFO - Dependencies all met for dep_context=requeueable deps ti=<TaskInstance: dbt_query.dbt_query manual__2025-01-27T15:40:45.009078+00:00 [queued]>
[2025-01-27T15:40:46.207+0000] {taskinstance.py:2866} INFO - Starting attempt 1 of 1
[2025-01-27T15:40:46.222+0000] {taskinstance.py:2889} INFO - Executing <Task(BashOperator): dbt_query> on 2025-01-27 15:40:45.009078+00:00
[2025-01-27T15:40:46.229+0000] {warnings.py:112} WARNING - /home/***/.local/lib/python3.12/site-packages/***/task/task_runner/standard_task_runner.py:70: DeprecationWarning: This process (pid=199) is multi-threaded, use of fork() may lead to deadlocks in the child.
  pid = os.fork()

[2025-01-27T15:40:46.230+0000] {standard_task_runner.py:72} INFO - Started process 201 to run task
[2025-01-27T15:40:46.230+0000] {standard_task_runner.py:104} INFO - Running: ['***', 'tasks', 'run', 'dbt_query', 'dbt_query', 'manual__2025-01-27T15:40:45.009078+00:00', '--job-id', '286', '--raw', '--subdir', 'DAGS_FOLDER/task1.py', '--cfg-path', '/tmp/tmpgemzhkzn']
[2025-01-27T15:40:46.232+0000] {standard_task_runner.py:105} INFO - Job 286: Subtask dbt_query
[2025-01-27T15:40:46.276+0000] {task_command.py:467} INFO - Running <TaskInstance: dbt_query.dbt_query manual__2025-01-27T15:40:45.009078+00:00 [running]> on host 6e96b290b599
[2025-01-27T15:40:46.355+0000] {taskinstance.py:3132} INFO - Exporting env vars: AIRFLOW_CTX_DAG_OWNER='***' AIRFLOW_CTX_DAG_ID='dbt_query' AIRFLOW_CTX_TASK_ID='dbt_query' AIRFLOW_CTX_EXECUTION_DATE='2025-01-27T15:40:45.009078+00:00' AIRFLOW_CTX_TRY_NUMBER='1' AIRFLOW_CTX_DAG_RUN_ID='manual__2025-01-27T15:40:45.009078+00:00'
[2025-01-27T15:40:46.356+0000] {taskinstance.py:731} INFO - ::endgroup::
[2025-01-27T15:40:46.368+0000] {subprocess.py:78} INFO - Tmp dir root location: /tmp
[2025-01-27T15:40:46.369+0000] {subprocess.py:88} INFO - Running command: ['/usr/bin/bash', '-c', 'docker exec code-challenge-meltano-1 meltano invoke dbt-postgres:run']
[2025-01-27T15:40:46.382+0000] {subprocess.py:99} INFO - Output:
[2025-01-27T15:40:47.472+0000] {subprocess.py:106} INFO - [2m2025-01-27T15:40:47.470056Z[0m [[32m[1minfo     [0m] [1mEnvironment 'dev' is active   [0m
[2025-01-27T15:40:49.699+0000] {subprocess.py:106} INFO - [0m15:40:49  Running with dbt=1.3.7
[2025-01-27T15:40:49.765+0000] {subprocess.py:106} INFO - [0m15:40:49  Found 3 models, 0 tests, 0 snapshots, 0 analyses, 289 macros, 0 operations, 0 seed files, 12 sources, 0 exposures, 0 metrics
[2025-01-27T15:40:49.767+0000] {subprocess.py:106} INFO - [0m15:40:49
[2025-01-27T15:40:49.838+0000] {subprocess.py:106} INFO - [0m15:40:49  Concurrency: 2 threads (target='dev')
[2025-01-27T15:40:49.839+0000] {subprocess.py:106} INFO - [0m15:40:49
[2025-01-27T15:40:49.844+0000] {subprocess.py:106} INFO - [0m15:40:49  1 of 3 START sql table model tap_csv_2.order_details_m ......................... [RUN]
[2025-01-27T15:40:49.845+0000] {subprocess.py:106} INFO - [0m15:40:49  2 of 3 START sql table model tap_csv_2.order_with_details ...................... [RUN]
[2025-01-27T15:40:50.020+0000] {subprocess.py:106} INFO - [0m15:40:50  1 of 3 OK created sql table model tap_csv_2.order_details_m .................... [[32mSELECT 830[0m in 0.17s]
[2025-01-27T15:40:50.024+0000] {subprocess.py:106} INFO - [0m15:40:50  3 of 3 START sql table model tap_csv_2.orders_m ................................ [RUN]
[2025-01-27T15:40:50.031+0000] {subprocess.py:106} INFO - [0m15:40:50  2 of 3 OK created sql table model tap_csv_2.order_with_details ................. [[32mSELECT 830[0m in 0.18s]
[2025-01-27T15:40:50.080+0000] {subprocess.py:106} INFO - [0m15:40:50  3 of 3 OK created sql table model tap_csv_2.orders_m ........................... [[32mSELECT 830[0m in 0.06s]
[2025-01-27T15:40:50.089+0000] {subprocess.py:106} INFO - [0m15:40:50
[2025-01-27T15:40:50.090+0000] {subprocess.py:106} INFO - [0m15:40:50  Finished running 3 table models in 0 hours 0 minutes and 0.32 seconds (0.32s).
[2025-01-27T15:40:50.099+0000] {subprocess.py:106} INFO - [0m15:40:50
[2025-01-27T15:40:50.100+0000] {subprocess.py:106} INFO - [0m15:40:50  [32mCompleted successfully[0m
[2025-01-27T15:40:50.101+0000] {subprocess.py:106} INFO - [0m15:40:50
[2025-01-27T15:40:50.101+0000] {subprocess.py:106} INFO - [0m15:40:50  Done. PASS=3 WARN=0 ERROR=0 SKIP=0 TOTAL=3
[2025-01-27T15:40:51.330+0000] {subprocess.py:110} INFO - Command exited with return code 0
[2025-01-27T15:40:51.357+0000] {taskinstance.py:340} INFO - ::group::Post task execution logs
[2025-01-27T15:40:51.358+0000] {taskinstance.py:352} INFO - Marking task as SUCCESS. dag_id=dbt_query, task_id=dbt_query, run_id=manual__2025-01-27T15:40:45.009078+00:00, execution_date=20250127T154045, start_date=20250127T154046, end_date=20250127T154051
[2025-01-27T15:40:51.387+0000] {local_task_job_runner.py:266} INFO - Task exited with return code 0
[2025-01-27T15:40:51.404+0000] {taskinstance.py:3895} INFO - 1 downstream tasks scheduled from follow-on schedule check
[2025-01-27T15:40:51.409+0000] {local_task_job_runner.py:245} INFO - ::endgroup::
