[2025-01-27T02:09:22.077+0000] {local_task_job_runner.py:123} INFO - ::group::Pre task execution logs
[2025-01-27T02:09:22.099+0000] {taskinstance.py:2613} INFO - Dependencies all met for dep_context=non-requeueable deps ti=<TaskInstance: csv_to_postgres.data_extracted_to_data_tube scheduled__2025-01-26T00:00:00+00:00 [queued]>
[2025-01-27T02:09:22.111+0000] {taskinstance.py:2613} INFO - Dependencies all met for dep_context=requeueable deps ti=<TaskInstance: csv_to_postgres.data_extracted_to_data_tube scheduled__2025-01-26T00:00:00+00:00 [queued]>
[2025-01-27T02:09:22.112+0000] {taskinstance.py:2866} INFO - Starting attempt 1 of 1
[2025-01-27T02:09:22.134+0000] {taskinstance.py:2889} INFO - Executing <Task(PythonOperator): data_extracted_to_data_tube> on 2025-01-26 00:00:00+00:00
[2025-01-27T02:09:22.141+0000] {warnings.py:112} WARNING - /home/***/.local/lib/python3.12/site-packages/***/task/task_runner/standard_task_runner.py:70: DeprecationWarning: This process (pid=51) is multi-threaded, use of fork() may lead to deadlocks in the child.
  pid = os.fork()

[2025-01-27T02:09:22.144+0000] {standard_task_runner.py:72} INFO - Started process 53 to run task
[2025-01-27T02:09:22.143+0000] {standard_task_runner.py:104} INFO - Running: ['***', 'tasks', 'run', 'csv_to_postgres', 'data_extracted_to_data_tube', 'scheduled__2025-01-26T00:00:00+00:00', '--job-id', '229', '--raw', '--subdir', 'DAGS_FOLDER/task1.py', '--cfg-path', '/tmp/tmppqbpk325']
[2025-01-27T02:09:22.145+0000] {standard_task_runner.py:105} INFO - Job 229: Subtask data_extracted_to_data_tube
[2025-01-27T02:09:22.210+0000] {task_command.py:467} INFO - Running <TaskInstance: csv_to_postgres.data_extracted_to_data_tube scheduled__2025-01-26T00:00:00+00:00 [running]> on host bd5b4039950b
[2025-01-27T02:09:22.325+0000] {taskinstance.py:3132} INFO - Exporting env vars: AIRFLOW_CTX_DAG_OWNER='***' AIRFLOW_CTX_DAG_ID='csv_to_postgres' AIRFLOW_CTX_TASK_ID='data_extracted_to_data_tube' AIRFLOW_CTX_EXECUTION_DATE='2025-01-26T00:00:00+00:00' AIRFLOW_CTX_TRY_NUMBER='1' AIRFLOW_CTX_DAG_RUN_ID='scheduled__2025-01-26T00:00:00+00:00'
[2025-01-27T02:09:22.326+0000] {taskinstance.py:731} INFO - ::endgroup::
[2025-01-27T02:09:22.427+0000] {logging_mixin.py:190} INFO - Arquivo copiado: ./data_extracted/csv/26-01-2025/order_details.csv -> ./data_tube/order_details.csv
[2025-01-27T02:09:22.465+0000] {logging_mixin.py:190} INFO - Arquivo copiado: ./data_extracted/postgres/26-01-2025/categories.csv -> ./data_tube/categories.csv
[2025-01-27T02:09:22.515+0000] {logging_mixin.py:190} INFO - Arquivo copiado: ./data_extracted/postgres/26-01-2025/customers.csv -> ./data_tube/customers.csv
[2025-01-27T02:09:22.560+0000] {logging_mixin.py:190} INFO - Arquivo copiado: ./data_extracted/postgres/26-01-2025/employees.csv -> ./data_tube/employees.csv
[2025-01-27T02:09:22.593+0000] {logging_mixin.py:190} INFO - Arquivo copiado: ./data_extracted/postgres/26-01-2025/employee_territories.csv -> ./data_tube/employee_territories.csv
[2025-01-27T02:09:22.622+0000] {logging_mixin.py:190} INFO - Arquivo copiado: ./data_extracted/postgres/26-01-2025/orders.csv -> ./data_tube/orders.csv
[2025-01-27T02:09:22.649+0000] {logging_mixin.py:190} INFO - Arquivo copiado: ./data_extracted/postgres/26-01-2025/products.csv -> ./data_tube/products.csv
[2025-01-27T02:09:22.673+0000] {logging_mixin.py:190} INFO - Arquivo copiado: ./data_extracted/postgres/26-01-2025/region.csv -> ./data_tube/region.csv
[2025-01-27T02:09:22.698+0000] {logging_mixin.py:190} INFO - Arquivo copiado: ./data_extracted/postgres/26-01-2025/shippers.csv -> ./data_tube/shippers.csv
[2025-01-27T02:09:22.736+0000] {logging_mixin.py:190} INFO - Arquivo copiado: ./data_extracted/postgres/26-01-2025/suppliers.csv -> ./data_tube/suppliers.csv
[2025-01-27T02:09:22.779+0000] {logging_mixin.py:190} INFO - Arquivo copiado: ./data_extracted/postgres/26-01-2025/territories.csv -> ./data_tube/territories.csv
[2025-01-27T02:09:22.818+0000] {logging_mixin.py:190} INFO - Arquivo copiado: ./data_extracted/postgres/26-01-2025/us_states.csv -> ./data_tube/us_states.csv
[2025-01-27T02:09:22.819+0000] {python.py:240} INFO - Done. Returned value was: None
[2025-01-27T02:09:22.830+0000] {taskinstance.py:340} INFO - ::group::Post task execution logs
[2025-01-27T02:09:22.831+0000] {taskinstance.py:352} INFO - Marking task as SUCCESS. dag_id=csv_to_postgres, task_id=data_extracted_to_data_tube, run_id=scheduled__2025-01-26T00:00:00+00:00, execution_date=20250126T000000, start_date=20250127T020922, end_date=20250127T020922
[2025-01-27T02:09:22.881+0000] {local_task_job_runner.py:266} INFO - Task exited with return code 0
[2025-01-27T02:09:22.926+0000] {taskinstance.py:3895} INFO - 1 downstream tasks scheduled from follow-on schedule check
[2025-01-27T02:09:22.932+0000] {local_task_job_runner.py:245} INFO - ::endgroup::
