[2025-01-27T16:19:24.885+0000] {local_task_job_runner.py:123} INFO - ::group::Pre task execution logs
[2025-01-27T16:19:24.902+0000] {taskinstance.py:2613} INFO - Dependencies all met for dep_context=non-requeueable deps ti=<TaskInstance: task_2.trigger_csv_to_postgres scheduled__2025-01-26T00:00:00+00:00 [queued]>
[2025-01-27T16:19:24.911+0000] {taskinstance.py:2613} INFO - Dependencies all met for dep_context=requeueable deps ti=<TaskInstance: task_2.trigger_csv_to_postgres scheduled__2025-01-26T00:00:00+00:00 [queued]>
[2025-01-27T16:19:24.913+0000] {taskinstance.py:2866} INFO - Starting attempt 1 of 1
[2025-01-27T16:19:24.935+0000] {taskinstance.py:2889} INFO - Executing <Task(TriggerDagRunOperator): trigger_csv_to_postgres> on 2025-01-26 00:00:00+00:00
[2025-01-27T16:19:24.942+0000] {warnings.py:112} WARNING - /home/***/.local/lib/python3.12/site-packages/***/task/task_runner/standard_task_runner.py:70: DeprecationWarning: This process (pid=837) is multi-threaded, use of fork() may lead to deadlocks in the child.
  pid = os.fork()

[2025-01-27T16:19:24.943+0000] {standard_task_runner.py:72} INFO - Started process 839 to run task
[2025-01-27T16:19:24.944+0000] {standard_task_runner.py:104} INFO - Running: ['***', 'tasks', 'run', 'task_2', 'trigger_csv_to_postgres', 'scheduled__2025-01-26T00:00:00+00:00', '--job-id', '304', '--raw', '--subdir', 'DAGS_FOLDER/ELT.py', '--cfg-path', '/tmp/tmp222y0vf6']
[2025-01-27T16:19:24.946+0000] {standard_task_runner.py:105} INFO - Job 304: Subtask trigger_csv_to_postgres
[2025-01-27T16:19:25.007+0000] {task_command.py:467} INFO - Running <TaskInstance: task_2.trigger_csv_to_postgres scheduled__2025-01-26T00:00:00+00:00 [running]> on host 6e96b290b599
[2025-01-27T16:19:25.127+0000] {taskinstance.py:3132} INFO - Exporting env vars: AIRFLOW_CTX_DAG_OWNER='***' AIRFLOW_CTX_DAG_ID='task_2' AIRFLOW_CTX_TASK_ID='trigger_csv_to_postgres' AIRFLOW_CTX_EXECUTION_DATE='2025-01-26T00:00:00+00:00' AIRFLOW_CTX_TRY_NUMBER='1' AIRFLOW_CTX_DAG_RUN_ID='scheduled__2025-01-26T00:00:00+00:00'
[2025-01-27T16:19:25.128+0000] {taskinstance.py:731} INFO - ::endgroup::
[2025-01-27T16:19:25.247+0000] {trigger_dagrun.py:257} INFO - Waiting for csv_to_postgres on 2025-01-27 16:19:25.140122+00:00 to become allowed state ['success'] ...
[2025-01-27T16:20:25.255+0000] {trigger_dagrun.py:257} INFO - Waiting for csv_to_postgres on 2025-01-27 16:19:25.140122+00:00 to become allowed state ['success'] ...
[2025-01-27T16:21:25.260+0000] {trigger_dagrun.py:271} INFO - csv_to_postgres finished with allowed state success
[2025-01-27T16:21:25.271+0000] {taskinstance.py:340} INFO - ::group::Post task execution logs
[2025-01-27T16:21:25.273+0000] {taskinstance.py:352} INFO - Marking task as SUCCESS. dag_id=task_2, task_id=trigger_csv_to_postgres, run_id=scheduled__2025-01-26T00:00:00+00:00, execution_date=20250126T000000, start_date=20250127T161924, end_date=20250127T162125
[2025-01-27T16:21:25.655+0000] {local_task_job_runner.py:266} INFO - Task exited with return code 0
[2025-01-27T16:21:25.672+0000] {taskinstance.py:3895} INFO - 1 downstream tasks scheduled from follow-on schedule check
[2025-01-27T16:21:25.677+0000] {local_task_job_runner.py:245} INFO - ::endgroup::
