[2025-01-25T21:00:10.083+0000] {local_task_job_runner.py:123} INFO - ::group::Pre task execution logs
[2025-01-25T21:00:10.101+0000] {taskinstance.py:2613} INFO - Dependencies all met for dep_context=non-requeueable deps ti=<TaskInstance: meltano_airflow_dag.run_meltano_extraction manual__2025-01-25T21:00:05.867306+00:00 [queued]>
[2025-01-25T21:00:10.112+0000] {taskinstance.py:2613} INFO - Dependencies all met for dep_context=requeueable deps ti=<TaskInstance: meltano_airflow_dag.run_meltano_extraction manual__2025-01-25T21:00:05.867306+00:00 [queued]>
[2025-01-25T21:00:10.113+0000] {taskinstance.py:2866} INFO - Starting attempt 1 of 1
[2025-01-25T21:00:10.132+0000] {taskinstance.py:2889} INFO - Executing <Task(BashOperator): run_meltano_extraction> on 2025-01-25 21:00:05.867306+00:00
[2025-01-25T21:00:10.139+0000] {warnings.py:112} WARNING - /home/***/.local/lib/python3.12/site-packages/***/task/task_runner/standard_task_runner.py:70: DeprecationWarning: This process (pid=64) is multi-threaded, use of fork() may lead to deadlocks in the child.
  pid = os.fork()

[2025-01-25T21:00:10.140+0000] {standard_task_runner.py:72} INFO - Started process 65 to run task
[2025-01-25T21:00:10.141+0000] {standard_task_runner.py:104} INFO - Running: ['***', 'tasks', 'run', 'meltano_***_dag', 'run_meltano_extraction', 'manual__2025-01-25T21:00:05.867306+00:00', '--job-id', '48', '--raw', '--subdir', 'DAGS_FOLDER/task1.py', '--cfg-path', '/tmp/tmpxnjm7hz5']
[2025-01-25T21:00:10.142+0000] {standard_task_runner.py:105} INFO - Job 48: Subtask run_meltano_extraction
[2025-01-25T21:00:10.196+0000] {task_command.py:467} INFO - Running <TaskInstance: meltano_airflow_dag.run_meltano_extraction manual__2025-01-25T21:00:05.867306+00:00 [running]> on host e77535f7a513
[2025-01-25T21:00:10.286+0000] {taskinstance.py:3132} INFO - Exporting env vars: AIRFLOW_CTX_DAG_OWNER='***' AIRFLOW_CTX_DAG_ID='meltano_***_dag' AIRFLOW_CTX_TASK_ID='run_meltano_extraction' AIRFLOW_CTX_EXECUTION_DATE='2025-01-25T21:00:05.867306+00:00' AIRFLOW_CTX_TRY_NUMBER='1' AIRFLOW_CTX_DAG_RUN_ID='manual__2025-01-25T21:00:05.867306+00:00'
[2025-01-25T21:00:10.287+0000] {taskinstance.py:731} INFO - ::endgroup::
[2025-01-25T21:00:10.314+0000] {subprocess.py:78} INFO - Tmp dir root location: /tmp
[2025-01-25T21:00:10.315+0000] {subprocess.py:88} INFO - Running command: ['/usr/bin/bash', '-c', 'docker ps']
[2025-01-25T21:00:10.327+0000] {subprocess.py:99} INFO - Output:
[2025-01-25T21:00:10.356+0000] {subprocess.py:106} INFO - CONTAINER ID   IMAGE                    COMMAND                  CREATED              STATUS                        PORTS                    NAMES
[2025-01-25T21:00:10.357+0000] {subprocess.py:106} INFO - e77535f7a513   apache/***:2.10.4    "/usr/bin/dumb-init …"   About a minute ago   Up About a minute (healthy)   8080/tcp                 code-challenge-***-worker-1
[2025-01-25T21:00:10.358+0000] {subprocess.py:106} INFO - 656d89ff8ef1   apache/***:2.10.4    "/usr/bin/dumb-init …"   About a minute ago   Up About a minute (healthy)   8080/tcp                 code-challenge-***-scheduler-1
[2025-01-25T21:00:10.358+0000] {subprocess.py:106} INFO - a97f7c5897c5   apache/***:2.10.4    "/usr/bin/dumb-init …"   About a minute ago   Up About a minute (healthy)   0.0.0.0:8090->8080/tcp   code-challenge-***-webserver-1
[2025-01-25T21:00:10.359+0000] {subprocess.py:106} INFO - 8982ee4154c7   apache/***:2.10.4    "/usr/bin/dumb-init …"   About a minute ago   Up About a minute (healthy)   8080/tcp                 code-challenge-***-triggerer-1
[2025-01-25T21:00:10.359+0000] {subprocess.py:106} INFO - bb2768cc2400   meltano/meltano:latest   "/bin/bash"              26 minutes ago       Up About a minute             0.0.0.0:5000->5000/tcp   code-challenge-meltano-1
[2025-01-25T21:00:10.360+0000] {subprocess.py:106} INFO - b3a57b1e3427   postgres:13              "docker-entrypoint.s…"   2 hours ago          Up About a minute (healthy)   5432/tcp                 code-challenge-postgres-1
[2025-01-25T21:00:10.360+0000] {subprocess.py:106} INFO - 5af3de94d93d   redis:7.2-bookworm       "docker-entrypoint.s…"   2 hours ago          Up About a minute (healthy)   6379/tcp                 code-challenge-redis-1
[2025-01-25T21:00:10.361+0000] {subprocess.py:106} INFO - 52710ec07c53   postgres:12              "docker-entrypoint.s…"   2 hours ago          Up About a minute             0.0.0.0:5432->5432/tcp   code-challenge-db-1
[2025-01-25T21:00:10.361+0000] {subprocess.py:110} INFO - Command exited with return code 0
[2025-01-25T21:00:10.387+0000] {taskinstance.py:340} INFO - ::group::Post task execution logs
[2025-01-25T21:00:10.388+0000] {taskinstance.py:352} INFO - Marking task as SUCCESS. dag_id=meltano_***_dag, task_id=run_meltano_extraction, run_id=manual__2025-01-25T21:00:05.867306+00:00, execution_date=20250125T210005, start_date=20250125T210010, end_date=20250125T210010
[2025-01-25T21:00:10.437+0000] {local_task_job_runner.py:266} INFO - Task exited with return code 0
[2025-01-25T21:00:10.453+0000] {taskinstance.py:3895} INFO - 0 downstream tasks scheduled from follow-on schedule check
[2025-01-25T21:00:10.460+0000] {local_task_job_runner.py:245} INFO - ::endgroup::
