[2025-01-27T15:52:13.349+0000] {processor.py:186} INFO - Started process (PID=346) to work on /opt/airflow/dags/ETL.py
[2025-01-27T15:52:13.351+0000] {processor.py:914} INFO - Processing file /opt/airflow/dags/ETL.py for tasks to queue
[2025-01-27T15:52:13.352+0000] {logging_mixin.py:190} INFO - [2025-01-27T15:52:13.352+0000] {dagbag.py:588} INFO - Filling up the DagBag from /opt/airflow/dags/ETL.py
[2025-01-27T15:52:13.378+0000] {logging_mixin.py:190} INFO - [2025-01-27T15:52:13.374+0000] {dagbag.py:387} ERROR - Failed to import: /opt/airflow/dags/ETL.py
Traceback (most recent call last):
  File "/home/airflow/.local/lib/python3.12/site-packages/airflow/models/dagbag.py", line 383, in parse
    loader.exec_module(new_module)
  File "<frozen importlib._bootstrap_external>", line 999, in exec_module
  File "<frozen importlib._bootstrap>", line 488, in _call_with_frames_removed
  File "/opt/airflow/dags/ETL.py", line 7, in <module>
    from aux_task1 import tube_to_extracted_csv, tube_to_extracted_postgres, copiar_arquivos, recuperar_tabela
ModuleNotFoundError: No module named 'aux_task1'
[2025-01-27T15:52:13.381+0000] {processor.py:927} WARNING - No viable dags retrieved from /opt/airflow/dags/ETL.py
[2025-01-27T15:52:13.405+0000] {processor.py:208} INFO - Processing /opt/airflow/dags/ETL.py took 0.061 seconds
[2025-01-27T15:52:43.558+0000] {processor.py:186} INFO - Started process (PID=353) to work on /opt/airflow/dags/ETL.py
[2025-01-27T15:52:43.559+0000] {processor.py:914} INFO - Processing file /opt/airflow/dags/ETL.py for tasks to queue
[2025-01-27T15:52:43.561+0000] {logging_mixin.py:190} INFO - [2025-01-27T15:52:43.560+0000] {dagbag.py:588} INFO - Filling up the DagBag from /opt/airflow/dags/ETL.py
[2025-01-27T15:52:43.579+0000] {logging_mixin.py:190} INFO - [2025-01-27T15:52:43.575+0000] {dagbag.py:387} ERROR - Failed to import: /opt/airflow/dags/ETL.py
Traceback (most recent call last):
  File "/home/airflow/.local/lib/python3.12/site-packages/airflow/models/dagbag.py", line 383, in parse
    loader.exec_module(new_module)
  File "<frozen importlib._bootstrap_external>", line 999, in exec_module
  File "<frozen importlib._bootstrap>", line 488, in _call_with_frames_removed
  File "/opt/airflow/dags/ETL.py", line 7, in <module>
    from aux_task1 import tube_to_extracted_csv, tube_to_extracted_postgres, copiar_arquivos, recuperar_tabela
ModuleNotFoundError: No module named 'aux_task1'
[2025-01-27T15:52:43.580+0000] {processor.py:927} WARNING - No viable dags retrieved from /opt/airflow/dags/ETL.py
[2025-01-27T15:52:43.601+0000] {processor.py:208} INFO - Processing /opt/airflow/dags/ETL.py took 0.048 seconds
[2025-01-27T15:53:13.835+0000] {processor.py:186} INFO - Started process (PID=360) to work on /opt/airflow/dags/ETL.py
[2025-01-27T15:53:13.836+0000] {processor.py:914} INFO - Processing file /opt/airflow/dags/ETL.py for tasks to queue
[2025-01-27T15:53:13.837+0000] {logging_mixin.py:190} INFO - [2025-01-27T15:53:13.837+0000] {dagbag.py:588} INFO - Filling up the DagBag from /opt/airflow/dags/ETL.py
[2025-01-27T15:53:13.856+0000] {logging_mixin.py:190} INFO - [2025-01-27T15:53:13.852+0000] {dagbag.py:387} ERROR - Failed to import: /opt/airflow/dags/ETL.py
Traceback (most recent call last):
  File "/home/airflow/.local/lib/python3.12/site-packages/airflow/models/dagbag.py", line 383, in parse
    loader.exec_module(new_module)
  File "<frozen importlib._bootstrap_external>", line 999, in exec_module
  File "<frozen importlib._bootstrap>", line 488, in _call_with_frames_removed
  File "/opt/airflow/dags/ETL.py", line 7, in <module>
    from aux_task1 import tube_to_extracted_csv, tube_to_extracted_postgres, copiar_arquivos, recuperar_tabela
ModuleNotFoundError: No module named 'aux_task1'
[2025-01-27T15:53:13.857+0000] {processor.py:927} WARNING - No viable dags retrieved from /opt/airflow/dags/ETL.py
[2025-01-27T15:53:13.880+0000] {processor.py:208} INFO - Processing /opt/airflow/dags/ETL.py took 0.050 seconds
[2025-01-27T15:53:44.050+0000] {processor.py:186} INFO - Started process (PID=367) to work on /opt/airflow/dags/ETL.py
[2025-01-27T15:53:44.051+0000] {processor.py:914} INFO - Processing file /opt/airflow/dags/ETL.py for tasks to queue
[2025-01-27T15:53:44.053+0000] {logging_mixin.py:190} INFO - [2025-01-27T15:53:44.053+0000] {dagbag.py:588} INFO - Filling up the DagBag from /opt/airflow/dags/ETL.py
[2025-01-27T15:53:44.071+0000] {logging_mixin.py:190} INFO - [2025-01-27T15:53:44.067+0000] {dagbag.py:387} ERROR - Failed to import: /opt/airflow/dags/ETL.py
Traceback (most recent call last):
  File "/home/airflow/.local/lib/python3.12/site-packages/airflow/models/dagbag.py", line 383, in parse
    loader.exec_module(new_module)
  File "<frozen importlib._bootstrap_external>", line 999, in exec_module
  File "<frozen importlib._bootstrap>", line 488, in _call_with_frames_removed
  File "/opt/airflow/dags/ETL.py", line 7, in <module>
    from aux_task1 import tube_to_extracted_csv, tube_to_extracted_postgres, copiar_arquivos, recuperar_tabela
ModuleNotFoundError: No module named 'aux_task1'
[2025-01-27T15:53:44.072+0000] {processor.py:927} WARNING - No viable dags retrieved from /opt/airflow/dags/ETL.py
[2025-01-27T15:53:44.092+0000] {processor.py:208} INFO - Processing /opt/airflow/dags/ETL.py took 0.046 seconds
[2025-01-27T15:54:14.291+0000] {processor.py:186} INFO - Started process (PID=374) to work on /opt/airflow/dags/ETL.py
[2025-01-27T15:54:14.292+0000] {processor.py:914} INFO - Processing file /opt/airflow/dags/ETL.py for tasks to queue
[2025-01-27T15:54:14.293+0000] {logging_mixin.py:190} INFO - [2025-01-27T15:54:14.293+0000] {dagbag.py:588} INFO - Filling up the DagBag from /opt/airflow/dags/ETL.py
[2025-01-27T15:54:14.312+0000] {logging_mixin.py:190} INFO - [2025-01-27T15:54:14.308+0000] {dagbag.py:387} ERROR - Failed to import: /opt/airflow/dags/ETL.py
Traceback (most recent call last):
  File "/home/airflow/.local/lib/python3.12/site-packages/airflow/models/dagbag.py", line 383, in parse
    loader.exec_module(new_module)
  File "<frozen importlib._bootstrap_external>", line 999, in exec_module
  File "<frozen importlib._bootstrap>", line 488, in _call_with_frames_removed
  File "/opt/airflow/dags/ETL.py", line 7, in <module>
    from aux_task1 import tube_to_extracted_csv, tube_to_extracted_postgres, copiar_arquivos, recuperar_tabela
ModuleNotFoundError: No module named 'aux_task1'
[2025-01-27T15:54:14.314+0000] {processor.py:927} WARNING - No viable dags retrieved from /opt/airflow/dags/ETL.py
[2025-01-27T15:54:14.334+0000] {processor.py:208} INFO - Processing /opt/airflow/dags/ETL.py took 0.047 seconds
[2025-01-27T15:54:26.418+0000] {processor.py:186} INFO - Started process (PID=381) to work on /opt/airflow/dags/ETL.py
[2025-01-27T15:54:26.419+0000] {processor.py:914} INFO - Processing file /opt/airflow/dags/ETL.py for tasks to queue
[2025-01-27T15:54:26.421+0000] {logging_mixin.py:190} INFO - [2025-01-27T15:54:26.420+0000] {dagbag.py:588} INFO - Filling up the DagBag from /opt/airflow/dags/ETL.py
[2025-01-27T15:54:26.450+0000] {logging_mixin.py:190} INFO - [2025-01-27T15:54:26.446+0000] {dagbag.py:387} ERROR - Failed to import: /opt/airflow/dags/ETL.py
Traceback (most recent call last):
  File "/home/airflow/.local/lib/python3.12/site-packages/airflow/models/dagbag.py", line 383, in parse
    loader.exec_module(new_module)
  File "<frozen importlib._bootstrap_external>", line 999, in exec_module
  File "<frozen importlib._bootstrap>", line 488, in _call_with_frames_removed
  File "/opt/airflow/dags/ETL.py", line 7, in <module>
    from aux_task1 import tube_to_extracted_csv, tube_to_extracted_postgres, copiar_arquivos, recuperar_tabela
ModuleNotFoundError: No module named 'aux_task1'
[2025-01-27T15:54:26.452+0000] {processor.py:927} WARNING - No viable dags retrieved from /opt/airflow/dags/ETL.py
[2025-01-27T15:54:26.474+0000] {processor.py:208} INFO - Processing /opt/airflow/dags/ETL.py took 0.061 seconds
[2025-01-27T15:54:56.644+0000] {processor.py:186} INFO - Started process (PID=388) to work on /opt/airflow/dags/ETL.py
[2025-01-27T15:54:56.646+0000] {processor.py:914} INFO - Processing file /opt/airflow/dags/ETL.py for tasks to queue
[2025-01-27T15:54:56.647+0000] {logging_mixin.py:190} INFO - [2025-01-27T15:54:56.647+0000] {dagbag.py:588} INFO - Filling up the DagBag from /opt/airflow/dags/ETL.py
[2025-01-27T15:54:56.669+0000] {logging_mixin.py:190} INFO - [2025-01-27T15:54:56.665+0000] {dagbag.py:387} ERROR - Failed to import: /opt/airflow/dags/ETL.py
Traceback (most recent call last):
  File "/home/airflow/.local/lib/python3.12/site-packages/airflow/models/dagbag.py", line 383, in parse
    loader.exec_module(new_module)
  File "<frozen importlib._bootstrap_external>", line 999, in exec_module
  File "<frozen importlib._bootstrap>", line 488, in _call_with_frames_removed
  File "/opt/airflow/dags/ETL.py", line 7, in <module>
    from aux_task1 import tube_to_extracted_csv, tube_to_extracted_postgres, copiar_arquivos, recuperar_tabela
ModuleNotFoundError: No module named 'aux_task1'
[2025-01-27T15:54:56.670+0000] {processor.py:927} WARNING - No viable dags retrieved from /opt/airflow/dags/ETL.py
[2025-01-27T15:54:56.690+0000] {processor.py:208} INFO - Processing /opt/airflow/dags/ETL.py took 0.051 seconds
[2025-01-27T15:55:26.886+0000] {processor.py:186} INFO - Started process (PID=395) to work on /opt/airflow/dags/ETL.py
[2025-01-27T15:55:26.887+0000] {processor.py:914} INFO - Processing file /opt/airflow/dags/ETL.py for tasks to queue
[2025-01-27T15:55:26.889+0000] {logging_mixin.py:190} INFO - [2025-01-27T15:55:26.888+0000] {dagbag.py:588} INFO - Filling up the DagBag from /opt/airflow/dags/ETL.py
[2025-01-27T15:55:26.906+0000] {logging_mixin.py:190} INFO - [2025-01-27T15:55:26.903+0000] {dagbag.py:387} ERROR - Failed to import: /opt/airflow/dags/ETL.py
Traceback (most recent call last):
  File "/home/airflow/.local/lib/python3.12/site-packages/airflow/models/dagbag.py", line 383, in parse
    loader.exec_module(new_module)
  File "<frozen importlib._bootstrap_external>", line 999, in exec_module
  File "<frozen importlib._bootstrap>", line 488, in _call_with_frames_removed
  File "/opt/airflow/dags/ETL.py", line 7, in <module>
    from aux_task1 import tube_to_extracted_csv, tube_to_extracted_postgres, copiar_arquivos, recuperar_tabela
ModuleNotFoundError: No module named 'aux_task1'
[2025-01-27T15:55:26.908+0000] {processor.py:927} WARNING - No viable dags retrieved from /opt/airflow/dags/ETL.py
[2025-01-27T15:55:26.927+0000] {processor.py:208} INFO - Processing /opt/airflow/dags/ETL.py took 0.046 seconds
[2025-01-27T15:55:57.102+0000] {processor.py:186} INFO - Started process (PID=402) to work on /opt/airflow/dags/ETL.py
[2025-01-27T15:55:57.103+0000] {processor.py:914} INFO - Processing file /opt/airflow/dags/ETL.py for tasks to queue
[2025-01-27T15:55:57.104+0000] {logging_mixin.py:190} INFO - [2025-01-27T15:55:57.104+0000] {dagbag.py:588} INFO - Filling up the DagBag from /opt/airflow/dags/ETL.py
[2025-01-27T15:55:57.123+0000] {logging_mixin.py:190} INFO - [2025-01-27T15:55:57.119+0000] {dagbag.py:387} ERROR - Failed to import: /opt/airflow/dags/ETL.py
Traceback (most recent call last):
  File "/home/airflow/.local/lib/python3.12/site-packages/airflow/models/dagbag.py", line 383, in parse
    loader.exec_module(new_module)
  File "<frozen importlib._bootstrap_external>", line 999, in exec_module
  File "<frozen importlib._bootstrap>", line 488, in _call_with_frames_removed
  File "/opt/airflow/dags/ETL.py", line 7, in <module>
    from aux_task1 import tube_to_extracted_csv, tube_to_extracted_postgres, copiar_arquivos, recuperar_tabela
ModuleNotFoundError: No module named 'aux_task1'
[2025-01-27T15:55:57.124+0000] {processor.py:927} WARNING - No viable dags retrieved from /opt/airflow/dags/ETL.py
[2025-01-27T15:55:57.145+0000] {processor.py:208} INFO - Processing /opt/airflow/dags/ETL.py took 0.048 seconds
[2025-01-27T15:56:27.342+0000] {processor.py:186} INFO - Started process (PID=409) to work on /opt/airflow/dags/ETL.py
[2025-01-27T15:56:27.343+0000] {processor.py:914} INFO - Processing file /opt/airflow/dags/ETL.py for tasks to queue
[2025-01-27T15:56:27.345+0000] {logging_mixin.py:190} INFO - [2025-01-27T15:56:27.344+0000] {dagbag.py:588} INFO - Filling up the DagBag from /opt/airflow/dags/ETL.py
[2025-01-27T15:56:27.364+0000] {logging_mixin.py:190} INFO - [2025-01-27T15:56:27.360+0000] {dagbag.py:387} ERROR - Failed to import: /opt/airflow/dags/ETL.py
Traceback (most recent call last):
  File "/home/airflow/.local/lib/python3.12/site-packages/airflow/models/dagbag.py", line 383, in parse
    loader.exec_module(new_module)
  File "<frozen importlib._bootstrap_external>", line 999, in exec_module
  File "<frozen importlib._bootstrap>", line 488, in _call_with_frames_removed
  File "/opt/airflow/dags/ETL.py", line 7, in <module>
    from aux_task1 import tube_to_extracted_csv, tube_to_extracted_postgres, copiar_arquivos, recuperar_tabela
ModuleNotFoundError: No module named 'aux_task1'
[2025-01-27T15:56:27.366+0000] {processor.py:927} WARNING - No viable dags retrieved from /opt/airflow/dags/ETL.py
[2025-01-27T15:56:27.386+0000] {processor.py:208} INFO - Processing /opt/airflow/dags/ETL.py took 0.048 seconds
[2025-01-27T15:56:57.562+0000] {processor.py:186} INFO - Started process (PID=416) to work on /opt/airflow/dags/ETL.py
[2025-01-27T15:56:57.563+0000] {processor.py:914} INFO - Processing file /opt/airflow/dags/ETL.py for tasks to queue
[2025-01-27T15:56:57.564+0000] {logging_mixin.py:190} INFO - [2025-01-27T15:56:57.564+0000] {dagbag.py:588} INFO - Filling up the DagBag from /opt/airflow/dags/ETL.py
[2025-01-27T15:56:57.581+0000] {logging_mixin.py:190} INFO - [2025-01-27T15:56:57.578+0000] {dagbag.py:387} ERROR - Failed to import: /opt/airflow/dags/ETL.py
Traceback (most recent call last):
  File "/home/airflow/.local/lib/python3.12/site-packages/airflow/models/dagbag.py", line 383, in parse
    loader.exec_module(new_module)
  File "<frozen importlib._bootstrap_external>", line 999, in exec_module
  File "<frozen importlib._bootstrap>", line 488, in _call_with_frames_removed
  File "/opt/airflow/dags/ETL.py", line 7, in <module>
    from aux_task1 import tube_to_extracted_csv, tube_to_extracted_postgres, copiar_arquivos, recuperar_tabela
ModuleNotFoundError: No module named 'aux_task1'
[2025-01-27T15:56:57.583+0000] {processor.py:927} WARNING - No viable dags retrieved from /opt/airflow/dags/ETL.py
[2025-01-27T15:56:57.606+0000] {processor.py:208} INFO - Processing /opt/airflow/dags/ETL.py took 0.049 seconds
[2025-01-27T15:57:27.868+0000] {processor.py:186} INFO - Started process (PID=423) to work on /opt/airflow/dags/ETL.py
[2025-01-27T15:57:27.869+0000] {processor.py:914} INFO - Processing file /opt/airflow/dags/ETL.py for tasks to queue
[2025-01-27T15:57:27.871+0000] {logging_mixin.py:190} INFO - [2025-01-27T15:57:27.870+0000] {dagbag.py:588} INFO - Filling up the DagBag from /opt/airflow/dags/ETL.py
[2025-01-27T15:57:27.892+0000] {logging_mixin.py:190} INFO - [2025-01-27T15:57:27.888+0000] {dagbag.py:387} ERROR - Failed to import: /opt/airflow/dags/ETL.py
Traceback (most recent call last):
  File "/home/airflow/.local/lib/python3.12/site-packages/airflow/models/dagbag.py", line 383, in parse
    loader.exec_module(new_module)
  File "<frozen importlib._bootstrap_external>", line 999, in exec_module
  File "<frozen importlib._bootstrap>", line 488, in _call_with_frames_removed
  File "/opt/airflow/dags/ETL.py", line 7, in <module>
    from aux_task1 import tube_to_extracted_csv, tube_to_extracted_postgres, copiar_arquivos, recuperar_tabela
ModuleNotFoundError: No module named 'aux_task1'
[2025-01-27T15:57:27.894+0000] {processor.py:927} WARNING - No viable dags retrieved from /opt/airflow/dags/ETL.py
[2025-01-27T15:57:27.917+0000] {processor.py:208} INFO - Processing /opt/airflow/dags/ETL.py took 0.056 seconds
[2025-01-27T15:57:31.928+0000] {processor.py:186} INFO - Started process (PID=424) to work on /opt/airflow/dags/ETL.py
[2025-01-27T15:57:31.929+0000] {processor.py:914} INFO - Processing file /opt/airflow/dags/ETL.py for tasks to queue
[2025-01-27T15:57:31.930+0000] {logging_mixin.py:190} INFO - [2025-01-27T15:57:31.930+0000] {dagbag.py:588} INFO - Filling up the DagBag from /opt/airflow/dags/ETL.py
[2025-01-27T15:57:32.262+0000] {processor.py:925} INFO - DAG(s) 'csv_to_postgres', 'dbt_query', 'postgres_to_csv', 'task_1', 'csv_to_csv' retrieved from /opt/airflow/dags/ETL.py
[2025-01-27T15:57:32.428+0000] {logging_mixin.py:190} INFO - [2025-01-27T15:57:32.428+0000] {dag.py:3239} INFO - Sync 5 DAGs
[2025-01-27T15:57:32.447+0000] {logging_mixin.py:190} INFO - [2025-01-27T15:57:32.446+0000] {dag.py:4180} INFO - Setting next_dagrun for csv_to_csv to 2025-01-27 00:00:00+00:00, run_after=2025-01-28 00:00:00+00:00
[2025-01-27T15:57:32.451+0000] {logging_mixin.py:190} INFO - [2025-01-27T15:57:32.451+0000] {dag.py:4180} INFO - Setting next_dagrun for csv_to_postgres to 2025-01-27 00:00:00+00:00, run_after=2025-01-28 00:00:00+00:00
[2025-01-27T15:57:32.453+0000] {logging_mixin.py:190} INFO - [2025-01-27T15:57:32.453+0000] {dag.py:4180} INFO - Setting next_dagrun for dbt_query to 2025-01-27 00:00:00+00:00, run_after=2025-01-28 00:00:00+00:00
[2025-01-27T15:57:32.456+0000] {logging_mixin.py:190} INFO - [2025-01-27T15:57:32.455+0000] {dag.py:4180} INFO - Setting next_dagrun for postgres_to_csv to 2025-01-27 00:00:00+00:00, run_after=2025-01-28 00:00:00+00:00
[2025-01-27T15:57:32.458+0000] {logging_mixin.py:190} INFO - [2025-01-27T15:57:32.458+0000] {dag.py:4180} INFO - Setting next_dagrun for task_1 to 2025-01-26 00:00:00+00:00, run_after=2025-01-27 00:00:00+00:00
[2025-01-27T15:57:32.490+0000] {processor.py:208} INFO - Processing /opt/airflow/dags/ETL.py took 0.567 seconds
[2025-01-27T15:58:03.185+0000] {processor.py:186} INFO - Started process (PID=432) to work on /opt/airflow/dags/ETL.py
[2025-01-27T15:58:03.186+0000] {processor.py:914} INFO - Processing file /opt/airflow/dags/ETL.py for tasks to queue
[2025-01-27T15:58:03.188+0000] {logging_mixin.py:190} INFO - [2025-01-27T15:58:03.187+0000] {dagbag.py:588} INFO - Filling up the DagBag from /opt/airflow/dags/ETL.py
[2025-01-27T15:58:03.525+0000] {processor.py:925} INFO - DAG(s) 'csv_to_csv', 'csv_to_postgres', 'dbt_query', 'task_1', 'postgres_to_csv' retrieved from /opt/airflow/dags/ETL.py
[2025-01-27T15:58:03.558+0000] {logging_mixin.py:190} INFO - [2025-01-27T15:58:03.558+0000] {dag.py:3239} INFO - Sync 5 DAGs
[2025-01-27T15:58:03.580+0000] {logging_mixin.py:190} INFO - [2025-01-27T15:58:03.580+0000] {dag.py:4180} INFO - Setting next_dagrun for csv_to_csv to 2025-01-27 00:00:00+00:00, run_after=2025-01-28 00:00:00+00:00
[2025-01-27T15:58:03.585+0000] {logging_mixin.py:190} INFO - [2025-01-27T15:58:03.585+0000] {dag.py:4180} INFO - Setting next_dagrun for csv_to_postgres to 2025-01-27 00:00:00+00:00, run_after=2025-01-28 00:00:00+00:00
[2025-01-27T15:58:03.587+0000] {logging_mixin.py:190} INFO - [2025-01-27T15:58:03.587+0000] {dag.py:4180} INFO - Setting next_dagrun for dbt_query to 2025-01-27 00:00:00+00:00, run_after=2025-01-28 00:00:00+00:00
[2025-01-27T15:58:03.590+0000] {logging_mixin.py:190} INFO - [2025-01-27T15:58:03.590+0000] {dag.py:4180} INFO - Setting next_dagrun for postgres_to_csv to 2025-01-27 00:00:00+00:00, run_after=2025-01-28 00:00:00+00:00
[2025-01-27T15:58:03.593+0000] {logging_mixin.py:190} INFO - [2025-01-27T15:58:03.593+0000] {dag.py:4180} INFO - Setting next_dagrun for task_1 to 2025-01-27 00:00:00+00:00, run_after=2025-01-28 00:00:00+00:00
[2025-01-27T15:58:03.996+0000] {processor.py:208} INFO - Processing /opt/airflow/dags/ETL.py took 0.815 seconds
[2025-01-27T15:58:34.292+0000] {processor.py:186} INFO - Started process (PID=440) to work on /opt/airflow/dags/ETL.py
[2025-01-27T15:58:34.293+0000] {processor.py:914} INFO - Processing file /opt/airflow/dags/ETL.py for tasks to queue
[2025-01-27T15:58:34.294+0000] {logging_mixin.py:190} INFO - [2025-01-27T15:58:34.294+0000] {dagbag.py:588} INFO - Filling up the DagBag from /opt/airflow/dags/ETL.py
[2025-01-27T15:58:34.598+0000] {processor.py:925} INFO - DAG(s) 'postgres_to_csv', 'csv_to_postgres', 'task_1', 'csv_to_csv', 'dbt_query' retrieved from /opt/airflow/dags/ETL.py
[2025-01-27T15:58:34.629+0000] {logging_mixin.py:190} INFO - [2025-01-27T15:58:34.629+0000] {dag.py:3239} INFO - Sync 5 DAGs
[2025-01-27T15:58:34.650+0000] {logging_mixin.py:190} INFO - [2025-01-27T15:58:34.649+0000] {dag.py:4180} INFO - Setting next_dagrun for csv_to_csv to 2025-01-27 00:00:00+00:00, run_after=2025-01-28 00:00:00+00:00
[2025-01-27T15:58:34.656+0000] {logging_mixin.py:190} INFO - [2025-01-27T15:58:34.656+0000] {dag.py:4180} INFO - Setting next_dagrun for csv_to_postgres to 2025-01-27 00:00:00+00:00, run_after=2025-01-28 00:00:00+00:00
[2025-01-27T15:58:34.659+0000] {logging_mixin.py:190} INFO - [2025-01-27T15:58:34.658+0000] {dag.py:4180} INFO - Setting next_dagrun for dbt_query to 2025-01-27 00:00:00+00:00, run_after=2025-01-28 00:00:00+00:00
[2025-01-27T15:58:34.661+0000] {logging_mixin.py:190} INFO - [2025-01-27T15:58:34.661+0000] {dag.py:4180} INFO - Setting next_dagrun for postgres_to_csv to 2025-01-27 00:00:00+00:00, run_after=2025-01-28 00:00:00+00:00
[2025-01-27T15:58:34.663+0000] {logging_mixin.py:190} INFO - [2025-01-27T15:58:34.663+0000] {dag.py:4180} INFO - Setting next_dagrun for task_1 to 2025-01-27 00:00:00+00:00, run_after=2025-01-28 00:00:00+00:00
[2025-01-27T15:58:34.682+0000] {processor.py:208} INFO - Processing /opt/airflow/dags/ETL.py took 0.401 seconds
[2025-01-27T15:59:04.931+0000] {processor.py:186} INFO - Started process (PID=452) to work on /opt/airflow/dags/ETL.py
[2025-01-27T15:59:04.932+0000] {processor.py:914} INFO - Processing file /opt/airflow/dags/ETL.py for tasks to queue
[2025-01-27T15:59:04.933+0000] {logging_mixin.py:190} INFO - [2025-01-27T15:59:04.933+0000] {dagbag.py:588} INFO - Filling up the DagBag from /opt/airflow/dags/ETL.py
[2025-01-27T15:59:05.252+0000] {processor.py:925} INFO - DAG(s) 'dbt_query', 'task_1', 'csv_to_csv', 'csv_to_postgres', 'postgres_to_csv' retrieved from /opt/airflow/dags/ETL.py
[2025-01-27T15:59:05.286+0000] {logging_mixin.py:190} INFO - [2025-01-27T15:59:05.286+0000] {dag.py:3239} INFO - Sync 5 DAGs
[2025-01-27T15:59:05.309+0000] {logging_mixin.py:190} INFO - [2025-01-27T15:59:05.309+0000] {dag.py:4180} INFO - Setting next_dagrun for csv_to_csv to 2025-01-27 00:00:00+00:00, run_after=2025-01-28 00:00:00+00:00
[2025-01-27T15:59:05.314+0000] {logging_mixin.py:190} INFO - [2025-01-27T15:59:05.314+0000] {dag.py:4180} INFO - Setting next_dagrun for csv_to_postgres to 2025-01-27 00:00:00+00:00, run_after=2025-01-28 00:00:00+00:00
[2025-01-27T15:59:05.317+0000] {logging_mixin.py:190} INFO - [2025-01-27T15:59:05.317+0000] {dag.py:4180} INFO - Setting next_dagrun for dbt_query to 2025-01-27 00:00:00+00:00, run_after=2025-01-28 00:00:00+00:00
[2025-01-27T15:59:05.319+0000] {logging_mixin.py:190} INFO - [2025-01-27T15:59:05.319+0000] {dag.py:4180} INFO - Setting next_dagrun for postgres_to_csv to 2025-01-27 00:00:00+00:00, run_after=2025-01-28 00:00:00+00:00
[2025-01-27T15:59:05.322+0000] {logging_mixin.py:190} INFO - [2025-01-27T15:59:05.322+0000] {dag.py:4180} INFO - Setting next_dagrun for task_1 to 2025-01-27 00:00:00+00:00, run_after=2025-01-28 00:00:00+00:00
[2025-01-27T15:59:05.346+0000] {processor.py:208} INFO - Processing /opt/airflow/dags/ETL.py took 0.421 seconds
[2025-01-27T15:59:35.587+0000] {processor.py:186} INFO - Started process (PID=460) to work on /opt/airflow/dags/ETL.py
[2025-01-27T15:59:35.588+0000] {processor.py:914} INFO - Processing file /opt/airflow/dags/ETL.py for tasks to queue
[2025-01-27T15:59:35.590+0000] {logging_mixin.py:190} INFO - [2025-01-27T15:59:35.589+0000] {dagbag.py:588} INFO - Filling up the DagBag from /opt/airflow/dags/ETL.py
[2025-01-27T15:59:35.882+0000] {processor.py:925} INFO - DAG(s) 'csv_to_csv', 'task_1', 'csv_to_postgres', 'postgres_to_csv', 'dbt_query' retrieved from /opt/airflow/dags/ETL.py
[2025-01-27T15:59:35.915+0000] {logging_mixin.py:190} INFO - [2025-01-27T15:59:35.915+0000] {dag.py:3239} INFO - Sync 5 DAGs
[2025-01-27T15:59:35.938+0000] {logging_mixin.py:190} INFO - [2025-01-27T15:59:35.938+0000] {dag.py:4180} INFO - Setting next_dagrun for csv_to_csv to 2025-01-27 00:00:00+00:00, run_after=2025-01-28 00:00:00+00:00
[2025-01-27T15:59:35.943+0000] {logging_mixin.py:190} INFO - [2025-01-27T15:59:35.943+0000] {dag.py:4180} INFO - Setting next_dagrun for csv_to_postgres to 2025-01-27 00:00:00+00:00, run_after=2025-01-28 00:00:00+00:00
[2025-01-27T15:59:35.945+0000] {logging_mixin.py:190} INFO - [2025-01-27T15:59:35.945+0000] {dag.py:4180} INFO - Setting next_dagrun for dbt_query to 2025-01-27 00:00:00+00:00, run_after=2025-01-28 00:00:00+00:00
[2025-01-27T15:59:35.948+0000] {logging_mixin.py:190} INFO - [2025-01-27T15:59:35.947+0000] {dag.py:4180} INFO - Setting next_dagrun for postgres_to_csv to 2025-01-27 00:00:00+00:00, run_after=2025-01-28 00:00:00+00:00
[2025-01-27T15:59:35.950+0000] {logging_mixin.py:190} INFO - [2025-01-27T15:59:35.950+0000] {dag.py:4180} INFO - Setting next_dagrun for task_1 to 2025-01-27 00:00:00+00:00, run_after=2025-01-28 00:00:00+00:00
[2025-01-27T15:59:35.969+0000] {processor.py:208} INFO - Processing /opt/airflow/dags/ETL.py took 0.388 seconds
[2025-01-27T16:00:06.195+0000] {processor.py:186} INFO - Started process (PID=468) to work on /opt/airflow/dags/ETL.py
[2025-01-27T16:00:06.196+0000] {processor.py:914} INFO - Processing file /opt/airflow/dags/ETL.py for tasks to queue
[2025-01-27T16:00:06.198+0000] {logging_mixin.py:190} INFO - [2025-01-27T16:00:06.197+0000] {dagbag.py:588} INFO - Filling up the DagBag from /opt/airflow/dags/ETL.py
[2025-01-27T16:00:06.493+0000] {processor.py:925} INFO - DAG(s) 'csv_to_postgres', 'task_1', 'postgres_to_csv', 'csv_to_csv', 'dbt_query' retrieved from /opt/airflow/dags/ETL.py
[2025-01-27T16:00:06.526+0000] {logging_mixin.py:190} INFO - [2025-01-27T16:00:06.525+0000] {dag.py:3239} INFO - Sync 5 DAGs
[2025-01-27T16:00:06.546+0000] {logging_mixin.py:190} INFO - [2025-01-27T16:00:06.546+0000] {dag.py:4180} INFO - Setting next_dagrun for csv_to_csv to 2025-01-27 00:00:00+00:00, run_after=2025-01-28 00:00:00+00:00
[2025-01-27T16:00:06.550+0000] {logging_mixin.py:190} INFO - [2025-01-27T16:00:06.550+0000] {dag.py:4180} INFO - Setting next_dagrun for csv_to_postgres to 2025-01-27 00:00:00+00:00, run_after=2025-01-28 00:00:00+00:00
[2025-01-27T16:00:06.553+0000] {logging_mixin.py:190} INFO - [2025-01-27T16:00:06.553+0000] {dag.py:4180} INFO - Setting next_dagrun for dbt_query to 2025-01-27 00:00:00+00:00, run_after=2025-01-28 00:00:00+00:00
[2025-01-27T16:00:06.555+0000] {logging_mixin.py:190} INFO - [2025-01-27T16:00:06.555+0000] {dag.py:4180} INFO - Setting next_dagrun for postgres_to_csv to 2025-01-27 00:00:00+00:00, run_after=2025-01-28 00:00:00+00:00
[2025-01-27T16:00:06.558+0000] {logging_mixin.py:190} INFO - [2025-01-27T16:00:06.558+0000] {dag.py:4180} INFO - Setting next_dagrun for task_1 to 2025-01-27 00:00:00+00:00, run_after=2025-01-28 00:00:00+00:00
[2025-01-27T16:00:06.577+0000] {processor.py:208} INFO - Processing /opt/airflow/dags/ETL.py took 0.387 seconds
[2025-01-27T16:00:36.818+0000] {processor.py:186} INFO - Started process (PID=476) to work on /opt/airflow/dags/ETL.py
[2025-01-27T16:00:36.819+0000] {processor.py:914} INFO - Processing file /opt/airflow/dags/ETL.py for tasks to queue
[2025-01-27T16:00:36.821+0000] {logging_mixin.py:190} INFO - [2025-01-27T16:00:36.820+0000] {dagbag.py:588} INFO - Filling up the DagBag from /opt/airflow/dags/ETL.py
[2025-01-27T16:00:37.133+0000] {processor.py:925} INFO - DAG(s) 'csv_to_postgres', 'dbt_query', 'postgres_to_csv', 'csv_to_csv', 'task_1' retrieved from /opt/airflow/dags/ETL.py
[2025-01-27T16:00:37.164+0000] {logging_mixin.py:190} INFO - [2025-01-27T16:00:37.164+0000] {dag.py:3239} INFO - Sync 5 DAGs
[2025-01-27T16:00:37.186+0000] {logging_mixin.py:190} INFO - [2025-01-27T16:00:37.186+0000] {dag.py:4180} INFO - Setting next_dagrun for csv_to_csv to 2025-01-27 00:00:00+00:00, run_after=2025-01-28 00:00:00+00:00
[2025-01-27T16:00:37.190+0000] {logging_mixin.py:190} INFO - [2025-01-27T16:00:37.190+0000] {dag.py:4180} INFO - Setting next_dagrun for csv_to_postgres to 2025-01-27 00:00:00+00:00, run_after=2025-01-28 00:00:00+00:00
[2025-01-27T16:00:37.193+0000] {logging_mixin.py:190} INFO - [2025-01-27T16:00:37.193+0000] {dag.py:4180} INFO - Setting next_dagrun for dbt_query to 2025-01-27 00:00:00+00:00, run_after=2025-01-28 00:00:00+00:00
[2025-01-27T16:00:37.196+0000] {logging_mixin.py:190} INFO - [2025-01-27T16:00:37.195+0000] {dag.py:4180} INFO - Setting next_dagrun for postgres_to_csv to 2025-01-27 00:00:00+00:00, run_after=2025-01-28 00:00:00+00:00
[2025-01-27T16:00:37.198+0000] {logging_mixin.py:190} INFO - [2025-01-27T16:00:37.198+0000] {dag.py:4180} INFO - Setting next_dagrun for task_1 to 2025-01-27 00:00:00+00:00, run_after=2025-01-28 00:00:00+00:00
[2025-01-27T16:00:37.325+0000] {processor.py:208} INFO - Processing /opt/airflow/dags/ETL.py took 0.512 seconds
[2025-01-27T16:01:07.565+0000] {processor.py:186} INFO - Started process (PID=485) to work on /opt/airflow/dags/ETL.py
[2025-01-27T16:01:07.566+0000] {processor.py:914} INFO - Processing file /opt/airflow/dags/ETL.py for tasks to queue
[2025-01-27T16:01:07.569+0000] {logging_mixin.py:190} INFO - [2025-01-27T16:01:07.568+0000] {dagbag.py:588} INFO - Filling up the DagBag from /opt/airflow/dags/ETL.py
[2025-01-27T16:01:07.894+0000] {processor.py:925} INFO - DAG(s) 'postgres_to_csv', 'task_1', 'dbt_query', 'csv_to_postgres', 'csv_to_csv' retrieved from /opt/airflow/dags/ETL.py
[2025-01-27T16:01:07.925+0000] {logging_mixin.py:190} INFO - [2025-01-27T16:01:07.925+0000] {dag.py:3239} INFO - Sync 5 DAGs
[2025-01-27T16:01:07.946+0000] {logging_mixin.py:190} INFO - [2025-01-27T16:01:07.945+0000] {dag.py:4180} INFO - Setting next_dagrun for csv_to_csv to 2025-01-27 00:00:00+00:00, run_after=2025-01-28 00:00:00+00:00
[2025-01-27T16:01:07.950+0000] {logging_mixin.py:190} INFO - [2025-01-27T16:01:07.950+0000] {dag.py:4180} INFO - Setting next_dagrun for csv_to_postgres to 2025-01-27 00:00:00+00:00, run_after=2025-01-28 00:00:00+00:00
[2025-01-27T16:01:07.953+0000] {logging_mixin.py:190} INFO - [2025-01-27T16:01:07.952+0000] {dag.py:4180} INFO - Setting next_dagrun for dbt_query to 2025-01-27 00:00:00+00:00, run_after=2025-01-28 00:00:00+00:00
[2025-01-27T16:01:07.955+0000] {logging_mixin.py:190} INFO - [2025-01-27T16:01:07.955+0000] {dag.py:4180} INFO - Setting next_dagrun for postgres_to_csv to 2025-01-27 00:00:00+00:00, run_after=2025-01-28 00:00:00+00:00
[2025-01-27T16:01:07.958+0000] {logging_mixin.py:190} INFO - [2025-01-27T16:01:07.957+0000] {dag.py:4180} INFO - Setting next_dagrun for task_1 to 2025-01-27 00:00:00+00:00, run_after=2025-01-28 00:00:00+00:00
[2025-01-27T16:01:08.482+0000] {processor.py:208} INFO - Processing /opt/airflow/dags/ETL.py took 0.924 seconds
[2025-01-27T16:01:38.709+0000] {processor.py:186} INFO - Started process (PID=493) to work on /opt/airflow/dags/ETL.py
[2025-01-27T16:01:38.710+0000] {processor.py:914} INFO - Processing file /opt/airflow/dags/ETL.py for tasks to queue
[2025-01-27T16:01:38.711+0000] {logging_mixin.py:190} INFO - [2025-01-27T16:01:38.711+0000] {dagbag.py:588} INFO - Filling up the DagBag from /opt/airflow/dags/ETL.py
[2025-01-27T16:01:39.005+0000] {processor.py:925} INFO - DAG(s) 'task_1', 'postgres_to_csv', 'csv_to_csv', 'dbt_query', 'csv_to_postgres' retrieved from /opt/airflow/dags/ETL.py
[2025-01-27T16:01:39.036+0000] {logging_mixin.py:190} INFO - [2025-01-27T16:01:39.035+0000] {dag.py:3239} INFO - Sync 5 DAGs
[2025-01-27T16:01:39.057+0000] {logging_mixin.py:190} INFO - [2025-01-27T16:01:39.056+0000] {dag.py:4180} INFO - Setting next_dagrun for csv_to_csv to 2025-01-27 00:00:00+00:00, run_after=2025-01-28 00:00:00+00:00
[2025-01-27T16:01:39.063+0000] {logging_mixin.py:190} INFO - [2025-01-27T16:01:39.062+0000] {dag.py:4180} INFO - Setting next_dagrun for csv_to_postgres to 2025-01-27 00:00:00+00:00, run_after=2025-01-28 00:00:00+00:00
[2025-01-27T16:01:39.065+0000] {logging_mixin.py:190} INFO - [2025-01-27T16:01:39.065+0000] {dag.py:4180} INFO - Setting next_dagrun for dbt_query to 2025-01-27 00:00:00+00:00, run_after=2025-01-28 00:00:00+00:00
[2025-01-27T16:01:39.068+0000] {logging_mixin.py:190} INFO - [2025-01-27T16:01:39.067+0000] {dag.py:4180} INFO - Setting next_dagrun for postgres_to_csv to 2025-01-27 00:00:00+00:00, run_after=2025-01-28 00:00:00+00:00
[2025-01-27T16:01:39.070+0000] {logging_mixin.py:190} INFO - [2025-01-27T16:01:39.070+0000] {dag.py:4180} INFO - Setting next_dagrun for task_1 to 2025-01-27 00:00:00+00:00, run_after=2025-01-28 00:00:00+00:00
[2025-01-27T16:01:39.647+0000] {processor.py:208} INFO - Processing /opt/airflow/dags/ETL.py took 0.944 seconds
[2025-01-27T16:02:09.875+0000] {processor.py:186} INFO - Started process (PID=501) to work on /opt/airflow/dags/ETL.py
[2025-01-27T16:02:09.876+0000] {processor.py:914} INFO - Processing file /opt/airflow/dags/ETL.py for tasks to queue
[2025-01-27T16:02:09.877+0000] {logging_mixin.py:190} INFO - [2025-01-27T16:02:09.877+0000] {dagbag.py:588} INFO - Filling up the DagBag from /opt/airflow/dags/ETL.py
[2025-01-27T16:02:10.174+0000] {processor.py:925} INFO - DAG(s) 'csv_to_postgres', 'postgres_to_csv', 'csv_to_csv', 'dbt_query', 'task_1' retrieved from /opt/airflow/dags/ETL.py
[2025-01-27T16:02:10.207+0000] {logging_mixin.py:190} INFO - [2025-01-27T16:02:10.207+0000] {dag.py:3239} INFO - Sync 5 DAGs
[2025-01-27T16:02:10.230+0000] {logging_mixin.py:190} INFO - [2025-01-27T16:02:10.230+0000] {dag.py:4180} INFO - Setting next_dagrun for csv_to_csv to 2025-01-27 00:00:00+00:00, run_after=2025-01-28 00:00:00+00:00
[2025-01-27T16:02:10.235+0000] {logging_mixin.py:190} INFO - [2025-01-27T16:02:10.235+0000] {dag.py:4180} INFO - Setting next_dagrun for csv_to_postgres to 2025-01-27 00:00:00+00:00, run_after=2025-01-28 00:00:00+00:00
[2025-01-27T16:02:10.237+0000] {logging_mixin.py:190} INFO - [2025-01-27T16:02:10.237+0000] {dag.py:4180} INFO - Setting next_dagrun for dbt_query to 2025-01-27 00:00:00+00:00, run_after=2025-01-28 00:00:00+00:00
[2025-01-27T16:02:10.240+0000] {logging_mixin.py:190} INFO - [2025-01-27T16:02:10.240+0000] {dag.py:4180} INFO - Setting next_dagrun for postgres_to_csv to 2025-01-27 00:00:00+00:00, run_after=2025-01-28 00:00:00+00:00
[2025-01-27T16:02:10.243+0000] {logging_mixin.py:190} INFO - [2025-01-27T16:02:10.243+0000] {dag.py:4180} INFO - Setting next_dagrun for task_1 to 2025-01-27 00:00:00+00:00, run_after=2025-01-28 00:00:00+00:00
[2025-01-27T16:02:10.263+0000] {processor.py:208} INFO - Processing /opt/airflow/dags/ETL.py took 0.393 seconds
[2025-01-27T16:02:36.129+0000] {processor.py:186} INFO - Started process (PID=509) to work on /opt/airflow/dags/ETL.py
[2025-01-27T16:02:36.131+0000] {processor.py:914} INFO - Processing file /opt/airflow/dags/ETL.py for tasks to queue
[2025-01-27T16:02:36.133+0000] {logging_mixin.py:190} INFO - [2025-01-27T16:02:36.132+0000] {dagbag.py:588} INFO - Filling up the DagBag from /opt/airflow/dags/ETL.py
[2025-01-27T16:02:36.433+0000] {processor.py:925} INFO - DAG(s) 'task_1', 'csv_to_csv', 'dbt_query', 'postgres_to_csv', 'csv_to_postgres' retrieved from /opt/airflow/dags/ETL.py
[2025-01-27T16:02:36.466+0000] {logging_mixin.py:190} INFO - [2025-01-27T16:02:36.466+0000] {dag.py:3239} INFO - Sync 5 DAGs
[2025-01-27T16:02:36.488+0000] {logging_mixin.py:190} INFO - [2025-01-27T16:02:36.488+0000] {dag.py:4180} INFO - Setting next_dagrun for csv_to_csv to 2025-01-27 00:00:00+00:00, run_after=2025-01-28 00:00:00+00:00
[2025-01-27T16:02:36.493+0000] {logging_mixin.py:190} INFO - [2025-01-27T16:02:36.493+0000] {dag.py:4180} INFO - Setting next_dagrun for csv_to_postgres to 2025-01-27 00:00:00+00:00, run_after=2025-01-28 00:00:00+00:00
[2025-01-27T16:02:36.495+0000] {logging_mixin.py:190} INFO - [2025-01-27T16:02:36.495+0000] {dag.py:4180} INFO - Setting next_dagrun for dbt_query to 2025-01-27 00:00:00+00:00, run_after=2025-01-28 00:00:00+00:00
[2025-01-27T16:02:36.498+0000] {logging_mixin.py:190} INFO - [2025-01-27T16:02:36.498+0000] {dag.py:4180} INFO - Setting next_dagrun for postgres_to_csv to 2025-01-27 00:00:00+00:00, run_after=2025-01-28 00:00:00+00:00
[2025-01-27T16:02:36.501+0000] {logging_mixin.py:190} INFO - [2025-01-27T16:02:36.501+0000] {dag.py:4180} INFO - Setting next_dagrun for task_1 to 2025-01-27 00:00:00+00:00, run_after=2025-01-28 00:00:00+00:00
[2025-01-27T16:02:36.525+0000] {processor.py:208} INFO - Processing /opt/airflow/dags/ETL.py took 0.401 seconds
[2025-01-27T16:03:06.674+0000] {processor.py:186} INFO - Started process (PID=517) to work on /opt/airflow/dags/ETL.py
[2025-01-27T16:03:06.676+0000] {processor.py:914} INFO - Processing file /opt/airflow/dags/ETL.py for tasks to queue
[2025-01-27T16:03:06.677+0000] {logging_mixin.py:190} INFO - [2025-01-27T16:03:06.677+0000] {dagbag.py:588} INFO - Filling up the DagBag from /opt/airflow/dags/ETL.py
[2025-01-27T16:03:06.995+0000] {processor.py:925} INFO - DAG(s) 'csv_to_postgres', 'task_1', 'csv_to_csv', 'dbt_query', 'postgres_to_csv' retrieved from /opt/airflow/dags/ETL.py
[2025-01-27T16:03:07.030+0000] {logging_mixin.py:190} INFO - [2025-01-27T16:03:07.030+0000] {dag.py:3239} INFO - Sync 5 DAGs
[2025-01-27T16:03:07.052+0000] {logging_mixin.py:190} INFO - [2025-01-27T16:03:07.052+0000] {dag.py:4180} INFO - Setting next_dagrun for csv_to_csv to 2025-01-27 00:00:00+00:00, run_after=2025-01-28 00:00:00+00:00
[2025-01-27T16:03:07.057+0000] {logging_mixin.py:190} INFO - [2025-01-27T16:03:07.057+0000] {dag.py:4180} INFO - Setting next_dagrun for csv_to_postgres to 2025-01-27 00:00:00+00:00, run_after=2025-01-28 00:00:00+00:00
[2025-01-27T16:03:07.061+0000] {logging_mixin.py:190} INFO - [2025-01-27T16:03:07.060+0000] {dag.py:4180} INFO - Setting next_dagrun for dbt_query to 2025-01-27 00:00:00+00:00, run_after=2025-01-28 00:00:00+00:00
[2025-01-27T16:03:07.064+0000] {logging_mixin.py:190} INFO - [2025-01-27T16:03:07.063+0000] {dag.py:4180} INFO - Setting next_dagrun for postgres_to_csv to 2025-01-27 00:00:00+00:00, run_after=2025-01-28 00:00:00+00:00
[2025-01-27T16:03:07.068+0000] {logging_mixin.py:190} INFO - [2025-01-27T16:03:07.067+0000] {dag.py:4180} INFO - Setting next_dagrun for task_1 to 2025-01-27 00:00:00+00:00, run_after=2025-01-28 00:00:00+00:00
[2025-01-27T16:03:07.089+0000] {processor.py:208} INFO - Processing /opt/airflow/dags/ETL.py took 0.420 seconds
[2025-01-27T16:03:37.308+0000] {processor.py:186} INFO - Started process (PID=525) to work on /opt/airflow/dags/ETL.py
[2025-01-27T16:03:37.309+0000] {processor.py:914} INFO - Processing file /opt/airflow/dags/ETL.py for tasks to queue
[2025-01-27T16:03:37.310+0000] {logging_mixin.py:190} INFO - [2025-01-27T16:03:37.310+0000] {dagbag.py:588} INFO - Filling up the DagBag from /opt/airflow/dags/ETL.py
[2025-01-27T16:03:37.609+0000] {processor.py:925} INFO - DAG(s) 'task_1', 'csv_to_postgres', 'postgres_to_csv', 'dbt_query', 'csv_to_csv' retrieved from /opt/airflow/dags/ETL.py
[2025-01-27T16:03:37.652+0000] {logging_mixin.py:190} INFO - [2025-01-27T16:03:37.651+0000] {dag.py:3239} INFO - Sync 5 DAGs
[2025-01-27T16:03:37.673+0000] {logging_mixin.py:190} INFO - [2025-01-27T16:03:37.673+0000] {dag.py:4180} INFO - Setting next_dagrun for csv_to_csv to 2025-01-27 00:00:00+00:00, run_after=2025-01-28 00:00:00+00:00
[2025-01-27T16:03:37.678+0000] {logging_mixin.py:190} INFO - [2025-01-27T16:03:37.678+0000] {dag.py:4180} INFO - Setting next_dagrun for csv_to_postgres to 2025-01-27 00:00:00+00:00, run_after=2025-01-28 00:00:00+00:00
[2025-01-27T16:03:37.681+0000] {logging_mixin.py:190} INFO - [2025-01-27T16:03:37.680+0000] {dag.py:4180} INFO - Setting next_dagrun for dbt_query to 2025-01-27 00:00:00+00:00, run_after=2025-01-28 00:00:00+00:00
[2025-01-27T16:03:37.683+0000] {logging_mixin.py:190} INFO - [2025-01-27T16:03:37.683+0000] {dag.py:4180} INFO - Setting next_dagrun for postgres_to_csv to 2025-01-27 00:00:00+00:00, run_after=2025-01-28 00:00:00+00:00
[2025-01-27T16:03:37.686+0000] {logging_mixin.py:190} INFO - [2025-01-27T16:03:37.686+0000] {dag.py:4180} INFO - Setting next_dagrun for task_1 to 2025-01-27 00:00:00+00:00, run_after=2025-01-28 00:00:00+00:00
[2025-01-27T16:03:37.706+0000] {processor.py:208} INFO - Processing /opt/airflow/dags/ETL.py took 0.403 seconds
[2025-01-27T16:04:07.935+0000] {processor.py:186} INFO - Started process (PID=533) to work on /opt/airflow/dags/ETL.py
[2025-01-27T16:04:07.936+0000] {processor.py:914} INFO - Processing file /opt/airflow/dags/ETL.py for tasks to queue
[2025-01-27T16:04:07.938+0000] {logging_mixin.py:190} INFO - [2025-01-27T16:04:07.937+0000] {dagbag.py:588} INFO - Filling up the DagBag from /opt/airflow/dags/ETL.py
[2025-01-27T16:04:08.235+0000] {processor.py:925} INFO - DAG(s) 'csv_to_postgres', 'csv_to_csv', 'task_1', 'dbt_query', 'postgres_to_csv' retrieved from /opt/airflow/dags/ETL.py
[2025-01-27T16:04:08.269+0000] {logging_mixin.py:190} INFO - [2025-01-27T16:04:08.269+0000] {dag.py:3239} INFO - Sync 5 DAGs
[2025-01-27T16:04:08.290+0000] {logging_mixin.py:190} INFO - [2025-01-27T16:04:08.290+0000] {dag.py:4180} INFO - Setting next_dagrun for csv_to_csv to 2025-01-27 00:00:00+00:00, run_after=2025-01-28 00:00:00+00:00
[2025-01-27T16:04:08.295+0000] {logging_mixin.py:190} INFO - [2025-01-27T16:04:08.294+0000] {dag.py:4180} INFO - Setting next_dagrun for csv_to_postgres to 2025-01-27 00:00:00+00:00, run_after=2025-01-28 00:00:00+00:00
[2025-01-27T16:04:08.297+0000] {logging_mixin.py:190} INFO - [2025-01-27T16:04:08.297+0000] {dag.py:4180} INFO - Setting next_dagrun for dbt_query to 2025-01-27 00:00:00+00:00, run_after=2025-01-28 00:00:00+00:00
[2025-01-27T16:04:08.300+0000] {logging_mixin.py:190} INFO - [2025-01-27T16:04:08.300+0000] {dag.py:4180} INFO - Setting next_dagrun for postgres_to_csv to 2025-01-27 00:00:00+00:00, run_after=2025-01-28 00:00:00+00:00
[2025-01-27T16:04:08.303+0000] {logging_mixin.py:190} INFO - [2025-01-27T16:04:08.303+0000] {dag.py:4180} INFO - Setting next_dagrun for task_1 to 2025-01-27 00:00:00+00:00, run_after=2025-01-28 00:00:00+00:00
[2025-01-27T16:04:08.324+0000] {processor.py:208} INFO - Processing /opt/airflow/dags/ETL.py took 0.395 seconds
[2025-01-27T16:04:38.553+0000] {processor.py:186} INFO - Started process (PID=541) to work on /opt/airflow/dags/ETL.py
[2025-01-27T16:04:38.554+0000] {processor.py:914} INFO - Processing file /opt/airflow/dags/ETL.py for tasks to queue
[2025-01-27T16:04:38.555+0000] {logging_mixin.py:190} INFO - [2025-01-27T16:04:38.555+0000] {dagbag.py:588} INFO - Filling up the DagBag from /opt/airflow/dags/ETL.py
[2025-01-27T16:04:38.854+0000] {processor.py:925} INFO - DAG(s) 'dbt_query', 'csv_to_postgres', 'postgres_to_csv', 'csv_to_csv', 'task_1' retrieved from /opt/airflow/dags/ETL.py
[2025-01-27T16:04:38.885+0000] {logging_mixin.py:190} INFO - [2025-01-27T16:04:38.885+0000] {dag.py:3239} INFO - Sync 5 DAGs
[2025-01-27T16:04:38.907+0000] {logging_mixin.py:190} INFO - [2025-01-27T16:04:38.907+0000] {dag.py:4180} INFO - Setting next_dagrun for csv_to_csv to 2025-01-27 00:00:00+00:00, run_after=2025-01-28 00:00:00+00:00
[2025-01-27T16:04:38.911+0000] {logging_mixin.py:190} INFO - [2025-01-27T16:04:38.911+0000] {dag.py:4180} INFO - Setting next_dagrun for csv_to_postgres to 2025-01-27 00:00:00+00:00, run_after=2025-01-28 00:00:00+00:00
[2025-01-27T16:04:38.914+0000] {logging_mixin.py:190} INFO - [2025-01-27T16:04:38.913+0000] {dag.py:4180} INFO - Setting next_dagrun for dbt_query to 2025-01-27 00:00:00+00:00, run_after=2025-01-28 00:00:00+00:00
[2025-01-27T16:04:38.916+0000] {logging_mixin.py:190} INFO - [2025-01-27T16:04:38.916+0000] {dag.py:4180} INFO - Setting next_dagrun for postgres_to_csv to 2025-01-27 00:00:00+00:00, run_after=2025-01-28 00:00:00+00:00
[2025-01-27T16:04:38.919+0000] {logging_mixin.py:190} INFO - [2025-01-27T16:04:38.919+0000] {dag.py:4180} INFO - Setting next_dagrun for task_1 to 2025-01-27 00:00:00+00:00, run_after=2025-01-28 00:00:00+00:00
[2025-01-27T16:04:38.937+0000] {processor.py:208} INFO - Processing /opt/airflow/dags/ETL.py took 0.389 seconds
[2025-01-27T16:05:09.176+0000] {processor.py:186} INFO - Started process (PID=549) to work on /opt/airflow/dags/ETL.py
[2025-01-27T16:05:09.177+0000] {processor.py:914} INFO - Processing file /opt/airflow/dags/ETL.py for tasks to queue
[2025-01-27T16:05:09.178+0000] {logging_mixin.py:190} INFO - [2025-01-27T16:05:09.178+0000] {dagbag.py:588} INFO - Filling up the DagBag from /opt/airflow/dags/ETL.py
[2025-01-27T16:05:09.481+0000] {processor.py:925} INFO - DAG(s) 'dbt_query', 'csv_to_postgres', 'csv_to_csv', 'task_1', 'postgres_to_csv' retrieved from /opt/airflow/dags/ETL.py
[2025-01-27T16:05:09.512+0000] {logging_mixin.py:190} INFO - [2025-01-27T16:05:09.511+0000] {dag.py:3239} INFO - Sync 5 DAGs
[2025-01-27T16:05:09.533+0000] {logging_mixin.py:190} INFO - [2025-01-27T16:05:09.533+0000] {dag.py:4180} INFO - Setting next_dagrun for csv_to_csv to 2025-01-27 00:00:00+00:00, run_after=2025-01-28 00:00:00+00:00
[2025-01-27T16:05:09.539+0000] {logging_mixin.py:190} INFO - [2025-01-27T16:05:09.538+0000] {dag.py:4180} INFO - Setting next_dagrun for csv_to_postgres to 2025-01-27 00:00:00+00:00, run_after=2025-01-28 00:00:00+00:00
[2025-01-27T16:05:09.542+0000] {logging_mixin.py:190} INFO - [2025-01-27T16:05:09.542+0000] {dag.py:4180} INFO - Setting next_dagrun for dbt_query to 2025-01-27 00:00:00+00:00, run_after=2025-01-28 00:00:00+00:00
[2025-01-27T16:05:09.545+0000] {logging_mixin.py:190} INFO - [2025-01-27T16:05:09.544+0000] {dag.py:4180} INFO - Setting next_dagrun for postgres_to_csv to 2025-01-27 00:00:00+00:00, run_after=2025-01-28 00:00:00+00:00
[2025-01-27T16:05:09.548+0000] {logging_mixin.py:190} INFO - [2025-01-27T16:05:09.547+0000] {dag.py:4180} INFO - Setting next_dagrun for task_1 to 2025-01-27 00:00:00+00:00, run_after=2025-01-28 00:00:00+00:00
[2025-01-27T16:05:09.566+0000] {processor.py:208} INFO - Processing /opt/airflow/dags/ETL.py took 0.395 seconds
[2025-01-27T16:05:39.793+0000] {processor.py:186} INFO - Started process (PID=557) to work on /opt/airflow/dags/ETL.py
[2025-01-27T16:05:39.794+0000] {processor.py:914} INFO - Processing file /opt/airflow/dags/ETL.py for tasks to queue
[2025-01-27T16:05:39.795+0000] {logging_mixin.py:190} INFO - [2025-01-27T16:05:39.795+0000] {dagbag.py:588} INFO - Filling up the DagBag from /opt/airflow/dags/ETL.py
[2025-01-27T16:05:40.088+0000] {processor.py:925} INFO - DAG(s) 'dbt_query', 'csv_to_postgres', 'task_1', 'postgres_to_csv', 'csv_to_csv' retrieved from /opt/airflow/dags/ETL.py
[2025-01-27T16:05:40.120+0000] {logging_mixin.py:190} INFO - [2025-01-27T16:05:40.120+0000] {dag.py:3239} INFO - Sync 5 DAGs
[2025-01-27T16:05:40.141+0000] {logging_mixin.py:190} INFO - [2025-01-27T16:05:40.141+0000] {dag.py:4180} INFO - Setting next_dagrun for csv_to_csv to 2025-01-27 00:00:00+00:00, run_after=2025-01-28 00:00:00+00:00
[2025-01-27T16:05:40.146+0000] {logging_mixin.py:190} INFO - [2025-01-27T16:05:40.146+0000] {dag.py:4180} INFO - Setting next_dagrun for csv_to_postgres to 2025-01-27 00:00:00+00:00, run_after=2025-01-28 00:00:00+00:00
[2025-01-27T16:05:40.148+0000] {logging_mixin.py:190} INFO - [2025-01-27T16:05:40.148+0000] {dag.py:4180} INFO - Setting next_dagrun for dbt_query to 2025-01-27 00:00:00+00:00, run_after=2025-01-28 00:00:00+00:00
[2025-01-27T16:05:40.150+0000] {logging_mixin.py:190} INFO - [2025-01-27T16:05:40.150+0000] {dag.py:4180} INFO - Setting next_dagrun for postgres_to_csv to 2025-01-27 00:00:00+00:00, run_after=2025-01-28 00:00:00+00:00
[2025-01-27T16:05:40.153+0000] {logging_mixin.py:190} INFO - [2025-01-27T16:05:40.153+0000] {dag.py:4180} INFO - Setting next_dagrun for task_1 to 2025-01-27 00:00:00+00:00, run_after=2025-01-28 00:00:00+00:00
[2025-01-27T16:05:40.171+0000] {processor.py:208} INFO - Processing /opt/airflow/dags/ETL.py took 0.383 seconds
[2025-01-27T16:06:10.396+0000] {processor.py:186} INFO - Started process (PID=565) to work on /opt/airflow/dags/ETL.py
[2025-01-27T16:06:10.397+0000] {processor.py:914} INFO - Processing file /opt/airflow/dags/ETL.py for tasks to queue
[2025-01-27T16:06:10.398+0000] {logging_mixin.py:190} INFO - [2025-01-27T16:06:10.398+0000] {dagbag.py:588} INFO - Filling up the DagBag from /opt/airflow/dags/ETL.py
[2025-01-27T16:06:10.733+0000] {processor.py:925} INFO - DAG(s) 'csv_to_postgres', 'csv_to_csv', 'postgres_to_csv', 'task_1', 'dbt_query' retrieved from /opt/airflow/dags/ETL.py
[2025-01-27T16:06:10.769+0000] {logging_mixin.py:190} INFO - [2025-01-27T16:06:10.769+0000] {dag.py:3239} INFO - Sync 5 DAGs
[2025-01-27T16:06:10.794+0000] {logging_mixin.py:190} INFO - [2025-01-27T16:06:10.794+0000] {dag.py:4180} INFO - Setting next_dagrun for csv_to_csv to 2025-01-27 00:00:00+00:00, run_after=2025-01-28 00:00:00+00:00
[2025-01-27T16:06:10.800+0000] {logging_mixin.py:190} INFO - [2025-01-27T16:06:10.799+0000] {dag.py:4180} INFO - Setting next_dagrun for csv_to_postgres to 2025-01-27 00:00:00+00:00, run_after=2025-01-28 00:00:00+00:00
[2025-01-27T16:06:10.803+0000] {logging_mixin.py:190} INFO - [2025-01-27T16:06:10.802+0000] {dag.py:4180} INFO - Setting next_dagrun for dbt_query to 2025-01-27 00:00:00+00:00, run_after=2025-01-28 00:00:00+00:00
[2025-01-27T16:06:10.806+0000] {logging_mixin.py:190} INFO - [2025-01-27T16:06:10.805+0000] {dag.py:4180} INFO - Setting next_dagrun for postgres_to_csv to 2025-01-27 00:00:00+00:00, run_after=2025-01-28 00:00:00+00:00
[2025-01-27T16:06:10.809+0000] {logging_mixin.py:190} INFO - [2025-01-27T16:06:10.809+0000] {dag.py:4180} INFO - Setting next_dagrun for task_1 to 2025-01-27 00:00:00+00:00, run_after=2025-01-28 00:00:00+00:00
[2025-01-27T16:06:10.832+0000] {processor.py:208} INFO - Processing /opt/airflow/dags/ETL.py took 0.443 seconds
[2025-01-27T16:06:41.064+0000] {processor.py:186} INFO - Started process (PID=573) to work on /opt/airflow/dags/ETL.py
[2025-01-27T16:06:41.065+0000] {processor.py:914} INFO - Processing file /opt/airflow/dags/ETL.py for tasks to queue
[2025-01-27T16:06:41.067+0000] {logging_mixin.py:190} INFO - [2025-01-27T16:06:41.066+0000] {dagbag.py:588} INFO - Filling up the DagBag from /opt/airflow/dags/ETL.py
[2025-01-27T16:06:41.397+0000] {processor.py:925} INFO - DAG(s) 'csv_to_postgres', 'task_1', 'dbt_query', 'postgres_to_csv', 'csv_to_csv' retrieved from /opt/airflow/dags/ETL.py
[2025-01-27T16:06:41.433+0000] {logging_mixin.py:190} INFO - [2025-01-27T16:06:41.433+0000] {dag.py:3239} INFO - Sync 5 DAGs
[2025-01-27T16:06:41.457+0000] {logging_mixin.py:190} INFO - [2025-01-27T16:06:41.456+0000] {dag.py:4180} INFO - Setting next_dagrun for csv_to_csv to 2025-01-27 00:00:00+00:00, run_after=2025-01-28 00:00:00+00:00
[2025-01-27T16:06:41.462+0000] {logging_mixin.py:190} INFO - [2025-01-27T16:06:41.462+0000] {dag.py:4180} INFO - Setting next_dagrun for csv_to_postgres to 2025-01-27 00:00:00+00:00, run_after=2025-01-28 00:00:00+00:00
[2025-01-27T16:06:41.465+0000] {logging_mixin.py:190} INFO - [2025-01-27T16:06:41.464+0000] {dag.py:4180} INFO - Setting next_dagrun for dbt_query to 2025-01-27 00:00:00+00:00, run_after=2025-01-28 00:00:00+00:00
[2025-01-27T16:06:41.467+0000] {logging_mixin.py:190} INFO - [2025-01-27T16:06:41.467+0000] {dag.py:4180} INFO - Setting next_dagrun for postgres_to_csv to 2025-01-27 00:00:00+00:00, run_after=2025-01-28 00:00:00+00:00
[2025-01-27T16:06:41.471+0000] {logging_mixin.py:190} INFO - [2025-01-27T16:06:41.470+0000] {dag.py:4180} INFO - Setting next_dagrun for task_1 to 2025-01-27 00:00:00+00:00, run_after=2025-01-28 00:00:00+00:00
[2025-01-27T16:06:41.492+0000] {processor.py:208} INFO - Processing /opt/airflow/dags/ETL.py took 0.433 seconds
[2025-01-27T16:07:11.740+0000] {processor.py:186} INFO - Started process (PID=581) to work on /opt/airflow/dags/ETL.py
[2025-01-27T16:07:11.741+0000] {processor.py:914} INFO - Processing file /opt/airflow/dags/ETL.py for tasks to queue
[2025-01-27T16:07:11.743+0000] {logging_mixin.py:190} INFO - [2025-01-27T16:07:11.742+0000] {dagbag.py:588} INFO - Filling up the DagBag from /opt/airflow/dags/ETL.py
[2025-01-27T16:07:12.051+0000] {processor.py:925} INFO - DAG(s) 'postgres_to_csv', 'csv_to_csv', 'csv_to_postgres', 'dbt_query', 'task_1' retrieved from /opt/airflow/dags/ETL.py
[2025-01-27T16:07:12.085+0000] {logging_mixin.py:190} INFO - [2025-01-27T16:07:12.085+0000] {dag.py:3239} INFO - Sync 5 DAGs
[2025-01-27T16:07:12.108+0000] {logging_mixin.py:190} INFO - [2025-01-27T16:07:12.108+0000] {dag.py:4180} INFO - Setting next_dagrun for csv_to_csv to 2025-01-27 00:00:00+00:00, run_after=2025-01-28 00:00:00+00:00
[2025-01-27T16:07:12.115+0000] {logging_mixin.py:190} INFO - [2025-01-27T16:07:12.115+0000] {dag.py:4180} INFO - Setting next_dagrun for csv_to_postgres to 2025-01-27 00:00:00+00:00, run_after=2025-01-28 00:00:00+00:00
[2025-01-27T16:07:12.118+0000] {logging_mixin.py:190} INFO - [2025-01-27T16:07:12.118+0000] {dag.py:4180} INFO - Setting next_dagrun for dbt_query to 2025-01-27 00:00:00+00:00, run_after=2025-01-28 00:00:00+00:00
[2025-01-27T16:07:12.120+0000] {logging_mixin.py:190} INFO - [2025-01-27T16:07:12.120+0000] {dag.py:4180} INFO - Setting next_dagrun for postgres_to_csv to 2025-01-27 00:00:00+00:00, run_after=2025-01-28 00:00:00+00:00
[2025-01-27T16:07:12.124+0000] {logging_mixin.py:190} INFO - [2025-01-27T16:07:12.123+0000] {dag.py:4180} INFO - Setting next_dagrun for task_1 to 2025-01-27 00:00:00+00:00, run_after=2025-01-28 00:00:00+00:00
[2025-01-27T16:07:12.146+0000] {processor.py:208} INFO - Processing /opt/airflow/dags/ETL.py took 0.411 seconds
[2025-01-27T16:07:22.334+0000] {processor.py:186} INFO - Started process (PID=583) to work on /opt/airflow/dags/ETL.py
[2025-01-27T16:07:22.335+0000] {processor.py:914} INFO - Processing file /opt/airflow/dags/ETL.py for tasks to queue
[2025-01-27T16:07:22.336+0000] {logging_mixin.py:190} INFO - [2025-01-27T16:07:22.336+0000] {dagbag.py:588} INFO - Filling up the DagBag from /opt/airflow/dags/ETL.py
[2025-01-27T16:07:22.645+0000] {processor.py:925} INFO - DAG(s) 'csv_to_csv', 'postgres_to_csv', 'csv_to_postgres', 'task_1', 'task_2', 'dbt_query' retrieved from /opt/airflow/dags/ETL.py
[2025-01-27T16:07:22.815+0000] {logging_mixin.py:190} INFO - [2025-01-27T16:07:22.815+0000] {override.py:1911} INFO - Created Permission View: can delete on DAG:task_2
[2025-01-27T16:07:22.828+0000] {logging_mixin.py:190} INFO - [2025-01-27T16:07:22.827+0000] {override.py:1911} INFO - Created Permission View: can edit on DAG:task_2
[2025-01-27T16:07:22.838+0000] {logging_mixin.py:190} INFO - [2025-01-27T16:07:22.837+0000] {override.py:1911} INFO - Created Permission View: can read on DAG:task_2
[2025-01-27T16:07:22.852+0000] {logging_mixin.py:190} INFO - [2025-01-27T16:07:22.851+0000] {override.py:1911} INFO - Created Permission View: menu access on DAG Run:task_2
[2025-01-27T16:07:22.863+0000] {logging_mixin.py:190} INFO - [2025-01-27T16:07:22.863+0000] {override.py:1911} INFO - Created Permission View: can delete on DAG Run:task_2
[2025-01-27T16:07:22.873+0000] {logging_mixin.py:190} INFO - [2025-01-27T16:07:22.873+0000] {override.py:1911} INFO - Created Permission View: can read on DAG Run:task_2
[2025-01-27T16:07:22.883+0000] {logging_mixin.py:190} INFO - [2025-01-27T16:07:22.883+0000] {override.py:1911} INFO - Created Permission View: can create on DAG Run:task_2
[2025-01-27T16:07:22.911+0000] {logging_mixin.py:190} INFO - [2025-01-27T16:07:22.910+0000] {dag.py:3239} INFO - Sync 6 DAGs
[2025-01-27T16:07:22.923+0000] {logging_mixin.py:190} INFO - [2025-01-27T16:07:22.922+0000] {dag.py:3262} INFO - Creating ORM DAG for task_2
[2025-01-27T16:07:22.932+0000] {logging_mixin.py:190} INFO - [2025-01-27T16:07:22.932+0000] {dag.py:4180} INFO - Setting next_dagrun for csv_to_csv to 2025-01-27 00:00:00+00:00, run_after=2025-01-28 00:00:00+00:00
[2025-01-27T16:07:22.936+0000] {logging_mixin.py:190} INFO - [2025-01-27T16:07:22.936+0000] {dag.py:4180} INFO - Setting next_dagrun for csv_to_postgres to 2025-01-27 00:00:00+00:00, run_after=2025-01-28 00:00:00+00:00
[2025-01-27T16:07:22.938+0000] {logging_mixin.py:190} INFO - [2025-01-27T16:07:22.938+0000] {dag.py:4180} INFO - Setting next_dagrun for dbt_query to 2025-01-27 00:00:00+00:00, run_after=2025-01-28 00:00:00+00:00
[2025-01-27T16:07:22.940+0000] {logging_mixin.py:190} INFO - [2025-01-27T16:07:22.940+0000] {dag.py:4180} INFO - Setting next_dagrun for postgres_to_csv to 2025-01-27 00:00:00+00:00, run_after=2025-01-28 00:00:00+00:00
[2025-01-27T16:07:22.943+0000] {logging_mixin.py:190} INFO - [2025-01-27T16:07:22.943+0000] {dag.py:4180} INFO - Setting next_dagrun for task_1 to 2025-01-27 00:00:00+00:00, run_after=2025-01-28 00:00:00+00:00
[2025-01-27T16:07:22.946+0000] {logging_mixin.py:190} INFO - [2025-01-27T16:07:22.946+0000] {dag.py:4180} INFO - Setting next_dagrun for task_2 to 2025-01-26 00:00:00+00:00, run_after=2025-01-27 00:00:00+00:00
[2025-01-27T16:07:22.971+0000] {processor.py:208} INFO - Processing /opt/airflow/dags/ETL.py took 0.643 seconds
[2025-01-27T16:07:53.197+0000] {processor.py:186} INFO - Started process (PID=591) to work on /opt/airflow/dags/ETL.py
[2025-01-27T16:07:53.199+0000] {processor.py:914} INFO - Processing file /opt/airflow/dags/ETL.py for tasks to queue
[2025-01-27T16:07:53.201+0000] {logging_mixin.py:190} INFO - [2025-01-27T16:07:53.200+0000] {dagbag.py:588} INFO - Filling up the DagBag from /opt/airflow/dags/ETL.py
[2025-01-27T16:07:53.531+0000] {processor.py:925} INFO - DAG(s) 'postgres_to_csv', 'task_1', 'task_2', 'csv_to_csv', 'csv_to_postgres', 'dbt_query' retrieved from /opt/airflow/dags/ETL.py
[2025-01-27T16:07:53.568+0000] {logging_mixin.py:190} INFO - [2025-01-27T16:07:53.568+0000] {dag.py:3239} INFO - Sync 6 DAGs
[2025-01-27T16:07:53.592+0000] {logging_mixin.py:190} INFO - [2025-01-27T16:07:53.592+0000] {dag.py:4180} INFO - Setting next_dagrun for csv_to_csv to 2025-01-27 00:00:00+00:00, run_after=2025-01-28 00:00:00+00:00
[2025-01-27T16:07:53.596+0000] {logging_mixin.py:190} INFO - [2025-01-27T16:07:53.596+0000] {dag.py:4180} INFO - Setting next_dagrun for csv_to_postgres to 2025-01-27 00:00:00+00:00, run_after=2025-01-28 00:00:00+00:00
[2025-01-27T16:07:53.598+0000] {logging_mixin.py:190} INFO - [2025-01-27T16:07:53.598+0000] {dag.py:4180} INFO - Setting next_dagrun for dbt_query to 2025-01-27 00:00:00+00:00, run_after=2025-01-28 00:00:00+00:00
[2025-01-27T16:07:53.600+0000] {logging_mixin.py:190} INFO - [2025-01-27T16:07:53.600+0000] {dag.py:4180} INFO - Setting next_dagrun for postgres_to_csv to 2025-01-27 00:00:00+00:00, run_after=2025-01-28 00:00:00+00:00
[2025-01-27T16:07:53.603+0000] {logging_mixin.py:190} INFO - [2025-01-27T16:07:53.603+0000] {dag.py:4180} INFO - Setting next_dagrun for task_1 to 2025-01-27 00:00:00+00:00, run_after=2025-01-28 00:00:00+00:00
[2025-01-27T16:07:53.606+0000] {logging_mixin.py:190} INFO - [2025-01-27T16:07:53.606+0000] {dag.py:4180} INFO - Setting next_dagrun for task_2 to 2025-01-26 00:00:00+00:00, run_after=2025-01-27 00:00:00+00:00
[2025-01-27T16:07:53.626+0000] {processor.py:208} INFO - Processing /opt/airflow/dags/ETL.py took 0.434 seconds
[2025-01-27T16:08:23.859+0000] {processor.py:186} INFO - Started process (PID=599) to work on /opt/airflow/dags/ETL.py
[2025-01-27T16:08:23.860+0000] {processor.py:914} INFO - Processing file /opt/airflow/dags/ETL.py for tasks to queue
[2025-01-27T16:08:23.861+0000] {logging_mixin.py:190} INFO - [2025-01-27T16:08:23.861+0000] {dagbag.py:588} INFO - Filling up the DagBag from /opt/airflow/dags/ETL.py
[2025-01-27T16:08:24.173+0000] {processor.py:925} INFO - DAG(s) 'postgres_to_csv', 'csv_to_postgres', 'task_1', 'dbt_query', 'csv_to_csv', 'task_2' retrieved from /opt/airflow/dags/ETL.py
[2025-01-27T16:08:24.223+0000] {logging_mixin.py:190} INFO - [2025-01-27T16:08:24.223+0000] {dag.py:3239} INFO - Sync 6 DAGs
[2025-01-27T16:08:24.247+0000] {logging_mixin.py:190} INFO - [2025-01-27T16:08:24.247+0000] {dag.py:4180} INFO - Setting next_dagrun for csv_to_csv to 2025-01-27 00:00:00+00:00, run_after=2025-01-28 00:00:00+00:00
[2025-01-27T16:08:24.251+0000] {logging_mixin.py:190} INFO - [2025-01-27T16:08:24.251+0000] {dag.py:4180} INFO - Setting next_dagrun for csv_to_postgres to 2025-01-27 00:00:00+00:00, run_after=2025-01-28 00:00:00+00:00
[2025-01-27T16:08:24.253+0000] {logging_mixin.py:190} INFO - [2025-01-27T16:08:24.253+0000] {dag.py:4180} INFO - Setting next_dagrun for dbt_query to 2025-01-27 00:00:00+00:00, run_after=2025-01-28 00:00:00+00:00
[2025-01-27T16:08:24.255+0000] {logging_mixin.py:190} INFO - [2025-01-27T16:08:24.254+0000] {dag.py:4180} INFO - Setting next_dagrun for postgres_to_csv to 2025-01-27 00:00:00+00:00, run_after=2025-01-28 00:00:00+00:00
[2025-01-27T16:08:24.258+0000] {logging_mixin.py:190} INFO - [2025-01-27T16:08:24.257+0000] {dag.py:4180} INFO - Setting next_dagrun for task_1 to 2025-01-27 00:00:00+00:00, run_after=2025-01-28 00:00:00+00:00
[2025-01-27T16:08:24.261+0000] {logging_mixin.py:190} INFO - [2025-01-27T16:08:24.260+0000] {dag.py:4180} INFO - Setting next_dagrun for task_2 to 2025-01-26 00:00:00+00:00, run_after=2025-01-27 00:00:00+00:00
[2025-01-27T16:08:24.283+0000] {processor.py:208} INFO - Processing /opt/airflow/dags/ETL.py took 0.430 seconds
[2025-01-27T16:08:51.515+0000] {processor.py:186} INFO - Started process (PID=607) to work on /opt/airflow/dags/ETL.py
[2025-01-27T16:08:51.516+0000] {processor.py:914} INFO - Processing file /opt/airflow/dags/ETL.py for tasks to queue
[2025-01-27T16:08:51.517+0000] {logging_mixin.py:190} INFO - [2025-01-27T16:08:51.517+0000] {dagbag.py:588} INFO - Filling up the DagBag from /opt/airflow/dags/ETL.py
[2025-01-27T16:08:51.532+0000] {logging_mixin.py:190} INFO - [2025-01-27T16:08:51.531+0000] {dagbag.py:387} ERROR - Failed to import: /opt/airflow/dags/ETL.py
Traceback (most recent call last):
  File "/home/airflow/.local/lib/python3.12/site-packages/airflow/models/dagbag.py", line 383, in parse
    loader.exec_module(new_module)
  File "<frozen importlib._bootstrap_external>", line 995, in exec_module
  File "<frozen importlib._bootstrap_external>", line 1133, in get_code
  File "<frozen importlib._bootstrap_external>", line 1063, in source_to_code
  File "<frozen importlib._bootstrap>", line 488, in _call_with_frames_removed
  File "/opt/airflow/dags/ETL.py", line 11
    'ETL'
    ^^^^^^
SyntaxError: invalid syntax. Perhaps you forgot a comma?
[2025-01-27T16:08:51.533+0000] {processor.py:927} WARNING - No viable dags retrieved from /opt/airflow/dags/ETL.py
[2025-01-27T16:08:51.555+0000] {processor.py:208} INFO - Processing /opt/airflow/dags/ETL.py took 0.045 seconds
[2025-01-27T16:09:21.721+0000] {processor.py:186} INFO - Started process (PID=614) to work on /opt/airflow/dags/ETL.py
[2025-01-27T16:09:21.722+0000] {processor.py:914} INFO - Processing file /opt/airflow/dags/ETL.py for tasks to queue
[2025-01-27T16:09:21.723+0000] {logging_mixin.py:190} INFO - [2025-01-27T16:09:21.723+0000] {dagbag.py:588} INFO - Filling up the DagBag from /opt/airflow/dags/ETL.py
[2025-01-27T16:09:21.738+0000] {logging_mixin.py:190} INFO - [2025-01-27T16:09:21.737+0000] {dagbag.py:387} ERROR - Failed to import: /opt/airflow/dags/ETL.py
Traceback (most recent call last):
  File "/home/airflow/.local/lib/python3.12/site-packages/airflow/models/dagbag.py", line 383, in parse
    loader.exec_module(new_module)
  File "<frozen importlib._bootstrap_external>", line 995, in exec_module
  File "<frozen importlib._bootstrap_external>", line 1133, in get_code
  File "<frozen importlib._bootstrap_external>", line 1063, in source_to_code
  File "<frozen importlib._bootstrap>", line 488, in _call_with_frames_removed
  File "/opt/airflow/dags/ETL.py", line 11
    'ETL'
    ^^^^^^
SyntaxError: invalid syntax. Perhaps you forgot a comma?
[2025-01-27T16:09:21.739+0000] {processor.py:927} WARNING - No viable dags retrieved from /opt/airflow/dags/ETL.py
[2025-01-27T16:09:21.760+0000] {processor.py:208} INFO - Processing /opt/airflow/dags/ETL.py took 0.043 seconds
[2025-01-27T16:09:52.014+0000] {processor.py:186} INFO - Started process (PID=621) to work on /opt/airflow/dags/ETL.py
[2025-01-27T16:09:52.015+0000] {processor.py:914} INFO - Processing file /opt/airflow/dags/ETL.py for tasks to queue
[2025-01-27T16:09:52.017+0000] {logging_mixin.py:190} INFO - [2025-01-27T16:09:52.016+0000] {dagbag.py:588} INFO - Filling up the DagBag from /opt/airflow/dags/ETL.py
[2025-01-27T16:09:52.032+0000] {logging_mixin.py:190} INFO - [2025-01-27T16:09:52.031+0000] {dagbag.py:387} ERROR - Failed to import: /opt/airflow/dags/ETL.py
Traceback (most recent call last):
  File "/home/airflow/.local/lib/python3.12/site-packages/airflow/models/dagbag.py", line 383, in parse
    loader.exec_module(new_module)
  File "<frozen importlib._bootstrap_external>", line 995, in exec_module
  File "<frozen importlib._bootstrap_external>", line 1133, in get_code
  File "<frozen importlib._bootstrap_external>", line 1063, in source_to_code
  File "<frozen importlib._bootstrap>", line 488, in _call_with_frames_removed
  File "/opt/airflow/dags/ETL.py", line 11
    'ETL'
    ^^^^^^
SyntaxError: invalid syntax. Perhaps you forgot a comma?
[2025-01-27T16:09:52.033+0000] {processor.py:927} WARNING - No viable dags retrieved from /opt/airflow/dags/ETL.py
[2025-01-27T16:09:52.052+0000] {processor.py:208} INFO - Processing /opt/airflow/dags/ETL.py took 0.043 seconds
[2025-01-27T16:10:22.234+0000] {processor.py:186} INFO - Started process (PID=628) to work on /opt/airflow/dags/ETL.py
[2025-01-27T16:10:22.235+0000] {processor.py:914} INFO - Processing file /opt/airflow/dags/ETL.py for tasks to queue
[2025-01-27T16:10:22.237+0000] {logging_mixin.py:190} INFO - [2025-01-27T16:10:22.236+0000] {dagbag.py:588} INFO - Filling up the DagBag from /opt/airflow/dags/ETL.py
[2025-01-27T16:10:22.252+0000] {logging_mixin.py:190} INFO - [2025-01-27T16:10:22.251+0000] {dagbag.py:387} ERROR - Failed to import: /opt/airflow/dags/ETL.py
Traceback (most recent call last):
  File "/home/airflow/.local/lib/python3.12/site-packages/airflow/models/dagbag.py", line 383, in parse
    loader.exec_module(new_module)
  File "<frozen importlib._bootstrap_external>", line 995, in exec_module
  File "<frozen importlib._bootstrap_external>", line 1133, in get_code
  File "<frozen importlib._bootstrap_external>", line 1063, in source_to_code
  File "<frozen importlib._bootstrap>", line 488, in _call_with_frames_removed
  File "/opt/airflow/dags/ETL.py", line 11
    'ETL'
    ^^^^^^
SyntaxError: invalid syntax. Perhaps you forgot a comma?
[2025-01-27T16:10:22.253+0000] {processor.py:927} WARNING - No viable dags retrieved from /opt/airflow/dags/ETL.py
[2025-01-27T16:10:22.518+0000] {processor.py:208} INFO - Processing /opt/airflow/dags/ETL.py took 0.288 seconds
[2025-01-27T16:10:52.740+0000] {processor.py:186} INFO - Started process (PID=635) to work on /opt/airflow/dags/ETL.py
[2025-01-27T16:10:52.741+0000] {processor.py:914} INFO - Processing file /opt/airflow/dags/ETL.py for tasks to queue
[2025-01-27T16:10:52.742+0000] {logging_mixin.py:190} INFO - [2025-01-27T16:10:52.742+0000] {dagbag.py:588} INFO - Filling up the DagBag from /opt/airflow/dags/ETL.py
[2025-01-27T16:10:52.758+0000] {logging_mixin.py:190} INFO - [2025-01-27T16:10:52.757+0000] {dagbag.py:387} ERROR - Failed to import: /opt/airflow/dags/ETL.py
Traceback (most recent call last):
  File "/home/airflow/.local/lib/python3.12/site-packages/airflow/models/dagbag.py", line 383, in parse
    loader.exec_module(new_module)
  File "<frozen importlib._bootstrap_external>", line 995, in exec_module
  File "<frozen importlib._bootstrap_external>", line 1133, in get_code
  File "<frozen importlib._bootstrap_external>", line 1063, in source_to_code
  File "<frozen importlib._bootstrap>", line 488, in _call_with_frames_removed
  File "/opt/airflow/dags/ETL.py", line 11
    'ETL'
    ^^^^^^
SyntaxError: invalid syntax. Perhaps you forgot a comma?
[2025-01-27T16:10:52.759+0000] {processor.py:927} WARNING - No viable dags retrieved from /opt/airflow/dags/ETL.py
[2025-01-27T16:10:53.287+0000] {processor.py:208} INFO - Processing /opt/airflow/dags/ETL.py took 0.552 seconds
[2025-01-27T16:11:23.515+0000] {processor.py:186} INFO - Started process (PID=642) to work on /opt/airflow/dags/ETL.py
[2025-01-27T16:11:23.516+0000] {processor.py:914} INFO - Processing file /opt/airflow/dags/ETL.py for tasks to queue
[2025-01-27T16:11:23.518+0000] {logging_mixin.py:190} INFO - [2025-01-27T16:11:23.517+0000] {dagbag.py:588} INFO - Filling up the DagBag from /opt/airflow/dags/ETL.py
[2025-01-27T16:11:23.535+0000] {logging_mixin.py:190} INFO - [2025-01-27T16:11:23.534+0000] {dagbag.py:387} ERROR - Failed to import: /opt/airflow/dags/ETL.py
Traceback (most recent call last):
  File "/home/airflow/.local/lib/python3.12/site-packages/airflow/models/dagbag.py", line 383, in parse
    loader.exec_module(new_module)
  File "<frozen importlib._bootstrap_external>", line 995, in exec_module
  File "<frozen importlib._bootstrap_external>", line 1133, in get_code
  File "<frozen importlib._bootstrap_external>", line 1063, in source_to_code
  File "<frozen importlib._bootstrap>", line 488, in _call_with_frames_removed
  File "/opt/airflow/dags/ETL.py", line 11
    'ETL'
    ^^^^^^
SyntaxError: invalid syntax. Perhaps you forgot a comma?
[2025-01-27T16:11:23.536+0000] {processor.py:927} WARNING - No viable dags retrieved from /opt/airflow/dags/ETL.py
[2025-01-27T16:11:23.561+0000] {processor.py:208} INFO - Processing /opt/airflow/dags/ETL.py took 0.053 seconds
[2025-01-27T16:11:53.719+0000] {processor.py:186} INFO - Started process (PID=649) to work on /opt/airflow/dags/ETL.py
[2025-01-27T16:11:53.720+0000] {processor.py:914} INFO - Processing file /opt/airflow/dags/ETL.py for tasks to queue
[2025-01-27T16:11:53.722+0000] {logging_mixin.py:190} INFO - [2025-01-27T16:11:53.722+0000] {dagbag.py:588} INFO - Filling up the DagBag from /opt/airflow/dags/ETL.py
[2025-01-27T16:11:53.738+0000] {logging_mixin.py:190} INFO - [2025-01-27T16:11:53.737+0000] {dagbag.py:387} ERROR - Failed to import: /opt/airflow/dags/ETL.py
Traceback (most recent call last):
  File "/home/airflow/.local/lib/python3.12/site-packages/airflow/models/dagbag.py", line 383, in parse
    loader.exec_module(new_module)
  File "<frozen importlib._bootstrap_external>", line 995, in exec_module
  File "<frozen importlib._bootstrap_external>", line 1133, in get_code
  File "<frozen importlib._bootstrap_external>", line 1063, in source_to_code
  File "<frozen importlib._bootstrap>", line 488, in _call_with_frames_removed
  File "/opt/airflow/dags/ETL.py", line 11
    'ETL'
    ^^^^^^
SyntaxError: invalid syntax. Perhaps you forgot a comma?
[2025-01-27T16:11:53.739+0000] {processor.py:927} WARNING - No viable dags retrieved from /opt/airflow/dags/ETL.py
[2025-01-27T16:11:53.767+0000] {processor.py:208} INFO - Processing /opt/airflow/dags/ETL.py took 0.053 seconds
[2025-01-27T16:12:24.014+0000] {processor.py:186} INFO - Started process (PID=656) to work on /opt/airflow/dags/ETL.py
[2025-01-27T16:12:24.015+0000] {processor.py:914} INFO - Processing file /opt/airflow/dags/ETL.py for tasks to queue
[2025-01-27T16:12:24.017+0000] {logging_mixin.py:190} INFO - [2025-01-27T16:12:24.017+0000] {dagbag.py:588} INFO - Filling up the DagBag from /opt/airflow/dags/ETL.py
[2025-01-27T16:12:24.031+0000] {logging_mixin.py:190} INFO - [2025-01-27T16:12:24.030+0000] {dagbag.py:387} ERROR - Failed to import: /opt/airflow/dags/ETL.py
Traceback (most recent call last):
  File "/home/airflow/.local/lib/python3.12/site-packages/airflow/models/dagbag.py", line 383, in parse
    loader.exec_module(new_module)
  File "<frozen importlib._bootstrap_external>", line 995, in exec_module
  File "<frozen importlib._bootstrap_external>", line 1133, in get_code
  File "<frozen importlib._bootstrap_external>", line 1063, in source_to_code
  File "<frozen importlib._bootstrap>", line 488, in _call_with_frames_removed
  File "/opt/airflow/dags/ETL.py", line 11
    'ETL'
    ^^^^^^
SyntaxError: invalid syntax. Perhaps you forgot a comma?
[2025-01-27T16:12:24.032+0000] {processor.py:927} WARNING - No viable dags retrieved from /opt/airflow/dags/ETL.py
[2025-01-27T16:12:24.050+0000] {processor.py:208} INFO - Processing /opt/airflow/dags/ETL.py took 0.041 seconds
[2025-01-27T16:12:54.237+0000] {processor.py:186} INFO - Started process (PID=663) to work on /opt/airflow/dags/ETL.py
[2025-01-27T16:12:54.238+0000] {processor.py:914} INFO - Processing file /opt/airflow/dags/ETL.py for tasks to queue
[2025-01-27T16:12:54.239+0000] {logging_mixin.py:190} INFO - [2025-01-27T16:12:54.239+0000] {dagbag.py:588} INFO - Filling up the DagBag from /opt/airflow/dags/ETL.py
[2025-01-27T16:12:54.255+0000] {logging_mixin.py:190} INFO - [2025-01-27T16:12:54.254+0000] {dagbag.py:387} ERROR - Failed to import: /opt/airflow/dags/ETL.py
Traceback (most recent call last):
  File "/home/airflow/.local/lib/python3.12/site-packages/airflow/models/dagbag.py", line 383, in parse
    loader.exec_module(new_module)
  File "<frozen importlib._bootstrap_external>", line 995, in exec_module
  File "<frozen importlib._bootstrap_external>", line 1133, in get_code
  File "<frozen importlib._bootstrap_external>", line 1063, in source_to_code
  File "<frozen importlib._bootstrap>", line 488, in _call_with_frames_removed
  File "/opt/airflow/dags/ETL.py", line 11
    'ETL'
    ^^^^^^
SyntaxError: invalid syntax. Perhaps you forgot a comma?
[2025-01-27T16:12:54.256+0000] {processor.py:927} WARNING - No viable dags retrieved from /opt/airflow/dags/ETL.py
[2025-01-27T16:12:54.281+0000] {processor.py:208} INFO - Processing /opt/airflow/dags/ETL.py took 0.050 seconds
[2025-01-27T16:13:24.467+0000] {processor.py:186} INFO - Started process (PID=670) to work on /opt/airflow/dags/ETL.py
[2025-01-27T16:13:24.468+0000] {processor.py:914} INFO - Processing file /opt/airflow/dags/ETL.py for tasks to queue
[2025-01-27T16:13:24.470+0000] {logging_mixin.py:190} INFO - [2025-01-27T16:13:24.469+0000] {dagbag.py:588} INFO - Filling up the DagBag from /opt/airflow/dags/ETL.py
[2025-01-27T16:13:24.485+0000] {logging_mixin.py:190} INFO - [2025-01-27T16:13:24.484+0000] {dagbag.py:387} ERROR - Failed to import: /opt/airflow/dags/ETL.py
Traceback (most recent call last):
  File "/home/airflow/.local/lib/python3.12/site-packages/airflow/models/dagbag.py", line 383, in parse
    loader.exec_module(new_module)
  File "<frozen importlib._bootstrap_external>", line 995, in exec_module
  File "<frozen importlib._bootstrap_external>", line 1133, in get_code
  File "<frozen importlib._bootstrap_external>", line 1063, in source_to_code
  File "<frozen importlib._bootstrap>", line 488, in _call_with_frames_removed
  File "/opt/airflow/dags/ETL.py", line 11
    'ETL'
    ^^^^^^
SyntaxError: invalid syntax. Perhaps you forgot a comma?
[2025-01-27T16:13:24.486+0000] {processor.py:927} WARNING - No viable dags retrieved from /opt/airflow/dags/ETL.py
[2025-01-27T16:13:24.505+0000] {processor.py:208} INFO - Processing /opt/airflow/dags/ETL.py took 0.044 seconds
[2025-01-27T16:13:54.705+0000] {processor.py:186} INFO - Started process (PID=677) to work on /opt/airflow/dags/ETL.py
[2025-01-27T16:13:54.706+0000] {processor.py:914} INFO - Processing file /opt/airflow/dags/ETL.py for tasks to queue
[2025-01-27T16:13:54.707+0000] {logging_mixin.py:190} INFO - [2025-01-27T16:13:54.707+0000] {dagbag.py:588} INFO - Filling up the DagBag from /opt/airflow/dags/ETL.py
[2025-01-27T16:13:54.722+0000] {logging_mixin.py:190} INFO - [2025-01-27T16:13:54.721+0000] {dagbag.py:387} ERROR - Failed to import: /opt/airflow/dags/ETL.py
Traceback (most recent call last):
  File "/home/airflow/.local/lib/python3.12/site-packages/airflow/models/dagbag.py", line 383, in parse
    loader.exec_module(new_module)
  File "<frozen importlib._bootstrap_external>", line 995, in exec_module
  File "<frozen importlib._bootstrap_external>", line 1133, in get_code
  File "<frozen importlib._bootstrap_external>", line 1063, in source_to_code
  File "<frozen importlib._bootstrap>", line 488, in _call_with_frames_removed
  File "/opt/airflow/dags/ETL.py", line 11
    'ETL'
    ^^^^^^
SyntaxError: invalid syntax. Perhaps you forgot a comma?
[2025-01-27T16:13:54.722+0000] {processor.py:927} WARNING - No viable dags retrieved from /opt/airflow/dags/ETL.py
[2025-01-27T16:13:54.741+0000] {processor.py:208} INFO - Processing /opt/airflow/dags/ETL.py took 0.041 seconds
[2025-01-27T16:14:24.923+0000] {processor.py:186} INFO - Started process (PID=684) to work on /opt/airflow/dags/ETL.py
[2025-01-27T16:14:24.924+0000] {processor.py:914} INFO - Processing file /opt/airflow/dags/ETL.py for tasks to queue
[2025-01-27T16:14:24.925+0000] {logging_mixin.py:190} INFO - [2025-01-27T16:14:24.925+0000] {dagbag.py:588} INFO - Filling up the DagBag from /opt/airflow/dags/ETL.py
[2025-01-27T16:14:24.940+0000] {logging_mixin.py:190} INFO - [2025-01-27T16:14:24.939+0000] {dagbag.py:387} ERROR - Failed to import: /opt/airflow/dags/ETL.py
Traceback (most recent call last):
  File "/home/airflow/.local/lib/python3.12/site-packages/airflow/models/dagbag.py", line 383, in parse
    loader.exec_module(new_module)
  File "<frozen importlib._bootstrap_external>", line 995, in exec_module
  File "<frozen importlib._bootstrap_external>", line 1133, in get_code
  File "<frozen importlib._bootstrap_external>", line 1063, in source_to_code
  File "<frozen importlib._bootstrap>", line 488, in _call_with_frames_removed
  File "/opt/airflow/dags/ETL.py", line 11
    'ETL'
    ^^^^^^
SyntaxError: invalid syntax. Perhaps you forgot a comma?
[2025-01-27T16:14:24.940+0000] {processor.py:927} WARNING - No viable dags retrieved from /opt/airflow/dags/ETL.py
[2025-01-27T16:14:24.961+0000] {processor.py:208} INFO - Processing /opt/airflow/dags/ETL.py took 0.043 seconds
[2025-01-27T16:14:55.156+0000] {processor.py:186} INFO - Started process (PID=691) to work on /opt/airflow/dags/ETL.py
[2025-01-27T16:14:55.157+0000] {processor.py:914} INFO - Processing file /opt/airflow/dags/ETL.py for tasks to queue
[2025-01-27T16:14:55.158+0000] {logging_mixin.py:190} INFO - [2025-01-27T16:14:55.158+0000] {dagbag.py:588} INFO - Filling up the DagBag from /opt/airflow/dags/ETL.py
[2025-01-27T16:14:55.178+0000] {logging_mixin.py:190} INFO - [2025-01-27T16:14:55.177+0000] {dagbag.py:387} ERROR - Failed to import: /opt/airflow/dags/ETL.py
Traceback (most recent call last):
  File "/home/airflow/.local/lib/python3.12/site-packages/airflow/models/dagbag.py", line 383, in parse
    loader.exec_module(new_module)
  File "<frozen importlib._bootstrap_external>", line 995, in exec_module
  File "<frozen importlib._bootstrap_external>", line 1133, in get_code
  File "<frozen importlib._bootstrap_external>", line 1063, in source_to_code
  File "<frozen importlib._bootstrap>", line 488, in _call_with_frames_removed
  File "/opt/airflow/dags/ETL.py", line 11
    'ETL'
    ^^^^^^
SyntaxError: invalid syntax. Perhaps you forgot a comma?
[2025-01-27T16:14:55.179+0000] {processor.py:927} WARNING - No viable dags retrieved from /opt/airflow/dags/ETL.py
[2025-01-27T16:14:55.199+0000] {processor.py:208} INFO - Processing /opt/airflow/dags/ETL.py took 0.050 seconds
[2025-01-27T16:15:25.387+0000] {processor.py:186} INFO - Started process (PID=704) to work on /opt/airflow/dags/ETL.py
[2025-01-27T16:15:25.388+0000] {processor.py:914} INFO - Processing file /opt/airflow/dags/ETL.py for tasks to queue
[2025-01-27T16:15:25.389+0000] {logging_mixin.py:190} INFO - [2025-01-27T16:15:25.389+0000] {dagbag.py:588} INFO - Filling up the DagBag from /opt/airflow/dags/ETL.py
[2025-01-27T16:15:25.405+0000] {logging_mixin.py:190} INFO - [2025-01-27T16:15:25.404+0000] {dagbag.py:387} ERROR - Failed to import: /opt/airflow/dags/ETL.py
Traceback (most recent call last):
  File "/home/airflow/.local/lib/python3.12/site-packages/airflow/models/dagbag.py", line 383, in parse
    loader.exec_module(new_module)
  File "<frozen importlib._bootstrap_external>", line 995, in exec_module
  File "<frozen importlib._bootstrap_external>", line 1133, in get_code
  File "<frozen importlib._bootstrap_external>", line 1063, in source_to_code
  File "<frozen importlib._bootstrap>", line 488, in _call_with_frames_removed
  File "/opt/airflow/dags/ETL.py", line 11
    'ETL'
    ^^^^^^
SyntaxError: invalid syntax. Perhaps you forgot a comma?
[2025-01-27T16:15:25.406+0000] {processor.py:927} WARNING - No viable dags retrieved from /opt/airflow/dags/ETL.py
[2025-01-27T16:15:25.428+0000] {processor.py:208} INFO - Processing /opt/airflow/dags/ETL.py took 0.047 seconds
[2025-01-27T16:15:55.623+0000] {processor.py:186} INFO - Started process (PID=711) to work on /opt/airflow/dags/ETL.py
[2025-01-27T16:15:55.624+0000] {processor.py:914} INFO - Processing file /opt/airflow/dags/ETL.py for tasks to queue
[2025-01-27T16:15:55.626+0000] {logging_mixin.py:190} INFO - [2025-01-27T16:15:55.625+0000] {dagbag.py:588} INFO - Filling up the DagBag from /opt/airflow/dags/ETL.py
[2025-01-27T16:15:55.640+0000] {logging_mixin.py:190} INFO - [2025-01-27T16:15:55.639+0000] {dagbag.py:387} ERROR - Failed to import: /opt/airflow/dags/ETL.py
Traceback (most recent call last):
  File "/home/airflow/.local/lib/python3.12/site-packages/airflow/models/dagbag.py", line 383, in parse
    loader.exec_module(new_module)
  File "<frozen importlib._bootstrap_external>", line 995, in exec_module
  File "<frozen importlib._bootstrap_external>", line 1133, in get_code
  File "<frozen importlib._bootstrap_external>", line 1063, in source_to_code
  File "<frozen importlib._bootstrap>", line 488, in _call_with_frames_removed
  File "/opt/airflow/dags/ETL.py", line 11
    'ETL'
    ^^^^^^
SyntaxError: invalid syntax. Perhaps you forgot a comma?
[2025-01-27T16:15:55.641+0000] {processor.py:927} WARNING - No viable dags retrieved from /opt/airflow/dags/ETL.py
[2025-01-27T16:15:55.666+0000] {processor.py:208} INFO - Processing /opt/airflow/dags/ETL.py took 0.048 seconds
[2025-01-27T16:16:17.818+0000] {processor.py:186} INFO - Started process (PID=712) to work on /opt/airflow/dags/ETL.py
[2025-01-27T16:16:17.819+0000] {processor.py:914} INFO - Processing file /opt/airflow/dags/ETL.py for tasks to queue
[2025-01-27T16:16:17.821+0000] {logging_mixin.py:190} INFO - [2025-01-27T16:16:17.821+0000] {dagbag.py:588} INFO - Filling up the DagBag from /opt/airflow/dags/ETL.py
[2025-01-27T16:16:17.838+0000] {logging_mixin.py:190} INFO - [2025-01-27T16:16:17.837+0000] {dagbag.py:387} ERROR - Failed to import: /opt/airflow/dags/ETL.py
Traceback (most recent call last):
  File "/home/airflow/.local/lib/python3.12/site-packages/airflow/models/dagbag.py", line 383, in parse
    loader.exec_module(new_module)
  File "<frozen importlib._bootstrap_external>", line 995, in exec_module
  File "<frozen importlib._bootstrap_external>", line 1133, in get_code
  File "<frozen importlib._bootstrap_external>", line 1063, in source_to_code
  File "<frozen importlib._bootstrap>", line 488, in _call_with_frames_removed
  File "/opt/airflow/dags/ETL.py", line 11
    'ETL'
    ^^^^^^
SyntaxError: invalid syntax. Perhaps you forgot a comma?
[2025-01-27T16:16:17.839+0000] {processor.py:927} WARNING - No viable dags retrieved from /opt/airflow/dags/ETL.py
[2025-01-27T16:16:17.861+0000] {processor.py:208} INFO - Processing /opt/airflow/dags/ETL.py took 0.049 seconds
