[2025-01-27T16:23:05.482+0000] {local_task_job_runner.py:123} INFO - ::group::Pre task execution logs
[2025-01-27T16:23:05.502+0000] {taskinstance.py:2613} INFO - Dependencies all met for dep_context=non-requeueable deps ti=<TaskInstance: csv_to_postgres.cleaning_tube manual__2025-01-27T16:22:54.587839+00:00 [queued]>
[2025-01-27T16:23:05.518+0000] {taskinstance.py:2613} INFO - Dependencies all met for dep_context=requeueable deps ti=<TaskInstance: csv_to_postgres.cleaning_tube manual__2025-01-27T16:22:54.587839+00:00 [queued]>
[2025-01-27T16:23:05.519+0000] {taskinstance.py:2866} INFO - Starting attempt 1 of 1
[2025-01-27T16:23:05.539+0000] {taskinstance.py:2889} INFO - Executing <Task(BashOperator): cleaning_tube> on 2025-01-27 16:22:54.587839+00:00
[2025-01-27T16:23:05.546+0000] {warnings.py:112} WARNING - /home/***/.local/lib/python3.12/site-packages/***/task/task_runner/standard_task_runner.py:70: DeprecationWarning: This process (pid=982) is multi-threaded, use of fork() may lead to deadlocks in the child.
  pid = os.fork()

[2025-01-27T16:23:05.547+0000] {standard_task_runner.py:72} INFO - Started process 984 to run task
[2025-01-27T16:23:05.548+0000] {standard_task_runner.py:104} INFO - Running: ['***', 'tasks', 'run', 'csv_to_postgres', 'cleaning_tube', 'manual__2025-01-27T16:22:54.587839+00:00', '--job-id', '317', '--raw', '--subdir', 'DAGS_FOLDER/ELT.py', '--cfg-path', '/tmp/tmp6qosr6pm']
[2025-01-27T16:23:05.550+0000] {standard_task_runner.py:105} INFO - Job 317: Subtask cleaning_tube
[2025-01-27T16:23:05.595+0000] {task_command.py:467} INFO - Running <TaskInstance: csv_to_postgres.cleaning_tube manual__2025-01-27T16:22:54.587839+00:00 [running]> on host 6e96b290b599
[2025-01-27T16:23:05.676+0000] {taskinstance.py:3132} INFO - Exporting env vars: AIRFLOW_CTX_DAG_OWNER='***' AIRFLOW_CTX_DAG_ID='csv_to_postgres' AIRFLOW_CTX_TASK_ID='cleaning_tube' AIRFLOW_CTX_EXECUTION_DATE='2025-01-27T16:22:54.587839+00:00' AIRFLOW_CTX_TRY_NUMBER='1' AIRFLOW_CTX_DAG_RUN_ID='manual__2025-01-27T16:22:54.587839+00:00'
[2025-01-27T16:23:05.677+0000] {taskinstance.py:731} INFO - ::endgroup::
[2025-01-27T16:23:05.688+0000] {subprocess.py:78} INFO - Tmp dir root location: /tmp
[2025-01-27T16:23:05.690+0000] {subprocess.py:88} INFO - Running command: ['/usr/bin/bash', '-c', 'cd /opt/***/data_tube && rm *']
[2025-01-27T16:23:05.703+0000] {subprocess.py:99} INFO - Output:
[2025-01-27T16:23:05.725+0000] {subprocess.py:110} INFO - Command exited with return code 0
[2025-01-27T16:23:05.753+0000] {taskinstance.py:340} INFO - ::group::Post task execution logs
[2025-01-27T16:23:05.754+0000] {taskinstance.py:352} INFO - Marking task as SUCCESS. dag_id=csv_to_postgres, task_id=cleaning_tube, run_id=manual__2025-01-27T16:22:54.587839+00:00, execution_date=20250127T162254, start_date=20250127T162305, end_date=20250127T162305
[2025-01-27T16:23:05.803+0000] {local_task_job_runner.py:266} INFO - Task exited with return code 0
[2025-01-27T16:23:05.818+0000] {taskinstance.py:3895} INFO - 0 downstream tasks scheduled from follow-on schedule check
[2025-01-27T16:23:05.823+0000] {local_task_job_runner.py:245} INFO - ::endgroup::
