[2025-01-27T16:36:58.846+0000] {local_task_job_runner.py:123} INFO - ::group::Pre task execution logs
[2025-01-27T16:36:58.861+0000] {taskinstance.py:2613} INFO - Dependencies all met for dep_context=non-requeueable deps ti=<TaskInstance: dbt_query.dbt_query manual__2025-01-27T16:36:57.878125+00:00 [queued]>
[2025-01-27T16:36:58.869+0000] {taskinstance.py:2613} INFO - Dependencies all met for dep_context=requeueable deps ti=<TaskInstance: dbt_query.dbt_query manual__2025-01-27T16:36:57.878125+00:00 [queued]>
[2025-01-27T16:36:58.870+0000] {taskinstance.py:2866} INFO - Starting attempt 1 of 1
[2025-01-27T16:36:58.885+0000] {taskinstance.py:2889} INFO - Executing <Task(BashOperator): dbt_query> on 2025-01-27 16:36:57.878125+00:00
[2025-01-27T16:36:58.892+0000] {warnings.py:112} WARNING - /home/***/.local/lib/python3.12/site-packages/***/task/task_runner/standard_task_runner.py:70: DeprecationWarning: This process (pid=1375) is multi-threaded, use of fork() may lead to deadlocks in the child.
  pid = os.fork()

[2025-01-27T16:36:58.893+0000] {standard_task_runner.py:72} INFO - Started process 1377 to run task
[2025-01-27T16:36:58.893+0000] {standard_task_runner.py:104} INFO - Running: ['***', 'tasks', 'run', 'dbt_query', 'dbt_query', 'manual__2025-01-27T16:36:57.878125+00:00', '--job-id', '347', '--raw', '--subdir', 'DAGS_FOLDER/ELT.py', '--cfg-path', '/tmp/tmplg33tyab']
[2025-01-27T16:36:58.896+0000] {standard_task_runner.py:105} INFO - Job 347: Subtask dbt_query
[2025-01-27T16:36:58.939+0000] {task_command.py:467} INFO - Running <TaskInstance: dbt_query.dbt_query manual__2025-01-27T16:36:57.878125+00:00 [running]> on host 6e96b290b599
[2025-01-27T16:36:59.022+0000] {taskinstance.py:3132} INFO - Exporting env vars: AIRFLOW_CTX_DAG_OWNER='***' AIRFLOW_CTX_DAG_ID='dbt_query' AIRFLOW_CTX_TASK_ID='dbt_query' AIRFLOW_CTX_EXECUTION_DATE='2025-01-27T16:36:57.878125+00:00' AIRFLOW_CTX_TRY_NUMBER='1' AIRFLOW_CTX_DAG_RUN_ID='manual__2025-01-27T16:36:57.878125+00:00'
[2025-01-27T16:36:59.023+0000] {taskinstance.py:731} INFO - ::endgroup::
[2025-01-27T16:36:59.034+0000] {subprocess.py:78} INFO - Tmp dir root location: /tmp
[2025-01-27T16:36:59.035+0000] {subprocess.py:88} INFO - Running command: ['/usr/bin/bash', '-c', 'docker exec code-challenge-meltano-1 meltano invoke dbt-postgres:run']
[2025-01-27T16:36:59.048+0000] {subprocess.py:99} INFO - Output:
[2025-01-27T16:37:00.194+0000] {subprocess.py:106} INFO - [2m2025-01-27T16:37:00.192723Z[0m [[32m[1minfo     [0m] [1mEnvironment 'dev' is active   [0m
[2025-01-27T16:37:02.535+0000] {subprocess.py:106} INFO - [0m16:37:02  Running with dbt=1.3.7
[2025-01-27T16:37:02.603+0000] {subprocess.py:106} INFO - [0m16:37:02  Found 3 models, 0 tests, 0 snapshots, 0 analyses, 289 macros, 0 operations, 0 seed files, 12 sources, 0 exposures, 0 metrics
[2025-01-27T16:37:02.605+0000] {subprocess.py:106} INFO - [0m16:37:02
[2025-01-27T16:37:02.678+0000] {subprocess.py:106} INFO - [0m16:37:02  Concurrency: 2 threads (target='dev')
[2025-01-27T16:37:02.679+0000] {subprocess.py:106} INFO - [0m16:37:02
[2025-01-27T16:37:02.686+0000] {subprocess.py:106} INFO - [0m16:37:02  1 of 3 START sql table model tap_csv_2.order_details_m ......................... [RUN]
[2025-01-27T16:37:02.687+0000] {subprocess.py:106} INFO - [0m16:37:02  2 of 3 START sql table model tap_csv_2.order_with_details ...................... [RUN]
[2025-01-27T16:37:02.907+0000] {subprocess.py:106} INFO - [0m16:37:02  2 of 3 OK created sql table model tap_csv_2.order_with_details ................. [[32mSELECT 830[0m in 0.22s]
[2025-01-27T16:37:02.910+0000] {subprocess.py:106} INFO - [0m16:37:02  3 of 3 START sql table model tap_csv_2.orders_m ................................ [RUN]
[2025-01-27T16:37:02.918+0000] {subprocess.py:106} INFO - [0m16:37:02  1 of 3 OK created sql table model tap_csv_2.order_details_m .................... [[32mSELECT 830[0m in 0.23s]
[2025-01-27T16:37:02.970+0000] {subprocess.py:106} INFO - [0m16:37:02  3 of 3 OK created sql table model tap_csv_2.orders_m ........................... [[32mSELECT 830[0m in 0.06s]
[2025-01-27T16:37:02.979+0000] {subprocess.py:106} INFO - [0m16:37:02
[2025-01-27T16:37:02.980+0000] {subprocess.py:106} INFO - [0m16:37:02  Finished running 3 table models in 0 hours 0 minutes and 0.37 seconds (0.37s).
[2025-01-27T16:37:02.989+0000] {subprocess.py:106} INFO - [0m16:37:02
[2025-01-27T16:37:02.990+0000] {subprocess.py:106} INFO - [0m16:37:02  [32mCompleted successfully[0m
[2025-01-27T16:37:02.990+0000] {subprocess.py:106} INFO - [0m16:37:02
[2025-01-27T16:37:02.991+0000] {subprocess.py:106} INFO - [0m16:37:02  Done. PASS=3 WARN=0 ERROR=0 SKIP=0 TOTAL=3
[2025-01-27T16:37:04.245+0000] {subprocess.py:110} INFO - Command exited with return code 0
[2025-01-27T16:37:04.272+0000] {taskinstance.py:340} INFO - ::group::Post task execution logs
[2025-01-27T16:37:04.273+0000] {taskinstance.py:352} INFO - Marking task as SUCCESS. dag_id=dbt_query, task_id=dbt_query, run_id=manual__2025-01-27T16:36:57.878125+00:00, execution_date=20250127T163657, start_date=20250127T163658, end_date=20250127T163704
[2025-01-27T16:37:04.331+0000] {local_task_job_runner.py:266} INFO - Task exited with return code 0
[2025-01-27T16:37:04.353+0000] {taskinstance.py:3895} INFO - 1 downstream tasks scheduled from follow-on schedule check
[2025-01-27T16:37:04.358+0000] {local_task_job_runner.py:245} INFO - ::endgroup::
