[2025-01-27T16:50:48.470+0000] {local_task_job_runner.py:123} INFO - ::group::Pre task execution logs
[2025-01-27T16:50:48.485+0000] {taskinstance.py:2613} INFO - Dependencies all met for dep_context=non-requeueable deps ti=<TaskInstance: dbt_query.dbt_query manual__2025-01-27T16:50:47.491359+00:00 [queued]>
[2025-01-27T16:50:48.493+0000] {taskinstance.py:2613} INFO - Dependencies all met for dep_context=requeueable deps ti=<TaskInstance: dbt_query.dbt_query manual__2025-01-27T16:50:47.491359+00:00 [queued]>
[2025-01-27T16:50:48.494+0000] {taskinstance.py:2866} INFO - Starting attempt 1 of 1
[2025-01-27T16:50:48.510+0000] {taskinstance.py:2889} INFO - Executing <Task(BashOperator): dbt_query> on 2025-01-27 16:50:47.491359+00:00
[2025-01-27T16:50:48.516+0000] {warnings.py:112} WARNING - /home/***/.local/lib/python3.12/site-packages/***/task/task_runner/standard_task_runner.py:70: DeprecationWarning: This process (pid=1782) is multi-threaded, use of fork() may lead to deadlocks in the child.
  pid = os.fork()

[2025-01-27T16:50:48.518+0000] {standard_task_runner.py:72} INFO - Started process 1784 to run task
[2025-01-27T16:50:48.518+0000] {standard_task_runner.py:104} INFO - Running: ['***', 'tasks', 'run', 'dbt_query', 'dbt_query', 'manual__2025-01-27T16:50:47.491359+00:00', '--job-id', '379', '--raw', '--subdir', 'DAGS_FOLDER/ELT.py', '--cfg-path', '/tmp/tmpa04z1qn8']
[2025-01-27T16:50:48.520+0000] {standard_task_runner.py:105} INFO - Job 379: Subtask dbt_query
[2025-01-27T16:50:48.561+0000] {task_command.py:467} INFO - Running <TaskInstance: dbt_query.dbt_query manual__2025-01-27T16:50:47.491359+00:00 [running]> on host 6e96b290b599
[2025-01-27T16:50:48.642+0000] {taskinstance.py:3132} INFO - Exporting env vars: AIRFLOW_CTX_DAG_OWNER='***' AIRFLOW_CTX_DAG_ID='dbt_query' AIRFLOW_CTX_TASK_ID='dbt_query' AIRFLOW_CTX_EXECUTION_DATE='2025-01-27T16:50:47.491359+00:00' AIRFLOW_CTX_TRY_NUMBER='1' AIRFLOW_CTX_DAG_RUN_ID='manual__2025-01-27T16:50:47.491359+00:00'
[2025-01-27T16:50:48.643+0000] {taskinstance.py:731} INFO - ::endgroup::
[2025-01-27T16:50:48.656+0000] {subprocess.py:78} INFO - Tmp dir root location: /tmp
[2025-01-27T16:50:48.658+0000] {subprocess.py:88} INFO - Running command: ['/usr/bin/bash', '-c', 'docker exec code-challenge-meltano-1 meltano invoke dbt-postgres:run']
[2025-01-27T16:50:48.670+0000] {subprocess.py:99} INFO - Output:
[2025-01-27T16:50:49.752+0000] {subprocess.py:106} INFO - [2m2025-01-27T16:50:49.750903Z[0m [[32m[1minfo     [0m] [1mEnvironment 'dev' is active   [0m
[2025-01-27T16:50:52.194+0000] {subprocess.py:106} INFO - [0m16:50:52  Running with dbt=1.3.7
[2025-01-27T16:50:52.279+0000] {subprocess.py:106} INFO - [0m16:50:52  Found 3 models, 0 tests, 0 snapshots, 0 analyses, 289 macros, 0 operations, 0 seed files, 12 sources, 0 exposures, 0 metrics
[2025-01-27T16:50:52.281+0000] {subprocess.py:106} INFO - [0m16:50:52
[2025-01-27T16:50:52.377+0000] {subprocess.py:106} INFO - [0m16:50:52  Concurrency: 2 threads (target='dev')
[2025-01-27T16:50:52.378+0000] {subprocess.py:106} INFO - [0m16:50:52
[2025-01-27T16:50:52.385+0000] {subprocess.py:106} INFO - [0m16:50:52  1 of 3 START sql table model tap_csv_2.order_details_m ......................... [RUN]
[2025-01-27T16:50:52.388+0000] {subprocess.py:106} INFO - [0m16:50:52  2 of 3 START sql table model tap_csv_2.order_with_details ...................... [RUN]
[2025-01-27T16:50:52.593+0000] {subprocess.py:106} INFO - [0m16:50:52  1 of 3 OK created sql table model tap_csv_2.order_details_m .................... [[32mSELECT 830[0m in 0.21s]
[2025-01-27T16:50:52.594+0000] {subprocess.py:106} INFO - [0m16:50:52  3 of 3 START sql table model tap_csv_2.orders_m ................................ [RUN]
[2025-01-27T16:50:52.605+0000] {subprocess.py:106} INFO - [0m16:50:52  2 of 3 OK created sql table model tap_csv_2.order_with_details ................. [[32mSELECT 830[0m in 0.22s]
[2025-01-27T16:50:52.669+0000] {subprocess.py:106} INFO - [0m16:50:52  3 of 3 OK created sql table model tap_csv_2.orders_m ........................... [[32mSELECT 830[0m in 0.07s]
[2025-01-27T16:50:52.681+0000] {subprocess.py:106} INFO - [0m16:50:52
[2025-01-27T16:50:52.682+0000] {subprocess.py:106} INFO - [0m16:50:52  Finished running 3 table models in 0 hours 0 minutes and 0.40 seconds (0.40s).
[2025-01-27T16:50:52.694+0000] {subprocess.py:106} INFO - [0m16:50:52
[2025-01-27T16:50:52.695+0000] {subprocess.py:106} INFO - [0m16:50:52  [32mCompleted successfully[0m
[2025-01-27T16:50:52.696+0000] {subprocess.py:106} INFO - [0m16:50:52
[2025-01-27T16:50:52.697+0000] {subprocess.py:106} INFO - [0m16:50:52  Done. PASS=3 WARN=0 ERROR=0 SKIP=0 TOTAL=3
[2025-01-27T16:50:53.959+0000] {subprocess.py:110} INFO - Command exited with return code 0
[2025-01-27T16:50:53.986+0000] {taskinstance.py:340} INFO - ::group::Post task execution logs
[2025-01-27T16:50:53.986+0000] {taskinstance.py:352} INFO - Marking task as SUCCESS. dag_id=dbt_query, task_id=dbt_query, run_id=manual__2025-01-27T16:50:47.491359+00:00, execution_date=20250127T165047, start_date=20250127T165048, end_date=20250127T165053
[2025-01-27T16:50:54.034+0000] {local_task_job_runner.py:266} INFO - Task exited with return code 0
[2025-01-27T16:50:54.051+0000] {taskinstance.py:3895} INFO - 1 downstream tasks scheduled from follow-on schedule check
[2025-01-27T16:50:54.056+0000] {local_task_job_runner.py:245} INFO - ::endgroup::
