[2025-01-27T16:49:45.392+0000] {local_task_job_runner.py:123} INFO - ::group::Pre task execution logs
[2025-01-27T16:49:45.408+0000] {taskinstance.py:2613} INFO - Dependencies all met for dep_context=non-requeueable deps ti=<TaskInstance: ETL.trigger_csv_to_postgres manual__2025-01-27T16:47:39.318247+00:00 [queued]>
[2025-01-27T16:49:45.423+0000] {taskinstance.py:2613} INFO - Dependencies all met for dep_context=requeueable deps ti=<TaskInstance: ETL.trigger_csv_to_postgres manual__2025-01-27T16:47:39.318247+00:00 [queued]>
[2025-01-27T16:49:45.425+0000] {taskinstance.py:2866} INFO - Starting attempt 1 of 1
[2025-01-27T16:49:45.447+0000] {taskinstance.py:2889} INFO - Executing <Task(TriggerDagRunOperator): trigger_csv_to_postgres> on 2025-01-27 16:47:39.318247+00:00
[2025-01-27T16:49:45.454+0000] {warnings.py:112} WARNING - /home/***/.local/lib/python3.12/site-packages/***/task/task_runner/standard_task_runner.py:70: DeprecationWarning: This process (pid=1743) is multi-threaded, use of fork() may lead to deadlocks in the child.
  pid = os.fork()

[2025-01-27T16:49:45.456+0000] {standard_task_runner.py:72} INFO - Started process 1745 to run task
[2025-01-27T16:49:45.456+0000] {standard_task_runner.py:104} INFO - Running: ['***', 'tasks', 'run', 'ETL', 'trigger_csv_to_postgres', 'manual__2025-01-27T16:47:39.318247+00:00', '--job-id', '374', '--raw', '--subdir', 'DAGS_FOLDER/ELT.py', '--cfg-path', '/tmp/tmppqnj19en']
[2025-01-27T16:49:45.459+0000] {standard_task_runner.py:105} INFO - Job 374: Subtask trigger_csv_to_postgres
[2025-01-27T16:49:45.510+0000] {task_command.py:467} INFO - Running <TaskInstance: ETL.trigger_csv_to_postgres manual__2025-01-27T16:47:39.318247+00:00 [running]> on host 6e96b290b599
[2025-01-27T16:49:45.601+0000] {taskinstance.py:3132} INFO - Exporting env vars: AIRFLOW_CTX_DAG_OWNER='***' AIRFLOW_CTX_DAG_ID='ETL' AIRFLOW_CTX_TASK_ID='trigger_csv_to_postgres' AIRFLOW_CTX_EXECUTION_DATE='2025-01-27T16:47:39.318247+00:00' AIRFLOW_CTX_TRY_NUMBER='1' AIRFLOW_CTX_DAG_RUN_ID='manual__2025-01-27T16:47:39.318247+00:00'
[2025-01-27T16:49:45.603+0000] {taskinstance.py:731} INFO - ::endgroup::
[2025-01-27T16:49:45.705+0000] {trigger_dagrun.py:257} INFO - Waiting for csv_to_postgres on 2025-01-27 16:49:45.615950+00:00 to become allowed state ['success'] ...
[2025-01-27T16:50:45.712+0000] {trigger_dagrun.py:271} INFO - csv_to_postgres finished with allowed state success
[2025-01-27T16:50:45.723+0000] {taskinstance.py:340} INFO - ::group::Post task execution logs
[2025-01-27T16:50:45.724+0000] {taskinstance.py:352} INFO - Marking task as SUCCESS. dag_id=ETL, task_id=trigger_csv_to_postgres, run_id=manual__2025-01-27T16:47:39.318247+00:00, execution_date=20250127T164739, start_date=20250127T164945, end_date=20250127T165045
[2025-01-27T16:50:45.748+0000] {local_task_job_runner.py:266} INFO - Task exited with return code 0
[2025-01-27T16:50:45.766+0000] {taskinstance.py:3895} INFO - 1 downstream tasks scheduled from follow-on schedule check
[2025-01-27T16:50:45.772+0000] {local_task_job_runner.py:245} INFO - ::endgroup::
