[2025-01-27T16:24:05.239+0000] {local_task_job_runner.py:123} INFO - ::group::Pre task execution logs
[2025-01-27T16:24:05.254+0000] {taskinstance.py:2613} INFO - Dependencies all met for dep_context=non-requeueable deps ti=<TaskInstance: dbt_query.saving_order_with_details_table manual__2025-01-27T16:23:56.363350+00:00 [queued]>
[2025-01-27T16:24:05.264+0000] {taskinstance.py:2613} INFO - Dependencies all met for dep_context=requeueable deps ti=<TaskInstance: dbt_query.saving_order_with_details_table manual__2025-01-27T16:23:56.363350+00:00 [queued]>
[2025-01-27T16:24:05.264+0000] {taskinstance.py:2866} INFO - Starting attempt 1 of 1
[2025-01-27T16:24:05.281+0000] {taskinstance.py:2889} INFO - Executing <Task(PythonOperator): saving_order_with_details_table> on 2025-01-27 16:23:56.363350+00:00
[2025-01-27T16:24:05.289+0000] {warnings.py:112} WARNING - /home/***/.local/lib/python3.12/site-packages/***/task/task_runner/standard_task_runner.py:70: DeprecationWarning: This process (pid=1012) is multi-threaded, use of fork() may lead to deadlocks in the child.
  pid = os.fork()

[2025-01-27T16:24:05.290+0000] {standard_task_runner.py:72} INFO - Started process 1014 to run task
[2025-01-27T16:24:05.290+0000] {standard_task_runner.py:104} INFO - Running: ['***', 'tasks', 'run', 'dbt_query', 'saving_order_with_details_table', 'manual__2025-01-27T16:23:56.363350+00:00', '--job-id', '320', '--raw', '--subdir', 'DAGS_FOLDER/ELT.py', '--cfg-path', '/tmp/tmpp7h6a9p1']
[2025-01-27T16:24:05.293+0000] {standard_task_runner.py:105} INFO - Job 320: Subtask saving_order_with_details_table
[2025-01-27T16:24:05.345+0000] {task_command.py:467} INFO - Running <TaskInstance: dbt_query.saving_order_with_details_table manual__2025-01-27T16:23:56.363350+00:00 [running]> on host 6e96b290b599
[2025-01-27T16:24:05.423+0000] {taskinstance.py:3132} INFO - Exporting env vars: AIRFLOW_CTX_DAG_OWNER='***' AIRFLOW_CTX_DAG_ID='dbt_query' AIRFLOW_CTX_TASK_ID='saving_order_with_details_table' AIRFLOW_CTX_EXECUTION_DATE='2025-01-27T16:23:56.363350+00:00' AIRFLOW_CTX_TRY_NUMBER='1' AIRFLOW_CTX_DAG_RUN_ID='manual__2025-01-27T16:23:56.363350+00:00'
[2025-01-27T16:24:05.424+0000] {taskinstance.py:731} INFO - ::endgroup::
[2025-01-27T16:24:05.446+0000] {warnings.py:112} WARNING - /opt/***/dags/ELT_aux.py:101: UserWarning: pandas only supports SQLAlchemy connectable (engine/connection) or database string URI or sqlite3 DBAPI2 connection. Other DBAPI2 objects are not tested. Please consider using SQLAlchemy.
  df = pd.read_sql_query(query, conn)

[2025-01-27T16:24:05.482+0000] {python.py:240} INFO - Done. Returned value was: None
[2025-01-27T16:24:05.493+0000] {taskinstance.py:340} INFO - ::group::Post task execution logs
[2025-01-27T16:24:05.493+0000] {taskinstance.py:352} INFO - Marking task as SUCCESS. dag_id=dbt_query, task_id=saving_order_with_details_table, run_id=manual__2025-01-27T16:23:56.363350+00:00, execution_date=20250127T162356, start_date=20250127T162405, end_date=20250127T162405
[2025-01-27T16:24:05.546+0000] {local_task_job_runner.py:266} INFO - Task exited with return code 0
[2025-01-27T16:24:05.562+0000] {taskinstance.py:3895} INFO - 0 downstream tasks scheduled from follow-on schedule check
[2025-01-27T16:24:05.567+0000] {local_task_job_runner.py:245} INFO - ::endgroup::
