[2025-01-27T16:31:14.837+0000] {local_task_job_runner.py:123} INFO - ::group::Pre task execution logs
[2025-01-27T16:31:14.851+0000] {taskinstance.py:2613} INFO - Dependencies all met for dep_context=non-requeueable deps ti=<TaskInstance: dbt_query.dbt_query manual__2025-01-27T16:31:12.466397+00:00 [queued]>
[2025-01-27T16:31:14.860+0000] {taskinstance.py:2613} INFO - Dependencies all met for dep_context=requeueable deps ti=<TaskInstance: dbt_query.dbt_query manual__2025-01-27T16:31:12.466397+00:00 [queued]>
[2025-01-27T16:31:14.861+0000] {taskinstance.py:2866} INFO - Starting attempt 1 of 1
[2025-01-27T16:31:14.876+0000] {taskinstance.py:2889} INFO - Executing <Task(BashOperator): dbt_query> on 2025-01-27 16:31:12.466397+00:00
[2025-01-27T16:31:14.883+0000] {warnings.py:112} WARNING - /home/***/.local/lib/python3.12/site-packages/***/task/task_runner/standard_task_runner.py:70: DeprecationWarning: This process (pid=1214) is multi-threaded, use of fork() may lead to deadlocks in the child.
  pid = os.fork()

[2025-01-27T16:31:14.884+0000] {standard_task_runner.py:72} INFO - Started process 1216 to run task
[2025-01-27T16:31:14.885+0000] {standard_task_runner.py:104} INFO - Running: ['***', 'tasks', 'run', 'dbt_query', 'dbt_query', 'manual__2025-01-27T16:31:12.466397+00:00', '--job-id', '334', '--raw', '--subdir', 'DAGS_FOLDER/ELT.py', '--cfg-path', '/tmp/tmpfjddywwo']
[2025-01-27T16:31:14.887+0000] {standard_task_runner.py:105} INFO - Job 334: Subtask dbt_query
[2025-01-27T16:31:14.931+0000] {task_command.py:467} INFO - Running <TaskInstance: dbt_query.dbt_query manual__2025-01-27T16:31:12.466397+00:00 [running]> on host 6e96b290b599
[2025-01-27T16:31:15.286+0000] {taskinstance.py:3132} INFO - Exporting env vars: AIRFLOW_CTX_DAG_OWNER='***' AIRFLOW_CTX_DAG_ID='dbt_query' AIRFLOW_CTX_TASK_ID='dbt_query' AIRFLOW_CTX_EXECUTION_DATE='2025-01-27T16:31:12.466397+00:00' AIRFLOW_CTX_TRY_NUMBER='1' AIRFLOW_CTX_DAG_RUN_ID='manual__2025-01-27T16:31:12.466397+00:00'
[2025-01-27T16:31:15.288+0000] {taskinstance.py:731} INFO - ::endgroup::
[2025-01-27T16:31:15.298+0000] {subprocess.py:78} INFO - Tmp dir root location: /tmp
[2025-01-27T16:31:15.300+0000] {subprocess.py:88} INFO - Running command: ['/usr/bin/bash', '-c', 'docker exec code-challenge-meltano-1 meltano invoke dbt-postgres:run']
[2025-01-27T16:31:15.313+0000] {subprocess.py:99} INFO - Output:
[2025-01-27T16:31:16.519+0000] {subprocess.py:106} INFO - [2m2025-01-27T16:31:16.517713Z[0m [[32m[1minfo     [0m] [1mEnvironment 'dev' is active   [0m
[2025-01-27T16:31:18.870+0000] {subprocess.py:106} INFO - [0m16:31:18  Running with dbt=1.3.7
[2025-01-27T16:31:18.940+0000] {subprocess.py:106} INFO - [0m16:31:18  Found 3 models, 0 tests, 0 snapshots, 0 analyses, 289 macros, 0 operations, 0 seed files, 12 sources, 0 exposures, 0 metrics
[2025-01-27T16:31:18.942+0000] {subprocess.py:106} INFO - [0m16:31:18
[2025-01-27T16:31:19.015+0000] {subprocess.py:106} INFO - [0m16:31:19  Concurrency: 2 threads (target='dev')
[2025-01-27T16:31:19.016+0000] {subprocess.py:106} INFO - [0m16:31:19
[2025-01-27T16:31:19.021+0000] {subprocess.py:106} INFO - [0m16:31:19  1 of 3 START sql table model tap_csv_2.order_details_m ......................... [RUN]
[2025-01-27T16:31:19.022+0000] {subprocess.py:106} INFO - [0m16:31:19  2 of 3 START sql table model tap_csv_2.order_with_details ...................... [RUN]
[2025-01-27T16:31:19.324+0000] {subprocess.py:106} INFO - [0m16:31:19  1 of 3 OK created sql table model tap_csv_2.order_details_m .................... [[32mSELECT 830[0m in 0.30s]
[2025-01-27T16:31:19.325+0000] {subprocess.py:106} INFO - [0m16:31:19  3 of 3 START sql table model tap_csv_2.orders_m ................................ [RUN]
[2025-01-27T16:31:19.334+0000] {subprocess.py:106} INFO - [0m16:31:19  2 of 3 OK created sql table model tap_csv_2.order_with_details ................. [[32mSELECT 830[0m in 0.31s]
[2025-01-27T16:31:19.385+0000] {subprocess.py:106} INFO - [0m16:31:19  3 of 3 OK created sql table model tap_csv_2.orders_m ........................... [[32mSELECT 830[0m in 0.06s]
[2025-01-27T16:31:19.395+0000] {subprocess.py:106} INFO - [0m16:31:19
[2025-01-27T16:31:19.395+0000] {subprocess.py:106} INFO - [0m16:31:19  Finished running 3 table models in 0 hours 0 minutes and 0.45 seconds (0.45s).
[2025-01-27T16:31:19.404+0000] {subprocess.py:106} INFO - [0m16:31:19
[2025-01-27T16:31:19.405+0000] {subprocess.py:106} INFO - [0m16:31:19  [32mCompleted successfully[0m
[2025-01-27T16:31:19.406+0000] {subprocess.py:106} INFO - [0m16:31:19
[2025-01-27T16:31:19.406+0000] {subprocess.py:106} INFO - [0m16:31:19  Done. PASS=3 WARN=0 ERROR=0 SKIP=0 TOTAL=3
[2025-01-27T16:31:20.592+0000] {subprocess.py:110} INFO - Command exited with return code 0
[2025-01-27T16:31:20.728+0000] {taskinstance.py:340} INFO - ::group::Post task execution logs
[2025-01-27T16:31:20.729+0000] {taskinstance.py:352} INFO - Marking task as SUCCESS. dag_id=dbt_query, task_id=dbt_query, run_id=manual__2025-01-27T16:31:12.466397+00:00, execution_date=20250127T163112, start_date=20250127T163114, end_date=20250127T163120
[2025-01-27T16:31:20.766+0000] {local_task_job_runner.py:266} INFO - Task exited with return code 0
[2025-01-27T16:31:20.783+0000] {taskinstance.py:3895} INFO - 1 downstream tasks scheduled from follow-on schedule check
[2025-01-27T16:31:20.892+0000] {local_task_job_runner.py:245} INFO - ::endgroup::
