[2025-01-27T04:38:54.510+0000] {local_task_job_runner.py:123} INFO - ::group::Pre task execution logs
[2025-01-27T04:38:54.531+0000] {taskinstance.py:2613} INFO - Dependencies all met for dep_context=non-requeueable deps ti=<TaskInstance: csv_to_postgres.cleaning_tube manual__2025-01-27T04:38:39.214078+00:00 [queued]>
[2025-01-27T04:38:54.541+0000] {taskinstance.py:2613} INFO - Dependencies all met for dep_context=requeueable deps ti=<TaskInstance: csv_to_postgres.cleaning_tube manual__2025-01-27T04:38:39.214078+00:00 [queued]>
[2025-01-27T04:38:54.542+0000] {taskinstance.py:2866} INFO - Starting attempt 1 of 1
[2025-01-27T04:38:54.562+0000] {taskinstance.py:2889} INFO - Executing <Task(BashOperator): cleaning_tube> on 2025-01-27 04:38:39.214078+00:00
[2025-01-27T04:38:54.568+0000] {warnings.py:112} WARNING - /home/***/.local/lib/python3.12/site-packages/***/task/task_runner/standard_task_runner.py:70: DeprecationWarning: This process (pid=111) is multi-threaded, use of fork() may lead to deadlocks in the child.
  pid = os.fork()

[2025-01-27T04:38:54.569+0000] {standard_task_runner.py:72} INFO - Started process 112 to run task
[2025-01-27T04:38:54.569+0000] {standard_task_runner.py:104} INFO - Running: ['***', 'tasks', 'run', 'csv_to_postgres', 'cleaning_tube', 'manual__2025-01-27T04:38:39.214078+00:00', '--job-id', '267', '--raw', '--subdir', 'DAGS_FOLDER/task1.py', '--cfg-path', '/tmp/tmpam0kij8t']
[2025-01-27T04:38:54.570+0000] {standard_task_runner.py:105} INFO - Job 267: Subtask cleaning_tube
[2025-01-27T04:38:54.615+0000] {task_command.py:467} INFO - Running <TaskInstance: csv_to_postgres.cleaning_tube manual__2025-01-27T04:38:39.214078+00:00 [running]> on host 745fe31a110e
[2025-01-27T04:38:54.992+0000] {taskinstance.py:3132} INFO - Exporting env vars: AIRFLOW_CTX_DAG_OWNER='***' AIRFLOW_CTX_DAG_ID='csv_to_postgres' AIRFLOW_CTX_TASK_ID='cleaning_tube' AIRFLOW_CTX_EXECUTION_DATE='2025-01-27T04:38:39.214078+00:00' AIRFLOW_CTX_TRY_NUMBER='1' AIRFLOW_CTX_DAG_RUN_ID='manual__2025-01-27T04:38:39.214078+00:00'
[2025-01-27T04:38:54.993+0000] {taskinstance.py:731} INFO - ::endgroup::
[2025-01-27T04:38:55.005+0000] {subprocess.py:78} INFO - Tmp dir root location: /tmp
[2025-01-27T04:38:55.007+0000] {subprocess.py:88} INFO - Running command: ['/usr/bin/bash', '-c', 'cd /opt/***/data_tube && rm *']
[2025-01-27T04:38:55.017+0000] {subprocess.py:99} INFO - Output:
[2025-01-27T04:38:55.043+0000] {subprocess.py:110} INFO - Command exited with return code 0
[2025-01-27T04:38:55.069+0000] {taskinstance.py:340} INFO - ::group::Post task execution logs
[2025-01-27T04:38:55.070+0000] {taskinstance.py:352} INFO - Marking task as SUCCESS. dag_id=csv_to_postgres, task_id=cleaning_tube, run_id=manual__2025-01-27T04:38:39.214078+00:00, execution_date=20250127T043839, start_date=20250127T043854, end_date=20250127T043855
[2025-01-27T04:38:55.107+0000] {local_task_job_runner.py:266} INFO - Task exited with return code 0
[2025-01-27T04:38:55.126+0000] {taskinstance.py:3895} INFO - 0 downstream tasks scheduled from follow-on schedule check
[2025-01-27T04:38:55.131+0000] {local_task_job_runner.py:245} INFO - ::endgroup::
