[2025-01-27T15:45:40.431+0000] {local_task_job_runner.py:123} INFO - ::group::Pre task execution logs
[2025-01-27T15:45:40.447+0000] {taskinstance.py:2613} INFO - Dependencies all met for dep_context=non-requeueable deps ti=<TaskInstance: dbt_query.dbt_query manual__2025-01-27T15:45:38.870272+00:00 [queued]>
[2025-01-27T15:45:40.455+0000] {taskinstance.py:2613} INFO - Dependencies all met for dep_context=requeueable deps ti=<TaskInstance: dbt_query.dbt_query manual__2025-01-27T15:45:38.870272+00:00 [queued]>
[2025-01-27T15:45:40.481+0000] {taskinstance.py:2866} INFO - Starting attempt 1 of 1
[2025-01-27T15:45:40.496+0000] {taskinstance.py:2889} INFO - Executing <Task(BashOperator): dbt_query> on 2025-01-27 15:45:38.870272+00:00
[2025-01-27T15:45:40.503+0000] {warnings.py:112} WARNING - /home/***/.local/lib/python3.12/site-packages/***/task/task_runner/standard_task_runner.py:70: DeprecationWarning: This process (pid=297) is multi-threaded, use of fork() may lead to deadlocks in the child.
  pid = os.fork()

[2025-01-27T15:45:40.505+0000] {standard_task_runner.py:72} INFO - Started process 299 to run task
[2025-01-27T15:45:40.505+0000] {standard_task_runner.py:104} INFO - Running: ['***', 'tasks', 'run', 'dbt_query', 'dbt_query', 'manual__2025-01-27T15:45:38.870272+00:00', '--job-id', '290', '--raw', '--subdir', 'DAGS_FOLDER/task1.py', '--cfg-path', '/tmp/tmpcjk5fjnx']
[2025-01-27T15:45:40.507+0000] {standard_task_runner.py:105} INFO - Job 290: Subtask dbt_query
[2025-01-27T15:45:40.551+0000] {task_command.py:467} INFO - Running <TaskInstance: dbt_query.dbt_query manual__2025-01-27T15:45:38.870272+00:00 [running]> on host 6e96b290b599
[2025-01-27T15:45:40.630+0000] {taskinstance.py:3132} INFO - Exporting env vars: AIRFLOW_CTX_DAG_OWNER='***' AIRFLOW_CTX_DAG_ID='dbt_query' AIRFLOW_CTX_TASK_ID='dbt_query' AIRFLOW_CTX_EXECUTION_DATE='2025-01-27T15:45:38.870272+00:00' AIRFLOW_CTX_TRY_NUMBER='1' AIRFLOW_CTX_DAG_RUN_ID='manual__2025-01-27T15:45:38.870272+00:00'
[2025-01-27T15:45:40.632+0000] {taskinstance.py:731} INFO - ::endgroup::
[2025-01-27T15:45:40.643+0000] {subprocess.py:78} INFO - Tmp dir root location: /tmp
[2025-01-27T15:45:40.644+0000] {subprocess.py:88} INFO - Running command: ['/usr/bin/bash', '-c', 'docker exec code-challenge-meltano-1 meltano invoke dbt-postgres:run']
[2025-01-27T15:45:40.657+0000] {subprocess.py:99} INFO - Output:
[2025-01-27T15:45:41.743+0000] {subprocess.py:106} INFO - [2m2025-01-27T15:45:41.741941Z[0m [[32m[1minfo     [0m] [1mEnvironment 'dev' is active   [0m
[2025-01-27T15:45:44.033+0000] {subprocess.py:106} INFO - [0m15:45:44  Running with dbt=1.3.7
[2025-01-27T15:45:44.102+0000] {subprocess.py:106} INFO - [0m15:45:44  Found 3 models, 0 tests, 0 snapshots, 0 analyses, 289 macros, 0 operations, 0 seed files, 12 sources, 0 exposures, 0 metrics
[2025-01-27T15:45:44.104+0000] {subprocess.py:106} INFO - [0m15:45:44
[2025-01-27T15:45:44.177+0000] {subprocess.py:106} INFO - [0m15:45:44  Concurrency: 2 threads (target='dev')
[2025-01-27T15:45:44.178+0000] {subprocess.py:106} INFO - [0m15:45:44
[2025-01-27T15:45:44.184+0000] {subprocess.py:106} INFO - [0m15:45:44  1 of 3 START sql table model tap_csv_2.order_details_m ......................... [RUN]
[2025-01-27T15:45:44.185+0000] {subprocess.py:106} INFO - [0m15:45:44  2 of 3 START sql table model tap_csv_2.order_with_details ...................... [RUN]
[2025-01-27T15:45:44.368+0000] {subprocess.py:106} INFO - [0m15:45:44  1 of 3 OK created sql table model tap_csv_2.order_details_m .................... [[32mSELECT 830[0m in 0.18s]
[2025-01-27T15:45:44.372+0000] {subprocess.py:106} INFO - [0m15:45:44  3 of 3 START sql table model tap_csv_2.orders_m ................................ [RUN]
[2025-01-27T15:45:44.379+0000] {subprocess.py:106} INFO - [0m15:45:44  2 of 3 OK created sql table model tap_csv_2.order_with_details ................. [[32mSELECT 830[0m in 0.19s]
[2025-01-27T15:45:44.436+0000] {subprocess.py:106} INFO - [0m15:45:44  3 of 3 OK created sql table model tap_csv_2.orders_m ........................... [[32mSELECT 830[0m in 0.06s]
[2025-01-27T15:45:44.446+0000] {subprocess.py:106} INFO - [0m15:45:44
[2025-01-27T15:45:44.447+0000] {subprocess.py:106} INFO - [0m15:45:44  Finished running 3 table models in 0 hours 0 minutes and 0.34 seconds (0.34s).
[2025-01-27T15:45:44.456+0000] {subprocess.py:106} INFO - [0m15:45:44
[2025-01-27T15:45:44.457+0000] {subprocess.py:106} INFO - [0m15:45:44  [32mCompleted successfully[0m
[2025-01-27T15:45:44.457+0000] {subprocess.py:106} INFO - [0m15:45:44
[2025-01-27T15:45:44.458+0000] {subprocess.py:106} INFO - [0m15:45:44  Done. PASS=3 WARN=0 ERROR=0 SKIP=0 TOTAL=3
[2025-01-27T15:45:45.621+0000] {subprocess.py:110} INFO - Command exited with return code 0
[2025-01-27T15:45:45.646+0000] {taskinstance.py:340} INFO - ::group::Post task execution logs
[2025-01-27T15:45:45.647+0000] {taskinstance.py:352} INFO - Marking task as SUCCESS. dag_id=dbt_query, task_id=dbt_query, run_id=manual__2025-01-27T15:45:38.870272+00:00, execution_date=20250127T154538, start_date=20250127T154540, end_date=20250127T154545
[2025-01-27T15:45:45.702+0000] {local_task_job_runner.py:266} INFO - Task exited with return code 0
[2025-01-27T15:45:45.719+0000] {taskinstance.py:3895} INFO - 1 downstream tasks scheduled from follow-on schedule check
[2025-01-27T15:45:45.725+0000] {local_task_job_runner.py:245} INFO - ::endgroup::
