[2025-01-26T21:27:34.980+0000] {local_task_job_runner.py:123} INFO - ::group::Pre task execution logs
[2025-01-26T21:27:35.017+0000] {taskinstance.py:2613} INFO - Dependencies all met for dep_context=non-requeueable deps ti=<TaskInstance: csv_to_postgres.data_extracted_to_data_tube manual__2025-01-26T21:27:33.185233+00:00 [queued]>
[2025-01-26T21:27:35.036+0000] {taskinstance.py:2613} INFO - Dependencies all met for dep_context=requeueable deps ti=<TaskInstance: csv_to_postgres.data_extracted_to_data_tube manual__2025-01-26T21:27:33.185233+00:00 [queued]>
[2025-01-26T21:27:35.038+0000] {taskinstance.py:2866} INFO - Starting attempt 1 of 1
[2025-01-26T21:27:35.495+0000] {taskinstance.py:2889} INFO - Executing <Task(PythonOperator): data_extracted_to_data_tube> on 2025-01-26 21:27:33.185233+00:00
[2025-01-26T21:27:35.502+0000] {warnings.py:112} WARNING - /home/***/.local/lib/python3.12/site-packages/***/task/task_runner/standard_task_runner.py:70: DeprecationWarning: This process (pid=1170) is multi-threaded, use of fork() may lead to deadlocks in the child.
  pid = os.fork()

[2025-01-26T21:27:35.504+0000] {standard_task_runner.py:72} INFO - Started process 1171 to run task
[2025-01-26T21:27:35.504+0000] {standard_task_runner.py:104} INFO - Running: ['***', 'tasks', 'run', 'csv_to_postgres', 'data_extracted_to_data_tube', 'manual__2025-01-26T21:27:33.185233+00:00', '--job-id', '205', '--raw', '--subdir', 'DAGS_FOLDER/task1.py', '--cfg-path', '/tmp/tmp0bzhblf5']
[2025-01-26T21:27:35.506+0000] {standard_task_runner.py:105} INFO - Job 205: Subtask data_extracted_to_data_tube
[2025-01-26T21:27:35.571+0000] {task_command.py:467} INFO - Running <TaskInstance: csv_to_postgres.data_extracted_to_data_tube manual__2025-01-26T21:27:33.185233+00:00 [running]> on host 684b2a870670
[2025-01-26T21:27:35.805+0000] {taskinstance.py:3132} INFO - Exporting env vars: AIRFLOW_CTX_DAG_OWNER='***' AIRFLOW_CTX_DAG_ID='csv_to_postgres' AIRFLOW_CTX_TASK_ID='data_extracted_to_data_tube' AIRFLOW_CTX_EXECUTION_DATE='2025-01-26T21:27:33.185233+00:00' AIRFLOW_CTX_TRY_NUMBER='1' AIRFLOW_CTX_DAG_RUN_ID='manual__2025-01-26T21:27:33.185233+00:00'
[2025-01-26T21:27:35.807+0000] {taskinstance.py:731} INFO - ::endgroup::
[2025-01-26T21:27:35.848+0000] {logging_mixin.py:190} INFO - Arquivo copiado: ./data_extracted/csv/26-01-2025/order_details.csv -> ./data_tube/order_details.csv
[2025-01-26T21:27:35.873+0000] {logging_mixin.py:190} INFO - Arquivo copiado: ./data_extracted/postgres/26-01-2025/categories.csv -> ./data_tube/categories.csv
[2025-01-26T21:27:35.888+0000] {logging_mixin.py:190} INFO - Arquivo copiado: ./data_extracted/postgres/26-01-2025/customers.csv -> ./data_tube/customers.csv
[2025-01-26T21:27:35.910+0000] {logging_mixin.py:190} INFO - Arquivo copiado: ./data_extracted/postgres/26-01-2025/employees.csv -> ./data_tube/employees.csv
[2025-01-26T21:27:35.939+0000] {logging_mixin.py:190} INFO - Arquivo copiado: ./data_extracted/postgres/26-01-2025/employee_territories.csv -> ./data_tube/employee_territories.csv
[2025-01-26T21:27:35.958+0000] {logging_mixin.py:190} INFO - Arquivo copiado: ./data_extracted/postgres/26-01-2025/orders.csv -> ./data_tube/orders.csv
[2025-01-26T21:27:35.974+0000] {logging_mixin.py:190} INFO - Arquivo copiado: ./data_extracted/postgres/26-01-2025/products.csv -> ./data_tube/products.csv
[2025-01-26T21:27:35.994+0000] {logging_mixin.py:190} INFO - Arquivo copiado: ./data_extracted/postgres/26-01-2025/region.csv -> ./data_tube/region.csv
[2025-01-26T21:27:36.014+0000] {logging_mixin.py:190} INFO - Arquivo copiado: ./data_extracted/postgres/26-01-2025/shippers.csv -> ./data_tube/shippers.csv
[2025-01-26T21:27:36.035+0000] {logging_mixin.py:190} INFO - Arquivo copiado: ./data_extracted/postgres/26-01-2025/suppliers.csv -> ./data_tube/suppliers.csv
[2025-01-26T21:27:36.056+0000] {logging_mixin.py:190} INFO - Arquivo copiado: ./data_extracted/postgres/26-01-2025/territories.csv -> ./data_tube/territories.csv
[2025-01-26T21:27:36.076+0000] {logging_mixin.py:190} INFO - Arquivo copiado: ./data_extracted/postgres/26-01-2025/us_states.csv -> ./data_tube/us_states.csv
[2025-01-26T21:27:36.077+0000] {python.py:240} INFO - Done. Returned value was: None
[2025-01-26T21:27:36.089+0000] {taskinstance.py:340} INFO - ::group::Post task execution logs
[2025-01-26T21:27:36.091+0000] {taskinstance.py:352} INFO - Marking task as SUCCESS. dag_id=csv_to_postgres, task_id=data_extracted_to_data_tube, run_id=manual__2025-01-26T21:27:33.185233+00:00, execution_date=20250126T212733, start_date=20250126T212735, end_date=20250126T212736
[2025-01-26T21:27:36.124+0000] {local_task_job_runner.py:266} INFO - Task exited with return code 0
[2025-01-26T21:27:36.149+0000] {taskinstance.py:3895} INFO - 1 downstream tasks scheduled from follow-on schedule check
[2025-01-26T21:27:36.155+0000] {local_task_job_runner.py:245} INFO - ::endgroup::
