[2025-01-25T19:38:08.140+0000] {local_task_job_runner.py:123} INFO - ::group::Pre task execution logs
[2025-01-25T19:38:08.162+0000] {taskinstance.py:2613} INFO - Dependencies all met for dep_context=non-requeueable deps ti=<TaskInstance: meltano_airflow_dag.run_meltano_extraction manual__2025-01-25T19:38:06.946589+00:00 [queued]>
[2025-01-25T19:38:08.170+0000] {taskinstance.py:2613} INFO - Dependencies all met for dep_context=requeueable deps ti=<TaskInstance: meltano_airflow_dag.run_meltano_extraction manual__2025-01-25T19:38:06.946589+00:00 [queued]>
[2025-01-25T19:38:08.171+0000] {taskinstance.py:2866} INFO - Starting attempt 1 of 1
[2025-01-25T19:38:08.188+0000] {taskinstance.py:2889} INFO - Executing <Task(BashOperator): run_meltano_extraction> on 2025-01-25 19:38:06.946589+00:00
[2025-01-25T19:38:08.195+0000] {warnings.py:112} WARNING - /home/***/.local/lib/python3.12/site-packages/***/task/task_runner/standard_task_runner.py:70: DeprecationWarning: This process (pid=57) is multi-threaded, use of fork() may lead to deadlocks in the child.
  pid = os.fork()

[2025-01-25T19:38:08.197+0000] {standard_task_runner.py:72} INFO - Started process 58 to run task
[2025-01-25T19:38:08.197+0000] {standard_task_runner.py:104} INFO - Running: ['***', 'tasks', 'run', 'meltano_***_dag', 'run_meltano_extraction', 'manual__2025-01-25T19:38:06.946589+00:00', '--job-id', '10', '--raw', '--subdir', 'DAGS_FOLDER/task1.py', '--cfg-path', '/tmp/tmp9xrx_wsl']
[2025-01-25T19:38:08.198+0000] {standard_task_runner.py:105} INFO - Job 10: Subtask run_meltano_extraction
[2025-01-25T19:38:08.252+0000] {task_command.py:467} INFO - Running <TaskInstance: meltano_airflow_dag.run_meltano_extraction manual__2025-01-25T19:38:06.946589+00:00 [running]> on host f343fc6489bb
[2025-01-25T19:38:08.448+0000] {taskinstance.py:3132} INFO - Exporting env vars: AIRFLOW_CTX_DAG_OWNER='***' AIRFLOW_CTX_DAG_ID='meltano_***_dag' AIRFLOW_CTX_TASK_ID='run_meltano_extraction' AIRFLOW_CTX_EXECUTION_DATE='2025-01-25T19:38:06.946589+00:00' AIRFLOW_CTX_TRY_NUMBER='1' AIRFLOW_CTX_DAG_RUN_ID='manual__2025-01-25T19:38:06.946589+00:00'
[2025-01-25T19:38:08.449+0000] {taskinstance.py:731} INFO - ::endgroup::
[2025-01-25T19:38:08.465+0000] {subprocess.py:78} INFO - Tmp dir root location: /tmp
[2025-01-25T19:38:08.467+0000] {subprocess.py:88} INFO - Running command: ['/usr/bin/bash', '-c', 'docker exec -it meltano ']
[2025-01-25T19:38:08.479+0000] {subprocess.py:99} INFO - Output:
[2025-01-25T19:38:08.782+0000] {subprocess.py:106} INFO - "docker exec" requires at least 2 arguments.
[2025-01-25T19:38:08.782+0000] {subprocess.py:106} INFO - See 'docker exec --help'.
[2025-01-25T19:38:08.783+0000] {subprocess.py:106} INFO - 
[2025-01-25T19:38:08.783+0000] {subprocess.py:106} INFO - Usage:  docker exec [OPTIONS] CONTAINER COMMAND [ARG...]
[2025-01-25T19:38:08.784+0000] {subprocess.py:106} INFO - 
[2025-01-25T19:38:08.784+0000] {subprocess.py:106} INFO - Execute a command in a running container
[2025-01-25T19:38:08.785+0000] {subprocess.py:110} INFO - Command exited with return code 1
[2025-01-25T19:38:08.795+0000] {taskinstance.py:3311} ERROR - Task failed with exception
Traceback (most recent call last):
  File "/home/airflow/.local/lib/python3.12/site-packages/airflow/models/taskinstance.py", line 767, in _execute_task
    result = _execute_callable(context=context, **execute_callable_kwargs)
             ^^^^^^^^^^^^^^^^^^^^^^^^^^^^^^^^^^^^^^^^^^^^^^^^^^^^^^^^^^^^^
  File "/home/airflow/.local/lib/python3.12/site-packages/airflow/models/taskinstance.py", line 733, in _execute_callable
    return ExecutionCallableRunner(
           ^^^^^^^^^^^^^^^^^^^^^^^^
  File "/home/airflow/.local/lib/python3.12/site-packages/airflow/utils/operator_helpers.py", line 252, in run
    return self.func(*args, **kwargs)
           ^^^^^^^^^^^^^^^^^^^^^^^^^^
  File "/home/airflow/.local/lib/python3.12/site-packages/airflow/models/baseoperator.py", line 422, in wrapper
    return func(self, *args, **kwargs)
           ^^^^^^^^^^^^^^^^^^^^^^^^^^^
  File "/home/airflow/.local/lib/python3.12/site-packages/airflow/operators/bash.py", line 276, in execute
    raise AirflowException(
airflow.exceptions.AirflowException: Bash command failed. The command returned a non-zero exit code 1.
[2025-01-25T19:38:08.799+0000] {taskinstance.py:1225} INFO - Marking task as FAILED. dag_id=meltano_***_dag, task_id=run_meltano_extraction, run_id=manual__2025-01-25T19:38:06.946589+00:00, execution_date=20250125T193806, start_date=20250125T193808, end_date=20250125T193808
[2025-01-25T19:38:08.813+0000] {taskinstance.py:340} INFO - ::group::Post task execution logs
[2025-01-25T19:38:08.814+0000] {standard_task_runner.py:124} ERROR - Failed to execute job 10 for task run_meltano_extraction (Bash command failed. The command returned a non-zero exit code 1.; 58)
Traceback (most recent call last):
  File "/home/airflow/.local/lib/python3.12/site-packages/airflow/task/task_runner/standard_task_runner.py", line 117, in _start_by_fork
    ret = args.func(args, dag=self.dag)
          ^^^^^^^^^^^^^^^^^^^^^^^^^^^^^
  File "/home/airflow/.local/lib/python3.12/site-packages/airflow/cli/cli_config.py", line 49, in command
    return func(*args, **kwargs)
           ^^^^^^^^^^^^^^^^^^^^^
  File "/home/airflow/.local/lib/python3.12/site-packages/airflow/utils/cli.py", line 116, in wrapper
    return f(*args, **kwargs)
           ^^^^^^^^^^^^^^^^^^
  File "/home/airflow/.local/lib/python3.12/site-packages/airflow/cli/commands/task_command.py", line 483, in task_run
    task_return_code = _run_task_by_selected_method(args, _dag, ti)
                       ^^^^^^^^^^^^^^^^^^^^^^^^^^^^^^^^^^^^^^^^^^^^
  File "/home/airflow/.local/lib/python3.12/site-packages/airflow/cli/commands/task_command.py", line 256, in _run_task_by_selected_method
    return _run_raw_task(args, ti)
           ^^^^^^^^^^^^^^^^^^^^^^^
  File "/home/airflow/.local/lib/python3.12/site-packages/airflow/cli/commands/task_command.py", line 341, in _run_raw_task
    return ti._run_raw_task(
           ^^^^^^^^^^^^^^^^^
  File "/home/airflow/.local/lib/python3.12/site-packages/airflow/utils/session.py", line 97, in wrapper
    return func(*args, session=session, **kwargs)
           ^^^^^^^^^^^^^^^^^^^^^^^^^^^^^^^^^^^^^^
  File "/home/airflow/.local/lib/python3.12/site-packages/airflow/models/taskinstance.py", line 3005, in _run_raw_task
    return _run_raw_task(
           ^^^^^^^^^^^^^^
  File "/home/airflow/.local/lib/python3.12/site-packages/airflow/models/taskinstance.py", line 273, in _run_raw_task
    TaskInstance._execute_task_with_callbacks(
  File "/home/airflow/.local/lib/python3.12/site-packages/airflow/models/taskinstance.py", line 3159, in _execute_task_with_callbacks
    result = self._execute_task(context, task_orig)
             ^^^^^^^^^^^^^^^^^^^^^^^^^^^^^^^^^^^^^^
  File "/home/airflow/.local/lib/python3.12/site-packages/airflow/models/taskinstance.py", line 3183, in _execute_task
    return _execute_task(self, context, task_orig)
           ^^^^^^^^^^^^^^^^^^^^^^^^^^^^^^^^^^^^^^^
  File "/home/airflow/.local/lib/python3.12/site-packages/airflow/models/taskinstance.py", line 767, in _execute_task
    result = _execute_callable(context=context, **execute_callable_kwargs)
             ^^^^^^^^^^^^^^^^^^^^^^^^^^^^^^^^^^^^^^^^^^^^^^^^^^^^^^^^^^^^^
  File "/home/airflow/.local/lib/python3.12/site-packages/airflow/models/taskinstance.py", line 733, in _execute_callable
    return ExecutionCallableRunner(
           ^^^^^^^^^^^^^^^^^^^^^^^^
  File "/home/airflow/.local/lib/python3.12/site-packages/airflow/utils/operator_helpers.py", line 252, in run
    return self.func(*args, **kwargs)
           ^^^^^^^^^^^^^^^^^^^^^^^^^^
  File "/home/airflow/.local/lib/python3.12/site-packages/airflow/models/baseoperator.py", line 422, in wrapper
    return func(self, *args, **kwargs)
           ^^^^^^^^^^^^^^^^^^^^^^^^^^^
  File "/home/airflow/.local/lib/python3.12/site-packages/airflow/operators/bash.py", line 276, in execute
    raise AirflowException(
airflow.exceptions.AirflowException: Bash command failed. The command returned a non-zero exit code 1.
[2025-01-25T19:38:08.854+0000] {local_task_job_runner.py:266} INFO - Task exited with return code 1
[2025-01-25T19:38:08.869+0000] {taskinstance.py:3895} INFO - 0 downstream tasks scheduled from follow-on schedule check
[2025-01-25T19:38:08.875+0000] {local_task_job_runner.py:245} INFO - ::endgroup::
