[2025-01-27T16:23:56.169+0000] {local_task_job_runner.py:123} INFO - ::group::Pre task execution logs
[2025-01-27T16:23:56.185+0000] {taskinstance.py:2613} INFO - Dependencies all met for dep_context=non-requeueable deps ti=<TaskInstance: task_2.trigger_dbt_query manual__2025-01-27T16:22:53.153617+00:00 [queued]>
[2025-01-27T16:23:56.194+0000] {taskinstance.py:2613} INFO - Dependencies all met for dep_context=requeueable deps ti=<TaskInstance: task_2.trigger_dbt_query manual__2025-01-27T16:22:53.153617+00:00 [queued]>
[2025-01-27T16:23:56.195+0000] {taskinstance.py:2866} INFO - Starting attempt 1 of 1
[2025-01-27T16:23:56.211+0000] {taskinstance.py:2889} INFO - Executing <Task(TriggerDagRunOperator): trigger_dbt_query> on 2025-01-27 16:22:53.153617+00:00
[2025-01-27T16:23:56.218+0000] {warnings.py:112} WARNING - /home/***/.local/lib/python3.12/site-packages/***/task/task_runner/standard_task_runner.py:70: DeprecationWarning: This process (pid=994) is multi-threaded, use of fork() may lead to deadlocks in the child.
  pid = os.fork()

[2025-01-27T16:23:56.220+0000] {standard_task_runner.py:72} INFO - Started process 996 to run task
[2025-01-27T16:23:56.220+0000] {standard_task_runner.py:104} INFO - Running: ['***', 'tasks', 'run', 'task_2', 'trigger_dbt_query', 'manual__2025-01-27T16:22:53.153617+00:00', '--job-id', '318', '--raw', '--subdir', 'DAGS_FOLDER/ELT.py', '--cfg-path', '/tmp/tmpq_3h_znm']
[2025-01-27T16:23:56.222+0000] {standard_task_runner.py:105} INFO - Job 318: Subtask trigger_dbt_query
[2025-01-27T16:23:56.267+0000] {task_command.py:467} INFO - Running <TaskInstance: task_2.trigger_dbt_query manual__2025-01-27T16:22:53.153617+00:00 [running]> on host 6e96b290b599
[2025-01-27T16:23:56.349+0000] {taskinstance.py:3132} INFO - Exporting env vars: AIRFLOW_CTX_DAG_OWNER='***' AIRFLOW_CTX_DAG_ID='task_2' AIRFLOW_CTX_TASK_ID='trigger_dbt_query' AIRFLOW_CTX_EXECUTION_DATE='2025-01-27T16:22:53.153617+00:00' AIRFLOW_CTX_TRY_NUMBER='1' AIRFLOW_CTX_DAG_RUN_ID='manual__2025-01-27T16:22:53.153617+00:00'
[2025-01-27T16:23:56.351+0000] {taskinstance.py:731} INFO - ::endgroup::
[2025-01-27T16:23:56.444+0000] {trigger_dagrun.py:257} INFO - Waiting for dbt_query on 2025-01-27 16:23:56.363350+00:00 to become allowed state ['success'] ...
[2025-01-27T16:24:56.451+0000] {trigger_dagrun.py:271} INFO - dbt_query finished with allowed state success
[2025-01-27T16:24:56.461+0000] {taskinstance.py:340} INFO - ::group::Post task execution logs
[2025-01-27T16:24:56.462+0000] {taskinstance.py:352} INFO - Marking task as SUCCESS. dag_id=task_2, task_id=trigger_dbt_query, run_id=manual__2025-01-27T16:22:53.153617+00:00, execution_date=20250127T162253, start_date=20250127T162356, end_date=20250127T162456
[2025-01-27T16:24:56.514+0000] {local_task_job_runner.py:266} INFO - Task exited with return code 0
[2025-01-27T16:24:56.529+0000] {taskinstance.py:3895} INFO - 0 downstream tasks scheduled from follow-on schedule check
[2025-01-27T16:24:56.535+0000] {local_task_job_runner.py:245} INFO - ::endgroup::
