[2025-01-27T16:22:54.384+0000] {local_task_job_runner.py:123} INFO - ::group::Pre task execution logs
[2025-01-27T16:22:54.399+0000] {taskinstance.py:2613} INFO - Dependencies all met for dep_context=non-requeueable deps ti=<TaskInstance: task_2.trigger_csv_to_postgres manual__2025-01-27T16:22:53.153617+00:00 [queued]>
[2025-01-27T16:22:54.408+0000] {taskinstance.py:2613} INFO - Dependencies all met for dep_context=requeueable deps ti=<TaskInstance: task_2.trigger_csv_to_postgres manual__2025-01-27T16:22:53.153617+00:00 [queued]>
[2025-01-27T16:22:54.409+0000] {taskinstance.py:2866} INFO - Starting attempt 1 of 1
[2025-01-27T16:22:54.426+0000] {taskinstance.py:2889} INFO - Executing <Task(TriggerDagRunOperator): trigger_csv_to_postgres> on 2025-01-27 16:22:53.153617+00:00
[2025-01-27T16:22:54.432+0000] {warnings.py:112} WARNING - /home/***/.local/lib/python3.12/site-packages/***/task/task_runner/standard_task_runner.py:70: DeprecationWarning: This process (pid=952) is multi-threaded, use of fork() may lead to deadlocks in the child.
  pid = os.fork()

[2025-01-27T16:22:54.434+0000] {standard_task_runner.py:72} INFO - Started process 954 to run task
[2025-01-27T16:22:54.434+0000] {standard_task_runner.py:104} INFO - Running: ['***', 'tasks', 'run', 'task_2', 'trigger_csv_to_postgres', 'manual__2025-01-27T16:22:53.153617+00:00', '--job-id', '314', '--raw', '--subdir', 'DAGS_FOLDER/ELT.py', '--cfg-path', '/tmp/tmplvhgi_f_']
[2025-01-27T16:22:54.437+0000] {standard_task_runner.py:105} INFO - Job 314: Subtask trigger_csv_to_postgres
[2025-01-27T16:22:54.484+0000] {task_command.py:467} INFO - Running <TaskInstance: task_2.trigger_csv_to_postgres manual__2025-01-27T16:22:53.153617+00:00 [running]> on host 6e96b290b599
[2025-01-27T16:22:54.575+0000] {taskinstance.py:3132} INFO - Exporting env vars: AIRFLOW_CTX_DAG_OWNER='***' AIRFLOW_CTX_DAG_ID='task_2' AIRFLOW_CTX_TASK_ID='trigger_csv_to_postgres' AIRFLOW_CTX_EXECUTION_DATE='2025-01-27T16:22:53.153617+00:00' AIRFLOW_CTX_TRY_NUMBER='1' AIRFLOW_CTX_DAG_RUN_ID='manual__2025-01-27T16:22:53.153617+00:00'
[2025-01-27T16:22:54.576+0000] {taskinstance.py:731} INFO - ::endgroup::
[2025-01-27T16:22:54.699+0000] {trigger_dagrun.py:257} INFO - Waiting for csv_to_postgres on 2025-01-27 16:22:54.587839+00:00 to become allowed state ['success'] ...
[2025-01-27T16:23:54.705+0000] {trigger_dagrun.py:271} INFO - csv_to_postgres finished with allowed state success
[2025-01-27T16:23:54.716+0000] {taskinstance.py:340} INFO - ::group::Post task execution logs
[2025-01-27T16:23:54.716+0000] {taskinstance.py:352} INFO - Marking task as SUCCESS. dag_id=task_2, task_id=trigger_csv_to_postgres, run_id=manual__2025-01-27T16:22:53.153617+00:00, execution_date=20250127T162253, start_date=20250127T162254, end_date=20250127T162354
[2025-01-27T16:23:54.778+0000] {local_task_job_runner.py:266} INFO - Task exited with return code 0
[2025-01-27T16:23:54.795+0000] {taskinstance.py:3895} INFO - 1 downstream tasks scheduled from follow-on schedule check
[2025-01-27T16:23:54.801+0000] {local_task_job_runner.py:245} INFO - ::endgroup::
