[2025-01-26T12:10:38.651+0000] {local_task_job_runner.py:123} INFO - ::group::Pre task execution logs
[2025-01-26T12:10:38.668+0000] {taskinstance.py:2613} INFO - Dependencies all met for dep_context=non-requeueable deps ti=<TaskInstance: postgres_to_csv.postgres_to_csv manual__2025-01-26T12:10:37.531541+00:00 [queued]>
[2025-01-26T12:10:38.678+0000] {taskinstance.py:2613} INFO - Dependencies all met for dep_context=requeueable deps ti=<TaskInstance: postgres_to_csv.postgres_to_csv manual__2025-01-26T12:10:37.531541+00:00 [queued]>
[2025-01-26T12:10:38.679+0000] {taskinstance.py:2866} INFO - Starting attempt 1 of 1
[2025-01-26T12:10:38.698+0000] {taskinstance.py:2889} INFO - Executing <Task(BashOperator): postgres_to_csv> on 2025-01-26 12:10:37.531541+00:00
[2025-01-26T12:10:38.707+0000] {warnings.py:112} WARNING - /home/***/.local/lib/python3.12/site-packages/***/task/task_runner/standard_task_runner.py:70: DeprecationWarning: This process (pid=478) is multi-threaded, use of fork() may lead to deadlocks in the child.
  pid = os.fork()

[2025-01-26T12:10:38.709+0000] {standard_task_runner.py:72} INFO - Started process 483 to run task
[2025-01-26T12:10:38.710+0000] {standard_task_runner.py:104} INFO - Running: ['***', 'tasks', 'run', 'postgres_to_csv', 'postgres_to_csv', 'manual__2025-01-26T12:10:37.531541+00:00', '--job-id', '151', '--raw', '--subdir', 'DAGS_FOLDER/task1.py', '--cfg-path', '/tmp/tmp94pdr0a5']
[2025-01-26T12:10:38.711+0000] {standard_task_runner.py:105} INFO - Job 151: Subtask postgres_to_csv
[2025-01-26T12:10:38.770+0000] {task_command.py:467} INFO - Running <TaskInstance: postgres_to_csv.postgres_to_csv manual__2025-01-26T12:10:37.531541+00:00 [running]> on host e73a5f4d3461
[2025-01-26T12:10:38.876+0000] {taskinstance.py:3132} INFO - Exporting env vars: AIRFLOW_CTX_DAG_OWNER='***' AIRFLOW_CTX_DAG_ID='postgres_to_csv' AIRFLOW_CTX_TASK_ID='postgres_to_csv' AIRFLOW_CTX_EXECUTION_DATE='2025-01-26T12:10:37.531541+00:00' AIRFLOW_CTX_TRY_NUMBER='1' AIRFLOW_CTX_DAG_RUN_ID='manual__2025-01-26T12:10:37.531541+00:00'
[2025-01-26T12:10:38.879+0000] {taskinstance.py:731} INFO - ::endgroup::
[2025-01-26T12:10:38.894+0000] {subprocess.py:78} INFO - Tmp dir root location: /tmp
[2025-01-26T12:10:38.896+0000] {subprocess.py:88} INFO - Running command: ['/usr/bin/bash', '-c', 'docker exec code-challenge-meltano-1 meltano run tap-postgres target-csv']
[2025-01-26T12:10:38.912+0000] {subprocess.py:99} INFO - Output:
[2025-01-26T12:10:40.197+0000] {subprocess.py:106} INFO - [2m2025-01-26T12:10:40.195981Z[0m [[32m[1minfo     [0m] [1mEnvironment 'dev' is active   [0m
[2025-01-26T12:10:40.918+0000] {subprocess.py:106} INFO - [2m2025-01-26T12:10:40.912106Z[0m [[31m[1merror    [0m] [1mAnother 'dev:tap-postgres-to-target-csv' pipeline is already running which started at 2025-01-26 12:10:40.767422+00:00. To ignore this check use the '--force' option.[0m
[2025-01-26T12:10:40.919+0000] {subprocess.py:106} INFO - [2m2025-01-26T12:10:40.912573Z[0m [[31m[1merror    [0m] [1mBlock run completed.          [0m [36mblock_type[0m=[35mExtractLoadBlocks[0m [36merr[0m=[35mRunnerError("Another 'dev:tap-postgres-to-target-csv' pipeline is already running which started at 2025-01-26 12:10:40.767422+00:00. To ignore this check use the '--force' option.")[0m [36mexit_codes[0m=[35m{}[0m [36mset_number[0m=[35m0[0m [36msuccess[0m=[35mFalse[0m
[2025-01-26T12:10:40.920+0000] {subprocess.py:106} INFO - Need help fixing this problem? Visit http://melta.no/ for troubleshooting steps, or to
[2025-01-26T12:10:40.921+0000] {subprocess.py:106} INFO - join our friendly Slack community.
[2025-01-26T12:10:40.922+0000] {subprocess.py:106} INFO - 
[2025-01-26T12:10:40.922+0000] {subprocess.py:106} INFO - Run invocation could not be completed as block failed: Another 'dev:tap-postgres-to-target-csv' pipeline is already running which started at 2025-01-26 12:10:40.767422+00:00. To ignore this check use the '--force' option.
[2025-01-26T12:10:42.003+0000] {subprocess.py:110} INFO - Command exited with return code 1
[2025-01-26T12:10:42.016+0000] {taskinstance.py:3311} ERROR - Task failed with exception
Traceback (most recent call last):
  File "/home/airflow/.local/lib/python3.12/site-packages/airflow/models/taskinstance.py", line 767, in _execute_task
    result = _execute_callable(context=context, **execute_callable_kwargs)
             ^^^^^^^^^^^^^^^^^^^^^^^^^^^^^^^^^^^^^^^^^^^^^^^^^^^^^^^^^^^^^
  File "/home/airflow/.local/lib/python3.12/site-packages/airflow/models/taskinstance.py", line 733, in _execute_callable
    return ExecutionCallableRunner(
           ^^^^^^^^^^^^^^^^^^^^^^^^
  File "/home/airflow/.local/lib/python3.12/site-packages/airflow/utils/operator_helpers.py", line 252, in run
    return self.func(*args, **kwargs)
           ^^^^^^^^^^^^^^^^^^^^^^^^^^
  File "/home/airflow/.local/lib/python3.12/site-packages/airflow/models/baseoperator.py", line 422, in wrapper
    return func(self, *args, **kwargs)
           ^^^^^^^^^^^^^^^^^^^^^^^^^^^
  File "/home/airflow/.local/lib/python3.12/site-packages/airflow/operators/bash.py", line 276, in execute
    raise AirflowException(
airflow.exceptions.AirflowException: Bash command failed. The command returned a non-zero exit code 1.
[2025-01-26T12:10:42.022+0000] {taskinstance.py:1225} INFO - Marking task as FAILED. dag_id=postgres_to_csv, task_id=postgres_to_csv, run_id=manual__2025-01-26T12:10:37.531541+00:00, execution_date=20250126T121037, start_date=20250126T121038, end_date=20250126T121042
[2025-01-26T12:10:42.064+0000] {taskinstance.py:340} INFO - ::group::Post task execution logs
[2025-01-26T12:10:42.068+0000] {standard_task_runner.py:124} ERROR - Failed to execute job 151 for task postgres_to_csv (Bash command failed. The command returned a non-zero exit code 1.; 483)
Traceback (most recent call last):
  File "/home/airflow/.local/lib/python3.12/site-packages/airflow/task/task_runner/standard_task_runner.py", line 117, in _start_by_fork
    ret = args.func(args, dag=self.dag)
          ^^^^^^^^^^^^^^^^^^^^^^^^^^^^^
  File "/home/airflow/.local/lib/python3.12/site-packages/airflow/cli/cli_config.py", line 49, in command
    return func(*args, **kwargs)
           ^^^^^^^^^^^^^^^^^^^^^
  File "/home/airflow/.local/lib/python3.12/site-packages/airflow/utils/cli.py", line 116, in wrapper
    return f(*args, **kwargs)
           ^^^^^^^^^^^^^^^^^^
  File "/home/airflow/.local/lib/python3.12/site-packages/airflow/cli/commands/task_command.py", line 483, in task_run
    task_return_code = _run_task_by_selected_method(args, _dag, ti)
                       ^^^^^^^^^^^^^^^^^^^^^^^^^^^^^^^^^^^^^^^^^^^^
  File "/home/airflow/.local/lib/python3.12/site-packages/airflow/cli/commands/task_command.py", line 256, in _run_task_by_selected_method
    return _run_raw_task(args, ti)
           ^^^^^^^^^^^^^^^^^^^^^^^
  File "/home/airflow/.local/lib/python3.12/site-packages/airflow/cli/commands/task_command.py", line 341, in _run_raw_task
    return ti._run_raw_task(
           ^^^^^^^^^^^^^^^^^
  File "/home/airflow/.local/lib/python3.12/site-packages/airflow/utils/session.py", line 97, in wrapper
    return func(*args, session=session, **kwargs)
           ^^^^^^^^^^^^^^^^^^^^^^^^^^^^^^^^^^^^^^
  File "/home/airflow/.local/lib/python3.12/site-packages/airflow/models/taskinstance.py", line 3005, in _run_raw_task
    return _run_raw_task(
           ^^^^^^^^^^^^^^
  File "/home/airflow/.local/lib/python3.12/site-packages/airflow/models/taskinstance.py", line 273, in _run_raw_task
    TaskInstance._execute_task_with_callbacks(
  File "/home/airflow/.local/lib/python3.12/site-packages/airflow/models/taskinstance.py", line 3159, in _execute_task_with_callbacks
    result = self._execute_task(context, task_orig)
             ^^^^^^^^^^^^^^^^^^^^^^^^^^^^^^^^^^^^^^
  File "/home/airflow/.local/lib/python3.12/site-packages/airflow/models/taskinstance.py", line 3183, in _execute_task
    return _execute_task(self, context, task_orig)
           ^^^^^^^^^^^^^^^^^^^^^^^^^^^^^^^^^^^^^^^
  File "/home/airflow/.local/lib/python3.12/site-packages/airflow/models/taskinstance.py", line 767, in _execute_task
    result = _execute_callable(context=context, **execute_callable_kwargs)
             ^^^^^^^^^^^^^^^^^^^^^^^^^^^^^^^^^^^^^^^^^^^^^^^^^^^^^^^^^^^^^
  File "/home/airflow/.local/lib/python3.12/site-packages/airflow/models/taskinstance.py", line 733, in _execute_callable
    return ExecutionCallableRunner(
           ^^^^^^^^^^^^^^^^^^^^^^^^
  File "/home/airflow/.local/lib/python3.12/site-packages/airflow/utils/operator_helpers.py", line 252, in run
    return self.func(*args, **kwargs)
           ^^^^^^^^^^^^^^^^^^^^^^^^^^
  File "/home/airflow/.local/lib/python3.12/site-packages/airflow/models/baseoperator.py", line 422, in wrapper
    return func(self, *args, **kwargs)
           ^^^^^^^^^^^^^^^^^^^^^^^^^^^
  File "/home/airflow/.local/lib/python3.12/site-packages/airflow/operators/bash.py", line 276, in execute
    raise AirflowException(
airflow.exceptions.AirflowException: Bash command failed. The command returned a non-zero exit code 1.
[2025-01-26T12:10:42.153+0000] {local_task_job_runner.py:266} INFO - Task exited with return code 1
[2025-01-26T12:10:42.174+0000] {taskinstance.py:3895} INFO - 0 downstream tasks scheduled from follow-on schedule check
[2025-01-26T12:10:42.184+0000] {local_task_job_runner.py:245} INFO - ::endgroup::
