[2025-01-27T15:38:42.053+0000] {local_task_job_runner.py:123} INFO - ::group::Pre task execution logs
[2025-01-27T15:38:42.070+0000] {taskinstance.py:2613} INFO - Dependencies all met for dep_context=non-requeueable deps ti=<TaskInstance: dbt_query.dbt_query manual__2025-01-27T15:38:40.396827+00:00 [queued]>
[2025-01-27T15:38:42.079+0000] {taskinstance.py:2613} INFO - Dependencies all met for dep_context=requeueable deps ti=<TaskInstance: dbt_query.dbt_query manual__2025-01-27T15:38:40.396827+00:00 [queued]>
[2025-01-27T15:38:42.080+0000] {taskinstance.py:2866} INFO - Starting attempt 1 of 1
[2025-01-27T15:38:42.097+0000] {taskinstance.py:2889} INFO - Executing <Task(BashOperator): dbt_query> on 2025-01-27 15:38:40.396827+00:00
[2025-01-27T15:38:42.104+0000] {warnings.py:112} WARNING - /home/***/.local/lib/python3.12/site-packages/***/task/task_runner/standard_task_runner.py:70: DeprecationWarning: This process (pid=153) is multi-threaded, use of fork() may lead to deadlocks in the child.
  pid = os.fork()

[2025-01-27T15:38:42.105+0000] {standard_task_runner.py:72} INFO - Started process 155 to run task
[2025-01-27T15:38:42.105+0000] {standard_task_runner.py:104} INFO - Running: ['***', 'tasks', 'run', 'dbt_query', 'dbt_query', 'manual__2025-01-27T15:38:40.396827+00:00', '--job-id', '284', '--raw', '--subdir', 'DAGS_FOLDER/task1.py', '--cfg-path', '/tmp/tmpye6lodl5']
[2025-01-27T15:38:42.108+0000] {standard_task_runner.py:105} INFO - Job 284: Subtask dbt_query
[2025-01-27T15:38:42.153+0000] {task_command.py:467} INFO - Running <TaskInstance: dbt_query.dbt_query manual__2025-01-27T15:38:40.396827+00:00 [running]> on host 6e96b290b599
[2025-01-27T15:38:42.237+0000] {taskinstance.py:3132} INFO - Exporting env vars: AIRFLOW_CTX_DAG_OWNER='***' AIRFLOW_CTX_DAG_ID='dbt_query' AIRFLOW_CTX_TASK_ID='dbt_query' AIRFLOW_CTX_EXECUTION_DATE='2025-01-27T15:38:40.396827+00:00' AIRFLOW_CTX_TRY_NUMBER='1' AIRFLOW_CTX_DAG_RUN_ID='manual__2025-01-27T15:38:40.396827+00:00'
[2025-01-27T15:38:42.238+0000] {taskinstance.py:731} INFO - ::endgroup::
[2025-01-27T15:38:42.249+0000] {subprocess.py:78} INFO - Tmp dir root location: /tmp
[2025-01-27T15:38:42.251+0000] {subprocess.py:88} INFO - Running command: ['/usr/bin/bash', '-c', 'docker exec code-challenge-meltano-1 meltano invoke dbt-postgres:run']
[2025-01-27T15:38:42.264+0000] {subprocess.py:99} INFO - Output:
[2025-01-27T15:38:43.353+0000] {subprocess.py:106} INFO - [2m2025-01-27T15:38:43.351923Z[0m [[32m[1minfo     [0m] [1mEnvironment 'dev' is active   [0m
[2025-01-27T15:38:45.594+0000] {subprocess.py:106} INFO - [0m15:38:45  Running with dbt=1.3.7
[2025-01-27T15:38:45.664+0000] {subprocess.py:106} INFO - [0m15:38:45  Found 3 models, 0 tests, 0 snapshots, 0 analyses, 289 macros, 0 operations, 0 seed files, 12 sources, 0 exposures, 0 metrics
[2025-01-27T15:38:45.666+0000] {subprocess.py:106} INFO - [0m15:38:45
[2025-01-27T15:38:45.738+0000] {subprocess.py:106} INFO - [0m15:38:45  Concurrency: 2 threads (target='dev')
[2025-01-27T15:38:45.739+0000] {subprocess.py:106} INFO - [0m15:38:45
[2025-01-27T15:38:45.744+0000] {subprocess.py:106} INFO - [0m15:38:45  1 of 3 START sql table model tap_csv_2.order_details_m ......................... [RUN]
[2025-01-27T15:38:45.744+0000] {subprocess.py:106} INFO - [0m15:38:45  2 of 3 START sql table model tap_csv_2.order_with_details ...................... [RUN]
[2025-01-27T15:38:45.938+0000] {subprocess.py:106} INFO - [0m15:38:45  2 of 3 OK created sql table model tap_csv_2.order_with_details ................. [[32mSELECT 830[0m in 0.19s]
[2025-01-27T15:38:45.939+0000] {subprocess.py:106} INFO - [0m15:38:45  3 of 3 START sql table model tap_csv_2.orders_m ................................ [RUN]
[2025-01-27T15:38:45.949+0000] {subprocess.py:106} INFO - [0m15:38:45  1 of 3 OK created sql table model tap_csv_2.order_details_m .................... [[32mSELECT 830[0m in 0.20s]
[2025-01-27T15:38:46.006+0000] {subprocess.py:106} INFO - [0m15:38:46  3 of 3 OK created sql table model tap_csv_2.orders_m ........................... [[32mSELECT 830[0m in 0.07s]
[2025-01-27T15:38:46.017+0000] {subprocess.py:106} INFO - [0m15:38:46
[2025-01-27T15:38:46.017+0000] {subprocess.py:106} INFO - [0m15:38:46  Finished running 3 table models in 0 hours 0 minutes and 0.35 seconds (0.35s).
[2025-01-27T15:38:46.026+0000] {subprocess.py:106} INFO - [0m15:38:46
[2025-01-27T15:38:46.027+0000] {subprocess.py:106} INFO - [0m15:38:46  [32mCompleted successfully[0m
[2025-01-27T15:38:46.027+0000] {subprocess.py:106} INFO - [0m15:38:46
[2025-01-27T15:38:46.028+0000] {subprocess.py:106} INFO - [0m15:38:46  Done. PASS=3 WARN=0 ERROR=0 SKIP=0 TOTAL=3
[2025-01-27T15:38:47.233+0000] {subprocess.py:110} INFO - Command exited with return code 0
[2025-01-27T15:38:47.258+0000] {taskinstance.py:340} INFO - ::group::Post task execution logs
[2025-01-27T15:38:47.259+0000] {taskinstance.py:352} INFO - Marking task as SUCCESS. dag_id=dbt_query, task_id=dbt_query, run_id=manual__2025-01-27T15:38:40.396827+00:00, execution_date=20250127T153840, start_date=20250127T153842, end_date=20250127T153847
[2025-01-27T15:38:47.302+0000] {local_task_job_runner.py:266} INFO - Task exited with return code 0
[2025-01-27T15:38:47.319+0000] {taskinstance.py:3895} INFO - 1 downstream tasks scheduled from follow-on schedule check
[2025-01-27T15:38:47.325+0000] {local_task_job_runner.py:245} INFO - ::endgroup::
