[2025-01-26T02:00:44.475+0000] {local_task_job_runner.py:123} INFO - ::group::Pre task execution logs
[2025-01-26T02:00:44.495+0000] {taskinstance.py:2613} INFO - Dependencies all met for dep_context=non-requeueable deps ti=<TaskInstance: meltano_airflow_dag.csv_to_csv manual__2025-01-26T02:00:42.790331+00:00 [queued]>
[2025-01-26T02:00:44.506+0000] {taskinstance.py:2613} INFO - Dependencies all met for dep_context=requeueable deps ti=<TaskInstance: meltano_airflow_dag.csv_to_csv manual__2025-01-26T02:00:42.790331+00:00 [queued]>
[2025-01-26T02:00:44.507+0000] {taskinstance.py:2866} INFO - Starting attempt 1 of 1
[2025-01-26T02:00:44.525+0000] {taskinstance.py:2889} INFO - Executing <Task(BashOperator): csv_to_csv> on 2025-01-26 02:00:42.790331+00:00
[2025-01-26T02:00:44.532+0000] {warnings.py:112} WARNING - /home/***/.local/lib/python3.12/site-packages/***/task/task_runner/standard_task_runner.py:70: DeprecationWarning: This process (pid=938) is multi-threaded, use of fork() may lead to deadlocks in the child.
  pid = os.fork()

[2025-01-26T02:00:44.533+0000] {standard_task_runner.py:72} INFO - Started process 941 to run task
[2025-01-26T02:00:44.533+0000] {standard_task_runner.py:104} INFO - Running: ['***', 'tasks', 'run', 'meltano_***_dag', 'csv_to_csv', 'manual__2025-01-26T02:00:42.790331+00:00', '--job-id', '116', '--raw', '--subdir', 'DAGS_FOLDER/task1.py', '--cfg-path', '/tmp/tmpiakbnz1j']
[2025-01-26T02:00:44.535+0000] {standard_task_runner.py:105} INFO - Job 116: Subtask csv_to_csv
[2025-01-26T02:00:44.584+0000] {task_command.py:467} INFO - Running <TaskInstance: meltano_airflow_dag.csv_to_csv manual__2025-01-26T02:00:42.790331+00:00 [running]> on host e73a5f4d3461
[2025-01-26T02:00:44.778+0000] {taskinstance.py:3132} INFO - Exporting env vars: AIRFLOW_CTX_DAG_OWNER='***' AIRFLOW_CTX_DAG_ID='meltano_***_dag' AIRFLOW_CTX_TASK_ID='csv_to_csv' AIRFLOW_CTX_EXECUTION_DATE='2025-01-26T02:00:42.790331+00:00' AIRFLOW_CTX_TRY_NUMBER='1' AIRFLOW_CTX_DAG_RUN_ID='manual__2025-01-26T02:00:42.790331+00:00'
[2025-01-26T02:00:44.779+0000] {taskinstance.py:731} INFO - ::endgroup::
[2025-01-26T02:00:44.792+0000] {subprocess.py:78} INFO - Tmp dir root location: /tmp
[2025-01-26T02:00:44.793+0000] {subprocess.py:88} INFO - Running command: ['/usr/bin/bash', '-c', 'docker exec code-challenge-meltano-1 meltano run tap-csv target-csv']
[2025-01-26T02:00:44.804+0000] {subprocess.py:99} INFO - Output:
[2025-01-26T02:00:46.842+0000] {subprocess.py:106} INFO - [2m2025-01-26T02:00:46.839209Z[0m [[32m[1minfo     [0m] [1mEnvironment 'dev' is active   [0m
[2025-01-26T02:00:49.053+0000] {subprocess.py:106} INFO - [2m2025-01-26T02:00:49.051711Z[0m [[31m[1merror    [0m] [1mCannot start plugin tap-csv: Catalog discovery failed: command ['/project/.meltano/extractors/tap-csv/venv/bin/tap-csv', '--config', '/project/.meltano/run/tap-csv/tap.417524d4-0a6e-4d74-86b6-072f1c8aaf50.config.json', '--discover'] returned 1 with stderr:
[2025-01-26T02:00:49.055+0000] {subprocess.py:106} INFO -  Traceback (most recent call last):
[2025-01-26T02:00:49.056+0000] {subprocess.py:106} INFO -   File "/project/.meltano/extractors/tap-csv/venv/bin/tap-csv", line 8, in <module>
[2025-01-26T02:00:49.056+0000] {subprocess.py:106} INFO -     sys.exit(TapCSV.cli())
[2025-01-26T02:00:49.057+0000] {subprocess.py:106} INFO -   File "/project/.meltano/extractors/tap-csv/venv/lib/python3.9/site-packages/click/core.py", line 1161, in __call__
[2025-01-26T02:00:49.058+0000] {subprocess.py:106} INFO -     return self.main(*args, **kwargs)
[2025-01-26T02:00:49.059+0000] {subprocess.py:106} INFO -   File "/project/.meltano/extractors/tap-csv/venv/lib/python3.9/site-packages/click/core.py", line 1081, in main
[2025-01-26T02:00:49.060+0000] {subprocess.py:106} INFO -     with self.make_context(prog_name, args, **extra) as ctx:
[2025-01-26T02:00:49.061+0000] {subprocess.py:106} INFO -   File "/project/.meltano/extractors/tap-csv/venv/lib/python3.9/site-packages/click/core.py", line 949, in make_context
[2025-01-26T02:00:49.061+0000] {subprocess.py:106} INFO -     self.parse_args(ctx, args)
[2025-01-26T02:00:49.062+0000] {subprocess.py:106} INFO -   File "/project/.meltano/extractors/tap-csv/venv/lib/python3.9/site-packages/click/core.py", line 1417, in parse_args
[2025-01-26T02:00:49.063+0000] {subprocess.py:106} INFO -     value, args = param.handle_parse_result(ctx, opts, args)
[2025-01-26T02:00:49.064+0000] {subprocess.py:106} INFO -   File "/project/.meltano/extractors/tap-csv/venv/lib/python3.9/site-packages/click/core.py", line 2403, in handle_parse_result
[2025-01-26T02:00:49.064+0000] {subprocess.py:106} INFO -     value = self.process_value(ctx, value)
[2025-01-26T02:00:49.065+0000] {subprocess.py:106} INFO -   File "/project/.meltano/extractors/tap-csv/venv/lib/python3.9/site-packages/click/core.py", line 2365, in process_value
[2025-01-26T02:00:49.066+0000] {subprocess.py:106} INFO -     value = self.callback(ctx, self, value)
[2025-01-26T02:00:49.067+0000] {subprocess.py:106} INFO -   File "/project/.meltano/extractors/tap-csv/venv/lib/python3.9/site-packages/singer_sdk/tap_base.py", line 554, in cb_discover
[2025-01-26T02:00:49.068+0000] {subprocess.py:106} INFO -     tap.run_discovery()
[2025-01-26T02:00:49.068+0000] {subprocess.py:106} INFO -   File "/project/.meltano/extractors/tap-csv/venv/lib/python3.9/site-packages/singer_sdk/tap_base.py", line 309, in run_discovery
[2025-01-26T02:00:49.070+0000] {subprocess.py:106} INFO -     catalog_text = self.catalog_json_text
[2025-01-26T02:00:49.071+0000] {subprocess.py:106} INFO -   File "/project/.meltano/extractors/tap-csv/venv/lib/python3.9/site-packages/singer_sdk/tap_base.py", line 329, in catalog_json_text
[2025-01-26T02:00:49.072+0000] {subprocess.py:106} INFO -     return dump_json(self.catalog_dict, indent=2)
[2025-01-26T02:00:49.073+0000] {subprocess.py:106} INFO -   File "/project/.meltano/extractors/tap-csv/venv/lib/python3.9/site-packages/singer_sdk/tap_base.py", line 320, in catalog_dict
[2025-01-26T02:00:49.074+0000] {subprocess.py:106} INFO -     return t.cast("dict", self._singer_catalog.to_dict())
[2025-01-26T02:00:49.074+0000] {subprocess.py:106} INFO -   File "/project/.meltano/extractors/tap-csv/venv/lib/python3.9/site-packages/singer_sdk/tap_base.py", line 340, in _singer_catalog
[2025-01-26T02:00:49.075+0000] {subprocess.py:106} INFO -     for stream in self.streams.values()
[2025-01-26T02:00:49.075+0000] {subprocess.py:106} INFO -   File "/project/.meltano/extractors/tap-csv/venv/lib/python3.9/site-packages/singer_sdk/tap_base.py", line 149, in streams
[2025-01-26T02:00:49.076+0000] {subprocess.py:106} INFO -     for stream in self.load_streams():
[2025-01-26T02:00:49.076+0000] {subprocess.py:106} INFO -   File "/project/.meltano/extractors/tap-csv/venv/lib/python3.9/site-packages/singer_sdk/tap_base.py", line 373, in load_streams
[2025-01-26T02:00:49.077+0000] {subprocess.py:106} INFO -     for stream in self.discover_streams():
[2025-01-26T02:00:49.077+0000] {subprocess.py:106} INFO -   File "/project/.meltano/extractors/tap-csv/venv/lib/python3.9/site-packages/tap_csv/tap.py", line 89, in discover_streams
[2025-01-26T02:00:49.078+0000] {subprocess.py:106} INFO -     return [
[2025-01-26T02:00:49.078+0000] {subprocess.py:106} INFO -   File "/project/.meltano/extractors/tap-csv/venv/lib/python3.9/site-packages/tap_csv/tap.py", line 90, in <listcomp>
[2025-01-26T02:00:49.079+0000] {subprocess.py:106} INFO -     CSVStream(
[2025-01-26T02:00:49.079+0000] {subprocess.py:106} INFO -   File "/project/.meltano/extractors/tap-csv/venv/lib/python3.9/site-packages/tap_csv/client.py", line 32, in __init__
[2025-01-26T02:00:49.080+0000] {subprocess.py:106} INFO -     super().__init__(*args, **kwargs)
[2025-01-26T02:00:49.080+0000] {subprocess.py:106} INFO -   File "/project/.meltano/extractors/tap-csv/venv/lib/python3.9/site-packages/singer_sdk/streams/core.py", line 182, in __init__
[2025-01-26T02:00:49.081+0000] {subprocess.py:106} INFO -     if not self.schema:
[2025-01-26T02:00:49.086+0000] {subprocess.py:106} INFO -   File "/usr/local/lib/python3.9/functools.py", line 993, in __get__
[2025-01-26T02:00:49.087+0000] {subprocess.py:106} INFO -     val = self.func(instance)
[2025-01-26T02:00:49.089+0000] {subprocess.py:106} INFO -   File "/project/.meltano/extractors/tap-csv/venv/lib/python3.9/site-packages/tap_csv/client.py", line 137, in schema
[2025-01-26T02:00:49.090+0000] {subprocess.py:106} INFO -     for file_path in self.get_file_paths():
[2025-01-26T02:00:49.091+0000] {subprocess.py:106} INFO -   File "/project/.meltano/extractors/tap-csv/venv/lib/python3.9/site-packages/tap_csv/client.py", line 82, in get_file_paths
[2025-01-26T02:00:49.091+0000] {subprocess.py:106} INFO -     raise Exception(f"File path does not exist {file_path}")
[2025-01-26T02:00:49.092+0000] {subprocess.py:106} INFO - Exception: File path does not exist ./order_details.csv
[2025-01-26T02:00:49.092+0000] {subprocess.py:106} INFO - [0m
[2025-01-26T02:00:49.093+0000] {subprocess.py:106} INFO - [2m2025-01-26T02:00:49.052820Z[0m [[31m[1merror    [0m] [1mBlock run completed.          [0m [36mblock_type[0m=[35mExtractLoadBlocks[0m [36merr[0m=[35mRunnerError('Cannot start plugin tap-csv: Catalog discovery failed: command [\'/project/.meltano/extractors/tap-csv/venv/bin/tap-csv\', \'--config\', \'/project/.meltano/run/tap-csv/tap.417524d4-0a6e-4d74-86b6-072f1c8aaf50.config.json\', \'--discover\'] returned 1 with stderr:\n Traceback (most recent call last):\n  File "/project/.meltano/extractors/tap-csv/venv/bin/tap-csv", line 8, in <module>\n    sys.exit(TapCSV.cli())\n  File "/project/.meltano/extractors/tap-csv/venv/lib/python3.9/site-packages/click/core.py", line 1161, in __call__\n    return self.main(*args, **kwargs)\n  File "/project/.meltano/extractors/tap-csv/venv/lib/python3.9/site-packages/click/core.py", line 1081, in main\n    with self.make_context(prog_name, args, **extra) as ctx:\n  File "/project/.meltano/extractors/tap-csv/venv/lib/python3.9/site-packages/click/core.py", line 949, in make_context\n    self.parse_args(ctx, args)\n  File "/project/.meltano/extractors/tap-csv/venv/lib/python3.9/site-packages/click/core.py", line 1417, in parse_args\n    value, args = param.handle_parse_result(ctx, opts, args)\n  File "/project/.meltano/extractors/tap-csv/venv/lib/python3.9/site-packages/click/core.py", line 2403, in handle_parse_result\n    value = self.process_value(ctx, value)\n  File "/project/.meltano/extractors/tap-csv/venv/lib/python3.9/site-packages/click/core.py", line 2365, in process_value\n    value = self.callback(ctx, self, value)\n  File "/project/.meltano/extractors/tap-csv/venv/lib/python3.9/site-packages/singer_sdk/tap_base.py", line 554, in cb_discover\n    tap.run_discovery()\n  File "/project/.meltano/extractors/tap-csv/venv/lib/python3.9/site-packages/singer_sdk/tap_base.py", line 309, in run_discovery\n    catalog_text = self.catalog_json_text\n  File "/project/.meltano/extractors/tap-csv/venv/lib/python3.9/site-packages/singer_sdk/tap_base.py", line 329, in catalog_json_text\n    return dump_json(self.catalog_dict, indent=2)\n  File "/project/.meltano/extractors/tap-csv/venv/lib/python3.9/site-packages/singer_sdk/tap_base.py", line 320, in catalog_dict\n    return t.cast("dict", self._singer_catalog.to_dict())\n  File "/project/.meltano/extractors/tap-csv/venv/lib/python3.9/site-packages/singer_sdk/tap_base.py", line 340, in _singer_catalog\n    for stream in self.streams.values()\n  File "/project/.meltano/extractors/tap-csv/venv/lib/python3.9/site-packages/singer_sdk/tap_base.py", line 149, in streams\n    for stream in self.load_streams():\n  File "/project/.meltano/extractors/tap-csv/venv/lib/python3.9/site-packages/singer_sdk/tap_base.py", line 373, in load_streams\n    for stream in self.discover_streams():\n  File "/project/.meltano/extractors/tap-csv/venv/lib/python3.9/site-packages/tap_csv/tap.py", line 89, in discover_streams\n    return [\n  File "/project/.meltano/extractors/tap-csv/venv/lib/python3.9/site-packages/tap_csv/tap.py", line 90, in <listcomp>\n    CSVStream(\n  File "/project/.meltano/extractors/tap-csv/venv/lib/python3.9/site-packages/tap_csv/client.py", line 32, in __init__\n    super().__init__(*args, **kwargs)\n  File "/project/.meltano/extractors/tap-csv/venv/lib/python3.9/site-packages/singer_sdk/streams/core.py", line 182, in __init__\n    if not self.schema:\n  File "/usr/local/lib/python3.9/functools.py", line 993, in __get__\n    val = self.func(instance)\n  File "/project/.meltano/extractors/tap-csv/venv/lib/python3.9/site-packages/tap_csv/client.py", line 137, in schema\n    for file_path in self.get_file_paths():\n  File "/project/.meltano/extractors/tap-csv/venv/lib/python3.9/site-packages/tap_csv/client.py", line 82, in get_file_paths\n    raise Exception(f"File path does not exist {file_path}")\nException: File path does not exist ./order_details.csv\n')[0m [36mexit_codes[0m=[35m{}[0m [36mset_number[0m=[35m0[0m [36msuccess[0m=[35mFalse[0m
[2025-01-26T02:00:49.094+0000] {subprocess.py:106} INFO - Need help fixing this problem? Visit http://melta.no/ for troubleshooting steps, or to
[2025-01-26T02:00:49.094+0000] {subprocess.py:106} INFO - join our friendly Slack community.
[2025-01-26T02:00:49.094+0000] {subprocess.py:106} INFO - 
[2025-01-26T02:00:49.095+0000] {subprocess.py:106} INFO - Run invocation could not be completed as block failed: Cannot start plugin tap-csv: Catalog discovery failed: command ['/project/.meltano/extractors/tap-csv/venv/bin/tap-csv', '--config', '/project/.meltano/run/tap-csv/tap.417524d4-0a6e-4d74-86b6-072f1c8aaf50.config.json', '--discover'] returned 1 with stderr:
[2025-01-26T02:00:49.096+0000] {subprocess.py:106} INFO -  Traceback (most recent call last):
[2025-01-26T02:00:49.096+0000] {subprocess.py:106} INFO -   File "/project/.meltano/extractors/tap-csv/venv/bin/tap-csv", line 8, in <module>
[2025-01-26T02:00:49.097+0000] {subprocess.py:106} INFO -     sys.exit(TapCSV.cli())
[2025-01-26T02:00:49.097+0000] {subprocess.py:106} INFO -   File "/project/.meltano/extractors/tap-csv/venv/lib/python3.9/site-packages/click/core.py", line 1161, in __call__
[2025-01-26T02:00:49.098+0000] {subprocess.py:106} INFO -     return self.main(*args, **kwargs)
[2025-01-26T02:00:49.098+0000] {subprocess.py:106} INFO -   File "/project/.meltano/extractors/tap-csv/venv/lib/python3.9/site-packages/click/core.py", line 1081, in main
[2025-01-26T02:00:49.099+0000] {subprocess.py:106} INFO -     with self.make_context(prog_name, args, **extra) as ctx:
[2025-01-26T02:00:49.099+0000] {subprocess.py:106} INFO -   File "/project/.meltano/extractors/tap-csv/venv/lib/python3.9/site-packages/click/core.py", line 949, in make_context
[2025-01-26T02:00:49.100+0000] {subprocess.py:106} INFO -     self.parse_args(ctx, args)
[2025-01-26T02:00:49.100+0000] {subprocess.py:106} INFO -   File "/project/.meltano/extractors/tap-csv/venv/lib/python3.9/site-packages/click/core.py", line 1417, in parse_args
[2025-01-26T02:00:49.101+0000] {subprocess.py:106} INFO -     value, args = param.handle_parse_result(ctx, opts, args)
[2025-01-26T02:00:49.101+0000] {subprocess.py:106} INFO -   File "/project/.meltano/extractors/tap-csv/venv/lib/python3.9/site-packages/click/core.py", line 2403, in handle_parse_result
[2025-01-26T02:00:49.102+0000] {subprocess.py:106} INFO -     value = self.process_value(ctx, value)
[2025-01-26T02:00:49.102+0000] {subprocess.py:106} INFO -   File "/project/.meltano/extractors/tap-csv/venv/lib/python3.9/site-packages/click/core.py", line 2365, in process_value
[2025-01-26T02:00:49.103+0000] {subprocess.py:106} INFO -     value = self.callback(ctx, self, value)
[2025-01-26T02:00:49.103+0000] {subprocess.py:106} INFO -   File "/project/.meltano/extractors/tap-csv/venv/lib/python3.9/site-packages/singer_sdk/tap_base.py", line 554, in cb_discover
[2025-01-26T02:00:49.104+0000] {subprocess.py:106} INFO -     tap.run_discovery()
[2025-01-26T02:00:49.105+0000] {subprocess.py:106} INFO -   File "/project/.meltano/extractors/tap-csv/venv/lib/python3.9/site-packages/singer_sdk/tap_base.py", line 309, in run_discovery
[2025-01-26T02:00:49.106+0000] {subprocess.py:106} INFO -     catalog_text = self.catalog_json_text
[2025-01-26T02:00:49.107+0000] {subprocess.py:106} INFO -   File "/project/.meltano/extractors/tap-csv/venv/lib/python3.9/site-packages/singer_sdk/tap_base.py", line 329, in catalog_json_text
[2025-01-26T02:00:49.107+0000] {subprocess.py:106} INFO -     return dump_json(self.catalog_dict, indent=2)
[2025-01-26T02:00:49.108+0000] {subprocess.py:106} INFO -   File "/project/.meltano/extractors/tap-csv/venv/lib/python3.9/site-packages/singer_sdk/tap_base.py", line 320, in catalog_dict
[2025-01-26T02:00:49.108+0000] {subprocess.py:106} INFO -     return t.cast("dict", self._singer_catalog.to_dict())
[2025-01-26T02:00:49.109+0000] {subprocess.py:106} INFO -   File "/project/.meltano/extractors/tap-csv/venv/lib/python3.9/site-packages/singer_sdk/tap_base.py", line 340, in _singer_catalog
[2025-01-26T02:00:49.109+0000] {subprocess.py:106} INFO -     for stream in self.streams.values()
[2025-01-26T02:00:49.110+0000] {subprocess.py:106} INFO -   File "/project/.meltano/extractors/tap-csv/venv/lib/python3.9/site-packages/singer_sdk/tap_base.py", line 149, in streams
[2025-01-26T02:00:49.110+0000] {subprocess.py:106} INFO -     for stream in self.load_streams():
[2025-01-26T02:00:49.111+0000] {subprocess.py:106} INFO -   File "/project/.meltano/extractors/tap-csv/venv/lib/python3.9/site-packages/singer_sdk/tap_base.py", line 373, in load_streams
[2025-01-26T02:00:49.111+0000] {subprocess.py:106} INFO -     for stream in self.discover_streams():
[2025-01-26T02:00:49.112+0000] {subprocess.py:106} INFO -   File "/project/.meltano/extractors/tap-csv/venv/lib/python3.9/site-packages/tap_csv/tap.py", line 89, in discover_streams
[2025-01-26T02:00:49.112+0000] {subprocess.py:106} INFO -     return [
[2025-01-26T02:00:49.113+0000] {subprocess.py:106} INFO -   File "/project/.meltano/extractors/tap-csv/venv/lib/python3.9/site-packages/tap_csv/tap.py", line 90, in <listcomp>
[2025-01-26T02:00:49.113+0000] {subprocess.py:106} INFO -     CSVStream(
[2025-01-26T02:00:49.114+0000] {subprocess.py:106} INFO -   File "/project/.meltano/extractors/tap-csv/venv/lib/python3.9/site-packages/tap_csv/client.py", line 32, in __init__
[2025-01-26T02:00:49.115+0000] {subprocess.py:106} INFO -     super().__init__(*args, **kwargs)
[2025-01-26T02:00:49.115+0000] {subprocess.py:106} INFO -   File "/project/.meltano/extractors/tap-csv/venv/lib/python3.9/site-packages/singer_sdk/streams/core.py", line 182, in __init__
[2025-01-26T02:00:49.115+0000] {subprocess.py:106} INFO -     if not self.schema:
[2025-01-26T02:00:49.116+0000] {subprocess.py:106} INFO -   File "/usr/local/lib/python3.9/functools.py", line 993, in __get__
[2025-01-26T02:00:49.116+0000] {subprocess.py:106} INFO -     val = self.func(instance)
[2025-01-26T02:00:49.117+0000] {subprocess.py:106} INFO -   File "/project/.meltano/extractors/tap-csv/venv/lib/python3.9/site-packages/tap_csv/client.py", line 137, in schema
[2025-01-26T02:00:49.117+0000] {subprocess.py:106} INFO -     for file_path in self.get_file_paths():
[2025-01-26T02:00:49.118+0000] {subprocess.py:106} INFO -   File "/project/.meltano/extractors/tap-csv/venv/lib/python3.9/site-packages/tap_csv/client.py", line 82, in get_file_paths
[2025-01-26T02:00:49.118+0000] {subprocess.py:106} INFO -     raise Exception(f"File path does not exist {file_path}")
[2025-01-26T02:00:49.119+0000] {subprocess.py:106} INFO - Exception: File path does not exist ./order_details.csv
[2025-01-26T02:00:49.119+0000] {subprocess.py:106} INFO - 
[2025-01-26T02:00:50.379+0000] {subprocess.py:110} INFO - Command exited with return code 1
[2025-01-26T02:00:50.392+0000] {taskinstance.py:3311} ERROR - Task failed with exception
Traceback (most recent call last):
  File "/home/airflow/.local/lib/python3.12/site-packages/airflow/models/taskinstance.py", line 767, in _execute_task
    result = _execute_callable(context=context, **execute_callable_kwargs)
             ^^^^^^^^^^^^^^^^^^^^^^^^^^^^^^^^^^^^^^^^^^^^^^^^^^^^^^^^^^^^^
  File "/home/airflow/.local/lib/python3.12/site-packages/airflow/models/taskinstance.py", line 733, in _execute_callable
    return ExecutionCallableRunner(
           ^^^^^^^^^^^^^^^^^^^^^^^^
  File "/home/airflow/.local/lib/python3.12/site-packages/airflow/utils/operator_helpers.py", line 252, in run
    return self.func(*args, **kwargs)
           ^^^^^^^^^^^^^^^^^^^^^^^^^^
  File "/home/airflow/.local/lib/python3.12/site-packages/airflow/models/baseoperator.py", line 422, in wrapper
    return func(self, *args, **kwargs)
           ^^^^^^^^^^^^^^^^^^^^^^^^^^^
  File "/home/airflow/.local/lib/python3.12/site-packages/airflow/operators/bash.py", line 276, in execute
    raise AirflowException(
airflow.exceptions.AirflowException: Bash command failed. The command returned a non-zero exit code 1.
[2025-01-26T02:00:50.397+0000] {taskinstance.py:1225} INFO - Marking task as FAILED. dag_id=meltano_***_dag, task_id=csv_to_csv, run_id=manual__2025-01-26T02:00:42.790331+00:00, execution_date=20250126T020042, start_date=20250126T020044, end_date=20250126T020050
[2025-01-26T02:00:50.423+0000] {taskinstance.py:340} INFO - ::group::Post task execution logs
[2025-01-26T02:00:50.424+0000] {standard_task_runner.py:124} ERROR - Failed to execute job 116 for task csv_to_csv (Bash command failed. The command returned a non-zero exit code 1.; 941)
Traceback (most recent call last):
  File "/home/airflow/.local/lib/python3.12/site-packages/airflow/task/task_runner/standard_task_runner.py", line 117, in _start_by_fork
    ret = args.func(args, dag=self.dag)
          ^^^^^^^^^^^^^^^^^^^^^^^^^^^^^
  File "/home/airflow/.local/lib/python3.12/site-packages/airflow/cli/cli_config.py", line 49, in command
    return func(*args, **kwargs)
           ^^^^^^^^^^^^^^^^^^^^^
  File "/home/airflow/.local/lib/python3.12/site-packages/airflow/utils/cli.py", line 116, in wrapper
    return f(*args, **kwargs)
           ^^^^^^^^^^^^^^^^^^
  File "/home/airflow/.local/lib/python3.12/site-packages/airflow/cli/commands/task_command.py", line 483, in task_run
    task_return_code = _run_task_by_selected_method(args, _dag, ti)
                       ^^^^^^^^^^^^^^^^^^^^^^^^^^^^^^^^^^^^^^^^^^^^
  File "/home/airflow/.local/lib/python3.12/site-packages/airflow/cli/commands/task_command.py", line 256, in _run_task_by_selected_method
    return _run_raw_task(args, ti)
           ^^^^^^^^^^^^^^^^^^^^^^^
  File "/home/airflow/.local/lib/python3.12/site-packages/airflow/cli/commands/task_command.py", line 341, in _run_raw_task
    return ti._run_raw_task(
           ^^^^^^^^^^^^^^^^^
  File "/home/airflow/.local/lib/python3.12/site-packages/airflow/utils/session.py", line 97, in wrapper
    return func(*args, session=session, **kwargs)
           ^^^^^^^^^^^^^^^^^^^^^^^^^^^^^^^^^^^^^^
  File "/home/airflow/.local/lib/python3.12/site-packages/airflow/models/taskinstance.py", line 3005, in _run_raw_task
    return _run_raw_task(
           ^^^^^^^^^^^^^^
  File "/home/airflow/.local/lib/python3.12/site-packages/airflow/models/taskinstance.py", line 273, in _run_raw_task
    TaskInstance._execute_task_with_callbacks(
  File "/home/airflow/.local/lib/python3.12/site-packages/airflow/models/taskinstance.py", line 3159, in _execute_task_with_callbacks
    result = self._execute_task(context, task_orig)
             ^^^^^^^^^^^^^^^^^^^^^^^^^^^^^^^^^^^^^^
  File "/home/airflow/.local/lib/python3.12/site-packages/airflow/models/taskinstance.py", line 3183, in _execute_task
    return _execute_task(self, context, task_orig)
           ^^^^^^^^^^^^^^^^^^^^^^^^^^^^^^^^^^^^^^^
  File "/home/airflow/.local/lib/python3.12/site-packages/airflow/models/taskinstance.py", line 767, in _execute_task
    result = _execute_callable(context=context, **execute_callable_kwargs)
             ^^^^^^^^^^^^^^^^^^^^^^^^^^^^^^^^^^^^^^^^^^^^^^^^^^^^^^^^^^^^^
  File "/home/airflow/.local/lib/python3.12/site-packages/airflow/models/taskinstance.py", line 733, in _execute_callable
    return ExecutionCallableRunner(
           ^^^^^^^^^^^^^^^^^^^^^^^^
  File "/home/airflow/.local/lib/python3.12/site-packages/airflow/utils/operator_helpers.py", line 252, in run
    return self.func(*args, **kwargs)
           ^^^^^^^^^^^^^^^^^^^^^^^^^^
  File "/home/airflow/.local/lib/python3.12/site-packages/airflow/models/baseoperator.py", line 422, in wrapper
    return func(self, *args, **kwargs)
           ^^^^^^^^^^^^^^^^^^^^^^^^^^^
  File "/home/airflow/.local/lib/python3.12/site-packages/airflow/operators/bash.py", line 276, in execute
    raise AirflowException(
airflow.exceptions.AirflowException: Bash command failed. The command returned a non-zero exit code 1.
[2025-01-26T02:00:50.460+0000] {local_task_job_runner.py:266} INFO - Task exited with return code 1
[2025-01-26T02:00:50.484+0000] {taskinstance.py:3895} INFO - 0 downstream tasks scheduled from follow-on schedule check
[2025-01-26T02:00:50.490+0000] {local_task_job_runner.py:245} INFO - ::endgroup::
