[2025-01-26T22:05:22.944+0000] {local_task_job_runner.py:123} INFO - ::group::Pre task execution logs
[2025-01-26T22:05:22.960+0000] {taskinstance.py:2613} INFO - Dependencies all met for dep_context=non-requeueable deps ti=<TaskInstance: csv_to_postgres.data_extracted_to_data_tube manual__2025-01-26T22:05:20.909234+00:00 [queued]>
[2025-01-26T22:05:22.968+0000] {taskinstance.py:2613} INFO - Dependencies all met for dep_context=requeueable deps ti=<TaskInstance: csv_to_postgres.data_extracted_to_data_tube manual__2025-01-26T22:05:20.909234+00:00 [queued]>
[2025-01-26T22:05:22.969+0000] {taskinstance.py:2866} INFO - Starting attempt 1 of 1
[2025-01-26T22:05:23.087+0000] {taskinstance.py:2889} INFO - Executing <Task(PythonOperator): data_extracted_to_data_tube> on 2025-01-26 22:05:20.909234+00:00
[2025-01-26T22:05:23.093+0000] {warnings.py:112} WARNING - /home/***/.local/lib/python3.12/site-packages/***/task/task_runner/standard_task_runner.py:70: DeprecationWarning: This process (pid=1722) is multi-threaded, use of fork() may lead to deadlocks in the child.
  pid = os.fork()

[2025-01-26T22:05:23.095+0000] {standard_task_runner.py:72} INFO - Started process 1723 to run task
[2025-01-26T22:05:23.095+0000] {standard_task_runner.py:104} INFO - Running: ['***', 'tasks', 'run', 'csv_to_postgres', 'data_extracted_to_data_tube', 'manual__2025-01-26T22:05:20.909234+00:00', '--job-id', '213', '--raw', '--subdir', 'DAGS_FOLDER/task1.py', '--cfg-path', '/tmp/tmpqr7vee0h']
[2025-01-26T22:05:23.096+0000] {standard_task_runner.py:105} INFO - Job 213: Subtask data_extracted_to_data_tube
[2025-01-26T22:05:23.142+0000] {task_command.py:467} INFO - Running <TaskInstance: csv_to_postgres.data_extracted_to_data_tube manual__2025-01-26T22:05:20.909234+00:00 [running]> on host 684b2a870670
[2025-01-26T22:05:23.325+0000] {taskinstance.py:3132} INFO - Exporting env vars: AIRFLOW_CTX_DAG_OWNER='***' AIRFLOW_CTX_DAG_ID='csv_to_postgres' AIRFLOW_CTX_TASK_ID='data_extracted_to_data_tube' AIRFLOW_CTX_EXECUTION_DATE='2025-01-26T22:05:20.909234+00:00' AIRFLOW_CTX_TRY_NUMBER='1' AIRFLOW_CTX_DAG_RUN_ID='manual__2025-01-26T22:05:20.909234+00:00'
[2025-01-26T22:05:23.326+0000] {taskinstance.py:731} INFO - ::endgroup::
[2025-01-26T22:05:23.358+0000] {logging_mixin.py:190} INFO - Arquivo copiado: ./data_extracted/csv/26-01-2025/order_details.csv -> ./data_tube/order_details.csv
[2025-01-26T22:05:23.376+0000] {logging_mixin.py:190} INFO - Arquivo copiado: ./data_extracted/postgres/26-01-2025/categories.csv -> ./data_tube/categories.csv
[2025-01-26T22:05:23.390+0000] {logging_mixin.py:190} INFO - Arquivo copiado: ./data_extracted/postgres/26-01-2025/customers.csv -> ./data_tube/customers.csv
[2025-01-26T22:05:23.404+0000] {logging_mixin.py:190} INFO - Arquivo copiado: ./data_extracted/postgres/26-01-2025/employees.csv -> ./data_tube/employees.csv
[2025-01-26T22:05:23.420+0000] {logging_mixin.py:190} INFO - Arquivo copiado: ./data_extracted/postgres/26-01-2025/employee_territories.csv -> ./data_tube/employee_territories.csv
[2025-01-26T22:05:23.435+0000] {logging_mixin.py:190} INFO - Arquivo copiado: ./data_extracted/postgres/26-01-2025/orders.csv -> ./data_tube/orders.csv
[2025-01-26T22:05:23.449+0000] {logging_mixin.py:190} INFO - Arquivo copiado: ./data_extracted/postgres/26-01-2025/products.csv -> ./data_tube/products.csv
[2025-01-26T22:05:23.462+0000] {logging_mixin.py:190} INFO - Arquivo copiado: ./data_extracted/postgres/26-01-2025/region.csv -> ./data_tube/region.csv
[2025-01-26T22:05:23.476+0000] {logging_mixin.py:190} INFO - Arquivo copiado: ./data_extracted/postgres/26-01-2025/shippers.csv -> ./data_tube/shippers.csv
[2025-01-26T22:05:23.490+0000] {logging_mixin.py:190} INFO - Arquivo copiado: ./data_extracted/postgres/26-01-2025/suppliers.csv -> ./data_tube/suppliers.csv
[2025-01-26T22:05:23.504+0000] {logging_mixin.py:190} INFO - Arquivo copiado: ./data_extracted/postgres/26-01-2025/territories.csv -> ./data_tube/territories.csv
[2025-01-26T22:05:23.517+0000] {logging_mixin.py:190} INFO - Arquivo copiado: ./data_extracted/postgres/26-01-2025/us_states.csv -> ./data_tube/us_states.csv
[2025-01-26T22:05:23.518+0000] {python.py:240} INFO - Done. Returned value was: None
[2025-01-26T22:05:23.528+0000] {taskinstance.py:340} INFO - ::group::Post task execution logs
[2025-01-26T22:05:23.529+0000] {taskinstance.py:352} INFO - Marking task as SUCCESS. dag_id=csv_to_postgres, task_id=data_extracted_to_data_tube, run_id=manual__2025-01-26T22:05:20.909234+00:00, execution_date=20250126T220520, start_date=20250126T220522, end_date=20250126T220523
[2025-01-26T22:05:23.673+0000] {local_task_job_runner.py:266} INFO - Task exited with return code 0
[2025-01-26T22:05:23.692+0000] {taskinstance.py:3895} INFO - 1 downstream tasks scheduled from follow-on schedule check
[2025-01-26T22:05:23.697+0000] {local_task_job_runner.py:245} INFO - ::endgroup::
