[2025-01-26T21:23:41.826+0000] {local_task_job_runner.py:123} INFO - ::group::Pre task execution logs
[2025-01-26T21:23:41.841+0000] {taskinstance.py:2613} INFO - Dependencies all met for dep_context=non-requeueable deps ti=<TaskInstance: csv_to_postgres.data_extracted_to_data_tube manual__2025-01-26T21:23:40.009736+00:00 [queued]>
[2025-01-26T21:23:41.850+0000] {taskinstance.py:2613} INFO - Dependencies all met for dep_context=requeueable deps ti=<TaskInstance: csv_to_postgres.data_extracted_to_data_tube manual__2025-01-26T21:23:40.009736+00:00 [queued]>
[2025-01-26T21:23:41.851+0000] {taskinstance.py:2866} INFO - Starting attempt 1 of 1
[2025-01-26T21:23:41.975+0000] {taskinstance.py:2889} INFO - Executing <Task(PythonOperator): data_extracted_to_data_tube> on 2025-01-26 21:23:40.009736+00:00
[2025-01-26T21:23:41.981+0000] {warnings.py:112} WARNING - /home/***/.local/lib/python3.12/site-packages/***/task/task_runner/standard_task_runner.py:70: DeprecationWarning: This process (pid=1106) is multi-threaded, use of fork() may lead to deadlocks in the child.
  pid = os.fork()

[2025-01-26T21:23:41.982+0000] {standard_task_runner.py:72} INFO - Started process 1107 to run task
[2025-01-26T21:23:41.982+0000] {standard_task_runner.py:104} INFO - Running: ['***', 'tasks', 'run', 'csv_to_postgres', 'data_extracted_to_data_tube', 'manual__2025-01-26T21:23:40.009736+00:00', '--job-id', '203', '--raw', '--subdir', 'DAGS_FOLDER/task1.py', '--cfg-path', '/tmp/tmp7_gxsql8']
[2025-01-26T21:23:41.983+0000] {standard_task_runner.py:105} INFO - Job 203: Subtask data_extracted_to_data_tube
[2025-01-26T21:23:42.030+0000] {task_command.py:467} INFO - Running <TaskInstance: csv_to_postgres.data_extracted_to_data_tube manual__2025-01-26T21:23:40.009736+00:00 [running]> on host 684b2a870670
[2025-01-26T21:23:42.238+0000] {taskinstance.py:3132} INFO - Exporting env vars: AIRFLOW_CTX_DAG_OWNER='***' AIRFLOW_CTX_DAG_ID='csv_to_postgres' AIRFLOW_CTX_TASK_ID='data_extracted_to_data_tube' AIRFLOW_CTX_EXECUTION_DATE='2025-01-26T21:23:40.009736+00:00' AIRFLOW_CTX_TRY_NUMBER='1' AIRFLOW_CTX_DAG_RUN_ID='manual__2025-01-26T21:23:40.009736+00:00'
[2025-01-26T21:23:42.239+0000] {taskinstance.py:731} INFO - ::endgroup::
[2025-01-26T21:23:42.283+0000] {logging_mixin.py:190} INFO - Arquivo copiado: ./data_extracted/csv/26-01-2025/order_details.csv -> ./data_tube/order_details.csv
[2025-01-26T21:23:42.311+0000] {logging_mixin.py:190} INFO - Arquivo copiado: ./data_extracted/postgres/26-01-2025/categories.csv -> ./data_tube/categories.csv
[2025-01-26T21:23:42.326+0000] {logging_mixin.py:190} INFO - Arquivo copiado: ./data_extracted/postgres/26-01-2025/customers.csv -> ./data_tube/customers.csv
[2025-01-26T21:23:42.341+0000] {logging_mixin.py:190} INFO - Arquivo copiado: ./data_extracted/postgres/26-01-2025/employees.csv -> ./data_tube/employees.csv
[2025-01-26T21:23:42.355+0000] {logging_mixin.py:190} INFO - Arquivo copiado: ./data_extracted/postgres/26-01-2025/employee_territories.csv -> ./data_tube/employee_territories.csv
[2025-01-26T21:23:42.376+0000] {logging_mixin.py:190} INFO - Arquivo copiado: ./data_extracted/postgres/26-01-2025/orders.csv -> ./data_tube/orders.csv
[2025-01-26T21:23:42.390+0000] {logging_mixin.py:190} INFO - Arquivo copiado: ./data_extracted/postgres/26-01-2025/products.csv -> ./data_tube/products.csv
[2025-01-26T21:23:42.404+0000] {logging_mixin.py:190} INFO - Arquivo copiado: ./data_extracted/postgres/26-01-2025/region.csv -> ./data_tube/region.csv
[2025-01-26T21:23:42.418+0000] {logging_mixin.py:190} INFO - Arquivo copiado: ./data_extracted/postgres/26-01-2025/shippers.csv -> ./data_tube/shippers.csv
[2025-01-26T21:23:42.433+0000] {logging_mixin.py:190} INFO - Arquivo copiado: ./data_extracted/postgres/26-01-2025/suppliers.csv -> ./data_tube/suppliers.csv
[2025-01-26T21:23:42.451+0000] {logging_mixin.py:190} INFO - Arquivo copiado: ./data_extracted/postgres/26-01-2025/territories.csv -> ./data_tube/territories.csv
[2025-01-26T21:23:42.468+0000] {logging_mixin.py:190} INFO - Arquivo copiado: ./data_extracted/postgres/26-01-2025/us_states.csv -> ./data_tube/us_states.csv
[2025-01-26T21:23:42.469+0000] {python.py:240} INFO - Done. Returned value was: None
[2025-01-26T21:23:42.482+0000] {taskinstance.py:340} INFO - ::group::Post task execution logs
[2025-01-26T21:23:42.482+0000] {taskinstance.py:352} INFO - Marking task as SUCCESS. dag_id=csv_to_postgres, task_id=data_extracted_to_data_tube, run_id=manual__2025-01-26T21:23:40.009736+00:00, execution_date=20250126T212340, start_date=20250126T212341, end_date=20250126T212342
[2025-01-26T21:23:42.881+0000] {local_task_job_runner.py:266} INFO - Task exited with return code 0
[2025-01-26T21:23:42.902+0000] {taskinstance.py:3895} INFO - 1 downstream tasks scheduled from follow-on schedule check
[2025-01-26T21:23:42.913+0000] {local_task_job_runner.py:245} INFO - ::endgroup::
