[2025-01-27T14:54:46.353+0000] {local_task_job_runner.py:123} INFO - ::group::Pre task execution logs
[2025-01-27T14:54:46.373+0000] {taskinstance.py:2613} INFO - Dependencies all met for dep_context=non-requeueable deps ti=<TaskInstance: dbt_query.dbt_query manual__2025-01-27T14:54:45.319794+00:00 [queued]>
[2025-01-27T14:54:46.382+0000] {taskinstance.py:2613} INFO - Dependencies all met for dep_context=requeueable deps ti=<TaskInstance: dbt_query.dbt_query manual__2025-01-27T14:54:45.319794+00:00 [queued]>
[2025-01-27T14:54:46.383+0000] {taskinstance.py:2866} INFO - Starting attempt 1 of 1
[2025-01-27T14:54:46.400+0000] {taskinstance.py:2889} INFO - Executing <Task(BashOperator): dbt_query> on 2025-01-27 14:54:45.319794+00:00
[2025-01-27T14:54:46.406+0000] {warnings.py:112} WARNING - /home/***/.local/lib/python3.12/site-packages/***/task/task_runner/standard_task_runner.py:70: DeprecationWarning: This process (pid=217) is multi-threaded, use of fork() may lead to deadlocks in the child.
  pid = os.fork()

[2025-01-27T14:54:46.408+0000] {standard_task_runner.py:72} INFO - Started process 218 to run task
[2025-01-27T14:54:46.408+0000] {standard_task_runner.py:104} INFO - Running: ['***', 'tasks', 'run', 'dbt_query', 'dbt_query', 'manual__2025-01-27T14:54:45.319794+00:00', '--job-id', '278', '--raw', '--subdir', 'DAGS_FOLDER/task1.py', '--cfg-path', '/tmp/tmpdsktyyef']
[2025-01-27T14:54:46.409+0000] {standard_task_runner.py:105} INFO - Job 278: Subtask dbt_query
[2025-01-27T14:54:46.460+0000] {task_command.py:467} INFO - Running <TaskInstance: dbt_query.dbt_query manual__2025-01-27T14:54:45.319794+00:00 [running]> on host 745fe31a110e
[2025-01-27T14:54:46.548+0000] {taskinstance.py:3132} INFO - Exporting env vars: AIRFLOW_CTX_DAG_OWNER='***' AIRFLOW_CTX_DAG_ID='dbt_query' AIRFLOW_CTX_TASK_ID='dbt_query' AIRFLOW_CTX_EXECUTION_DATE='2025-01-27T14:54:45.319794+00:00' AIRFLOW_CTX_TRY_NUMBER='1' AIRFLOW_CTX_DAG_RUN_ID='manual__2025-01-27T14:54:45.319794+00:00'
[2025-01-27T14:54:46.550+0000] {taskinstance.py:731} INFO - ::endgroup::
[2025-01-27T14:54:46.563+0000] {subprocess.py:78} INFO - Tmp dir root location: /tmp
[2025-01-27T14:54:46.564+0000] {subprocess.py:88} INFO - Running command: ['/usr/bin/bash', '-c', 'docker exec code-challenge-meltano-1 meltano invoke dbt-postgres:run']
[2025-01-27T14:54:46.577+0000] {subprocess.py:99} INFO - Output:
[2025-01-27T14:54:47.653+0000] {subprocess.py:106} INFO - [2m2025-01-27T14:54:47.651986Z[0m [[32m[1minfo     [0m] [1mEnvironment 'dev' is active   [0m
[2025-01-27T14:54:49.907+0000] {subprocess.py:106} INFO - [0m14:54:49  Running with dbt=1.3.7
[2025-01-27T14:54:49.978+0000] {subprocess.py:106} INFO - [0m14:54:49  Found 3 models, 0 tests, 0 snapshots, 0 analyses, 289 macros, 0 operations, 0 seed files, 12 sources, 0 exposures, 0 metrics
[2025-01-27T14:54:49.980+0000] {subprocess.py:106} INFO - [0m14:54:49
[2025-01-27T14:54:50.057+0000] {subprocess.py:106} INFO - [0m14:54:50  Concurrency: 2 threads (target='dev')
[2025-01-27T14:54:50.058+0000] {subprocess.py:106} INFO - [0m14:54:50
[2025-01-27T14:54:50.064+0000] {subprocess.py:106} INFO - [0m14:54:50  1 of 3 START sql table model tap_csv_2.order_details_m ......................... [RUN]
[2025-01-27T14:54:50.066+0000] {subprocess.py:106} INFO - [0m14:54:50  2 of 3 START sql table model tap_csv_2.order_with_details ...................... [RUN]
[2025-01-27T14:54:50.172+0000] {subprocess.py:106} INFO - [0m14:54:50  2 of 3 ERROR creating sql table model tap_csv_2.order_with_details ............. [[31mERROR[0m in 0.10s]
[2025-01-27T14:54:50.174+0000] {subprocess.py:106} INFO - [0m14:54:50  3 of 3 START sql table model tap_csv_2.orders_m ................................ [RUN]
[2025-01-27T14:54:50.241+0000] {subprocess.py:106} INFO - [0m14:54:50  1 of 3 OK created sql table model tap_csv_2.order_details_m .................... [[32mSELECT 830[0m in 0.17s]
[2025-01-27T14:54:50.260+0000] {subprocess.py:106} INFO - [0m14:54:50  3 of 3 OK created sql table model tap_csv_2.orders_m ........................... [[32mSELECT 830[0m in 0.08s]
[2025-01-27T14:54:50.270+0000] {subprocess.py:106} INFO - [0m14:54:50
[2025-01-27T14:54:50.271+0000] {subprocess.py:106} INFO - [0m14:54:50  Finished running 3 table models in 0 hours 0 minutes and 0.29 seconds (0.29s).
[2025-01-27T14:54:50.278+0000] {subprocess.py:106} INFO - [0m14:54:50
[2025-01-27T14:54:50.279+0000] {subprocess.py:106} INFO - [0m14:54:50  [31mCompleted with 1 error and 0 warnings:[0m
[2025-01-27T14:54:50.280+0000] {subprocess.py:106} INFO - [0m14:54:50
[2025-01-27T14:54:50.281+0000] {subprocess.py:106} INFO - [0m14:54:50  [33mDatabase Error in model order_with_details (models/order_with_details.sql)[0m
[2025-01-27T14:54:50.282+0000] {subprocess.py:106} INFO - [0m14:54:50    missing FROM-clause entry for table "ord"
[2025-01-27T14:54:50.283+0000] {subprocess.py:106} INFO - [0m14:54:50    LINE 21:   ord.order_id = ord_d.order_id
[2025-01-27T14:54:50.284+0000] {subprocess.py:106} INFO - [0m14:54:50               ^
[2025-01-27T14:54:50.284+0000] {subprocess.py:106} INFO - [0m14:54:50    compiled Code at ../.meltano/transformers/dbt/target/run/my_meltano_project/models/order_with_details.sql
[2025-01-27T14:54:50.285+0000] {subprocess.py:106} INFO - [0m14:54:50
[2025-01-27T14:54:50.286+0000] {subprocess.py:106} INFO - [0m14:54:50  Done. PASS=2 WARN=0 ERROR=1 SKIP=0 TOTAL=3
[2025-01-27T14:54:51.503+0000] {subprocess.py:110} INFO - Command exited with return code 1
[2025-01-27T14:54:51.514+0000] {taskinstance.py:3311} ERROR - Task failed with exception
Traceback (most recent call last):
  File "/home/airflow/.local/lib/python3.12/site-packages/airflow/models/taskinstance.py", line 767, in _execute_task
    result = _execute_callable(context=context, **execute_callable_kwargs)
             ^^^^^^^^^^^^^^^^^^^^^^^^^^^^^^^^^^^^^^^^^^^^^^^^^^^^^^^^^^^^^
  File "/home/airflow/.local/lib/python3.12/site-packages/airflow/models/taskinstance.py", line 733, in _execute_callable
    return ExecutionCallableRunner(
           ^^^^^^^^^^^^^^^^^^^^^^^^
  File "/home/airflow/.local/lib/python3.12/site-packages/airflow/utils/operator_helpers.py", line 252, in run
    return self.func(*args, **kwargs)
           ^^^^^^^^^^^^^^^^^^^^^^^^^^
  File "/home/airflow/.local/lib/python3.12/site-packages/airflow/models/baseoperator.py", line 422, in wrapper
    return func(self, *args, **kwargs)
           ^^^^^^^^^^^^^^^^^^^^^^^^^^^
  File "/home/airflow/.local/lib/python3.12/site-packages/airflow/operators/bash.py", line 276, in execute
    raise AirflowException(
airflow.exceptions.AirflowException: Bash command failed. The command returned a non-zero exit code 1.
[2025-01-27T14:54:51.519+0000] {taskinstance.py:1225} INFO - Marking task as FAILED. dag_id=dbt_query, task_id=dbt_query, run_id=manual__2025-01-27T14:54:45.319794+00:00, execution_date=20250127T145445, start_date=20250127T145446, end_date=20250127T145451
[2025-01-27T14:54:51.536+0000] {taskinstance.py:340} INFO - ::group::Post task execution logs
[2025-01-27T14:54:51.537+0000] {standard_task_runner.py:124} ERROR - Failed to execute job 278 for task dbt_query (Bash command failed. The command returned a non-zero exit code 1.; 218)
Traceback (most recent call last):
  File "/home/airflow/.local/lib/python3.12/site-packages/airflow/task/task_runner/standard_task_runner.py", line 117, in _start_by_fork
    ret = args.func(args, dag=self.dag)
          ^^^^^^^^^^^^^^^^^^^^^^^^^^^^^
  File "/home/airflow/.local/lib/python3.12/site-packages/airflow/cli/cli_config.py", line 49, in command
    return func(*args, **kwargs)
           ^^^^^^^^^^^^^^^^^^^^^
  File "/home/airflow/.local/lib/python3.12/site-packages/airflow/utils/cli.py", line 116, in wrapper
    return f(*args, **kwargs)
           ^^^^^^^^^^^^^^^^^^
  File "/home/airflow/.local/lib/python3.12/site-packages/airflow/cli/commands/task_command.py", line 483, in task_run
    task_return_code = _run_task_by_selected_method(args, _dag, ti)
                       ^^^^^^^^^^^^^^^^^^^^^^^^^^^^^^^^^^^^^^^^^^^^
  File "/home/airflow/.local/lib/python3.12/site-packages/airflow/cli/commands/task_command.py", line 256, in _run_task_by_selected_method
    return _run_raw_task(args, ti)
           ^^^^^^^^^^^^^^^^^^^^^^^
  File "/home/airflow/.local/lib/python3.12/site-packages/airflow/cli/commands/task_command.py", line 341, in _run_raw_task
    return ti._run_raw_task(
           ^^^^^^^^^^^^^^^^^
  File "/home/airflow/.local/lib/python3.12/site-packages/airflow/utils/session.py", line 97, in wrapper
    return func(*args, session=session, **kwargs)
           ^^^^^^^^^^^^^^^^^^^^^^^^^^^^^^^^^^^^^^
  File "/home/airflow/.local/lib/python3.12/site-packages/airflow/models/taskinstance.py", line 3005, in _run_raw_task
    return _run_raw_task(
           ^^^^^^^^^^^^^^
  File "/home/airflow/.local/lib/python3.12/site-packages/airflow/models/taskinstance.py", line 273, in _run_raw_task
    TaskInstance._execute_task_with_callbacks(
  File "/home/airflow/.local/lib/python3.12/site-packages/airflow/models/taskinstance.py", line 3159, in _execute_task_with_callbacks
    result = self._execute_task(context, task_orig)
             ^^^^^^^^^^^^^^^^^^^^^^^^^^^^^^^^^^^^^^
  File "/home/airflow/.local/lib/python3.12/site-packages/airflow/models/taskinstance.py", line 3183, in _execute_task
    return _execute_task(self, context, task_orig)
           ^^^^^^^^^^^^^^^^^^^^^^^^^^^^^^^^^^^^^^^
  File "/home/airflow/.local/lib/python3.12/site-packages/airflow/models/taskinstance.py", line 767, in _execute_task
    result = _execute_callable(context=context, **execute_callable_kwargs)
             ^^^^^^^^^^^^^^^^^^^^^^^^^^^^^^^^^^^^^^^^^^^^^^^^^^^^^^^^^^^^^
  File "/home/airflow/.local/lib/python3.12/site-packages/airflow/models/taskinstance.py", line 733, in _execute_callable
    return ExecutionCallableRunner(
           ^^^^^^^^^^^^^^^^^^^^^^^^
  File "/home/airflow/.local/lib/python3.12/site-packages/airflow/utils/operator_helpers.py", line 252, in run
    return self.func(*args, **kwargs)
           ^^^^^^^^^^^^^^^^^^^^^^^^^^
  File "/home/airflow/.local/lib/python3.12/site-packages/airflow/models/baseoperator.py", line 422, in wrapper
    return func(self, *args, **kwargs)
           ^^^^^^^^^^^^^^^^^^^^^^^^^^^
  File "/home/airflow/.local/lib/python3.12/site-packages/airflow/operators/bash.py", line 276, in execute
    raise AirflowException(
airflow.exceptions.AirflowException: Bash command failed. The command returned a non-zero exit code 1.
[2025-01-27T14:54:51.567+0000] {local_task_job_runner.py:266} INFO - Task exited with return code 1
[2025-01-27T14:54:51.582+0000] {taskinstance.py:3895} INFO - 0 downstream tasks scheduled from follow-on schedule check
[2025-01-27T14:54:51.588+0000] {local_task_job_runner.py:245} INFO - ::endgroup::
