[2025-01-27T16:21:08.477+0000] {local_task_job_runner.py:123} INFO - ::group::Pre task execution logs
[2025-01-27T16:21:08.495+0000] {taskinstance.py:2613} INFO - Dependencies all met for dep_context=non-requeueable deps ti=<TaskInstance: csv_to_postgres.data_extracted_to_data_tube manual__2025-01-27T16:19:27.141465+00:00 [queued]>
[2025-01-27T16:21:08.505+0000] {taskinstance.py:2613} INFO - Dependencies all met for dep_context=requeueable deps ti=<TaskInstance: csv_to_postgres.data_extracted_to_data_tube manual__2025-01-27T16:19:27.141465+00:00 [queued]>
[2025-01-27T16:21:08.506+0000] {taskinstance.py:2866} INFO - Starting attempt 1 of 1
[2025-01-27T16:21:08.522+0000] {taskinstance.py:2889} INFO - Executing <Task(PythonOperator): data_extracted_to_data_tube> on 2025-01-27 16:19:27.141465+00:00
[2025-01-27T16:21:08.530+0000] {warnings.py:112} WARNING - /home/***/.local/lib/python3.12/site-packages/***/task/task_runner/standard_task_runner.py:70: DeprecationWarning: This process (pid=868) is multi-threaded, use of fork() may lead to deadlocks in the child.
  pid = os.fork()

[2025-01-27T16:21:08.533+0000] {standard_task_runner.py:72} INFO - Started process 871 to run task
[2025-01-27T16:21:08.532+0000] {standard_task_runner.py:104} INFO - Running: ['***', 'tasks', 'run', 'csv_to_postgres', 'data_extracted_to_data_tube', 'manual__2025-01-27T16:19:27.141465+00:00', '--job-id', '307', '--raw', '--subdir', 'DAGS_FOLDER/ELT.py', '--cfg-path', '/tmp/tmpzwvmg4i9']
[2025-01-27T16:21:08.535+0000] {standard_task_runner.py:105} INFO - Job 307: Subtask data_extracted_to_data_tube
[2025-01-27T16:21:08.590+0000] {task_command.py:467} INFO - Running <TaskInstance: csv_to_postgres.data_extracted_to_data_tube manual__2025-01-27T16:19:27.141465+00:00 [running]> on host 6e96b290b599
[2025-01-27T16:21:08.683+0000] {taskinstance.py:3132} INFO - Exporting env vars: AIRFLOW_CTX_DAG_OWNER='***' AIRFLOW_CTX_DAG_ID='csv_to_postgres' AIRFLOW_CTX_TASK_ID='data_extracted_to_data_tube' AIRFLOW_CTX_EXECUTION_DATE='2025-01-27T16:19:27.141465+00:00' AIRFLOW_CTX_TRY_NUMBER='1' AIRFLOW_CTX_DAG_RUN_ID='manual__2025-01-27T16:19:27.141465+00:00'
[2025-01-27T16:21:08.685+0000] {taskinstance.py:731} INFO - ::endgroup::
[2025-01-27T16:21:08.721+0000] {logging_mixin.py:190} INFO - Arquivo copiado: ./data_extracted/csv/27-01-2025/order_details.csv -> ./data_tube/order_details.csv
[2025-01-27T16:21:08.745+0000] {logging_mixin.py:190} INFO - Arquivo copiado: ./data_extracted/postgres/27-01-2025/categories.csv -> ./data_tube/categories.csv
[2025-01-27T16:21:08.765+0000] {logging_mixin.py:190} INFO - Arquivo copiado: ./data_extracted/postgres/27-01-2025/customers.csv -> ./data_tube/customers.csv
[2025-01-27T16:21:08.785+0000] {logging_mixin.py:190} INFO - Arquivo copiado: ./data_extracted/postgres/27-01-2025/employees.csv -> ./data_tube/employees.csv
[2025-01-27T16:21:08.797+0000] {logging_mixin.py:190} INFO - Arquivo copiado: ./data_extracted/postgres/27-01-2025/employee_territories.csv -> ./data_tube/employee_territories.csv
[2025-01-27T16:21:08.810+0000] {logging_mixin.py:190} INFO - Arquivo copiado: ./data_extracted/postgres/27-01-2025/orders.csv -> ./data_tube/orders.csv
[2025-01-27T16:21:08.824+0000] {logging_mixin.py:190} INFO - Arquivo copiado: ./data_extracted/postgres/27-01-2025/products.csv -> ./data_tube/products.csv
[2025-01-27T16:21:08.838+0000] {logging_mixin.py:190} INFO - Arquivo copiado: ./data_extracted/postgres/27-01-2025/region.csv -> ./data_tube/region.csv
[2025-01-27T16:21:08.852+0000] {logging_mixin.py:190} INFO - Arquivo copiado: ./data_extracted/postgres/27-01-2025/shippers.csv -> ./data_tube/shippers.csv
[2025-01-27T16:21:08.866+0000] {logging_mixin.py:190} INFO - Arquivo copiado: ./data_extracted/postgres/27-01-2025/suppliers.csv -> ./data_tube/suppliers.csv
[2025-01-27T16:21:08.881+0000] {logging_mixin.py:190} INFO - Arquivo copiado: ./data_extracted/postgres/27-01-2025/territories.csv -> ./data_tube/territories.csv
[2025-01-27T16:21:08.895+0000] {logging_mixin.py:190} INFO - Arquivo copiado: ./data_extracted/postgres/27-01-2025/us_states.csv -> ./data_tube/us_states.csv
[2025-01-27T16:21:08.895+0000] {python.py:240} INFO - Done. Returned value was: None
[2025-01-27T16:21:08.907+0000] {taskinstance.py:340} INFO - ::group::Post task execution logs
[2025-01-27T16:21:08.908+0000] {taskinstance.py:352} INFO - Marking task as SUCCESS. dag_id=csv_to_postgres, task_id=data_extracted_to_data_tube, run_id=manual__2025-01-27T16:19:27.141465+00:00, execution_date=20250127T161927, start_date=20250127T162108, end_date=20250127T162108
[2025-01-27T16:21:08.949+0000] {local_task_job_runner.py:266} INFO - Task exited with return code 0
[2025-01-27T16:21:08.973+0000] {taskinstance.py:3895} INFO - 1 downstream tasks scheduled from follow-on schedule check
[2025-01-27T16:21:08.979+0000] {local_task_job_runner.py:245} INFO - ::endgroup::
