[2025-01-27T16:44:20.491+0000] {local_task_job_runner.py:123} INFO - ::group::Pre task execution logs
[2025-01-27T16:44:20.508+0000] {taskinstance.py:2613} INFO - Dependencies all met for dep_context=non-requeueable deps ti=<TaskInstance: ETL.trigger_csv_to_csv scheduled__2025-01-26T00:00:00+00:00 [queued]>
[2025-01-27T16:44:20.516+0000] {taskinstance.py:2613} INFO - Dependencies all met for dep_context=requeueable deps ti=<TaskInstance: ETL.trigger_csv_to_csv scheduled__2025-01-26T00:00:00+00:00 [queued]>
[2025-01-27T16:44:20.517+0000] {taskinstance.py:2866} INFO - Starting attempt 1 of 1
[2025-01-27T16:44:20.532+0000] {taskinstance.py:2889} INFO - Executing <Task(TriggerDagRunOperator): trigger_csv_to_csv> on 2025-01-26 00:00:00+00:00
[2025-01-27T16:44:20.539+0000] {warnings.py:112} WARNING - /home/***/.local/lib/python3.12/site-packages/***/task/task_runner/standard_task_runner.py:70: DeprecationWarning: This process (pid=1514) is multi-threaded, use of fork() may lead to deadlocks in the child.
  pid = os.fork()

[2025-01-27T16:44:20.541+0000] {standard_task_runner.py:72} INFO - Started process 1516 to run task
[2025-01-27T16:44:20.541+0000] {standard_task_runner.py:104} INFO - Running: ['***', 'tasks', 'run', 'ETL', 'trigger_csv_to_csv', 'scheduled__2025-01-26T00:00:00+00:00', '--job-id', '352', '--raw', '--subdir', 'DAGS_FOLDER/ELT.py', '--cfg-path', '/tmp/tmpn8cyxgpd']
[2025-01-27T16:44:20.543+0000] {standard_task_runner.py:105} INFO - Job 352: Subtask trigger_csv_to_csv
[2025-01-27T16:44:20.589+0000] {task_command.py:467} INFO - Running <TaskInstance: ETL.trigger_csv_to_csv scheduled__2025-01-26T00:00:00+00:00 [running]> on host 6e96b290b599
[2025-01-27T16:44:20.664+0000] {taskinstance.py:3132} INFO - Exporting env vars: AIRFLOW_CTX_DAG_OWNER='***' AIRFLOW_CTX_DAG_ID='ETL' AIRFLOW_CTX_TASK_ID='trigger_csv_to_csv' AIRFLOW_CTX_EXECUTION_DATE='2025-01-26T00:00:00+00:00' AIRFLOW_CTX_TRY_NUMBER='1' AIRFLOW_CTX_DAG_RUN_ID='scheduled__2025-01-26T00:00:00+00:00'
[2025-01-27T16:44:20.665+0000] {taskinstance.py:731} INFO - ::endgroup::
[2025-01-27T16:44:20.763+0000] {trigger_dagrun.py:257} INFO - Waiting for csv_to_csv on 2025-01-27 16:44:20.676350+00:00 to become allowed state ['success'] ...
[2025-01-27T16:45:20.770+0000] {trigger_dagrun.py:271} INFO - csv_to_csv finished with allowed state success
[2025-01-27T16:45:20.781+0000] {taskinstance.py:340} INFO - ::group::Post task execution logs
[2025-01-27T16:45:20.782+0000] {taskinstance.py:352} INFO - Marking task as SUCCESS. dag_id=ETL, task_id=trigger_csv_to_csv, run_id=scheduled__2025-01-26T00:00:00+00:00, execution_date=20250126T000000, start_date=20250127T164420, end_date=20250127T164520
[2025-01-27T16:45:20.827+0000] {local_task_job_runner.py:266} INFO - Task exited with return code 0
[2025-01-27T16:45:20.850+0000] {taskinstance.py:3895} INFO - 1 downstream tasks scheduled from follow-on schedule check
[2025-01-27T16:45:20.856+0000] {local_task_job_runner.py:245} INFO - ::endgroup::
