[2025-01-26T22:09:16.896+0000] {local_task_job_runner.py:123} INFO - ::group::Pre task execution logs
[2025-01-26T22:09:16.914+0000] {taskinstance.py:2613} INFO - Dependencies all met for dep_context=non-requeueable deps ti=<TaskInstance: csv_to_postgres.cleaning_tube manual__2025-01-26T22:09:07.879372+00:00 [queued]>
[2025-01-26T22:09:16.923+0000] {taskinstance.py:2613} INFO - Dependencies all met for dep_context=requeueable deps ti=<TaskInstance: csv_to_postgres.cleaning_tube manual__2025-01-26T22:09:07.879372+00:00 [queued]>
[2025-01-26T22:09:16.924+0000] {taskinstance.py:2866} INFO - Starting attempt 1 of 1
[2025-01-26T22:09:16.939+0000] {taskinstance.py:2889} INFO - Executing <Task(BashOperator): cleaning_tube> on 2025-01-26 22:09:07.879372+00:00
[2025-01-26T22:09:16.946+0000] {warnings.py:112} WARNING - /home/***/.local/lib/python3.12/site-packages/***/task/task_runner/standard_task_runner.py:70: DeprecationWarning: This process (pid=1841) is multi-threaded, use of fork() may lead to deadlocks in the child.
  pid = os.fork()

[2025-01-26T22:09:16.948+0000] {standard_task_runner.py:72} INFO - Started process 1842 to run task
[2025-01-26T22:09:16.948+0000] {standard_task_runner.py:104} INFO - Running: ['***', 'tasks', 'run', 'csv_to_postgres', 'cleaning_tube', 'manual__2025-01-26T22:09:07.879372+00:00', '--job-id', '223', '--raw', '--subdir', 'DAGS_FOLDER/task1.py', '--cfg-path', '/tmp/tmpo8_u988d']
[2025-01-26T22:09:16.949+0000] {standard_task_runner.py:105} INFO - Job 223: Subtask cleaning_tube
[2025-01-26T22:09:16.993+0000] {task_command.py:467} INFO - Running <TaskInstance: csv_to_postgres.cleaning_tube manual__2025-01-26T22:09:07.879372+00:00 [running]> on host 684b2a870670
[2025-01-26T22:09:17.091+0000] {taskinstance.py:3132} INFO - Exporting env vars: AIRFLOW_CTX_DAG_OWNER='***' AIRFLOW_CTX_DAG_ID='csv_to_postgres' AIRFLOW_CTX_TASK_ID='cleaning_tube' AIRFLOW_CTX_EXECUTION_DATE='2025-01-26T22:09:07.879372+00:00' AIRFLOW_CTX_TRY_NUMBER='1' AIRFLOW_CTX_DAG_RUN_ID='manual__2025-01-26T22:09:07.879372+00:00'
[2025-01-26T22:09:17.092+0000] {taskinstance.py:731} INFO - ::endgroup::
[2025-01-26T22:09:17.105+0000] {subprocess.py:78} INFO - Tmp dir root location: /tmp
[2025-01-26T22:09:17.106+0000] {subprocess.py:88} INFO - Running command: ['/usr/bin/bash', '-c', 'cd /opt/***/ && dir']
[2025-01-26T22:09:17.120+0000] {subprocess.py:99} INFO - Output:
[2025-01-26T22:09:17.123+0000] {subprocess.py:106} INFO - ***.cfg  dags	     data_tube	plugins
[2025-01-26T22:09:17.124+0000] {subprocess.py:106} INFO - config	     data_extracted  logs	webserver_config.py
[2025-01-26T22:09:17.125+0000] {subprocess.py:110} INFO - Command exited with return code 0
[2025-01-26T22:09:17.154+0000] {taskinstance.py:340} INFO - ::group::Post task execution logs
[2025-01-26T22:09:17.155+0000] {taskinstance.py:352} INFO - Marking task as SUCCESS. dag_id=csv_to_postgres, task_id=cleaning_tube, run_id=manual__2025-01-26T22:09:07.879372+00:00, execution_date=20250126T220907, start_date=20250126T220916, end_date=20250126T220917
[2025-01-26T22:09:17.203+0000] {local_task_job_runner.py:266} INFO - Task exited with return code 0
[2025-01-26T22:09:17.221+0000] {taskinstance.py:3895} INFO - 0 downstream tasks scheduled from follow-on schedule check
[2025-01-26T22:09:17.226+0000] {local_task_job_runner.py:245} INFO - ::endgroup::
