[2025-01-26T19:16:35.452+0000] {local_task_job_runner.py:123} INFO - ::group::Pre task execution logs
[2025-01-26T19:16:35.473+0000] {taskinstance.py:2613} INFO - Dependencies all met for dep_context=non-requeueable deps ti=<TaskInstance: csv_to_postgres.data_extracted_to_data_tube manual__2025-01-26T19:16:34.845531+00:00 [queued]>
[2025-01-26T19:16:35.484+0000] {taskinstance.py:2613} INFO - Dependencies all met for dep_context=requeueable deps ti=<TaskInstance: csv_to_postgres.data_extracted_to_data_tube manual__2025-01-26T19:16:34.845531+00:00 [queued]>
[2025-01-26T19:16:35.487+0000] {taskinstance.py:2866} INFO - Starting attempt 1 of 1
[2025-01-26T19:16:35.505+0000] {taskinstance.py:2889} INFO - Executing <Task(PythonOperator): data_extracted_to_data_tube> on 2025-01-26 19:16:34.845531+00:00
[2025-01-26T19:16:35.512+0000] {warnings.py:112} WARNING - /home/***/.local/lib/python3.12/site-packages/***/task/task_runner/standard_task_runner.py:70: DeprecationWarning: This process (pid=995) is multi-threaded, use of fork() may lead to deadlocks in the child.
  pid = os.fork()

[2025-01-26T19:16:35.514+0000] {standard_task_runner.py:72} INFO - Started process 996 to run task
[2025-01-26T19:16:35.513+0000] {standard_task_runner.py:104} INFO - Running: ['***', 'tasks', 'run', 'csv_to_postgres', 'data_extracted_to_data_tube', 'manual__2025-01-26T19:16:34.845531+00:00', '--job-id', '183', '--raw', '--subdir', 'DAGS_FOLDER/task1.py', '--cfg-path', '/tmp/tmph8n7oazt']
[2025-01-26T19:16:35.515+0000] {standard_task_runner.py:105} INFO - Job 183: Subtask data_extracted_to_data_tube
[2025-01-26T19:16:35.566+0000] {task_command.py:467} INFO - Running <TaskInstance: csv_to_postgres.data_extracted_to_data_tube manual__2025-01-26T19:16:34.845531+00:00 [running]> on host 7415d699e917
[2025-01-26T19:16:35.652+0000] {taskinstance.py:3132} INFO - Exporting env vars: AIRFLOW_CTX_DAG_OWNER='***' AIRFLOW_CTX_DAG_ID='csv_to_postgres' AIRFLOW_CTX_TASK_ID='data_extracted_to_data_tube' AIRFLOW_CTX_EXECUTION_DATE='2025-01-26T19:16:34.845531+00:00' AIRFLOW_CTX_TRY_NUMBER='1' AIRFLOW_CTX_DAG_RUN_ID='manual__2025-01-26T19:16:34.845531+00:00'
[2025-01-26T19:16:35.653+0000] {taskinstance.py:731} INFO - ::endgroup::
[2025-01-26T19:16:35.690+0000] {logging_mixin.py:190} INFO - Arquivo copiado: ./data_extracted/csv/26-01-2025/order_details.csv -> ./data_tube/csv/26-01-2025/order_details.csv
[2025-01-26T19:16:35.716+0000] {logging_mixin.py:190} INFO - Arquivo copiado: ./data_extracted/postgres/26-01-2025/categories.csv -> ./data_tube/postgres/26-01-2025/categories.csv
[2025-01-26T19:16:35.734+0000] {logging_mixin.py:190} INFO - Arquivo copiado: ./data_extracted/postgres/26-01-2025/customers.csv -> ./data_tube/postgres/26-01-2025/customers.csv
[2025-01-26T19:16:35.752+0000] {logging_mixin.py:190} INFO - Arquivo copiado: ./data_extracted/postgres/26-01-2025/employees.csv -> ./data_tube/postgres/26-01-2025/employees.csv
[2025-01-26T19:16:35.769+0000] {logging_mixin.py:190} INFO - Arquivo copiado: ./data_extracted/postgres/26-01-2025/employee_territories.csv -> ./data_tube/postgres/26-01-2025/employee_territories.csv
[2025-01-26T19:16:35.788+0000] {logging_mixin.py:190} INFO - Arquivo copiado: ./data_extracted/postgres/26-01-2025/orders.csv -> ./data_tube/postgres/26-01-2025/orders.csv
[2025-01-26T19:16:35.806+0000] {logging_mixin.py:190} INFO - Arquivo copiado: ./data_extracted/postgres/26-01-2025/products.csv -> ./data_tube/postgres/26-01-2025/products.csv
[2025-01-26T19:16:35.823+0000] {logging_mixin.py:190} INFO - Arquivo copiado: ./data_extracted/postgres/26-01-2025/region.csv -> ./data_tube/postgres/26-01-2025/region.csv
[2025-01-26T19:16:35.840+0000] {logging_mixin.py:190} INFO - Arquivo copiado: ./data_extracted/postgres/26-01-2025/shippers.csv -> ./data_tube/postgres/26-01-2025/shippers.csv
[2025-01-26T19:16:35.857+0000] {logging_mixin.py:190} INFO - Arquivo copiado: ./data_extracted/postgres/26-01-2025/suppliers.csv -> ./data_tube/postgres/26-01-2025/suppliers.csv
[2025-01-26T19:16:35.875+0000] {logging_mixin.py:190} INFO - Arquivo copiado: ./data_extracted/postgres/26-01-2025/territories.csv -> ./data_tube/postgres/26-01-2025/territories.csv
[2025-01-26T19:16:35.893+0000] {logging_mixin.py:190} INFO - Arquivo copiado: ./data_extracted/postgres/26-01-2025/us_states.csv -> ./data_tube/postgres/26-01-2025/us_states.csv
[2025-01-26T19:16:35.894+0000] {python.py:240} INFO - Done. Returned value was: None
[2025-01-26T19:16:35.904+0000] {taskinstance.py:340} INFO - ::group::Post task execution logs
[2025-01-26T19:16:35.905+0000] {taskinstance.py:352} INFO - Marking task as SUCCESS. dag_id=csv_to_postgres, task_id=data_extracted_to_data_tube, run_id=manual__2025-01-26T19:16:34.845531+00:00, execution_date=20250126T191634, start_date=20250126T191635, end_date=20250126T191635
[2025-01-26T19:16:35.931+0000] {local_task_job_runner.py:266} INFO - Task exited with return code 0
[2025-01-26T19:16:35.947+0000] {taskinstance.py:3895} INFO - 0 downstream tasks scheduled from follow-on schedule check
[2025-01-26T19:16:35.953+0000] {local_task_job_runner.py:245} INFO - ::endgroup::
