[2025-01-25T19:41:21.225+0000] {local_task_job_runner.py:123} INFO - ::group::Pre task execution logs
[2025-01-25T19:41:21.252+0000] {taskinstance.py:2613} INFO - Dependencies all met for dep_context=non-requeueable deps ti=<TaskInstance: meltano_airflow_dag.run_meltano_extraction manual__2025-01-25T19:41:19.802165+00:00 [queued]>
[2025-01-25T19:41:21.262+0000] {taskinstance.py:2613} INFO - Dependencies all met for dep_context=requeueable deps ti=<TaskInstance: meltano_airflow_dag.run_meltano_extraction manual__2025-01-25T19:41:19.802165+00:00 [queued]>
[2025-01-25T19:41:21.263+0000] {taskinstance.py:2866} INFO - Starting attempt 1 of 1
[2025-01-25T19:41:21.281+0000] {taskinstance.py:2889} INFO - Executing <Task(BashOperator): run_meltano_extraction> on 2025-01-25 19:41:19.802165+00:00
[2025-01-25T19:41:21.288+0000] {warnings.py:112} WARNING - /home/***/.local/lib/python3.12/site-packages/***/task/task_runner/standard_task_runner.py:70: DeprecationWarning: This process (pid=112) is multi-threaded, use of fork() may lead to deadlocks in the child.
  pid = os.fork()

[2025-01-25T19:41:21.290+0000] {standard_task_runner.py:72} INFO - Started process 113 to run task
[2025-01-25T19:41:21.290+0000] {standard_task_runner.py:104} INFO - Running: ['***', 'tasks', 'run', 'meltano_***_dag', 'run_meltano_extraction', 'manual__2025-01-25T19:41:19.802165+00:00', '--job-id', '11', '--raw', '--subdir', 'DAGS_FOLDER/task1.py', '--cfg-path', '/tmp/tmplhtvxxqb']
[2025-01-25T19:41:21.291+0000] {standard_task_runner.py:105} INFO - Job 11: Subtask run_meltano_extraction
[2025-01-25T19:41:21.340+0000] {task_command.py:467} INFO - Running <TaskInstance: meltano_airflow_dag.run_meltano_extraction manual__2025-01-25T19:41:19.802165+00:00 [running]> on host f343fc6489bb
[2025-01-25T19:41:21.420+0000] {taskinstance.py:3132} INFO - Exporting env vars: AIRFLOW_CTX_DAG_OWNER='***' AIRFLOW_CTX_DAG_ID='meltano_***_dag' AIRFLOW_CTX_TASK_ID='run_meltano_extraction' AIRFLOW_CTX_EXECUTION_DATE='2025-01-25T19:41:19.802165+00:00' AIRFLOW_CTX_TRY_NUMBER='1' AIRFLOW_CTX_DAG_RUN_ID='manual__2025-01-25T19:41:19.802165+00:00'
[2025-01-25T19:41:21.421+0000] {taskinstance.py:731} INFO - ::endgroup::
[2025-01-25T19:41:21.434+0000] {subprocess.py:78} INFO - Tmp dir root location: /tmp
[2025-01-25T19:41:21.436+0000] {subprocess.py:88} INFO - Running command: ['/usr/bin/bash', '-c', 'docker exec -it meltano meltano run tap-postgres target-csv']
[2025-01-25T19:41:21.447+0000] {subprocess.py:99} INFO - Output:
[2025-01-25T19:41:21.471+0000] {subprocess.py:106} INFO - Cannot connect to the Docker daemon at unix:///var/run/docker.sock. Is the docker daemon running?
[2025-01-25T19:41:21.474+0000] {subprocess.py:110} INFO - Command exited with return code 1
[2025-01-25T19:41:21.483+0000] {taskinstance.py:3311} ERROR - Task failed with exception
Traceback (most recent call last):
  File "/home/airflow/.local/lib/python3.12/site-packages/airflow/models/taskinstance.py", line 767, in _execute_task
    result = _execute_callable(context=context, **execute_callable_kwargs)
             ^^^^^^^^^^^^^^^^^^^^^^^^^^^^^^^^^^^^^^^^^^^^^^^^^^^^^^^^^^^^^
  File "/home/airflow/.local/lib/python3.12/site-packages/airflow/models/taskinstance.py", line 733, in _execute_callable
    return ExecutionCallableRunner(
           ^^^^^^^^^^^^^^^^^^^^^^^^
  File "/home/airflow/.local/lib/python3.12/site-packages/airflow/utils/operator_helpers.py", line 252, in run
    return self.func(*args, **kwargs)
           ^^^^^^^^^^^^^^^^^^^^^^^^^^
  File "/home/airflow/.local/lib/python3.12/site-packages/airflow/models/baseoperator.py", line 422, in wrapper
    return func(self, *args, **kwargs)
           ^^^^^^^^^^^^^^^^^^^^^^^^^^^
  File "/home/airflow/.local/lib/python3.12/site-packages/airflow/operators/bash.py", line 276, in execute
    raise AirflowException(
airflow.exceptions.AirflowException: Bash command failed. The command returned a non-zero exit code 1.
[2025-01-25T19:41:21.489+0000] {taskinstance.py:1225} INFO - Marking task as FAILED. dag_id=meltano_***_dag, task_id=run_meltano_extraction, run_id=manual__2025-01-25T19:41:19.802165+00:00, execution_date=20250125T194119, start_date=20250125T194121, end_date=20250125T194121
[2025-01-25T19:41:21.503+0000] {taskinstance.py:340} INFO - ::group::Post task execution logs
[2025-01-25T19:41:21.504+0000] {standard_task_runner.py:124} ERROR - Failed to execute job 11 for task run_meltano_extraction (Bash command failed. The command returned a non-zero exit code 1.; 113)
Traceback (most recent call last):
  File "/home/airflow/.local/lib/python3.12/site-packages/airflow/task/task_runner/standard_task_runner.py", line 117, in _start_by_fork
    ret = args.func(args, dag=self.dag)
          ^^^^^^^^^^^^^^^^^^^^^^^^^^^^^
  File "/home/airflow/.local/lib/python3.12/site-packages/airflow/cli/cli_config.py", line 49, in command
    return func(*args, **kwargs)
           ^^^^^^^^^^^^^^^^^^^^^
  File "/home/airflow/.local/lib/python3.12/site-packages/airflow/utils/cli.py", line 116, in wrapper
    return f(*args, **kwargs)
           ^^^^^^^^^^^^^^^^^^
  File "/home/airflow/.local/lib/python3.12/site-packages/airflow/cli/commands/task_command.py", line 483, in task_run
    task_return_code = _run_task_by_selected_method(args, _dag, ti)
                       ^^^^^^^^^^^^^^^^^^^^^^^^^^^^^^^^^^^^^^^^^^^^
  File "/home/airflow/.local/lib/python3.12/site-packages/airflow/cli/commands/task_command.py", line 256, in _run_task_by_selected_method
    return _run_raw_task(args, ti)
           ^^^^^^^^^^^^^^^^^^^^^^^
  File "/home/airflow/.local/lib/python3.12/site-packages/airflow/cli/commands/task_command.py", line 341, in _run_raw_task
    return ti._run_raw_task(
           ^^^^^^^^^^^^^^^^^
  File "/home/airflow/.local/lib/python3.12/site-packages/airflow/utils/session.py", line 97, in wrapper
    return func(*args, session=session, **kwargs)
           ^^^^^^^^^^^^^^^^^^^^^^^^^^^^^^^^^^^^^^
  File "/home/airflow/.local/lib/python3.12/site-packages/airflow/models/taskinstance.py", line 3005, in _run_raw_task
    return _run_raw_task(
           ^^^^^^^^^^^^^^
  File "/home/airflow/.local/lib/python3.12/site-packages/airflow/models/taskinstance.py", line 273, in _run_raw_task
    TaskInstance._execute_task_with_callbacks(
  File "/home/airflow/.local/lib/python3.12/site-packages/airflow/models/taskinstance.py", line 3159, in _execute_task_with_callbacks
    result = self._execute_task(context, task_orig)
             ^^^^^^^^^^^^^^^^^^^^^^^^^^^^^^^^^^^^^^
  File "/home/airflow/.local/lib/python3.12/site-packages/airflow/models/taskinstance.py", line 3183, in _execute_task
    return _execute_task(self, context, task_orig)
           ^^^^^^^^^^^^^^^^^^^^^^^^^^^^^^^^^^^^^^^
  File "/home/airflow/.local/lib/python3.12/site-packages/airflow/models/taskinstance.py", line 767, in _execute_task
    result = _execute_callable(context=context, **execute_callable_kwargs)
             ^^^^^^^^^^^^^^^^^^^^^^^^^^^^^^^^^^^^^^^^^^^^^^^^^^^^^^^^^^^^^
  File "/home/airflow/.local/lib/python3.12/site-packages/airflow/models/taskinstance.py", line 733, in _execute_callable
    return ExecutionCallableRunner(
           ^^^^^^^^^^^^^^^^^^^^^^^^
  File "/home/airflow/.local/lib/python3.12/site-packages/airflow/utils/operator_helpers.py", line 252, in run
    return self.func(*args, **kwargs)
           ^^^^^^^^^^^^^^^^^^^^^^^^^^
  File "/home/airflow/.local/lib/python3.12/site-packages/airflow/models/baseoperator.py", line 422, in wrapper
    return func(self, *args, **kwargs)
           ^^^^^^^^^^^^^^^^^^^^^^^^^^^
  File "/home/airflow/.local/lib/python3.12/site-packages/airflow/operators/bash.py", line 276, in execute
    raise AirflowException(
airflow.exceptions.AirflowException: Bash command failed. The command returned a non-zero exit code 1.
[2025-01-25T19:41:21.546+0000] {local_task_job_runner.py:266} INFO - Task exited with return code 1
[2025-01-25T19:41:21.562+0000] {taskinstance.py:3895} INFO - 0 downstream tasks scheduled from follow-on schedule check
[2025-01-25T19:41:21.568+0000] {local_task_job_runner.py:245} INFO - ::endgroup::
