[2025-01-27T16:36:57.684+0000] {local_task_job_runner.py:123} INFO - ::group::Pre task execution logs
[2025-01-27T16:36:57.702+0000] {taskinstance.py:2613} INFO - Dependencies all met for dep_context=non-requeueable deps ti=<TaskInstance: task_2.trigger_dbt_query manual__2025-01-27T16:35:55.154478+00:00 [queued]>
[2025-01-27T16:36:57.711+0000] {taskinstance.py:2613} INFO - Dependencies all met for dep_context=requeueable deps ti=<TaskInstance: task_2.trigger_dbt_query manual__2025-01-27T16:35:55.154478+00:00 [queued]>
[2025-01-27T16:36:57.712+0000] {taskinstance.py:2866} INFO - Starting attempt 1 of 1
[2025-01-27T16:36:57.727+0000] {taskinstance.py:2889} INFO - Executing <Task(TriggerDagRunOperator): trigger_dbt_query> on 2025-01-27 16:35:55.154478+00:00
[2025-01-27T16:36:57.735+0000] {warnings.py:112} WARNING - /home/***/.local/lib/python3.12/site-packages/***/task/task_runner/standard_task_runner.py:70: DeprecationWarning: This process (pid=1371) is multi-threaded, use of fork() may lead to deadlocks in the child.
  pid = os.fork()

[2025-01-27T16:36:57.737+0000] {standard_task_runner.py:72} INFO - Started process 1373 to run task
[2025-01-27T16:36:57.737+0000] {standard_task_runner.py:104} INFO - Running: ['***', 'tasks', 'run', 'task_2', 'trigger_dbt_query', 'manual__2025-01-27T16:35:55.154478+00:00', '--job-id', '346', '--raw', '--subdir', 'DAGS_FOLDER/ELT.py', '--cfg-path', '/tmp/tmpjjidmn6c']
[2025-01-27T16:36:57.739+0000] {standard_task_runner.py:105} INFO - Job 346: Subtask trigger_dbt_query
[2025-01-27T16:36:57.786+0000] {task_command.py:467} INFO - Running <TaskInstance: task_2.trigger_dbt_query manual__2025-01-27T16:35:55.154478+00:00 [running]> on host 6e96b290b599
[2025-01-27T16:36:57.866+0000] {taskinstance.py:3132} INFO - Exporting env vars: AIRFLOW_CTX_DAG_OWNER='***' AIRFLOW_CTX_DAG_ID='task_2' AIRFLOW_CTX_TASK_ID='trigger_dbt_query' AIRFLOW_CTX_EXECUTION_DATE='2025-01-27T16:35:55.154478+00:00' AIRFLOW_CTX_TRY_NUMBER='1' AIRFLOW_CTX_DAG_RUN_ID='manual__2025-01-27T16:35:55.154478+00:00'
[2025-01-27T16:36:57.867+0000] {taskinstance.py:731} INFO - ::endgroup::
[2025-01-27T16:36:57.988+0000] {trigger_dagrun.py:257} INFO - Waiting for dbt_query on 2025-01-27 16:36:57.878125+00:00 to become allowed state ['success'] ...
[2025-01-27T16:37:57.995+0000] {trigger_dagrun.py:271} INFO - dbt_query finished with allowed state success
[2025-01-27T16:37:58.005+0000] {taskinstance.py:340} INFO - ::group::Post task execution logs
[2025-01-27T16:37:58.006+0000] {taskinstance.py:352} INFO - Marking task as SUCCESS. dag_id=task_2, task_id=trigger_dbt_query, run_id=manual__2025-01-27T16:35:55.154478+00:00, execution_date=20250127T163555, start_date=20250127T163657, end_date=20250127T163758
[2025-01-27T16:37:58.060+0000] {local_task_job_runner.py:266} INFO - Task exited with return code 0
[2025-01-27T16:37:58.073+0000] {taskinstance.py:3895} INFO - 0 downstream tasks scheduled from follow-on schedule check
[2025-01-27T16:37:58.079+0000] {local_task_job_runner.py:245} INFO - ::endgroup::
