[2025-01-26T22:10:04.531+0000] {local_task_job_runner.py:123} INFO - ::group::Pre task execution logs
[2025-01-26T22:10:04.548+0000] {taskinstance.py:2613} INFO - Dependencies all met for dep_context=non-requeueable deps ti=<TaskInstance: csv_to_postgres.cleaning_tube manual__2025-01-26T22:09:55.673304+00:00 [queued]>
[2025-01-26T22:10:04.557+0000] {taskinstance.py:2613} INFO - Dependencies all met for dep_context=requeueable deps ti=<TaskInstance: csv_to_postgres.cleaning_tube manual__2025-01-26T22:09:55.673304+00:00 [queued]>
[2025-01-26T22:10:04.584+0000] {taskinstance.py:2866} INFO - Starting attempt 1 of 1
[2025-01-26T22:10:04.601+0000] {taskinstance.py:2889} INFO - Executing <Task(BashOperator): cleaning_tube> on 2025-01-26 22:09:55.673304+00:00
[2025-01-26T22:10:04.607+0000] {warnings.py:112} WARNING - /home/***/.local/lib/python3.12/site-packages/***/task/task_runner/standard_task_runner.py:70: DeprecationWarning: This process (pid=1875) is multi-threaded, use of fork() may lead to deadlocks in the child.
  pid = os.fork()

[2025-01-26T22:10:04.609+0000] {standard_task_runner.py:72} INFO - Started process 1876 to run task
[2025-01-26T22:10:04.609+0000] {standard_task_runner.py:104} INFO - Running: ['***', 'tasks', 'run', 'csv_to_postgres', 'cleaning_tube', 'manual__2025-01-26T22:09:55.673304+00:00', '--job-id', '226', '--raw', '--subdir', 'DAGS_FOLDER/task1.py', '--cfg-path', '/tmp/tmpu1_5qc1g']
[2025-01-26T22:10:04.610+0000] {standard_task_runner.py:105} INFO - Job 226: Subtask cleaning_tube
[2025-01-26T22:10:04.657+0000] {task_command.py:467} INFO - Running <TaskInstance: csv_to_postgres.cleaning_tube manual__2025-01-26T22:09:55.673304+00:00 [running]> on host 684b2a870670
[2025-01-26T22:10:04.754+0000] {taskinstance.py:3132} INFO - Exporting env vars: AIRFLOW_CTX_DAG_OWNER='***' AIRFLOW_CTX_DAG_ID='csv_to_postgres' AIRFLOW_CTX_TASK_ID='cleaning_tube' AIRFLOW_CTX_EXECUTION_DATE='2025-01-26T22:09:55.673304+00:00' AIRFLOW_CTX_TRY_NUMBER='1' AIRFLOW_CTX_DAG_RUN_ID='manual__2025-01-26T22:09:55.673304+00:00'
[2025-01-26T22:10:04.755+0000] {taskinstance.py:731} INFO - ::endgroup::
[2025-01-26T22:10:04.769+0000] {subprocess.py:78} INFO - Tmp dir root location: /tmp
[2025-01-26T22:10:04.770+0000] {subprocess.py:88} INFO - Running command: ['/usr/bin/bash', '-c', 'cd /opt/***/data_tube && rm *']
[2025-01-26T22:10:04.784+0000] {subprocess.py:99} INFO - Output:
[2025-01-26T22:10:04.817+0000] {subprocess.py:110} INFO - Command exited with return code 0
[2025-01-26T22:10:04.846+0000] {taskinstance.py:340} INFO - ::group::Post task execution logs
[2025-01-26T22:10:04.847+0000] {taskinstance.py:352} INFO - Marking task as SUCCESS. dag_id=csv_to_postgres, task_id=cleaning_tube, run_id=manual__2025-01-26T22:09:55.673304+00:00, execution_date=20250126T220955, start_date=20250126T221004, end_date=20250126T221004
[2025-01-26T22:10:04.904+0000] {local_task_job_runner.py:266} INFO - Task exited with return code 0
[2025-01-26T22:10:04.923+0000] {taskinstance.py:3895} INFO - 0 downstream tasks scheduled from follow-on schedule check
[2025-01-26T22:10:04.928+0000] {local_task_job_runner.py:245} INFO - ::endgroup::
