[2025-01-27T15:43:08.093+0000] {local_task_job_runner.py:123} INFO - ::group::Pre task execution logs
[2025-01-27T15:43:08.108+0000] {taskinstance.py:2613} INFO - Dependencies all met for dep_context=non-requeueable deps ti=<TaskInstance: dbt_query.dbt_query manual__2025-01-27T15:43:06.899204+00:00 [queued]>
[2025-01-27T15:43:08.116+0000] {taskinstance.py:2613} INFO - Dependencies all met for dep_context=requeueable deps ti=<TaskInstance: dbt_query.dbt_query manual__2025-01-27T15:43:06.899204+00:00 [queued]>
[2025-01-27T15:43:08.116+0000] {taskinstance.py:2866} INFO - Starting attempt 1 of 1
[2025-01-27T15:43:08.131+0000] {taskinstance.py:2889} INFO - Executing <Task(BashOperator): dbt_query> on 2025-01-27 15:43:06.899204+00:00
[2025-01-27T15:43:08.138+0000] {warnings.py:112} WARNING - /home/***/.local/lib/python3.12/site-packages/***/task/task_runner/standard_task_runner.py:70: DeprecationWarning: This process (pid=245) is multi-threaded, use of fork() may lead to deadlocks in the child.
  pid = os.fork()

[2025-01-27T15:43:08.140+0000] {standard_task_runner.py:72} INFO - Started process 247 to run task
[2025-01-27T15:43:08.140+0000] {standard_task_runner.py:104} INFO - Running: ['***', 'tasks', 'run', 'dbt_query', 'dbt_query', 'manual__2025-01-27T15:43:06.899204+00:00', '--job-id', '288', '--raw', '--subdir', 'DAGS_FOLDER/task1.py', '--cfg-path', '/tmp/tmpzpi5gex4']
[2025-01-27T15:43:08.142+0000] {standard_task_runner.py:105} INFO - Job 288: Subtask dbt_query
[2025-01-27T15:43:08.186+0000] {task_command.py:467} INFO - Running <TaskInstance: dbt_query.dbt_query manual__2025-01-27T15:43:06.899204+00:00 [running]> on host 6e96b290b599
[2025-01-27T15:43:08.267+0000] {taskinstance.py:3132} INFO - Exporting env vars: AIRFLOW_CTX_DAG_OWNER='***' AIRFLOW_CTX_DAG_ID='dbt_query' AIRFLOW_CTX_TASK_ID='dbt_query' AIRFLOW_CTX_EXECUTION_DATE='2025-01-27T15:43:06.899204+00:00' AIRFLOW_CTX_TRY_NUMBER='1' AIRFLOW_CTX_DAG_RUN_ID='manual__2025-01-27T15:43:06.899204+00:00'
[2025-01-27T15:43:08.268+0000] {taskinstance.py:731} INFO - ::endgroup::
[2025-01-27T15:43:08.280+0000] {subprocess.py:78} INFO - Tmp dir root location: /tmp
[2025-01-27T15:43:08.281+0000] {subprocess.py:88} INFO - Running command: ['/usr/bin/bash', '-c', 'docker exec code-challenge-meltano-1 meltano invoke dbt-postgres:run']
[2025-01-27T15:43:08.294+0000] {subprocess.py:99} INFO - Output:
[2025-01-27T15:43:09.392+0000] {subprocess.py:106} INFO - [2m2025-01-27T15:43:09.391094Z[0m [[32m[1minfo     [0m] [1mEnvironment 'dev' is active   [0m
[2025-01-27T15:43:11.629+0000] {subprocess.py:106} INFO - [0m15:43:11  Running with dbt=1.3.7
[2025-01-27T15:43:11.700+0000] {subprocess.py:106} INFO - [0m15:43:11  Found 3 models, 0 tests, 0 snapshots, 0 analyses, 289 macros, 0 operations, 0 seed files, 12 sources, 0 exposures, 0 metrics
[2025-01-27T15:43:11.702+0000] {subprocess.py:106} INFO - [0m15:43:11
[2025-01-27T15:43:11.774+0000] {subprocess.py:106} INFO - [0m15:43:11  Concurrency: 2 threads (target='dev')
[2025-01-27T15:43:11.774+0000] {subprocess.py:106} INFO - [0m15:43:11
[2025-01-27T15:43:11.780+0000] {subprocess.py:106} INFO - [0m15:43:11  1 of 3 START sql table model tap_csv_2.order_details_m ......................... [RUN]
[2025-01-27T15:43:11.781+0000] {subprocess.py:106} INFO - [0m15:43:11  2 of 3 START sql table model tap_csv_2.order_with_details ...................... [RUN]
[2025-01-27T15:43:11.972+0000] {subprocess.py:106} INFO - [0m15:43:11  1 of 3 OK created sql table model tap_csv_2.order_details_m .................... [[32mSELECT 830[0m in 0.19s]
[2025-01-27T15:43:11.976+0000] {subprocess.py:106} INFO - [0m15:43:11  3 of 3 START sql table model tap_csv_2.orders_m ................................ [RUN]
[2025-01-27T15:43:11.984+0000] {subprocess.py:106} INFO - [0m15:43:11  2 of 3 OK created sql table model tap_csv_2.order_with_details ................. [[32mSELECT 830[0m in 0.20s]
[2025-01-27T15:43:12.042+0000] {subprocess.py:106} INFO - [0m15:43:12  3 of 3 OK created sql table model tap_csv_2.orders_m ........................... [[32mSELECT 830[0m in 0.07s]
[2025-01-27T15:43:12.053+0000] {subprocess.py:106} INFO - [0m15:43:12
[2025-01-27T15:43:12.054+0000] {subprocess.py:106} INFO - [0m15:43:12  Finished running 3 table models in 0 hours 0 minutes and 0.35 seconds (0.35s).
[2025-01-27T15:43:12.066+0000] {subprocess.py:106} INFO - [0m15:43:12
[2025-01-27T15:43:12.067+0000] {subprocess.py:106} INFO - [0m15:43:12  [32mCompleted successfully[0m
[2025-01-27T15:43:12.068+0000] {subprocess.py:106} INFO - [0m15:43:12
[2025-01-27T15:43:12.068+0000] {subprocess.py:106} INFO - [0m15:43:12  Done. PASS=3 WARN=0 ERROR=0 SKIP=0 TOTAL=3
[2025-01-27T15:43:13.311+0000] {subprocess.py:110} INFO - Command exited with return code 0
[2025-01-27T15:43:13.341+0000] {taskinstance.py:340} INFO - ::group::Post task execution logs
[2025-01-27T15:43:13.342+0000] {taskinstance.py:352} INFO - Marking task as SUCCESS. dag_id=dbt_query, task_id=dbt_query, run_id=manual__2025-01-27T15:43:06.899204+00:00, execution_date=20250127T154306, start_date=20250127T154308, end_date=20250127T154313
[2025-01-27T15:43:13.377+0000] {local_task_job_runner.py:266} INFO - Task exited with return code 0
[2025-01-27T15:43:13.394+0000] {taskinstance.py:3895} INFO - 1 downstream tasks scheduled from follow-on schedule check
[2025-01-27T15:43:13.400+0000] {local_task_job_runner.py:245} INFO - ::endgroup::
