[2025-01-27T16:47:40.740+0000] {local_task_job_runner.py:123} INFO - ::group::Pre task execution logs
[2025-01-27T16:47:40.755+0000] {taskinstance.py:2613} INFO - Dependencies all met for dep_context=non-requeueable deps ti=<TaskInstance: ETL.trigger_postgres_to_csv manual__2025-01-27T16:47:39.318247+00:00 [queued]>
[2025-01-27T16:47:40.765+0000] {taskinstance.py:2613} INFO - Dependencies all met for dep_context=requeueable deps ti=<TaskInstance: ETL.trigger_postgres_to_csv manual__2025-01-27T16:47:39.318247+00:00 [queued]>
[2025-01-27T16:47:40.766+0000] {taskinstance.py:2866} INFO - Starting attempt 1 of 1
[2025-01-27T16:47:40.782+0000] {taskinstance.py:2889} INFO - Executing <Task(TriggerDagRunOperator): trigger_postgres_to_csv> on 2025-01-27 16:47:39.318247+00:00
[2025-01-27T16:47:40.793+0000] {warnings.py:112} WARNING - /home/***/.local/lib/python3.12/site-packages/***/task/task_runner/standard_task_runner.py:70: DeprecationWarning: This process (pid=1670) is multi-threaded, use of fork() may lead to deadlocks in the child.
  pid = os.fork()

[2025-01-27T16:47:40.796+0000] {standard_task_runner.py:72} INFO - Started process 1672 to run task
[2025-01-27T16:47:40.796+0000] {standard_task_runner.py:104} INFO - Running: ['***', 'tasks', 'run', 'ETL', 'trigger_postgres_to_csv', 'manual__2025-01-27T16:47:39.318247+00:00', '--job-id', '368', '--raw', '--subdir', 'DAGS_FOLDER/ELT.py', '--cfg-path', '/tmp/tmp_kxrmo2s']
[2025-01-27T16:47:40.798+0000] {standard_task_runner.py:105} INFO - Job 368: Subtask trigger_postgres_to_csv
[2025-01-27T16:47:40.845+0000] {task_command.py:467} INFO - Running <TaskInstance: ETL.trigger_postgres_to_csv manual__2025-01-27T16:47:39.318247+00:00 [running]> on host 6e96b290b599
[2025-01-27T16:47:41.119+0000] {taskinstance.py:3132} INFO - Exporting env vars: AIRFLOW_CTX_DAG_OWNER='***' AIRFLOW_CTX_DAG_ID='ETL' AIRFLOW_CTX_TASK_ID='trigger_postgres_to_csv' AIRFLOW_CTX_EXECUTION_DATE='2025-01-27T16:47:39.318247+00:00' AIRFLOW_CTX_TRY_NUMBER='1' AIRFLOW_CTX_DAG_RUN_ID='manual__2025-01-27T16:47:39.318247+00:00'
[2025-01-27T16:47:41.120+0000] {taskinstance.py:731} INFO - ::endgroup::
[2025-01-27T16:47:41.302+0000] {trigger_dagrun.py:257} INFO - Waiting for postgres_to_csv on 2025-01-27 16:47:41.132881+00:00 to become allowed state ['success'] ...
[2025-01-27T16:48:41.309+0000] {trigger_dagrun.py:271} INFO - postgres_to_csv finished with allowed state success
[2025-01-27T16:48:41.324+0000] {taskinstance.py:340} INFO - ::group::Post task execution logs
[2025-01-27T16:48:41.325+0000] {taskinstance.py:352} INFO - Marking task as SUCCESS. dag_id=ETL, task_id=trigger_postgres_to_csv, run_id=manual__2025-01-27T16:47:39.318247+00:00, execution_date=20250127T164739, start_date=20250127T164740, end_date=20250127T164841
[2025-01-27T16:48:41.455+0000] {local_task_job_runner.py:266} INFO - Task exited with return code 0
[2025-01-27T16:48:41.477+0000] {taskinstance.py:3895} INFO - 1 downstream tasks scheduled from follow-on schedule check
[2025-01-27T16:48:41.482+0000] {local_task_job_runner.py:245} INFO - ::endgroup::
