[2025-01-27T16:48:43.205+0000] {local_task_job_runner.py:123} INFO - ::group::Pre task execution logs
[2025-01-27T16:48:43.223+0000] {taskinstance.py:2613} INFO - Dependencies all met for dep_context=non-requeueable deps ti=<TaskInstance: ETL.trigger_csv_to_csv manual__2025-01-27T16:47:39.318247+00:00 [queued]>
[2025-01-27T16:48:43.232+0000] {taskinstance.py:2613} INFO - Dependencies all met for dep_context=requeueable deps ti=<TaskInstance: ETL.trigger_csv_to_csv manual__2025-01-27T16:47:39.318247+00:00 [queued]>
[2025-01-27T16:48:43.233+0000] {taskinstance.py:2866} INFO - Starting attempt 1 of 1
[2025-01-27T16:48:43.249+0000] {taskinstance.py:2889} INFO - Executing <Task(TriggerDagRunOperator): trigger_csv_to_csv> on 2025-01-27 16:47:39.318247+00:00
[2025-01-27T16:48:43.257+0000] {warnings.py:112} WARNING - /home/***/.local/lib/python3.12/site-packages/***/task/task_runner/standard_task_runner.py:70: DeprecationWarning: This process (pid=1707) is multi-threaded, use of fork() may lead to deadlocks in the child.
  pid = os.fork()

[2025-01-27T16:48:43.258+0000] {standard_task_runner.py:72} INFO - Started process 1709 to run task
[2025-01-27T16:48:43.259+0000] {standard_task_runner.py:104} INFO - Running: ['***', 'tasks', 'run', 'ETL', 'trigger_csv_to_csv', 'manual__2025-01-27T16:47:39.318247+00:00', '--job-id', '371', '--raw', '--subdir', 'DAGS_FOLDER/ELT.py', '--cfg-path', '/tmp/tmpnqo25xf7']
[2025-01-27T16:48:43.261+0000] {standard_task_runner.py:105} INFO - Job 371: Subtask trigger_csv_to_csv
[2025-01-27T16:48:43.306+0000] {task_command.py:467} INFO - Running <TaskInstance: ETL.trigger_csv_to_csv manual__2025-01-27T16:47:39.318247+00:00 [running]> on host 6e96b290b599
[2025-01-27T16:48:43.509+0000] {taskinstance.py:3132} INFO - Exporting env vars: AIRFLOW_CTX_DAG_OWNER='***' AIRFLOW_CTX_DAG_ID='ETL' AIRFLOW_CTX_TASK_ID='trigger_csv_to_csv' AIRFLOW_CTX_EXECUTION_DATE='2025-01-27T16:47:39.318247+00:00' AIRFLOW_CTX_TRY_NUMBER='1' AIRFLOW_CTX_DAG_RUN_ID='manual__2025-01-27T16:47:39.318247+00:00'
[2025-01-27T16:48:43.510+0000] {taskinstance.py:731} INFO - ::endgroup::
[2025-01-27T16:48:43.601+0000] {trigger_dagrun.py:257} INFO - Waiting for csv_to_csv on 2025-01-27 16:48:43.522142+00:00 to become allowed state ['success'] ...
[2025-01-27T16:49:43.607+0000] {trigger_dagrun.py:271} INFO - csv_to_csv finished with allowed state success
[2025-01-27T16:49:43.619+0000] {taskinstance.py:340} INFO - ::group::Post task execution logs
[2025-01-27T16:49:43.620+0000] {taskinstance.py:352} INFO - Marking task as SUCCESS. dag_id=ETL, task_id=trigger_csv_to_csv, run_id=manual__2025-01-27T16:47:39.318247+00:00, execution_date=20250127T164739, start_date=20250127T164843, end_date=20250127T164943
[2025-01-27T16:49:43.661+0000] {local_task_job_runner.py:266} INFO - Task exited with return code 0
[2025-01-27T16:49:43.682+0000] {taskinstance.py:3895} INFO - 1 downstream tasks scheduled from follow-on schedule check
[2025-01-27T16:49:43.687+0000] {local_task_job_runner.py:245} INFO - ::endgroup::
