[2025-01-26T21:59:39.079+0000] {local_task_job_runner.py:123} INFO - ::group::Pre task execution logs
[2025-01-26T21:59:39.096+0000] {taskinstance.py:2613} INFO - Dependencies all met for dep_context=non-requeueable deps ti=<TaskInstance: csv_to_postgres.data_extracted_to_data_tube manual__2025-01-26T21:59:37.664507+00:00 [queued]>
[2025-01-26T21:59:39.105+0000] {taskinstance.py:2613} INFO - Dependencies all met for dep_context=requeueable deps ti=<TaskInstance: csv_to_postgres.data_extracted_to_data_tube manual__2025-01-26T21:59:37.664507+00:00 [queued]>
[2025-01-26T21:59:39.106+0000] {taskinstance.py:2866} INFO - Starting attempt 1 of 1
[2025-01-26T21:59:39.122+0000] {taskinstance.py:2889} INFO - Executing <Task(PythonOperator): data_extracted_to_data_tube> on 2025-01-26 21:59:37.664507+00:00
[2025-01-26T21:59:39.128+0000] {warnings.py:112} WARNING - /home/***/.local/lib/python3.12/site-packages/***/task/task_runner/standard_task_runner.py:70: DeprecationWarning: This process (pid=1635) is multi-threaded, use of fork() may lead to deadlocks in the child.
  pid = os.fork()

[2025-01-26T21:59:39.130+0000] {standard_task_runner.py:72} INFO - Started process 1636 to run task
[2025-01-26T21:59:39.129+0000] {standard_task_runner.py:104} INFO - Running: ['***', 'tasks', 'run', 'csv_to_postgres', 'data_extracted_to_data_tube', 'manual__2025-01-26T21:59:37.664507+00:00', '--job-id', '211', '--raw', '--subdir', 'DAGS_FOLDER/task1.py', '--cfg-path', '/tmp/tmpsw2jdqhx']
[2025-01-26T21:59:39.131+0000] {standard_task_runner.py:105} INFO - Job 211: Subtask data_extracted_to_data_tube
[2025-01-26T21:59:39.176+0000] {task_command.py:467} INFO - Running <TaskInstance: csv_to_postgres.data_extracted_to_data_tube manual__2025-01-26T21:59:37.664507+00:00 [running]> on host 684b2a870670
[2025-01-26T21:59:39.261+0000] {taskinstance.py:3132} INFO - Exporting env vars: AIRFLOW_CTX_DAG_OWNER='***' AIRFLOW_CTX_DAG_ID='csv_to_postgres' AIRFLOW_CTX_TASK_ID='data_extracted_to_data_tube' AIRFLOW_CTX_EXECUTION_DATE='2025-01-26T21:59:37.664507+00:00' AIRFLOW_CTX_TRY_NUMBER='1' AIRFLOW_CTX_DAG_RUN_ID='manual__2025-01-26T21:59:37.664507+00:00'
[2025-01-26T21:59:39.262+0000] {taskinstance.py:731} INFO - ::endgroup::
[2025-01-26T21:59:39.289+0000] {logging_mixin.py:190} INFO - Arquivo copiado: ./data_extracted/csv/26-01-2025/order_details.csv -> ./data_tube/order_details.csv
[2025-01-26T21:59:39.303+0000] {logging_mixin.py:190} INFO - Arquivo copiado: ./data_extracted/postgres/26-01-2025/categories.csv -> ./data_tube/categories.csv
[2025-01-26T21:59:39.314+0000] {logging_mixin.py:190} INFO - Arquivo copiado: ./data_extracted/postgres/26-01-2025/customers.csv -> ./data_tube/customers.csv
[2025-01-26T21:59:39.324+0000] {logging_mixin.py:190} INFO - Arquivo copiado: ./data_extracted/postgres/26-01-2025/employees.csv -> ./data_tube/employees.csv
[2025-01-26T21:59:39.335+0000] {logging_mixin.py:190} INFO - Arquivo copiado: ./data_extracted/postgres/26-01-2025/employee_territories.csv -> ./data_tube/employee_territories.csv
[2025-01-26T21:59:39.348+0000] {logging_mixin.py:190} INFO - Arquivo copiado: ./data_extracted/postgres/26-01-2025/orders.csv -> ./data_tube/orders.csv
[2025-01-26T21:59:39.362+0000] {logging_mixin.py:190} INFO - Arquivo copiado: ./data_extracted/postgres/26-01-2025/products.csv -> ./data_tube/products.csv
[2025-01-26T21:59:39.374+0000] {logging_mixin.py:190} INFO - Arquivo copiado: ./data_extracted/postgres/26-01-2025/region.csv -> ./data_tube/region.csv
[2025-01-26T21:59:39.386+0000] {logging_mixin.py:190} INFO - Arquivo copiado: ./data_extracted/postgres/26-01-2025/shippers.csv -> ./data_tube/shippers.csv
[2025-01-26T21:59:39.398+0000] {logging_mixin.py:190} INFO - Arquivo copiado: ./data_extracted/postgres/26-01-2025/suppliers.csv -> ./data_tube/suppliers.csv
[2025-01-26T21:59:39.411+0000] {logging_mixin.py:190} INFO - Arquivo copiado: ./data_extracted/postgres/26-01-2025/territories.csv -> ./data_tube/territories.csv
[2025-01-26T21:59:39.424+0000] {logging_mixin.py:190} INFO - Arquivo copiado: ./data_extracted/postgres/26-01-2025/us_states.csv -> ./data_tube/us_states.csv
[2025-01-26T21:59:39.424+0000] {python.py:240} INFO - Done. Returned value was: None
[2025-01-26T21:59:39.435+0000] {taskinstance.py:340} INFO - ::group::Post task execution logs
[2025-01-26T21:59:39.436+0000] {taskinstance.py:352} INFO - Marking task as SUCCESS. dag_id=csv_to_postgres, task_id=data_extracted_to_data_tube, run_id=manual__2025-01-26T21:59:37.664507+00:00, execution_date=20250126T215937, start_date=20250126T215939, end_date=20250126T215939
[2025-01-26T21:59:39.467+0000] {local_task_job_runner.py:266} INFO - Task exited with return code 0
[2025-01-26T21:59:39.486+0000] {taskinstance.py:3895} INFO - 1 downstream tasks scheduled from follow-on schedule check
[2025-01-26T21:59:39.492+0000] {local_task_job_runner.py:245} INFO - ::endgroup::
