[2025-01-27T16:19:26.836+0000] {local_task_job_runner.py:123} INFO - ::group::Pre task execution logs
[2025-01-27T16:19:26.853+0000] {taskinstance.py:2613} INFO - Dependencies all met for dep_context=non-requeueable deps ti=<TaskInstance: task_2.trigger_csv_to_postgres manual__2025-01-27T16:19:25.094674+00:00 [queued]>
[2025-01-27T16:19:26.862+0000] {taskinstance.py:2613} INFO - Dependencies all met for dep_context=requeueable deps ti=<TaskInstance: task_2.trigger_csv_to_postgres manual__2025-01-27T16:19:25.094674+00:00 [queued]>
[2025-01-27T16:19:26.863+0000] {taskinstance.py:2866} INFO - Starting attempt 1 of 1
[2025-01-27T16:19:26.880+0000] {taskinstance.py:2889} INFO - Executing <Task(TriggerDagRunOperator): trigger_csv_to_postgres> on 2025-01-27 16:19:25.094674+00:00
[2025-01-27T16:19:26.887+0000] {warnings.py:112} WARNING - /home/***/.local/lib/python3.12/site-packages/***/task/task_runner/standard_task_runner.py:70: DeprecationWarning: This process (pid=841) is multi-threaded, use of fork() may lead to deadlocks in the child.
  pid = os.fork()

[2025-01-27T16:19:26.888+0000] {standard_task_runner.py:72} INFO - Started process 843 to run task
[2025-01-27T16:19:26.888+0000] {standard_task_runner.py:104} INFO - Running: ['***', 'tasks', 'run', 'task_2', 'trigger_csv_to_postgres', 'manual__2025-01-27T16:19:25.094674+00:00', '--job-id', '305', '--raw', '--subdir', 'DAGS_FOLDER/ELT.py', '--cfg-path', '/tmp/tmpbmr5lavf']
[2025-01-27T16:19:26.890+0000] {standard_task_runner.py:105} INFO - Job 305: Subtask trigger_csv_to_postgres
[2025-01-27T16:19:26.940+0000] {task_command.py:467} INFO - Running <TaskInstance: task_2.trigger_csv_to_postgres manual__2025-01-27T16:19:25.094674+00:00 [running]> on host 6e96b290b599
[2025-01-27T16:19:27.129+0000] {taskinstance.py:3132} INFO - Exporting env vars: AIRFLOW_CTX_DAG_OWNER='***' AIRFLOW_CTX_DAG_ID='task_2' AIRFLOW_CTX_TASK_ID='trigger_csv_to_postgres' AIRFLOW_CTX_EXECUTION_DATE='2025-01-27T16:19:25.094674+00:00' AIRFLOW_CTX_TRY_NUMBER='1' AIRFLOW_CTX_DAG_RUN_ID='manual__2025-01-27T16:19:25.094674+00:00'
[2025-01-27T16:19:27.130+0000] {taskinstance.py:731} INFO - ::endgroup::
[2025-01-27T16:19:27.224+0000] {trigger_dagrun.py:257} INFO - Waiting for csv_to_postgres on 2025-01-27 16:19:27.141465+00:00 to become allowed state ['success'] ...
[2025-01-27T16:20:27.231+0000] {trigger_dagrun.py:257} INFO - Waiting for csv_to_postgres on 2025-01-27 16:19:27.141465+00:00 to become allowed state ['success'] ...
[2025-01-27T16:21:27.247+0000] {taskinstance.py:3311} ERROR - Task failed with exception
Traceback (most recent call last):
  File "/home/airflow/.local/lib/python3.12/site-packages/airflow/models/taskinstance.py", line 767, in _execute_task
    result = _execute_callable(context=context, **execute_callable_kwargs)
             ^^^^^^^^^^^^^^^^^^^^^^^^^^^^^^^^^^^^^^^^^^^^^^^^^^^^^^^^^^^^^
  File "/home/airflow/.local/lib/python3.12/site-packages/airflow/models/taskinstance.py", line 733, in _execute_callable
    return ExecutionCallableRunner(
           ^^^^^^^^^^^^^^^^^^^^^^^^
  File "/home/airflow/.local/lib/python3.12/site-packages/airflow/utils/operator_helpers.py", line 252, in run
    return self.func(*args, **kwargs)
           ^^^^^^^^^^^^^^^^^^^^^^^^^^
  File "/home/airflow/.local/lib/python3.12/site-packages/airflow/models/baseoperator.py", line 422, in wrapper
    return func(self, *args, **kwargs)
           ^^^^^^^^^^^^^^^^^^^^^^^^^^^
  File "/home/airflow/.local/lib/python3.12/site-packages/airflow/operators/trigger_dagrun.py", line 269, in execute
    raise AirflowException(f"{self.trigger_dag_id} failed with failed states {state}")
airflow.exceptions.AirflowException: csv_to_postgres failed with failed states failed
[2025-01-27T16:21:27.251+0000] {taskinstance.py:1225} INFO - Marking task as FAILED. dag_id=task_2, task_id=trigger_csv_to_postgres, run_id=manual__2025-01-27T16:19:25.094674+00:00, execution_date=20250127T161925, start_date=20250127T161926, end_date=20250127T162127
[2025-01-27T16:21:27.286+0000] {taskinstance.py:340} INFO - ::group::Post task execution logs
[2025-01-27T16:21:27.287+0000] {standard_task_runner.py:124} ERROR - Failed to execute job 305 for task trigger_csv_to_postgres (csv_to_postgres failed with failed states failed; 843)
Traceback (most recent call last):
  File "/home/airflow/.local/lib/python3.12/site-packages/airflow/task/task_runner/standard_task_runner.py", line 117, in _start_by_fork
    ret = args.func(args, dag=self.dag)
          ^^^^^^^^^^^^^^^^^^^^^^^^^^^^^
  File "/home/airflow/.local/lib/python3.12/site-packages/airflow/cli/cli_config.py", line 49, in command
    return func(*args, **kwargs)
           ^^^^^^^^^^^^^^^^^^^^^
  File "/home/airflow/.local/lib/python3.12/site-packages/airflow/utils/cli.py", line 116, in wrapper
    return f(*args, **kwargs)
           ^^^^^^^^^^^^^^^^^^
  File "/home/airflow/.local/lib/python3.12/site-packages/airflow/cli/commands/task_command.py", line 483, in task_run
    task_return_code = _run_task_by_selected_method(args, _dag, ti)
                       ^^^^^^^^^^^^^^^^^^^^^^^^^^^^^^^^^^^^^^^^^^^^
  File "/home/airflow/.local/lib/python3.12/site-packages/airflow/cli/commands/task_command.py", line 256, in _run_task_by_selected_method
    return _run_raw_task(args, ti)
           ^^^^^^^^^^^^^^^^^^^^^^^
  File "/home/airflow/.local/lib/python3.12/site-packages/airflow/cli/commands/task_command.py", line 341, in _run_raw_task
    return ti._run_raw_task(
           ^^^^^^^^^^^^^^^^^
  File "/home/airflow/.local/lib/python3.12/site-packages/airflow/utils/session.py", line 97, in wrapper
    return func(*args, session=session, **kwargs)
           ^^^^^^^^^^^^^^^^^^^^^^^^^^^^^^^^^^^^^^
  File "/home/airflow/.local/lib/python3.12/site-packages/airflow/models/taskinstance.py", line 3005, in _run_raw_task
    return _run_raw_task(
           ^^^^^^^^^^^^^^
  File "/home/airflow/.local/lib/python3.12/site-packages/airflow/models/taskinstance.py", line 273, in _run_raw_task
    TaskInstance._execute_task_with_callbacks(
  File "/home/airflow/.local/lib/python3.12/site-packages/airflow/models/taskinstance.py", line 3159, in _execute_task_with_callbacks
    result = self._execute_task(context, task_orig)
             ^^^^^^^^^^^^^^^^^^^^^^^^^^^^^^^^^^^^^^
  File "/home/airflow/.local/lib/python3.12/site-packages/airflow/models/taskinstance.py", line 3183, in _execute_task
    return _execute_task(self, context, task_orig)
           ^^^^^^^^^^^^^^^^^^^^^^^^^^^^^^^^^^^^^^^
  File "/home/airflow/.local/lib/python3.12/site-packages/airflow/models/taskinstance.py", line 767, in _execute_task
    result = _execute_callable(context=context, **execute_callable_kwargs)
             ^^^^^^^^^^^^^^^^^^^^^^^^^^^^^^^^^^^^^^^^^^^^^^^^^^^^^^^^^^^^^
  File "/home/airflow/.local/lib/python3.12/site-packages/airflow/models/taskinstance.py", line 733, in _execute_callable
    return ExecutionCallableRunner(
           ^^^^^^^^^^^^^^^^^^^^^^^^
  File "/home/airflow/.local/lib/python3.12/site-packages/airflow/utils/operator_helpers.py", line 252, in run
    return self.func(*args, **kwargs)
           ^^^^^^^^^^^^^^^^^^^^^^^^^^
  File "/home/airflow/.local/lib/python3.12/site-packages/airflow/models/baseoperator.py", line 422, in wrapper
    return func(self, *args, **kwargs)
           ^^^^^^^^^^^^^^^^^^^^^^^^^^^
  File "/home/airflow/.local/lib/python3.12/site-packages/airflow/operators/trigger_dagrun.py", line 269, in execute
    raise AirflowException(f"{self.trigger_dag_id} failed with failed states {state}")
airflow.exceptions.AirflowException: csv_to_postgres failed with failed states failed
[2025-01-27T16:21:27.309+0000] {local_task_job_runner.py:266} INFO - Task exited with return code 1
[2025-01-27T16:21:27.328+0000] {taskinstance.py:3895} INFO - 0 downstream tasks scheduled from follow-on schedule check
[2025-01-27T16:21:27.335+0000] {local_task_job_runner.py:245} INFO - ::endgroup::
